03-15 00:53:04.378  5975 10990 D eglCodecCommon: setVertexArrayObject: set vao to 0 (0) 0 0
03-15 00:53:04.382  5975 10990 D EGL_emulation: eglMakeCurrent: 0xbd10eba0: ver 3 0 (tinfo 0xbd498360)
03-15 00:53:04.384  5975 10990 D eglCodecCommon: setVertexArrayObject: set vao to 5 (5) 0 0
03-15 00:53:04.387  5975 10990 D eglCodecCommon: setVertexArrayObject: set vao to 0 (0) 0 0
03-15 00:53:04.391  1757  3626 W audio_hw_generic: Not supplying enough data to HAL, expected position 86484600 , only wrote 86484579
03-15 00:53:04.428  5975 11394 D OK      : calling: https://oauth.reddit.com/comments/fivlzo/.json?sort=confidence
03-15 00:53:04.537  1757  3626 W audio_hw_generic: Not supplying enough data to HAL, expected position 86491002 , only wrote 86489867
03-15 00:53:04.578  5670  5683 I mit.droidbotap: Background concurrent copying GC freed 12236(493KB) AllocSpace objects, 16(1052KB) LOS objects, 49% free, 4223KB/8447KB, paused 12us total 128.258ms
03-15 00:53:04.598  1766  2316 E GnssHAL_GnssInterface: gnssSvStatusCb: a: input svInfo.flags is 8
03-15 00:53:04.598  1766  2316 E GnssHAL_GnssInterface: gnssSvStatusCb: b: input svInfo.flags is 8
03-15 00:53:04.619  5975 11394 D OK      : request got status: 200
03-15 00:53:04.646  5975 11394 I PostListingFragment: Successfully precached https://oauth.reddit.com/comments/fivlzo/.json?sort=confidence
03-15 00:53:05.550  1757  3626 W audio_hw_generic: Not supplying enough data to HAL, expected position 86534545 , only wrote 86533493
03-15 00:53:05.563  1757  3626 W audio_hw_generic: Not supplying enough data to HAL, expected position 86534085 , only wrote 86533493
03-15 00:53:05.587  1757  3626 W audio_hw_generic: Not supplying enough data to HAL, expected position 86534551 , only wrote 86534154
03-15 00:53:05.589  1757  3626 W audio_hw_generic: Not supplying enough data to HAL, expected position 86534226 , only wrote 86534154
03-15 00:53:05.604  1766  2316 E GnssHAL_GnssInterface: gnssSvStatusCb: a: input svInfo.flags is 8
03-15 00:53:05.604  1766  2316 E GnssHAL_GnssInterface: gnssSvStatusCb: b: input svInfo.flags is 8
03-15 00:53:05.605  1757  3626 W audio_hw_generic: Not supplying enough data to HAL, expected position 86534883 , only wrote 86534815
03-15 00:53:05.613  5975 11449 D OK      : calling: https://oauth.reddit.com/comments/fij2gs/.json?sort=confidence
03-15 00:53:06.538  5975 11449 D OK      : request got status: 200
03-15 00:53:06.547 11497 11497 D AndroidRuntime: >>>>>> START com.android.internal.os.RuntimeInit uid 2000 <<<<<<
03-15 00:53:06.537 11497 11497 W app_process: type=1400 audit(0.0:2572): avc: denied { read } for name="u:object_r:device_config_runtime_native_boot_prop:s0" dev="tmpfs" ino=6815 scontext=u:r:shell:s0 tcontext=u:object_r:device_config_runtime_native_boot_prop:s0 tclass=file permissive=0
03-15 00:53:06.551 11497 11497 E libc    : Access denied finding property "persist.device_config.runtime_native_boot.enable_apex_image"
03-15 00:53:06.551 11497 11497 I AndroidRuntime: Using default boot image
03-15 00:53:06.551 11497 11497 E libc    : Access denied finding property "persist.device_config.runtime_native_boot.disable_lock_profiling"
03-15 00:53:06.551 11497 11497 I AndroidRuntime: Leaving lock profiling enabled
03-15 00:53:06.551 11497 11497 E libc    : Access denied finding property "persist.device_config.runtime_native_boot.enable_generational_cc"
03-15 00:53:06.572  5975 11449 I PostListingFragment: Successfully precached https://oauth.reddit.com/comments/fij2gs/.json?sort=confidence
03-15 00:53:06.606  1766  2316 E GnssHAL_GnssInterface: gnssSvStatusCb: a: input svInfo.flags is 8
03-15 00:53:06.606  1766  2316 E GnssHAL_GnssInterface: gnssSvStatusCb: b: input svInfo.flags is 8
03-15 00:53:06.620 11497 11497 D ICU     : Time zone APEX file found: /apex/com.android.tzdata/etc/icu/icu_tzdata.dat
03-15 00:53:06.625 11497 11497 W app_process: Unexpected CPU variant for X86 using defaults: x86
03-15 00:53:06.630 11497 11497 I app_process: The ClassLoaderContext is a special shared library.
03-15 00:53:06.644 11497 11497 W app_process: JNI RegisterNativeMethods: attempt to register 0 native methods for android.media.AudioAttributes
03-15 00:53:06.649 11497 11497 D AndroidRuntime: Calling main entry com.android.commands.input.Input
03-15 00:53:06.868  1757  3626 W audio_hw_generic: Not supplying enough data to HAL, expected position 86590508 , only wrote 86590339
03-15 00:53:06.878  1757  3626 W audio_hw_generic: Not supplying enough data to HAL, expected position 86590784 , only wrote 86590339
03-15 00:53:06.897  1757  3626 W audio_hw_generic: Not supplying enough data to HAL, expected position 86591185 , only wrote 86591000
03-15 00:53:06.913  1757  3626 W audio_hw_generic: Not supplying enough data to HAL, expected position 86591704 , only wrote 86591661
03-15 00:53:06.928  5975 11512 D OK      : calling: https://oauth.reddit.com/comments/fis5dl/.json?sort=confidence
03-15 00:53:06.929  1757  3626 W audio_hw_generic: Not supplying enough data to HAL, expected position 86592362 , only wrote 86592322
03-15 00:53:07.053  1757  1757 W audio_hw_generic: Not supplying enough data to HAL, expected position 86602127 , only wrote 86597610
03-15 00:53:07.186 11497 11497 D AndroidRuntime: Shutting down VM
03-15 00:53:07.239  5975 11512 D OK      : request got status: 200
03-15 00:53:07.446  5975 11512 I PostListingFragment: Successfully precached https://oauth.reddit.com/comments/fis5dl/.json?sort=confidence
03-15 00:53:07.611  1766  2316 E GnssHAL_GnssInterface: gnssSvStatusCb: a: input svInfo.flags is 8
03-15 00:53:07.611  1766  2316 E GnssHAL_GnssInterface: gnssSvStatusCb: b: input svInfo.flags is 8
03-15 00:53:08.018  5975 11539 D OK      : calling: https://oauth.reddit.com/comments/fijqbq/.json?sort=confidence
03-15 00:53:08.616  1766  2316 E GnssHAL_GnssInterface: gnssSvStatusCb: a: input svInfo.flags is 8
03-15 00:53:08.617  1766  2316 E GnssHAL_GnssInterface: gnssSvStatusCb: b: input svInfo.flags is 8
03-15 00:53:08.985  5975 11539 D OK      : request got status: 200
03-15 00:53:09.105  5975 11539 I PostListingFragment: Successfully precached https://oauth.reddit.com/comments/fijqbq/.json?sort=confidence
03-15 00:53:09.218  5975 11575 D OK      : calling: https://oauth.reddit.com/comments/fiv4yh/.json?sort=confidence
03-15 00:53:09.503  5975 11575 D OK      : request got status: 200
03-15 00:53:09.591  5975 11575 I PostListingFragment: Successfully precached https://oauth.reddit.com/comments/fiv4yh/.json?sort=confidence
03-15 00:53:09.619  1766  2316 E GnssHAL_GnssInterface: gnssSvStatusCb: a: input svInfo.flags is 8
03-15 00:53:09.619  1766  2316 E GnssHAL_GnssInterface: gnssSvStatusCb: b: input svInfo.flags is 8
03-15 00:53:10.256 11657 11657 D AndroidRuntime: >>>>>> START com.android.internal.os.RuntimeInit uid 2000 <<<<<<
03-15 00:53:10.247 11657 11657 W app_process: type=1400 audit(0.0:2575): avc: denied { read } for name="u:object_r:device_config_runtime_native_boot_prop:s0" dev="tmpfs" ino=6815 scontext=u:r:shell:s0 tcontext=u:object_r:device_config_runtime_native_boot_prop:s0 tclass=file permissive=0
03-15 00:53:10.258 11657 11657 E libc    : Access denied finding property "persist.device_config.runtime_native_boot.enable_apex_image"
03-15 00:53:10.258 11657 11657 I AndroidRuntime: Using default boot image
03-15 00:53:10.259 11657 11657 E libc    : Access denied finding property "persist.device_config.runtime_native_boot.disable_lock_profiling"
03-15 00:53:10.247 11657 11657 W app_process: type=1400 audit(0.0:2577): avc: denied { read } for name="u:object_r:device_config_runtime_native_boot_prop:s0" dev="tmpfs" ino=6815 scontext=u:r:shell:s0 tcontext=u:object_r:device_config_runtime_native_boot_prop:s0 tclass=file permissive=0
03-15 00:53:10.262 11657 11657 I AndroidRuntime: Leaving lock profiling enabled
03-15 00:53:10.262 11657 11657 E libc    : Access denied finding property "persist.device_config.runtime_native_boot.enable_generational_cc"
03-15 00:53:10.265 11657 11657 W app_process: Could not reserve sentinel fault page
03-15 00:53:10.320 11657 11657 D ICU     : Time zone APEX file found: /apex/com.android.tzdata/etc/icu/icu_tzdata.dat
03-15 00:53:10.326 11657 11657 W app_process: Unexpected CPU variant for X86 using defaults: x86
03-15 00:53:10.328 11657 11657 I app_process: The ClassLoaderContext is a special shared library.
03-15 00:53:10.358 11657 11657 W app_process: JNI RegisterNativeMethods: attempt to register 0 native methods for android.media.AudioAttributes
03-15 00:53:10.376 11657 11657 D AndroidRuntime: Calling main entry com.android.commands.input.Input
03-15 00:53:10.421  5975 11669 D OK      : calling: https://oauth.reddit.com/comments/fiir4b/.json?sort=confidence
03-15 00:53:10.595 11657 11657 D AndroidRuntime: Shutting down VM
03-15 00:53:10.615  1757  3626 W audio_hw_generic: Not supplying enough data to HAL, expected position 86597957 , only wrote 86597610
03-15 00:52:55.696  2024  3028 I chatty  : uid=1000(system) Binder:2024_10 identical 2 lines
03-15 00:52:55.735  2024  3028 W InputManager: Input event injection from pid 10922 failed.
03-15 00:53:10.622  2024  2365 I ActivityTaskManager: START u0 {dat=https://oauth.reddit.com/... cmp=org.quantumbadger.redreader/.activities.PostListingActivity} from uid 10153
03-15 00:53:10.625  1766  2316 E GnssHAL_GnssInterface: gnssSvStatusCb: a: input svInfo.flags is 8
03-15 00:53:10.625  1766  2316 E GnssHAL_GnssInterface: gnssSvStatusCb: b: input svInfo.flags is 8
03-15 00:53:10.654  2024  4989 W InputReader: Device has associated, but no associated display id.
03-15 00:53:10.664  2024  4989 I chatty  : uid=1000(system) Binder:2024_20 identical 48 lines
03-15 00:53:10.664  2024  4989 W InputReader: Device has associated, but no associated display id.
03-15 00:53:10.671  5975  5975 W ActivityThread: handleWindowVisibility: no activity for token android.os.BinderProxy@6f5ed98
03-15 00:53:10.706  5975  5975 I AppCompatViewInflater: app:theme is now deprecated. Please move to using android:theme instead.
03-15 00:53:10.812  1767  1767 D gralloc_ranchu: gralloc_alloc: Creating ashmem region of size 8298496
03-15 00:53:10.830  1767  1767 D gralloc_ranchu: gralloc_alloc: Creating ashmem region of size 8298496
03-15 00:53:10.842  5975  6026 D EGL_emulation: eglMakeCurrent: 0xe132b900: ver 3 0 (tinfo 0xe1322af0)
03-15 00:53:10.885  1767  1957 D gralloc_ranchu: gralloc_alloc: Creating ashmem region of size 8298496
03-15 00:53:10.899  5975  6026 D EGL_emulation: eglMakeCurrent: 0xe132b900: ver 3 0 (tinfo 0xe1322af0)
03-15 00:53:10.923  2024  2048 W InputReader: Device has associated, but no associated display id.
03-15 00:53:10.926  2024  2048 I chatty  : uid=1000(system) android.anim identical 18 lines
03-15 00:53:10.926  2024  2048 W InputReader: Device has associated, but no associated display id.
03-15 00:53:10.964  5975  6026 D EGL_emulation: eglMakeCurrent: 0xe132b900: ver 3 0 (tinfo 0xe1322af0)
03-15 00:53:11.137  5975 11669 D OK      : request got status: 200
03-15 00:53:11.299  5975 11669 I PostListingFragment: Successfully precached https://oauth.reddit.com/comments/fiir4b/.json?sort=confidence
03-15 00:53:11.624  1766  2316 E GnssHAL_GnssInterface: gnssSvStatusCb: a: input svInfo.flags is 8
03-15 00:53:11.624  1766  2316 E GnssHAL_GnssInterface: gnssSvStatusCb: b: input svInfo.flags is 8
03-15 00:53:11.644  5975 11695 D OK      : calling: https://oauth.reddit.com/r/listentothis/about.json
03-15 00:53:11.944  5670  5683 I mit.droidbotap: Background concurrent copying GC freed 19551(969KB) AllocSpace objects, 36(1260KB) LOS objects, 49% free, 2329KB/4658KB, paused 82us total 105.235ms
03-15 00:53:11.973  5975 11695 D OK      : request got status: 200
03-15 00:53:12.627  1766  2316 E GnssHAL_GnssInterface: gnssSvStatusCb: a: input svInfo.flags is 8
03-15 00:53:12.627  1766  2316 E GnssHAL_GnssInterface: gnssSvStatusCb: b: input svInfo.flags is 8
03-15 00:53:12.833  5975 11745 D OK      : calling: https://oauth.reddit.com/r/listentothis/hot/.json
03-15 00:53:13.225  1757  3626 W audio_hw_generic: Not supplying enough data to HAL, expected position 86712716 , only wrote 86712624
03-15 00:53:13.241  1757  3626 W audio_hw_generic: Not supplying enough data to HAL, expected position 86713325 , only wrote 86713285
03-15 00:53:13.634  1766  2316 E GnssHAL_GnssInterface: gnssSvStatusCb: a: input svInfo.flags is 8
03-15 00:53:13.634  1766  2316 E GnssHAL_GnssInterface: gnssSvStatusCb: b: input svInfo.flags is 8
03-15 00:53:13.724  1757  1757 W audio_hw_generic: Not supplying enough data to HAL, expected position 86754859 , only wrote 86734437
03-15 00:53:13.771  5975 11745 D OK      : request got status: 200
03-15 00:53:13.838  5975  9822 I PostListingFragment: Precaching images: ON
03-15 00:53:13.838  5975  9822 I PostListingFragment: Precaching comments: ON
03-15 00:53:14.108  5975 11781 D OK      : calling: https://oauth.reddit.com/comments/ffmkr8/.json?sort=confidence
03-15 00:53:14.201  5975 11784 D OK      : calling: https://b.thumbs.redditmedia.com/jMMWifSfHwvs1_dUThHcXOxQJZvC6-5QjGryFLILoZM.jpg
03-15 00:53:14.309  5975 11789 D OK      : calling: https://b.thumbs.redditmedia.com/Y5tVm0EyRo1cBOYZVgiD-FIxlVfJ2eUtO0h775bxHFY.jpg
03-15 00:53:14.358  1748 11790 E ResolverController: No valid NAT64 prefix (100, <unspecified>/0)
03-15 00:53:14.365  1748 11791 E ResolverController: No valid NAT64 prefix (100, <unspecified>/0)
03-15 00:53:14.583  5975 11795 D OK      : calling: https://b.thumbs.redditmedia.com/VlhYidkMjlk53Nf67ORTF4tHhGUyPkqdcHzoCdlIPRw.jpg
03-15 00:53:14.646  1766  2316 E GnssHAL_GnssInterface: gnssSvStatusCb: a: input svInfo.flags is 8
03-15 00:53:14.646  1766  2316 E GnssHAL_GnssInterface: gnssSvStatusCb: b: input svInfo.flags is 8
03-15 00:53:14.671  5975 11784 D OK      : request got status: 200
03-15 00:53:14.673  5975 11789 D OK      : request got status: 200
03-15 00:53:14.679  5975 11800 D OK      : calling: https://a.thumbs.redditmedia.com/JA3esEfbR79zjORMInMusVvY6PqS5NKetBjSJNHM6N8.jpg
03-15 00:53:14.794  5975 11806 D OK      : calling: https://b.thumbs.redditmedia.com/TwxbKbPKhm9BOB0gpK0695rSiCd62xY_OdH27mxW-io.jpg
03-15 00:53:14.888  1748 11812 E ResolverController: No valid NAT64 prefix (100, <unspecified>/0)
03-15 00:53:14.994  5975 11817 D OK      : calling: https://b.thumbs.redditmedia.com/jNK1lOcOcU-a2os3SlyiEZv7DmxYYedIW19mykbEkhU.jpg
03-15 00:53:15.157  5975 11800 D OK      : request got status: 200
03-15 00:53:15.183  5975 11806 D OK      : request got status: 200
03-15 00:53:15.222  5975 11817 D OK      : request got status: 200
03-15 00:53:15.242  5975 11781 D OK      : request got status: 200
03-15 00:53:15.247  5975  5975 W RecyclerView: Cannot call this method in a scroll callback. Scroll callbacks mightbe run during a measure & layout pass where you cannot change theRecyclerView data. Any method call that might change the structureof the RecyclerView or the adapter contents should be postponed tothe next frame.
03-15 00:53:15.247  5975  5975 W RecyclerView: java.lang.IllegalStateException:  android.support.v7.widget.RecyclerView{aa342d3 VFED..... .F....ID 0,0-1080,1605 #7f0900c7 app:id/scrollbar_recyclerview_recyclerview}, adapter:org.quantumbadger.redreader.adapters.GroupedRecyclerViewAdapter@f550296, layout:android.support.v7.widget.LinearLayoutManager@3fffe17, context:org.quantumbadger.redreader.activities.PostListingActivity@aaa9f1
03-15 00:53:15.247  5975  5975 W RecyclerView: 	at android.support.v7.widget.RecyclerView.assertNotInLayoutOrScroll(RecyclerView.java:2890)
03-15 00:53:15.247  5975  5975 W RecyclerView: 	at android.support.v7.widget.RecyclerView$RecyclerViewDataObserver.onItemRangeInserted(RecyclerView.java:5300)
03-15 00:53:15.247  5975  5975 W RecyclerView: 	at android.support.v7.widget.RecyclerView$AdapterDataObservable.notifyItemRangeInserted(RecyclerView.java:12022)
03-15 00:53:15.247  5975  5975 W RecyclerView: 	at android.support.v7.widget.RecyclerView$Adapter.notifyItemInserted(RecyclerView.java:7180)
03-15 00:53:15.247  5975  5975 W RecyclerView: 	at org.quantumbadger.redreader.adapters.GroupedRecyclerViewAdapter.updateHiddenStatus(GroupedRecyclerViewAdapter.java:279)
03-15 00:53:15.247  5975  5975 W RecyclerView: 	at org.quantumbadger.redreader.adapters.RedditListingManager.setLoadingVisible(RedditListingManager.java:125)
03-15 00:53:15.247  5975  5975 W RecyclerView: 	at org.quantumbadger.redreader.fragments.PostListingFragment.onLoadMoreItemsCheck(PostListingFragment.java:465)
03-15 00:53:15.247  5975  5975 W RecyclerView: 	at org.quantumbadger.redreader.fragments.PostListingFragment.access$000(PostListingFragment.java:98)
03-15 00:53:15.247  5975  5975 W RecyclerView: 	at org.quantumbadger.redreader.fragments.PostListingFragment$2.onScrolled(PostListingFragment.java:215)
03-15 00:53:15.247  5975  5975 W RecyclerView: 	at android.support.v7.widget.RecyclerView.dispatchOnScrolled(RecyclerView.java:4961)
03-15 00:53:15.247  5975  5975 W RecyclerView: 	at android.support.v7.widget.RecyclerView.dispatchLayoutStep3(RecyclerView.java:4021)
03-15 00:53:15.247  5975  5975 W RecyclerView: 	at android.support.v7.widget.RecyclerView.dispatchLayout(RecyclerView.java:3652)
03-15 00:53:15.247  5975  5975 W RecyclerView: 	at android.support.v7.widget.RecyclerView.consumePendingUpdateOperations(RecyclerView.java:1888)
03-15 00:53:15.247  5975  5975 W RecyclerView: 	at android.support.v7.widget.RecyclerView$1.run(RecyclerView.java:407)
03-15 00:53:15.247  5975  5975 W RecyclerView: 	at android.view.Choreographer$CallbackRecord.run(Choreographer.java:966)
03-15 00:53:15.247  5975  5975 W RecyclerView: 	at android.view.Choreographer.doCallbacks(Choreographer.java:790)
03-15 00:53:15.247  5975  5975 W RecyclerView: 	at android.view.Choreographer.doFrame(Choreographer.java:721)
03-15 00:53:15.247  5975  5975 W RecyclerView: 	at android.view.Choreographer$FrameDisplayEventReceiver.run(Choreographer.java:951)
03-15 00:53:15.247  5975  5975 W RecyclerView: 	at android.os.Handler.handleCallback(Handler.java:883)
03-15 00:53:15.247  5975  5975 W RecyclerView: 	at android.os.Handler.dispatchMessage(Handler.java:100)
03-15 00:53:15.247  5975  5975 W RecyclerView: 	at android.os.Looper.loop(Looper.java:214)
03-15 00:53:15.247  5975  5975 W RecyclerView: 	at android.app.ActivityThread.main(ActivityThread.java:7356)
03-15 00:53:15.247  5975  5975 W RecyclerView: 	at java.lang.reflect.Method.invoke(Native Method)
03-15 00:53:15.247  5975  5975 W RecyclerView: 	at com.android.internal.os.RuntimeInit$MethodAndArgsCaller.run(RuntimeInit.java:492)
03-15 00:53:15.247  5975  5975 W RecyclerView: 	at com.android.internal.os.ZygoteInit.main(ZygoteInit.java:930)
03-15 00:53:15.318  5975 11795 D OK      : request got status: 200
03-15 00:53:15.378  5975 11826 D OK      : calling: https://oauth.reddit.com/comments/fiwqzh/.json?sort=confidence
03-15 00:53:15.450  5975 11832 D OK      : calling: https://b.thumbs.redditmedia.com/Op4ChLCYjLNDk9oP8LT6HJTsiVGaqghaQq4caVg6WaA.jpg
03-15 00:53:15.583  2024  2053 E memtrack: Couldn't load memtrack module
03-15 00:53:15.583  2024  2053 W android.os.Debug: failed to get memory consumption info: -1
03-15 00:53:15.644  1766  2316 E GnssHAL_GnssInterface: gnssSvStatusCb: a: input svInfo.flags is 8
03-15 00:53:15.644  1766  2316 E GnssHAL_GnssInterface: gnssSvStatusCb: b: input svInfo.flags is 8
03-15 00:53:15.644  5975 11832 D OK      : request got status: 200
03-15 00:53:15.804  5975  5991 I adger.redreade: Background young concurrent copying GC freed 76672(3194KB) AllocSpace objects, 27(1788KB) LOS objects, 21% free, 10MB/12MB, paused 51.203ms total 1.208s
03-15 00:53:15.868  5975  5993 W System  : A resource failed to call end. 
03-15 00:53:15.871  5975  5993 I chatty  : uid=10153(org.quantumbadger.redreader) FinalizerDaemon identical 11 lines
03-15 00:53:15.871  5975  5993 W System  : A resource failed to call end. 
03-15 00:53:15.876  5975 11826 D OK      : request got status: 200
03-15 00:53:16.085  5670  5683 I mit.droidbotap: Background concurrent copying GC freed 32996(1247KB) AllocSpace objects, 27(1564KB) LOS objects, 49% free, 5754KB/11MB, paused 30us total 154.232ms
03-15 00:53:16.284  5975 11864 D OK      : calling: https://b.thumbs.redditmedia.com/PwNl8ddvXEPaWp73hjDBgx-0YYDiPbr2BHyhgBQcPuw.jpg
03-15 00:53:16.286  5975 11865 D OK      : calling: https://b.thumbs.redditmedia.com/W7bPshp7YyRbpxPBe8buSECUOkXBPC4gDaFPKVodxbA.jpg
03-15 00:53:16.345  5975 11864 D OK      : request got status: 200
03-15 00:53:16.345  5975 11865 D OK      : request got status: 200
03-15 00:53:16.352  5975 11870 D OK      : calling: https://b.thumbs.redditmedia.com/ielnPrtafrnhPagCupEDJmzrFjbWIXsl0vKCXYhF-uc.jpg
03-15 00:53:16.371  5975 11871 D OK      : calling: https://b.thumbs.redditmedia.com/Zd7JfhZ3iSglHtCimdjWkab_opymlC6vMXRgm6boHZg.jpg
03-15 00:53:16.495  5975 11875 D OK      : calling: https://oauth.reddit.com/r/listentothis/hot/.json?after=t3_fitte1
03-15 00:53:16.520  1748 11877 E ResolverController: No valid NAT64 prefix (100, <unspecified>/0)
03-15 00:53:16.548  5975 11870 D OK      : request got status: 200
03-15 00:53:16.595  5975 11871 D OK      : request got status: 200
03-15 00:53:16.645  1766  2316 E GnssHAL_GnssInterface: gnssSvStatusCb: a: input svInfo.flags is 8
03-15 00:53:16.645  1766  2316 E GnssHAL_GnssInterface: gnssSvStatusCb: b: input svInfo.flags is 8
03-15 00:53:16.648  5975 11873 D OK      : calling: https://b.thumbs.redditmedia.com/lUKxEMfOAi6oJ1dSzD_4rzkNaaDdF1B0ONxkF_Fmmbs.jpg
03-15 00:53:16.682  5975 11873 D OK      : request got status: 200
03-15 00:53:16.688  5670  5683 I mit.droidbotap: Background young concurrent copying GC freed 76395(2649KB) AllocSpace objects, 38(6524KB) LOS objects, 60% free, 4001KB/10145KB, paused 15us total 121.342ms
03-15 00:53:16.698  5975 11781 I PostListingFragment: Successfully precached https://oauth.reddit.com/comments/ffmkr8/.json?sort=confidence
03-15 00:53:16.732  5975 11887 D OK      : calling: https://b.thumbs.redditmedia.com/r3zVLd0xbFSCFGkuzIJ3XBtL285rcWUQumUgu8cuCBg.jpg
03-15 00:53:16.784  5975 11826 I PostListingFragment: Successfully precached https://oauth.reddit.com/comments/fiwqzh/.json?sort=confidence
03-15 00:53:16.868  5975 11887 D OK      : request got status: 200
03-15 00:53:17.106  5975 11875 D OK      : request got status: 200
03-15 00:53:17.265  5975 11911 D OK      : calling: https://b.thumbs.redditmedia.com/Ws-ba1Ju_rR_lSNa2pxz3lxyD642LzekkFqOv80VvPU.jpg
03-15 00:53:17.318  5975  9822 I PostListingFragment: Precaching images: ON
03-15 00:53:17.318  5975  9822 I PostListingFragment: Precaching comments: ON
03-15 00:53:17.322  5670  5683 I mit.droidbotap: Background concurrent copying GC freed 75541(2670KB) AllocSpace objects, 45(7772KB) LOS objects, 49% free, 5143KB/10MB, paused 18us total 195.919ms
03-15 00:53:17.328  5975 11911 D OK      : request got status: 200
03-15 00:53:17.397  5975 11915 D OK      : calling: https://b.thumbs.redditmedia.com/XKZ8TzU1IpakXc6kyMiCU_6NH1hKanIEbhvRMRJmX-Q.jpg
03-15 00:53:17.451  5975 11918 D OK      : calling: https://b.thumbs.redditmedia.com/orRoU-44jgIMCKVkOr4T6ophnCbYgFoNC3qpg7RXB4U.jpg
03-15 00:53:17.512  5975 11915 D OK      : request got status: 200
03-15 00:53:17.540  5975 11918 D OK      : request got status: 200
03-15 00:53:17.557  5975 11925 D OK      : calling: https://b.thumbs.redditmedia.com/OOZr3Ozk9ZOzJh7f-eV6jYMiaP4QeQsyNPKwXZXXeVc.jpg
03-15 00:53:17.647  1766  2316 E GnssHAL_GnssInterface: gnssSvStatusCb: a: input svInfo.flags is 8
03-15 00:53:17.647  1766  2316 E GnssHAL_GnssInterface: gnssSvStatusCb: b: input svInfo.flags is 8
03-15 00:53:17.670  5975 11925 D OK      : request got status: 200
03-15 00:53:17.692  5975 11934 D OK      : calling: https://oauth.reddit.com/comments/fitzy5/.json?sort=confidence
03-15 00:53:17.702 11903 11903 D AndroidRuntime: >>>>>> START com.android.internal.os.RuntimeInit uid 2000 <<<<<<
03-15 00:53:17.697 11903 11903 W app_process: type=1400 audit(0.0:2578): avc: denied { read } for name="u:object_r:device_config_runtime_native_boot_prop:s0" dev="tmpfs" ino=6815 scontext=u:r:shell:s0 tcontext=u:object_r:device_config_runtime_native_boot_prop:s0 tclass=file permissive=0
03-15 00:53:17.706 11903 11903 E libc    : Access denied finding property "persist.device_config.runtime_native_boot.enable_apex_image"
03-15 00:53:17.706 11903 11903 I AndroidRuntime: Using default boot image
03-15 00:53:17.706 11903 11903 E libc    : Access denied finding property "persist.device_config.runtime_native_boot.disable_lock_profiling"
03-15 00:53:17.706 11903 11903 I AndroidRuntime: Leaving lock profiling enabled
03-15 00:53:17.706 11903 11903 E libc    : Access denied finding property "persist.device_config.runtime_native_boot.enable_generational_cc"
03-15 00:53:17.723  5975  5991 I adger.redreade: Background concurrent copying GC freed 63452(2809KB) AllocSpace objects, 52(2432KB) LOS objects, 39% free, 9443KB/15MB, paused 7.799ms total 408.204ms
03-15 00:53:17.727  5975  5993 W System  : A resource failed to call close. 
03-15 00:53:17.733  2024  2167 D ConnectivityService: releasing NetworkRequest [ TRACK_DEFAULT id=58, [ Capabilities: INTERNET&NOT_RESTRICTED&TRUSTED Uid: 10153] ] (release request)
03-15 00:53:17.739  5975  5993 I chatty  : uid=10153(org.quantumbadger.redreader) FinalizerDaemon identical 20 lines
03-15 00:53:17.739  5975  5993 W System  : A resource failed to call close. 
03-15 00:53:17.739  5975  5993 W System  : A resource failed to call end. 
03-15 00:53:17.739  5975  5993 W System  : A resource failed to call close. 
03-15 00:53:17.740  5975  5993 W System  : A resource failed to call close. 
03-15 00:53:17.740  5975  5993 W System  : A resource failed to call end. 
03-15 00:53:17.755  2024  2369 I ActivityManager: Killing 10955:com.google.android.webview:sandboxed_process0:org.chromium.content.app.SandboxedProcessService0/u0a153i5 (adj 0): isolated not needed
03-15 00:53:17.740  5975  5993 I chatty  : uid=10153(org.quantumbadger.redreader) FinalizerDaemon identical 1 line
03-15 00:53:17.740  5975  5993 W System  : A resource failed to call end. 
03-15 00:53:17.755  2024  2058 I libprocessgroup: Successfully killed process cgroup uid 99005 pid 10955 in 0ms
03-15 00:53:17.783  5975 10990 D EGL_emulation: eglMakeCurrent: 0xbd10eba0: ver 3 0 (tinfo 0xbd498360)
03-15 00:53:17.783  5975 10990 D eglCodecCommon: setVertexArrayObject: set vao to 3 (3) 0 0
03-15 00:53:17.786  5975 10990 D eglCodecCommon: setVertexArrayObject: set vao to 0 (0) 17 0
03-15 00:53:17.792  5975 10990 D EGL_emulation: eglMakeCurrent: 0xbd10eba0: ver 3 0 (tinfo 0xbd498360)
03-15 00:53:17.792  5975 10990 D eglCodecCommon: setVertexArrayObject: set vao to 2 (2) 0 0
03-15 00:53:17.794  5975 10990 D eglCodecCommon: setVertexArrayObject: set vao to 0 (0) 0 0
03-15 00:53:17.808  2325  2325 I Zygote  : Process 10955 exited cleanly (0)
03-15 00:53:17.809  2024  2061 D KernelCpuUidUserSysTimeReader: Removing uids 10151-10151
03-15 00:53:17.810  2024  2061 D KernelCpuUidUserSysTimeReader: Removing uids 99004-99004
03-15 00:53:17.810  2024  2061 D KernelCpuUidUserSysTimeReader: Removing uids 10150-10150
03-15 00:53:17.811  5975 10990 D EGL_emulation: eglMakeCurrent: 0xbd10eba0: ver 3 0 (tinfo 0xbd498360)
03-15 00:53:17.812  5975 10990 D eglCodecCommon: setVertexArrayObject: set vao to 1 (1) 0 6
03-15 00:53:17.813  5975 10990 D eglCodecCommon: setVertexArrayObject: set vao to 0 (0) 0 0
03-15 00:53:17.869  5975 11935 D OK      : calling: https://b.thumbs.redditmedia.com/Pgr37_aOcPF7YX-r377LFSvMEDYeELhscKiT0bJxDQg.jpg
03-15 00:53:17.898 11903 11903 D ICU     : Time zone APEX file found: /apex/com.android.tzdata/etc/icu/icu_tzdata.dat
03-15 00:53:17.907 11903 11903 W app_process: Unexpected CPU variant for X86 using defaults: x86
03-15 00:53:17.908 11903 11903 I app_process: The ClassLoaderContext is a special shared library.
03-15 00:53:17.910  5975 11937 D OK      : calling: https://b.thumbs.redditmedia.com/VwMEG5b5kYYPPkWNyEO9bc4KSlVjDergSWfaXJ79VgM.jpg
03-15 00:53:17.918  5975 11935 D OK      : request got status: 200
03-15 00:53:17.935  5975 11946 D OK      : calling: https://a.thumbs.redditmedia.com/b4HpTXTeZi4SHsIzrx2MgM1F4gIMDG2JumFy2cf-qs8.jpg
03-15 00:53:17.938 11903 11903 W app_process: JNI RegisterNativeMethods: attempt to register 0 native methods for android.media.AudioAttributes
03-15 00:53:17.947  5975 11948 D OK      : calling: https://b.thumbs.redditmedia.com/J2rtYwQIMmQiW5SdGhPDbT7HdH9WM2Wq51aK8hJF1Qw.jpg
03-15 00:53:17.947 11903 11903 D AndroidRuntime: Calling main entry com.android.commands.input.Input
03-15 00:53:17.954  1748 11947 E ResolverController: No valid NAT64 prefix (100, <unspecified>/0)
03-15 00:53:17.973  5975 11946 D OK      : request got status: 200
03-15 00:53:17.998  5975 11952 D OK      : calling: https://b.thumbs.redditmedia.com/5mtBmHINNvsX-Tiurjb3S0MBLTpV4q7lUrkDJQ90clA.jpg
03-15 00:53:18.000  5975 11951 D OK      : calling: https://b.thumbs.redditmedia.com/TSAv9DVgcrqTCJDvlAkpVij8HgWwkc_X-aKeIEmxYUA.jpg
03-15 00:53:18.009  2024  2369 W InputManager: Input event injection from pid 11903 permission denied.
03-15 00:53:18.019  5975 11934 D OK      : request got status: 200
03-15 00:53:18.030 11903 11903 I app_process: System.exit called, status: 1
03-15 00:53:18.030 11903 11903 I AndroidRuntime: VM exiting with result code 1.
03-15 00:53:18.054  5975 11937 D OK      : request got status: 200
03-15 00:53:18.075  5975 11948 D OK      : request got status: 200
03-15 00:53:18.096  5975 11955 D OK      : calling: https://b.thumbs.redditmedia.com/kuWeRd7lvAqQq4vMpYkYLSSJ-oaqh810v54uGFfFIiw.jpg
03-15 00:53:18.096  5975 11952 D OK      : request got status: 200
03-15 00:53:18.114  5975 11951 D OK      : request got status: 200
03-15 00:53:18.118  5975 11955 D OK      : request got status: 200
03-15 00:53:18.178  2024  2369 W InputReader: Device has associated, but no associated display id.
03-15 00:53:18.178  2024  2369 I chatty  : uid=1000(system) Binder:2024_7 identical 8 lines
03-15 00:53:18.178  2024  2369 W InputReader: Device has associated, but no associated display id.
03-15 00:53:18.190  5975 11934 I PostListingFragment: Successfully precached https://oauth.reddit.com/comments/fitzy5/.json?sort=confidence
03-15 00:53:18.192  2024  3247 W InputReader: Device has associated, but no associated display id.
03-15 00:53:18.193  2024  3247 I chatty  : uid=1000(system) Binder:2024_12 identical 28 lines
03-15 00:53:18.193  2024  3247 W InputReader: Device has associated, but no associated display id.
03-15 00:53:18.245  1757  3626 W audio_hw_generic: Not supplying enough data to HAL, expected position 86734518 , only wrote 86734437
03-15 00:53:18.247  1767  1957 D gralloc_ranchu: gralloc_alloc: Creating ashmem region of size 8298496
03-15 00:53:18.261  1767  1957 D gralloc_ranchu: gralloc_alloc: Creating ashmem region of size 8298496
03-15 00:53:18.265  5975  6026 D EGL_emulation: eglMakeCurrent: 0xe132b900: ver 3 0 (tinfo 0xe1322af0)
03-15 00:53:18.266  1767  1767 D gralloc_ranchu: gralloc_alloc: Creating ashmem region of size 8298496
03-15 00:53:18.304  2024  2048 W InputReader: Device has associated, but no associated display id.
03-15 00:53:18.311  2024  2048 I chatty  : uid=1000(system) android.anim identical 18 lines
03-15 00:53:18.311  2024  2048 W InputReader: Device has associated, but no associated display id.
03-15 00:53:18.318  5975  6026 D EGL_emulation: eglMakeCurrent: 0xe132b900: ver 3 0 (tinfo 0xe1322af0)
03-15 00:53:18.334  5975  6026 D EGL_emulation: eglMakeCurrent: 0xe132b900: ver 3 0 (tinfo 0xe1322af0)
03-15 00:53:18.357  5975  6583 W System  : A resource failed to call response.body().close(). 
03-15 00:53:18.359  5975  6583 I chatty  : uid=10153(org.quantumbadger.redreader) OkHttp Connecti identical 28 lines
03-15 00:53:18.359  5975  6583 W System  : A resource failed to call response.body().close(). 
03-15 00:53:18.389  5670  5683 I mit.droidbotap: Background concurrent copying GC freed 11752(499KB) AllocSpace objects, 13(2728KB) LOS objects, 49% free, 2696KB/5393KB, paused 16us total 202.354ms
03-15 00:53:18.649  1766  2316 E GnssHAL_GnssInterface: gnssSvStatusCb: a: input svInfo.flags is 8
03-15 00:53:18.649  1766  2316 E GnssHAL_GnssInterface: gnssSvStatusCb: b: input svInfo.flags is 8
03-15 00:53:18.889  5975 11980 D OK      : calling: https://oauth.reddit.com/comments/firtb4/.json?sort=confidence
03-15 00:53:18.963  1748 11988 E ResolverController: No valid NAT64 prefix (100, <unspecified>/0)
03-15 00:53:19.052  5975 11993 D OK      : calling: https://a.thumbs.redditmedia.com/XiSNtT2Rgxw7ZpvXmr9H28Ja5CwDyYGigpYury-3js4.jpg
03-15 00:53:19.108  5670  5683 I mit.droidbotap: Background concurrent copying GC freed 28846(1233KB) AllocSpace objects, 27(1912KB) LOS objects, 49% free, 5327KB/10MB, paused 18us total 125.963ms
03-15 00:53:19.214  2024  2034 I system_server: Background young concurrent copying GC freed 47025(4231KB) AllocSpace objects, 64(1744KB) LOS objects, 27% free, 13MB/19MB, paused 26.192ms total 402.020ms
03-15 00:53:19.265  5975 12014 D OK      : calling: https://b.thumbs.redditmedia.com/F0pUfxrHBeYylcNdRpjTtFAw-yTPqCzn6awkX53bXFE.jpg
03-15 00:53:19.281  1748 12020 E ResolverController: No valid NAT64 prefix (100, <unspecified>/0)
03-15 00:53:19.303  5975 11993 D OK      : request got status: 200
03-15 00:53:19.377  5975 12024 D OK      : calling: https://b.thumbs.redditmedia.com/DjoaEgJBYdHqH4pxtDzSUxeonpBvVU7nlasZOzLUD6A.jpg
03-15 00:53:19.389  5975 12026 D OK      : calling: https://b.thumbs.redditmedia.com/jTzuZRMVvN8KbVSRzINYnk67jmAhet3QTeeFFO0GXKk.jpg
03-15 00:53:19.399  5975 12024 D OK      : request got status: 200
03-15 00:53:19.430  5975 12026 D OK      : request got status: 200
03-15 00:53:19.465  5975 12014 D OK      : request got status: 200
03-15 00:53:19.474  5975 12029 D OK      : calling: https://a.thumbs.redditmedia.com/SjaWhnnuBQPaYqpMG0b3Jd2GWHdwbdeygGCn3SxxGX4.jpg
03-15 00:53:19.485  5975 12029 D OK      : request got status: 200
03-15 00:53:19.510  5975 11980 D OK      : request got status: 200
03-15 00:53:19.528  5975 12031 D OK      : calling: https://b.thumbs.redditmedia.com/C9Y3iTmslzQetWDgDwoLg7KiXDrDjhJoMEzxZR0FTtE.jpg
03-15 00:53:19.542  5975 12031 D OK      : request got status: 200
03-15 00:53:19.607  5975 11980 I PostListingFragment: Successfully precached https://oauth.reddit.com/comments/firtb4/.json?sort=confidence
03-15 00:53:19.615  5975 12041 D OK      : calling: https://b.thumbs.redditmedia.com/WDiYVEyQ5ljHnN-R3JG_STRTfSsLzP019eSPfIKarhY.jpg
03-15 00:53:19.620  5975 12042 D OK      : calling: https://b.thumbs.redditmedia.com/u-Jw9R6KBm-V0IndRw8wJq46DnnJRungfGhvROz54Qc.jpg
03-15 00:53:19.629  5975 12041 D OK      : request got status: 200
03-15 00:53:19.635  5975 12042 D OK      : request got status: 200
03-15 00:53:19.648  5975 12043 D OK      : calling: https://b.thumbs.redditmedia.com/Hmg2wJnwVqzKK9OkUgtp-5lbQrHuE-AYqOR9I63pMjI.jpg
03-15 00:53:19.654  1766  2316 E GnssHAL_GnssInterface: gnssSvStatusCb: a: input svInfo.flags is 8
03-15 00:53:19.654  1766  2316 E GnssHAL_GnssInterface: gnssSvStatusCb: b: input svInfo.flags is 8
03-15 00:53:19.671  5975 12043 D OK      : request got status: 200
03-15 00:53:19.676  5975 12046 D OK      : calling: https://b.thumbs.redditmedia.com/2DgmB0i45-YiNrDnQj8_Vz_M7M5gninUmaHtlboI7Zs.jpg
03-15 00:53:19.709  5975 12048 D OK      : calling: https://b.thumbs.redditmedia.com/7c6Zms6lulWeeAuS-8dPA9crpF91XDDnfGXwY3T7LQU.jpg
03-15 00:53:19.721  5975 12048 D OK      : request got status: 200
03-15 00:53:19.740  5975 12052 D OK      : calling: https://b.thumbs.redditmedia.com/LjBLk7E6tFluGNL7QiRd1M_d2J_DinR6BKLJhN-j6aU.jpg
03-15 00:53:19.762  5975 12052 D OK      : request got status: 200
03-15 00:53:19.779  5975  5993 W System  : A resource failed to call close. 
03-15 00:53:19.782  5975  5993 I chatty  : uid=10153(org.quantumbadger.redreader) FinalizerDaemon identical 11 lines
03-15 00:53:19.782  5975  5993 W System  : A resource failed to call close. 
03-15 00:53:19.782  5975  5993 W System  : A resource failed to call end. 
03-15 00:53:19.782  5975  5993 W System  : A resource failed to call close. 
03-15 00:53:19.782  5975  5993 I chatty  : uid=10153(org.quantumbadger.redreader) FinalizerDaemon identical 12 lines
03-15 00:53:19.782  5975  5993 W System  : A resource failed to call close. 
03-15 00:53:19.782  5975  5993 W System  : A resource failed to call end. 
03-15 00:53:19.782  5975  5993 W System  : A resource failed to call close. 
03-15 00:53:19.783  5975  5993 I chatty  : uid=10153(org.quantumbadger.redreader) FinalizerDaemon identical 7 lines
03-15 00:53:19.783  5975  5993 W System  : A resource failed to call close. 
03-15 00:53:19.786  5975 12046 D OK      : request got status: 200
03-15 00:53:19.783  5975  5993 W System  : A resource failed to call close. 
03-15 00:53:19.787  5975  5993 I chatty  : uid=10153(org.quantumbadger.redreader) FinalizerDaemon identical 1 line
03-15 00:53:19.789  5975  5993 W System  : A resource failed to call close. 
03-15 00:53:19.846  5975 12061 D OK      : calling: https://b.thumbs.redditmedia.com/1fsS0VaGSbSwton-j1h3lDHtFQ6EfUs-Z_SqCjAY9Xc.jpg
03-15 00:53:19.872  5975 12061 D OK      : request got status: 200
03-15 00:53:19.886  5975 12063 D OK      : calling: https://a.thumbs.redditmedia.com/jTWiVAmqty5uYIcTGd7mhJFBs5M1kMaDbrbVblkC3g0.jpg
03-15 00:53:19.894  5975 12063 D OK      : request got status: 200
03-15 00:53:19.919  5975 12066 D OK      : calling: https://b.thumbs.redditmedia.com/Xfb3WadUc0T_SwUI7qEpm57h7xiDcivdxeGkQ0MoljY.jpg
03-15 00:53:19.938  5975 12066 D OK      : request got status: 200
03-15 00:53:20.013  5975 12072 D OK      : calling: https://b.thumbs.redditmedia.com/Smmq35Fp1UTB14-BnOnR25Ikf1fI7WQhphBPcT-cV0Q.jpg
03-15 00:53:20.017  5975 12073 D OK      : calling: https://a.thumbs.redditmedia.com/B6YWXxbQKtD1C0M6AFPbs4IT5mfJXDn_MAhuNvnTnf4.jpg
03-15 00:53:20.023  5975 12074 D OK      : calling: https://b.thumbs.redditmedia.com/ZfIdHi2rxHDik6_FZwg3xlUeVXnAU4ufZAC18eX6WHk.jpg
03-15 00:53:20.032  5975 12072 D OK      : request got status: 200
03-15 00:53:20.052  5975 12076 D OK      : calling: https://b.thumbs.redditmedia.com/MdKaUSxNEbUzlM33Xhp5fU8n0wY19mrRXXQIYLF5EUA.jpg
03-15 00:53:20.053  5975 12079 D OK      : calling: https://b.thumbs.redditmedia.com/Bp_D5cnoKJZkEwwZastuZms5rvB8jGrBcoe-TuTQ6pY.jpg
03-15 00:53:20.061  5975 12080 D OK      : calling: https://b.thumbs.redditmedia.com/mzevMGrqgstzgGlcRqXxjMGOuR7uUGKuWPfaI2VPAWA.jpg
03-15 00:53:20.066  5975 12073 D OK      : request got status: 200
03-15 00:53:20.075  5975 12083 D OK      : calling: https://b.thumbs.redditmedia.com/3sGQzdffT5_Oe19i5_4odVa6FqHycv8uIyL9ynQ3tPQ.jpg
03-15 00:53:20.077  5975 12080 D OK      : request got status: 200
03-15 00:53:20.084  5975 12083 D OK      : request got status: 200
03-15 00:53:20.089  5975 12085 D OK      : calling: https://oauth.reddit.com/comments/fipekt/.json?sort=confidence
03-15 00:53:20.102  5975 12084 D OK      : calling: https://b.thumbs.redditmedia.com/0kDJQgyRgheodmBc1UOLvjKhCXYT3vHm3NCOp-7g8sU.jpg
03-15 00:53:20.133  5975 12084 D OK      : request got status: 200
03-15 00:53:20.153  5975 12074 D OK      : request got status: 200
03-15 00:53:20.167  5975 12079 D OK      : request got status: 200
03-15 00:53:20.175  5975 12076 D OK      : request got status: 200
03-15 00:53:20.218  5975 12095 D OK      : calling: https://b.thumbs.redditmedia.com/Kecm12Z7m2-X99JENfy6HsmFycVRHWkjbrE9QG8yIJA.jpg
03-15 00:53:20.258  5975 12095 D OK      : request got status: 200
03-15 00:53:20.334  5975 12085 D OK      : request got status: 200
03-15 00:53:20.378  5670  5683 I mit.droidbotap: Background young concurrent copying GC freed 69864(2681KB) AllocSpace objects, 82(5260KB) LOS objects, 66% free, 3065KB/9209KB, paused 8.848ms total 117.683ms
03-15 00:53:20.657  1766  2316 E GnssHAL_GnssInterface: gnssSvStatusCb: a: input svInfo.flags is 8
03-15 00:53:20.657  1766  2316 E GnssHAL_GnssInterface: gnssSvStatusCb: b: input svInfo.flags is 8
03-15 00:53:20.898 12093 12093 D AndroidRuntime: >>>>>> START com.android.internal.os.RuntimeInit uid 2000 <<<<<<
03-15 00:53:20.907 12093 12093 W app_process: type=1400 audit(0.0:2581): avc: denied { read } for name="u:object_r:device_config_runtime_native_boot_prop:s0" dev="tmpfs" ino=6815 scontext=u:r:shell:s0 tcontext=u:object_r:device_config_runtime_native_boot_prop:s0 tclass=file permissive=0
03-15 00:53:20.916 12093 12093 E libc    : Access denied finding property "persist.device_config.runtime_native_boot.enable_apex_image"
03-15 00:53:20.916 12093 12093 I AndroidRuntime: Using default boot image
03-15 00:53:20.916 12093 12093 E libc    : Access denied finding property "persist.device_config.runtime_native_boot.disable_lock_profiling"
03-15 00:53:20.916 12093 12093 I AndroidRuntime: Leaving lock profiling enabled
03-15 00:53:20.916 12093 12093 E libc    : Access denied finding property "persist.device_config.runtime_native_boot.enable_generational_cc"
03-15 00:53:20.907 12093 12093 W app_process: type=1400 audit(0.0:2583): avc: denied { read } for name="u:object_r:device_config_runtime_native_boot_prop:s0" dev="tmpfs" ino=6815 scontext=u:r:shell:s0 tcontext=u:object_r:device_config_runtime_native_boot_prop:s0 tclass=file permissive=0
03-15 00:53:20.948  5975 12085 I PostListingFragment: Successfully precached https://oauth.reddit.com/comments/fipekt/.json?sort=confidence
03-15 00:53:20.977  5670  5683 I mit.droidbotap: Background concurrent copying GC freed 78856(2788KB) AllocSpace objects, 47(4340KB) LOS objects, 49% free, 5281KB/10MB, paused 13us total 119.395ms
03-15 00:53:21.108 12093 12093 D ICU     : Time zone APEX file found: /apex/com.android.tzdata/etc/icu/icu_tzdata.dat
03-15 00:53:21.115 12093 12093 W app_process: Unexpected CPU variant for X86 using defaults: x86
03-15 00:53:21.116 12093 12093 I app_process: The ClassLoaderContext is a special shared library.
03-15 00:53:21.140 12093 12093 W app_process: JNI RegisterNativeMethods: attempt to register 0 native methods for android.media.AudioAttributes
03-15 00:53:21.146 12093 12093 D AndroidRuntime: Calling main entry com.android.commands.input.Input
03-15 00:53:21.296  5975 12131 D OK      : calling: https://oauth.reddit.com/comments/fipe0k/.json?sort=confidence
03-15 00:53:21.355 12093 12093 D AndroidRuntime: Shutting down VM
03-15 00:53:21.357  2024  2369 I ActivityTaskManager: START u0 {dat=https://oauth.reddit.com/... cmp=org.quantumbadger.redreader/.activities.PostListingActivity} from uid 10153
03-15 00:53:21.365  2024  2369 W InputReader: Device has associated, but no associated display id.
03-15 00:53:21.366  2024  2369 I chatty  : uid=1000(system) Binder:2024_7 identical 48 lines
03-15 00:53:21.366  2024  2369 W InputReader: Device has associated, but no associated display id.
03-15 00:53:21.375  5975  5975 W ActivityThread: handleWindowVisibility: no activity for token android.os.BinderProxy@dd3b864
03-15 00:53:21.379  1757  1757 W audio_hw_generic: Not supplying enough data to HAL, expected position 87010135 , only wrote 86872586
03-15 00:53:21.385  1757  3626 W audio_hw_generic: Not supplying enough data to HAL, expected position 86872596 , only wrote 86872586
03-15 00:53:21.411  5975  5975 I AppCompatViewInflater: app:theme is now deprecated. Please move to using android:theme instead.
03-15 00:53:21.546  1767  1957 D gralloc_ranchu: gralloc_alloc: Creating ashmem region of size 8298496
03-15 00:53:21.562  1767  1957 D gralloc_ranchu: gralloc_alloc: Creating ashmem region of size 8298496
03-15 00:53:21.580  1767  1767 D gralloc_ranchu: gralloc_alloc: Creating ashmem region of size 8298496
03-15 00:53:21.591  5975  6026 D EGL_emulation: eglMakeCurrent: 0xe132b900: ver 3 0 (tinfo 0xe1322af0)
03-15 00:53:21.604  5975  6026 I chatty  : uid=10153(org.quantumbadger.redreader) RenderThread identical 1 line
03-15 00:53:21.615  5975  6026 D EGL_emulation: eglMakeCurrent: 0xe132b900: ver 3 0 (tinfo 0xe1322af0)
03-15 00:53:21.628  2024  2048 W InputReader: Device has associated, but no associated display id.
03-15 00:53:21.629  2024  2048 I chatty  : uid=1000(system) android.anim identical 18 lines
03-15 00:53:21.629  2024  2048 W InputReader: Device has associated, but no associated display id.
03-15 00:53:21.662  1766  2316 E GnssHAL_GnssInterface: gnssSvStatusCb: a: input svInfo.flags is 8
03-15 00:53:21.662  1766  2316 E GnssHAL_GnssInterface: gnssSvStatusCb: b: input svInfo.flags is 8
03-15 00:53:21.679  5975 12131 D OK      : request got status: 200
03-15 00:53:21.818  5975  6026 D EGL_emulation: eglMakeCurrent: 0xe132b900: ver 3 0 (tinfo 0xe1322af0)
03-15 00:53:21.976  5975  6026 I chatty  : uid=10153(org.quantumbadger.redreader) RenderThread identical 5 lines
03-15 00:53:21.985  5975  6026 D EGL_emulation: eglMakeCurrent: 0xe132b900: ver 3 0 (tinfo 0xe1322af0)
03-15 00:53:21.989  5975 12131 I PostListingFragment: Successfully precached https://oauth.reddit.com/comments/fipe0k/.json?sort=confidence
03-15 00:53:22.023  5975  6026 D EGL_emulation: eglMakeCurrent: 0xe132b900: ver 3 0 (tinfo 0xe1322af0)
03-15 00:53:22.117  5975  6026 I chatty  : uid=10153(org.quantumbadger.redreader) RenderThread identical 3 lines
03-15 00:53:22.172  5975  6026 D EGL_emulation: eglMakeCurrent: 0xe132b900: ver 3 0 (tinfo 0xe1322af0)
03-15 00:53:22.498  5975 12159 D OK      : calling: https://oauth.reddit.com/r/getmotivated/about.json
03-15 00:53:22.652  5975 12159 D OK      : request got status: 200
03-15 00:53:22.666  1766  2316 E GnssHAL_GnssInterface: gnssSvStatusCb: a: input svInfo.flags is 8
03-15 00:53:22.666  1766  2316 E GnssHAL_GnssInterface: gnssSvStatusCb: b: input svInfo.flags is 8
03-15 00:53:23.552  2336  2353 I m.android.phon: Background concurrent copying GC freed 19188(1580KB) AllocSpace objects, 0(0B) LOS objects, 49% free, 1663KB/3327KB, paused 58us total 165.214ms
03-15 00:53:23.673  1766  2316 E GnssHAL_GnssInterface: gnssSvStatusCb: a: input svInfo.flags is 8
03-15 00:53:23.673  1766  2316 E GnssHAL_GnssInterface: gnssSvStatusCb: b: input svInfo.flags is 8
03-15 00:53:23.704  2024  2993 W InputReader: Device has associated, but no associated display id.
03-15 00:53:23.704  2024  2993 I chatty  : uid=1000(system) Binder:2024_F identical 8 lines
03-15 00:53:23.704  2024  2993 W InputReader: Device has associated, but no associated display id.
03-15 00:53:23.708  5975 12213 D OK      : calling: https://oauth.reddit.com/r/getmotivated/hot/.json
03-15 00:53:23.767  2024  2993 W InputReader: Device has associated, but no associated display id.
03-15 00:53:23.771  2024  2993 I chatty  : uid=1000(system) Binder:2024_F identical 28 lines
03-15 00:53:23.771  2024  2993 W InputReader: Device has associated, but no associated display id.
03-15 00:53:23.933  2024  2365 W InputReader: Device has associated, but no associated display id.
03-15 00:53:23.934  2024  2365 I chatty  : uid=1000(system) Binder:2024_6 identical 18 lines
03-15 00:53:23.934  2024  2365 W InputReader: Device has associated, but no associated display id.
03-15 00:53:23.957  1767  1957 D gralloc_ranchu: gralloc_alloc: Creating ashmem region of size 8298496
03-15 00:53:23.966  1767  1957 D gralloc_ranchu: gralloc_alloc: Creating ashmem region of size 8298496
03-15 00:53:23.974  5975  6026 D EGL_emulation: eglMakeCurrent: 0xe132b900: ver 3 0 (tinfo 0xe1322af0)
03-15 00:53:23.993  1767  1957 D gralloc_ranchu: gralloc_alloc: Creating ashmem region of size 8298496
03-15 00:53:23.993  5975  6026 D EGL_emulation: eglMakeCurrent: 0xe132b900: ver 3 0 (tinfo 0xe1322af0)
03-15 00:53:24.095  5975  6026 I chatty  : uid=10153(org.quantumbadger.redreader) RenderThread identical 1 line
03-15 00:53:24.114  5975  6026 D EGL_emulation: eglMakeCurrent: 0xe132b900: ver 3 0 (tinfo 0xe1322af0)
03-15 00:53:24.189  1757  3626 W audio_hw_generic: Not supplying enough data to HAL, expected position 86996252 , only wrote 86996193
03-15 00:53:24.189  1757  3626 W audio_hw_generic: Not supplying enough data to HAL, expected position 86996198 , only wrote 86996193
03-15 00:53:24.207  1757  3626 W audio_hw_generic: Not supplying enough data to HAL, expected position 86996993 , only wrote 86996854
03-15 00:53:24.223  1757  3626 W audio_hw_generic: Not supplying enough data to HAL, expected position 86997544 , only wrote 86997515
03-15 00:53:24.223  1757  3626 W audio_hw_generic: Not supplying enough data to HAL, expected position 86997530 , only wrote 86997515
03-15 00:53:24.504  5975 12213 D OK      : request got status: 200
03-15 00:53:24.544  5975  6026 D EGL_emulation: eglMakeCurrent: 0xe132b900: ver 3 0 (tinfo 0xe1322af0)
03-15 00:53:24.677  1766  2316 E GnssHAL_GnssInterface: gnssSvStatusCb: a: input svInfo.flags is 8
03-15 00:53:24.677  1766  2316 E GnssHAL_GnssInterface: gnssSvStatusCb: b: input svInfo.flags is 8
03-15 00:53:24.701  5975  9822 I PostListingFragment: Precaching images: ON
03-15 00:53:24.701  5975  9822 I PostListingFragment: Precaching comments: ON
03-15 00:53:24.910  5975 12251 D OK      : calling: https://oauth.reddit.com/comments/firw8e/.json?sort=confidence
03-15 00:53:25.076  5975 12251 D OK      : request got status: 200
03-15 00:53:25.119  5975 12270 D OK      : calling: https://b.thumbs.redditmedia.com/kUJne0Y-miDrsUkXwNzly2MKqJbLVNf51n2H4zqX6xY.jpg
03-15 00:53:25.160  1748 12275 E ResolverController: No valid NAT64 prefix (100, <unspecified>/0)
03-15 00:53:25.195  5975 12278 D OK      : calling: https://b.thumbs.redditmedia.com/6Q7n-kU_uV3sRs5DtGBuOH3K_4-2-FQM-AP5TCQ-K6c.jpg
03-15 00:53:25.297  5975  6026 D EGL_emulation: eglMakeCurrent: 0xe132b900: ver 3 0 (tinfo 0xe1322af0)
03-15 00:53:25.517  5975 12270 D OK      : request got status: 200
03-15 00:53:25.534  5975 12251 I PostListingFragment: Successfully precached https://oauth.reddit.com/comments/firw8e/.json?sort=confidence
03-15 00:53:25.659  5975 12289 D OK      : calling: https://b.thumbs.redditmedia.com/Btd1jasgGd4MbkDi4EWrlkyO4MUDDZL4m1DkaChieBs.jpg
