03-15 00:28:47.740  1757  3626 W audio_hw_generic: Not supplying enough data to HAL, expected position 75162394 , only wrote 75162310
03-15 00:28:47.746 23669 27290 D OK      : request got status: 200
03-15 00:28:47.800 23669 27371 I PostListingFragment: Successfully precached https://oauth.reddit.com/comments/fimgcr/.json?sort=confidence
03-15 00:28:47.876  1757  3626 W audio_hw_generic: Not supplying enough data to HAL, expected position 75168334 , only wrote 75168259
03-15 00:28:47.876  1757  3626 W audio_hw_generic: Not supplying enough data to HAL, expected position 75168263 , only wrote 75168259
03-15 00:28:47.894  1757  3626 W audio_hw_generic: Not supplying enough data to HAL, expected position 75169025 , only wrote 75168920
03-15 00:28:47.910  3727  3737 I ndroid.systemu: Background young concurrent copying GC freed 226887(5256KB) AllocSpace objects, 0(0B) LOS objects, 49% free, 5403KB/10MB, paused 37us total 101.094ms
03-15 00:28:48.014  1757  3626 W audio_hw_generic: Not supplying enough data to HAL, expected position 75174237 , only wrote 75174208
03-15 00:28:48.031 23669 27290 I PostListingFragment: Successfully precached https://oauth.reddit.com/comments/fiqyhu/.json?sort=confidence
03-15 00:28:48.188 27388 27388 D AndroidRuntime: >>>>>> START com.android.internal.os.RuntimeInit uid 2000 <<<<<<
03-15 00:28:48.177 27388 27388 W app_process: type=1400 audit(0.0:2310): avc: denied { read } for name="u:object_r:device_config_runtime_native_boot_prop:s0" dev="tmpfs" ino=6815 scontext=u:r:shell:s0 tcontext=u:object_r:device_config_runtime_native_boot_prop:s0 tclass=file permissive=0
03-15 00:28:48.190 27388 27388 E libc    : Access denied finding property "persist.device_config.runtime_native_boot.enable_apex_image"
03-15 00:28:48.190 27388 27388 I AndroidRuntime: Using default boot image
03-15 00:28:48.190 27388 27388 E libc    : Access denied finding property "persist.device_config.runtime_native_boot.disable_lock_profiling"
03-15 00:28:48.190 27388 27388 I AndroidRuntime: Leaving lock profiling enabled
03-15 00:28:48.190 27388 27388 E libc    : Access denied finding property "persist.device_config.runtime_native_boot.enable_generational_cc"
03-15 00:28:48.272 27388 27388 D ICU     : Time zone APEX file found: /apex/com.android.tzdata/etc/icu/icu_tzdata.dat
03-15 00:28:48.285 27388 27388 W app_process: Unexpected CPU variant for X86 using defaults: x86
03-15 00:28:48.290 27388 27388 I app_process: The ClassLoaderContext is a special shared library.
03-15 00:28:48.307 27388 27388 W app_process: JNI RegisterNativeMethods: attempt to register 0 native methods for android.media.AudioAttributes
03-15 00:28:48.310 27388 27388 D AndroidRuntime: Calling main entry com.android.commands.input.Input
03-15 00:28:48.434  1757  3626 W audio_hw_generic: Not supplying enough data to HAL, expected position 75192717 , only wrote 75192716
03-15 00:28:48.437 23669 27415 D OK      : calling: https://oauth.reddit.com/comments/fimbls/.json?sort=confidence
03-15 00:28:48.504  1766  2316 E GnssHAL_GnssInterface: gnssSvStatusCb: a: input svInfo.flags is 8
03-15 00:28:48.504  1766  2316 E GnssHAL_GnssInterface: gnssSvStatusCb: b: input svInfo.flags is 8
03-15 00:28:48.626 27388 27388 D AndroidRuntime: Shutting down VM
03-15 00:28:48.662  1767 23050 D gralloc_ranchu: gralloc_alloc: Creating ashmem region of size 9056256
03-15 00:28:48.673  1767 23050 D gralloc_ranchu: gralloc_alloc: Creating ashmem region of size 9056256
03-15 00:28:48.701  1767  1957 D gralloc_ranchu: gralloc_alloc: Creating ashmem region of size 9056256
03-15 00:28:48.817  1757  3626 W audio_hw_generic: Not supplying enough data to HAL, expected position 75209626 , only wrote 75209241
03-15 00:28:48.818  1757  3626 W audio_hw_generic: Not supplying enough data to HAL, expected position 75209262 , only wrote 75209241
03-15 00:28:48.843  1757  3626 W audio_hw_generic: Not supplying enough data to HAL, expected position 75210370 , only wrote 75209902
03-15 00:28:48.938  1757  3626 W audio_hw_generic: Not supplying enough data to HAL, expected position 75214078 , only wrote 75213868
03-15 00:28:48.940 23669 23728 D EGL_emulation: eglMakeCurrent: 0xe1320440: ver 3 0 (tinfo 0xe1322860)
03-15 00:28:48.968 23669 23728 D EGL_emulation: eglMakeCurrent: 0xe1320440: ver 3 0 (tinfo 0xe1322860)
03-15 00:28:49.111  1757  3626 W audio_hw_generic: Not supplying enough data to HAL, expected position 75221468 , only wrote 75220478
03-15 00:28:49.149  1757  3626 W audio_hw_generic: Not supplying enough data to HAL, expected position 75222172 , only wrote 75220478
03-15 00:28:49.167  1767 23050 D gralloc_ranchu: gralloc_alloc: Creating ashmem region of size 9052160
03-15 00:28:49.167  1757  3626 W audio_hw_generic: Not supplying enough data to HAL, expected position 75221293 , only wrote 75221139
03-15 00:28:49.190 23669 23728 D EGL_emulation: eglMakeCurrent: 0xe1320440: ver 3 0 (tinfo 0xe1322860)
03-15 00:28:49.217  1767 23050 D gralloc_ranchu: gralloc_alloc: Creating ashmem region of size 9052160
03-15 00:28:49.252 23669 23728 D EGL_emulation: eglMakeCurrent: 0xe1320440: ver 3 0 (tinfo 0xe1322860)
03-15 00:28:49.269 23669 23728 D EGL_emulation: eglMakeCurrent: 0xe1320440: ver 3 0 (tinfo 0xe1322860)
03-15 00:28:49.310  1767 23050 D gralloc_ranchu: gralloc_alloc: Creating ashmem region of size 9052160
03-15 00:28:49.327 23669 23728 D EGL_emulation: eglMakeCurrent: 0xe1320440: ver 3 0 (tinfo 0xe1322860)
03-15 00:28:49.331 23669 23728 I chatty  : uid=10149(org.quantumbadger.redreader) RenderThread identical 1 line
03-15 00:28:49.444 23669 23728 D EGL_emulation: eglMakeCurrent: 0xe1320440: ver 3 0 (tinfo 0xe1322860)
03-15 00:28:49.502  1766  2316 E GnssHAL_GnssInterface: gnssSvStatusCb: a: input svInfo.flags is 8
03-15 00:28:49.502  1766  2316 E GnssHAL_GnssInterface: gnssSvStatusCb: b: input svInfo.flags is 8
03-15 00:28:49.558 23669 27415 D OK      : request got status: 200
03-15 00:28:49.603 23336 23352 I mit.droidbotap: Background concurrent copying GC freed 20299(1105KB) AllocSpace objects, 35(996KB) LOS objects, 49% free, 3052KB/6105KB, paused 125us total 133.853ms
03-15 00:28:49.638 23669 27453 D OK      : calling: https://oauth.reddit.com/comments/fitzly/.json?sort=confidence
03-15 00:28:49.654 23669 27415 I PostListingFragment: Successfully precached https://oauth.reddit.com/comments/fimbls/.json?sort=confidence
03-15 00:28:50.128  1757  3626 W audio_hw_generic: Not supplying enough data to HAL, expected position 75263502 , only wrote 75263443
03-15 00:28:50.390  1757  3626 W audio_hw_generic: Not supplying enough data to HAL, expected position 75274978 , only wrote 75274680
03-15 00:28:50.392  1757  3626 W audio_hw_generic: Not supplying enough data to HAL, expected position 75274765 , only wrote 75274680
03-15 00:28:50.420  1757  3626 W audio_hw_generic: Not supplying enough data to HAL, expected position 75275924 , only wrote 75275341
03-15 00:28:50.436 23669 23728 D EGL_emulation: eglMakeCurrent: 0xe1320440: ver 3 0 (tinfo 0xe1322860)
03-15 00:28:50.446 23669 23728 I chatty  : uid=10149(org.quantumbadger.redreader) RenderThread identical 1 line
03-15 00:28:50.477 23669 23728 D EGL_emulation: eglMakeCurrent: 0xe1320440: ver 3 0 (tinfo 0xe1322860)
03-15 00:28:50.525  1766  2316 E GnssHAL_GnssInterface: gnssSvStatusCb: a: input svInfo.flags is 8
03-15 00:28:50.525  1766  2316 E GnssHAL_GnssInterface: gnssSvStatusCb: b: input svInfo.flags is 8
03-15 00:28:50.527 23669 23728 D EGL_emulation: eglMakeCurrent: 0xe1320440: ver 3 0 (tinfo 0xe1322860)
03-15 00:28:50.544 23669 23728 D EGL_emulation: eglMakeCurrent: 0xe1320440: ver 3 0 (tinfo 0xe1322860)
03-15 00:28:50.846 23669 27503 D OK      : calling: https://oauth.reddit.com/comments/fihtfr/.json?sort=confidence
03-15 00:28:51.513  1766  2316 E GnssHAL_GnssInterface: gnssSvStatusCb: a: input svInfo.flags is 8
03-15 00:28:51.513  1766  2316 E GnssHAL_GnssInterface: gnssSvStatusCb: b: input svInfo.flags is 8
03-15 00:28:51.639 23669 23728 D EGL_emulation: eglMakeCurrent: 0xe1320440: ver 3 0 (tinfo 0xe1322860)
03-15 00:28:51.657  1757  1757 W audio_hw_generic: Not supplying enough data to HAL, expected position 75383004 , only wrote 75329543
03-15 00:28:51.659 23669 23728 D OpenGLRenderer: endAllActiveAnimators on 0xc18de000 (RippleDrawable) with handle 0xbdaa64c0
03-15 00:28:51.666  1757  3626 W audio_hw_generic: Not supplying enough data to HAL, expected position 75329598 , only wrote 75329543
03-15 00:28:51.694  2024  4989 E InputDispatcher: Window handle Window{dbdae07 u0 org.quantumbadger.redreader/org.quantumbadger.redreader.settings.SettingsActivity} has no registered input channel
03-15 00:28:51.709 23669 23728 D EGL_emulation: eglMakeCurrent: 0xe1320440: ver 3 0 (tinfo 0xe1322860)
03-15 00:28:51.863 23669 27503 D OK      : request got status: 200
03-15 00:28:51.906 23336 23352 I mit.droidbotap: Background young concurrent copying GC freed 43648(1983KB) AllocSpace objects, 76(2276KB) LOS objects, 46% free, 3254KB/6105KB, paused 29us total 119.750ms
03-15 00:28:52.047 23669 27574 D OK      : calling: https://oauth.reddit.com/comments/fihtfr/.json?sort=confidence
03-15 00:28:52.154 23669 27503 I PostListingFragment: Successfully precached https://oauth.reddit.com/comments/fihtfr/.json?sort=confidence
03-15 00:28:52.233 27578 27578 D AndroidRuntime: >>>>>> START com.android.internal.os.RuntimeInit uid 2000 <<<<<<
03-15 00:28:52.227 27578 27578 W app_process: type=1400 audit(0.0:2313): avc: denied { read } for name="u:object_r:device_config_runtime_native_boot_prop:s0" dev="tmpfs" ino=6815 scontext=u:r:shell:s0 tcontext=u:object_r:device_config_runtime_native_boot_prop:s0 tclass=file permissive=0
03-15 00:28:52.236 27578 27578 E libc    : Access denied finding property "persist.device_config.runtime_native_boot.enable_apex_image"
03-15 00:28:52.236 27578 27578 I AndroidRuntime: Using default boot image
03-15 00:28:52.227 27578 27578 W app_process: type=1400 audit(0.0:2314): avc: denied { read } for name="u:object_r:device_config_runtime_native_boot_prop:s0" dev="tmpfs" ino=6815 scontext=u:r:shell:s0 tcontext=u:object_r:device_config_runtime_native_boot_prop:s0 tclass=file permissive=0
03-15 00:28:52.241 27578 27578 E libc    : Access denied finding property "persist.device_config.runtime_native_boot.disable_lock_profiling"
03-15 00:28:52.241 27578 27578 I AndroidRuntime: Leaving lock profiling enabled
03-15 00:28:52.241 27578 27578 E libc    : Access denied finding property "persist.device_config.runtime_native_boot.enable_generational_cc"
03-15 00:28:52.312 27578 27578 D ICU     : Time zone APEX file found: /apex/com.android.tzdata/etc/icu/icu_tzdata.dat
03-15 00:28:52.319 27578 27578 W app_process: Unexpected CPU variant for X86 using defaults: x86
03-15 00:28:52.323 27578 27578 I app_process: The ClassLoaderContext is a special shared library.
03-15 00:28:52.339 27578 27578 W app_process: JNI RegisterNativeMethods: attempt to register 0 native methods for android.media.AudioAttributes
03-15 00:28:52.345 27578 27578 D AndroidRuntime: Calling main entry com.android.commands.input.Input
03-15 00:28:52.515  1766  2316 E GnssHAL_GnssInterface: gnssSvStatusCb: a: input svInfo.flags is 8
03-15 00:28:52.515  1766  2316 E GnssHAL_GnssInterface: gnssSvStatusCb: b: input svInfo.flags is 8
03-15 00:28:52.577 23336 23352 I mit.droidbotap: Background concurrent copying GC freed 46607(1823KB) AllocSpace objects, 61(2896KB) LOS objects, 49% free, 1687KB/3374KB, paused 18us total 102.866ms
03-15 00:28:52.643 27578 27578 D AndroidRuntime: Shutting down VM
03-15 00:28:52.746  1767 23050 D gralloc_ranchu: gralloc_alloc: Creating ashmem region of size 9056256
03-15 00:28:52.767  1767 23050 D gralloc_ranchu: gralloc_alloc: Creating ashmem region of size 9056256
03-15 00:28:52.776 23669 23728 D EGL_emulation: eglMakeCurrent: 0xe1320440: ver 3 0 (tinfo 0xe1322860)
03-15 00:28:52.796  1767 23050 D gralloc_ranchu: gralloc_alloc: Creating ashmem region of size 9056256
03-15 00:28:52.821 23669 23728 D EGL_emulation: eglMakeCurrent: 0xe1320440: ver 3 0 (tinfo 0xe1322860)
03-15 00:28:52.891 23669 27453 D OK      : request got status: 200
03-15 00:28:52.935  1767 23050 D gralloc_ranchu: gralloc_alloc: Creating ashmem region of size 9052160
03-15 00:28:52.955 23669 23728 D EGL_emulation: eglMakeCurrent: 0xe1320440: ver 3 0 (tinfo 0xe1322860)
03-15 00:28:52.969  1767 23050 D gralloc_ranchu: gralloc_alloc: Creating ashmem region of size 9052160
03-15 00:28:52.976 23669 23728 D EGL_emulation: eglMakeCurrent: 0xe1320440: ver 3 0 (tinfo 0xe1322860)
03-15 00:28:53.051 23669 23728 D EGL_emulation: eglMakeCurrent: 0xe1320440: ver 3 0 (tinfo 0xe1322860)
03-15 00:28:53.056  2024  4989 W InputReader: Device has associated, but no associated display id.
03-15 00:28:53.056  2024  4989 I chatty  : uid=1000(system) Binder:2024_20 identical 8 lines
03-15 00:28:53.056  2024  4989 W InputReader: Device has associated, but no associated display id.
03-15 00:28:53.095  1767 23050 D gralloc_ranchu: gralloc_alloc: Creating ashmem region of size 9052160
03-15 00:28:53.147  2024  4582 W InputReader: Device has associated, but no associated display id.
03-15 00:28:53.148  2024  4582 I chatty  : uid=1000(system) Binder:2024_1D identical 28 lines
03-15 00:28:53.148  2024  4582 W InputReader: Device has associated, but no associated display id.
03-15 00:28:53.176  2024  2053 E memtrack: Couldn't load memtrack module
03-15 00:28:53.177  2024  2053 W android.os.Debug: failed to get memory consumption info: -1
03-15 00:28:53.192 23669 23728 D EGL_emulation: eglMakeCurrent: 0xe1320440: ver 3 0 (tinfo 0xe1322860)
03-15 00:28:53.214 23669 27453 I PostListingFragment: Successfully precached https://oauth.reddit.com/comments/fitzly/.json?sort=confidence
03-15 00:28:53.249 23669 27574 D OK      : request got status: 200
03-15 00:28:53.251 23669 27606 D OK      : calling: https://oauth.reddit.com/comments/fis797/.json?sort=confidence
03-15 00:28:53.256  1859  1859 E netmgr  : Failed to open QEMU pipe 'qemud:network': Invalid argument
03-15 00:28:53.336 23669 23669 D AndroidRuntime: Shutting down VM
--------- beginning of crash
03-15 00:28:53.336 23669 23669 E AndroidRuntime: FATAL EXCEPTION: main
03-15 00:28:53.336 23669 23669 E AndroidRuntime: Process: org.quantumbadger.redreader, PID: 23669
03-15 00:28:53.336 23669 23669 E AndroidRuntime: java.lang.RuntimeException: Unable to resume activity {org.quantumbadger.redreader/org.quantumbadger.redreader.activities.MainActivity}: java.lang.NullPointerException: Attempt to invoke virtual method 'android.content.Intent android.support.v7.app.AppCompatActivity.getIntent()' on a null object reference
03-15 00:28:53.336 23669 23669 E AndroidRuntime: 	at android.app.ActivityThread.performResumeActivity(ActivityThread.java:4205)
03-15 00:28:53.336 23669 23669 E AndroidRuntime: 	at android.app.ActivityThread.handleResumeActivity(ActivityThread.java:4237)
03-15 00:28:53.336 23669 23669 E AndroidRuntime: 	at android.app.servertransaction.ResumeActivityItem.execute(ResumeActivityItem.java:52)
03-15 00:28:53.336 23669 23669 E AndroidRuntime: 	at android.app.servertransaction.TransactionExecutor.executeLifecycleState(TransactionExecutor.java:176)
03-15 00:28:53.336 23669 23669 E AndroidRuntime: 	at android.app.servertransaction.TransactionExecutor.execute(TransactionExecutor.java:97)
03-15 00:28:53.336 23669 23669 E AndroidRuntime: 	at android.app.ActivityThread$H.handleMessage(ActivityThread.java:2016)
03-15 00:28:53.336 23669 23669 E AndroidRuntime: 	at android.os.Handler.dispatchMessage(Handler.java:107)
03-15 00:28:53.336 23669 23669 E AndroidRuntime: 	at android.os.Looper.loop(Looper.java:214)
03-15 00:28:53.336 23669 23669 E AndroidRuntime: 	at android.app.ActivityThread.main(ActivityThread.java:7356)
03-15 00:28:53.336 23669 23669 E AndroidRuntime: 	at java.lang.reflect.Method.invoke(Native Method)
03-15 00:28:53.336 23669 23669 E AndroidRuntime: 	at com.android.internal.os.RuntimeInit$MethodAndArgsCaller.run(RuntimeInit.java:492)
03-15 00:28:53.336 23669 23669 E AndroidRuntime: 	at com.android.internal.os.ZygoteInit.main(ZygoteInit.java:930)
03-15 00:28:53.336 23669 23669 E AndroidRuntime: Caused by: java.lang.NullPointerException: Attempt to invoke virtual method 'android.content.Intent android.support.v7.app.AppCompatActivity.getIntent()' on a null object reference
03-15 00:28:53.336 23669 23669 E AndroidRuntime: 	at org.quantumbadger.redreader.common.General.recreateActivityNoAnimation(General.java:633)
03-15 00:28:53.336 23669 23669 E AndroidRuntime: 	at org.quantumbadger.redreader.activities.RefreshableActivity.doRefreshNow(RefreshableActivity.java:89)
03-15 00:28:53.336 23669 23669 E AndroidRuntime: 	at org.quantumbadger.redreader.activities.RefreshableActivity.onResume(RefreshableActivity.java:79)
03-15 00:28:53.336 23669 23669 E AndroidRuntime: 	at android.app.Instrumentation.callActivityOnResume(Instrumentation.java:1446)
03-15 00:28:53.336 23669 23669 E AndroidRuntime: 	at android.app.Activity.performResume(Activity.java:7939)
03-15 00:28:53.336 23669 23669 E AndroidRuntime: 	at android.app.ActivityThread.performResumeActivity(ActivityThread.java:4195)
03-15 00:28:53.336 23669 23669 E AndroidRuntime: 	... 11 more
03-15 00:28:53.337 23669 23669 W System.err: java.lang.RuntimeException: Unable to resume activity {org.quantumbadger.redreader/org.quantumbadger.redreader.activities.MainActivity}: java.lang.NullPointerException: Attempt to invoke virtual method 'android.content.Intent android.support.v7.app.AppCompatActivity.getIntent()' on a null object reference
03-15 00:28:53.337 23669 23669 W System.err: 	at android.app.ActivityThread.performResumeActivity(ActivityThread.java:4205)
03-15 00:28:53.337 23669 23669 W System.err: 	at android.app.ActivityThread.handleResumeActivity(ActivityThread.java:4237)
03-15 00:28:53.337 23669 23669 W System.err: 	at android.app.servertransaction.ResumeActivityItem.execute(ResumeActivityItem.java:52)
03-15 00:28:53.337 23669 23669 W System.err: 	at android.app.servertransaction.TransactionExecutor.executeLifecycleState(TransactionExecutor.java:176)
03-15 00:28:53.337 23669 23669 W System.err: 	at android.app.servertransaction.TransactionExecutor.execute(TransactionExecutor.java:97)
03-15 00:28:53.337 23669 23669 W System.err: 	at android.app.ActivityThread$H.handleMessage(ActivityThread.java:2016)
03-15 00:28:53.337 23669 23669 W System.err: 	at android.os.Handler.dispatchMessage(Handler.java:107)
03-15 00:28:53.337 23669 23669 W System.err: 	at android.os.Looper.loop(Looper.java:214)
03-15 00:28:53.337 23669 23669 W System.err: 	at android.app.ActivityThread.main(ActivityThread.java:7356)
03-15 00:28:53.337 23669 23669 W System.err: 	at java.lang.reflect.Method.invoke(Native Method)
03-15 00:28:53.337 23669 23669 W System.err: 	at com.android.internal.os.RuntimeInit$MethodAndArgsCaller.run(RuntimeInit.java:492)
03-15 00:28:53.337 23669 23669 W System.err: 	at com.android.internal.os.ZygoteInit.main(ZygoteInit.java:930)
03-15 00:28:53.337 23669 23669 W System.err: Caused by: java.lang.NullPointerException: Attempt to invoke virtual method 'android.content.Intent android.support.v7.app.AppCompatActivity.getIntent()' on a null object reference
03-15 00:28:53.337 23669 23669 W System.err: 	at org.quantumbadger.redreader.common.General.recreateActivityNoAnimation(General.java:633)
03-15 00:28:53.337 23669 23669 W System.err: 	at org.quantumbadger.redreader.activities.RefreshableActivity.doRefreshNow(RefreshableActivity.java:89)
03-15 00:28:53.337 23669 23669 W System.err: 	at org.quantumbadger.redreader.activities.RefreshableActivity.onResume(RefreshableActivity.java:79)
03-15 00:28:53.337 23669 23669 W System.err: 	at android.app.Instrumentation.callActivityOnResume(Instrumentation.java:1446)
03-15 00:28:53.337 23669 23669 W System.err: 	at android.app.Activity.performResume(Activity.java:7939)
03-15 00:28:53.337 23669 23669 W System.err: 	at android.app.ActivityThread.performResumeActivity(ActivityThread.java:4195)
03-15 00:28:53.337 23669 23669 W System.err: 	... 11 more
03-15 00:28:53.342  2024  4989 W ActivityTaskManager:   Force finishing activity org.quantumbadger.redreader/.activities.MainActivity
03-15 00:28:53.345  2024  4989 W InputReader: Device has associated, but no associated display id.
03-15 00:28:53.349  2024 27608 I DropBoxManagerService: add tag=data_app_crash isTagEnabled=true flags=0x2
03-15 00:28:53.345  2024  4989 I chatty  : uid=1000(system) Binder:2024_20 identical 8 lines
03-15 00:28:53.345  2024  4989 W InputReader: Device has associated, but no associated display id.
03-15 00:28:53.350 23669 23669 I Process : Sending signal. PID: 23669 SIG: 9
03-15 00:28:53.371  2024  2056 W BroadcastQueue: Background execution not allowed: receiving Intent { act=android.intent.action.DROPBOX_ENTRY_ADDED flg=0x10 (has extras) } to com.google.android.gms/.stats.service.DropBoxEntryAddedReceiver
03-15 00:28:53.371  2024  2056 W BroadcastQueue: Background execution not allowed: receiving Intent { act=android.intent.action.DROPBOX_ENTRY_ADDED flg=0x10 (has extras) } to com.google.android.gms/.chimera.GmsIntentOperationService$PersistentTrustedReceiver
03-15 00:28:53.485  2024  2150 W InputDispatcher: channel 'c1222c5 org.quantumbadger.redreader/org.quantumbadger.redreader.settings.SettingsActivity (server)' ~ Consumer closed input channel or an error occurred.  events=0x9
03-15 00:28:53.485  2024  2150 E InputDispatcher: channel 'c1222c5 org.quantumbadger.redreader/org.quantumbadger.redreader.settings.SettingsActivity (server)' ~ Channel is unrecoverably broken and will be disposed!
03-15 00:28:53.485  2024  2150 W InputDispatcher: channel 'e1ba93a org.quantumbadger.redreader/org.quantumbadger.redreader.settings.SettingsActivity (server)' ~ Consumer closed input channel or an error occurred.  events=0x9
03-15 00:28:53.485  2024  2150 E InputDispatcher: channel 'e1ba93a org.quantumbadger.redreader/org.quantumbadger.redreader.settings.SettingsActivity (server)' ~ Channel is unrecoverably broken and will be disposed!
03-15 00:28:53.486  2024  2150 W InputDispatcher: channel '79226af org.quantumbadger.redreader/org.quantumbadger.redreader.activities.MainActivity (server)' ~ Consumer closed input channel or an error occurred.  events=0x9
03-15 00:28:53.486  2024  2150 E InputDispatcher: channel '79226af org.quantumbadger.redreader/org.quantumbadger.redreader.activities.MainActivity (server)' ~ Channel is unrecoverably broken and will be disposed!
03-15 00:28:53.506  2024  3252 I WindowManager: WIN DEATH: Window{e1ba93a u0 org.quantumbadger.redreader/org.quantumbadger.redreader.settings.SettingsActivity}
03-15 00:28:53.506  2024  3252 W InputDispatcher: Attempted to unregister already unregistered input channel 'e1ba93a org.quantumbadger.redreader/org.quantumbadger.redreader.settings.SettingsActivity (server)'
03-15 00:28:53.507  2024  2342 I ActivityManager: Process org.quantumbadger.redreader (pid 23669) has died: vis+99 TOP 
03-15 00:28:53.512  1749  1749 I Zygote  : Process 23669 exited due to signal 9 (Killed)
03-15 00:28:53.513  2024  4989 I WindowManager: WIN DEATH: Window{c1222c5 u0 org.quantumbadger.redreader/org.quantumbadger.redreader.settings.SettingsActivity}
03-15 00:28:53.513  2024  4989 W InputDispatcher: Attempted to unregister already unregistered input channel 'c1222c5 org.quantumbadger.redreader/org.quantumbadger.redreader.settings.SettingsActivity (server)'
03-15 00:28:53.515  2024  4582 I WindowManager: WIN DEATH: Window{79226af u0 org.quantumbadger.redreader/org.quantumbadger.redreader.activities.MainActivity}
03-15 00:28:53.515  2024  4582 W InputDispatcher: Attempted to unregister already unregistered input channel '79226af org.quantumbadger.redreader/org.quantumbadger.redreader.activities.MainActivity (server)'
03-15 00:28:53.517  1766  2316 E GnssHAL_GnssInterface: gnssSvStatusCb: a: input svInfo.flags is 8
03-15 00:28:53.517  1766  2316 E GnssHAL_GnssInterface: gnssSvStatusCb: b: input svInfo.flags is 8
03-15 00:28:53.545  2024  2342 W InputReader: Device has associated, but no associated display id.
03-15 00:28:53.550  2024  2342 I chatty  : uid=1000(system) Binder:2024_5 identical 18 lines
03-15 00:28:53.550  2024  2342 W InputReader: Device has associated, but no associated display id.
03-15 00:28:53.558  2024  2058 I libprocessgroup: Successfully killed process cgroup uid 10149 pid 23669 in 50ms
03-15 00:28:53.587  1767 23050 D gralloc_ranchu: gralloc_alloc: Creating ashmem region of size 8298496
03-15 00:28:53.590  1767  1957 D gralloc_ranchu: gralloc_alloc: Creating ashmem region of size 8298496
03-15 00:28:53.643  3717  4142 D EGL_emulation: eglMakeCurrent: 0xd921aae0: ver 3 0 (tinfo 0xbcbb7770)
03-15 00:28:53.643  1767  1957 D gralloc_ranchu: gralloc_alloc: Creating ashmem region of size 8298496
03-15 00:28:53.656  1767 23050 D gralloc_ranchu: gralloc_alloc: Creating ashmem region of size 8298496
03-15 00:28:53.666  2490  2860 D EGL_emulation: eglMakeCurrent: 0xe131f720: ver 3 0 (tinfo 0xe14009e0)
03-15 00:28:53.701  1767  1957 D gralloc_ranchu: gralloc_alloc: Creating ashmem region of size 8298496
03-15 00:28:53.707  2024  2047 W ActivityManager: setHasOverlayUi called on unknown pid: 23669
03-15 00:28:53.757  3717  3717 W ThreadPoolDumper: Queue length for executor EventBus is now 11. Perhaps some tasks are too long, or the pool is too small.
03-15 00:28:53.780  1767  1957 D gralloc_ranchu: gralloc_alloc: Creating ashmem region of size 8298496
03-15 00:28:53.792  1863  1863 E wifi_forwarder: RemoteConnection failed to initialize: RemoteConnection failed to open pipe
03-15 00:28:53.800  2024  2048 W InputReader: Device has associated, but no associated display id.
03-15 00:28:53.818  2024  2024 W ActivityManager: Unable to start service Intent { act=android.service.appprediction.AppPredictionService cmp=com.google.android.as/com.google.android.apps.miphone.aiai.app.AiAiPredictionService } U=0: not found
03-15 00:28:53.818  2024  2024 W RemoteAppPredictionService: could not bind to Intent { act=android.service.appprediction.AppPredictionService cmp=com.google.android.as/com.google.android.apps.miphone.aiai.app.AiAiPredictionService } using flags 67108865
03-15 00:28:53.802  2024  2048 I chatty  : uid=1000(system) android.anim identical 18 lines
03-15 00:28:53.802  2024  2048 W InputReader: Device has associated, but no associated display id.
03-15 00:28:53.839  3717  3860 W SessionLifecycleManager: Handover failed. Creating new session controller.
03-15 00:28:53.841  3727  3846 D EGL_emulation: eglMakeCurrent: 0xd921a420: ver 3 0 (tinfo 0xd920fb60)
03-15 00:28:53.846  2024  2047 W ActivityTaskManager: Activity top resumed state loss timeout for ActivityRecord{fe5af59 u0 org.quantumbadger.redreader/.activities.MainActivity t-1 f}
03-15 00:28:54.177  3717  3860 I MicroDetectionWorker: #startMicroDetector [speakerMode: 0]
03-15 00:28:54.194  3717  3860 W ErrorReporter: reportError [type: 211, code: 393244, bug: 0]: errorCode: 393244, engine: 0
03-15 00:28:54.195  3717  3860 I MicroDetector: Keeping mic open: false
03-15 00:28:54.195  3717 27635 W LocationOracle: No location history returned by ContextManager
03-15 00:28:54.195  3717  3860 I MicroDetectionWorker: #onError(false)
03-15 00:28:54.456  2918  3533 W GCoreFlp: No location to return for getLastLocation()
03-15 00:28:54.526  1766  2316 E GnssHAL_GnssInterface: gnssSvStatusCb: a: input svInfo.flags is 8
03-15 00:28:54.526  1766  2316 E GnssHAL_GnssInterface: gnssSvStatusCb: b: input svInfo.flags is 8
03-15 00:28:54.669  2024  3259 I WifiService: acquireWifiLock uid=10098 lockMode=2
03-15 00:28:54.851  2918 23233 W ctxmgr  : [AclManager] No 3 for (accnt=account#-517948760#, com.google.android.gms(10098):UserVelocityProducer, vrsn=19629040, 0, 3pPkg = null ,  3pMdlId = null ,  pid = 2918). Was: 3 for 1, account#-517948760# [CONTEXT service_id=47 ]
03-15 00:28:54.886  2918  3533 W GCoreFlp: No location to return for getLastLocation()
03-15 00:28:55.073  2024  3259 W AppOps  : Noting op not finished: uid 10098 pkg com.google.android.gms code 79 time=1584250040173 duration=0
03-15 00:28:55.080  2918 23233 I ctxmgr  : [ProducerStatusImpl] updateStateForNewContextData: inactive, contextName=7 [CONTEXT service_id=47 ]
03-15 00:28:55.080  2024  3259 W AppOps  : Noting op not finished: uid 10098 pkg com.google.android.gms code 79 time=1584250135073 duration=0
03-15 00:28:55.147  2918  2918 I GeofencerStateMachine: removeGeofences: removeRequest=RemoveGeofencingRequest[REMOVE_BY_PENDING_INTENT pendingIntent=PendingIntent[creatorPackage=com.google.android.gms], packageName=com.google.android.gms]
03-15 00:28:55.151  2918  2918 I GeofencerStateMachine: removeGeofences: removeRequest=RemoveGeofencingRequest[REMOVE_BY_PENDING_INTENT pendingIntent=PendingIntent[creatorPackage=com.google.android.gms], packageName=com.google.android.gms]
03-15 00:28:55.168  2918 27671 I PlaceInferenceEngine: [anon] Changed inference mode: 0
03-15 00:28:55.171  2918  3533 W GCoreFlp: No location to return for getLastLocation()
03-15 00:28:55.263  2024  2342 W AppOps  : Noting op not finished: uid 10098 pkg com.google.android.gms code 79 time=1584250135080 duration=0
03-15 00:28:55.269  2024  2342 W AppOps  : Noting op not finished: uid 10098 pkg com.google.android.gms code 79 time=1584250135263 duration=0
03-15 00:28:55.237  2918  3533 W GCoreFlp: No location to return for getLastLocation()
03-15 00:28:55.304  2918 27671 I Places  : ?: PlacesBleScanner start() with priority 2
03-15 00:28:55.305  2918 27671 I PlaceInferenceEngine: [anon] Changed inference mode: 1
03-15 00:28:55.312  2918  2918 E BeaconBle: Missing BluetoothAdapter
03-15 00:28:55.313  2918  2918 I BeaconBle: BLE 'KK+' software access layer enabled
03-15 00:28:55.321  2918  3533 W GCoreFlp: No location to return for getLastLocation()
03-15 00:28:55.350  2024  3263 W AppOps  : Noting op not finished: uid 10098 pkg com.google.android.gms code 79 time=1584250135269 duration=0
03-15 00:28:55.358  2024  3263 W AppOps  : Noting op not finished: uid 10098 pkg com.google.android.gms code 79 time=1584250135350 duration=0
03-15 00:28:55.416  2918  2918 I BeaconBle: Client requested scan, settings=BleSettings [scanMode=ZERO_POWER, callbackType=ALL_MATCHES, reportDelayMillis=0, 1 filters, 0 clients, callingClientName=Places]
03-15 00:28:55.416  2918  2918 I BeaconBle: Scan : No clients left, canceling alarm.
03-15 00:28:55.416  2918  2918 E BeaconBle: Scan couldn't start for Places
03-15 00:28:55.416  2918  2918 W Places  : BLE failure while scanning - code 5
03-15 00:28:55.459  2024  2757 I ActivityTaskManager: START u0 {act=android.intent.action.MAIN cat=[android.intent.category.LAUNCHER] flg=0x10000000 cmp=org.quantumbadger.redreader/.activities.MainActivity} from uid 2000
03-15 00:28:55.476  2024  3259 W InputReader: Device has associated, but no associated display id.
03-15 00:28:55.476  2024  3259 I chatty  : uid=1000(system) Binder:2024_15 identical 8 lines
03-15 00:28:55.476  2024  3259 W InputReader: Device has associated, but no associated display id.
03-15 00:28:55.500  2024  2048 E system_server: Invalid ID 0x00000000.
03-15 00:28:55.525  1766  2316 E GnssHAL_GnssInterface: gnssSvStatusCb: a: input svInfo.flags is 8
03-15 00:28:55.525  1766  2316 E GnssHAL_GnssInterface: gnssSvStatusCb: b: input svInfo.flags is 8
03-15 00:28:55.538  2024  3259 D WificondControl: Scan result ready event
03-15 00:28:55.548  1767  1957 D gralloc_ranchu: gralloc_alloc: Creating ashmem region of size 8298496
03-15 00:28:55.551  1749  1749 D Zygote  : Forked child process 27693
03-15 00:28:55.556  2024  2057 W ActivityManager: Slow operation: 55ms so far, now at startProcess: returned from zygote!
03-15 00:28:55.556  2024  2057 W ActivityManager: Slow operation: 55ms so far, now at startProcess: done updating battery stats
03-15 00:28:55.557  2024  2057 W ActivityManager: Slow operation: 55ms so far, now at startProcess: building log message
03-15 00:28:55.561  2024  2057 I ActivityManager: Start proc 27693:org.quantumbadger.redreader/u0a149 for activity {org.quantumbadger.redreader/org.quantumbadger.redreader.activities.MainActivity}
03-15 00:28:55.561  2024  2057 W ActivityManager: Slow operation: 60ms so far, now at startProcess: starting to update pids map
03-15 00:28:55.561  2024  2057 W ActivityManager: Slow operation: 60ms so far, now at startProcess: done updating pids map
03-15 00:28:55.603 27693 27693 I adger.redreade: Not late-enabling -Xcheck:jni (already on)
03-15 00:28:55.732  2024  3259 I WifiService: releaseWifiLock uid=10098
03-15 00:28:55.749 27693 27693 E adger.redreade: Unknown bits set in runtime_flags: 0x8000
03-15 00:28:55.749 27693 27693 W adger.redreade: Unexpected CPU variant for X86 using defaults: x86
03-15 00:28:55.928  1757  3626 W audio_hw_generic: Not supplying enough data to HAL, expected position 75517462 , only wrote 75515945
03-15 00:28:55.965  2024  3259 W InputReader: Device has associated, but no associated display id.
03-15 00:28:55.965  2024  3259 I chatty  : uid=1000(system) Binder:2024_15 identical 8 lines
03-15 00:28:55.965  2024  3259 W InputReader: Device has associated, but no associated display id.
03-15 00:28:56.029  1757  3626 W audio_hw_generic: Not supplying enough data to HAL, expected position 75520418 , only wrote 75518589
03-15 00:28:56.036  1757  3626 W audio_hw_generic: Not supplying enough data to HAL, expected position 75518886 , only wrote 75518589
03-15 00:28:56.046  1757  3626 W audio_hw_generic: Hardware backing HAL too slow, could only write 0 of 661 frames
03-15 00:28:56.082  1757  3626 I chatty  : uid=1041(audioserver) writer identical 3 lines
03-15 00:28:56.099  1757  3626 W audio_hw_generic: Hardware backing HAL too slow, could only write 0 of 661 frames
03-15 00:28:56.103  2024  3259 W InputReader: Device has associated, but no associated display id.
03-15 00:28:56.103  2024  3259 I chatty  : uid=1000(system) Binder:2024_15 identical 8 lines
03-15 00:28:56.103  2024  3259 W InputReader: Device has associated, but no associated display id.
03-15 00:28:56.139  1757  3626 W audio_hw_generic: Hardware backing HAL too slow, could only write 0 of 661 frames
03-15 00:28:56.149  1757  3626 W audio_hw_generic: Not supplying enough data to HAL, expected position 75523550 , only wrote 75523216
03-15 00:28:56.160  1757  3626 W audio_hw_generic: Not supplying enough data to HAL, expected position 75523738 , only wrote 75523216
03-15 00:28:56.160  1757  3626 W audio_hw_generic: Hardware backing HAL too slow, could only write 0 of 661 frames
03-15 00:28:56.170  1757  3626 W audio_hw_generic: Hardware backing HAL too slow, could only write 0 of 661 frames
03-15 00:28:56.198  1757  3626 W audio_hw_generic: Not supplying enough data to HAL, expected position 75524836 , only wrote 75524538
03-15 00:28:56.198  1757  3626 W audio_hw_generic: Hardware backing HAL too slow, could only write 0 of 661 frames
03-15 00:28:56.236  1757  3626 W audio_hw_generic: Not supplying enough data to HAL, expected position 75526271 , only wrote 75525199
03-15 00:28:56.239  1757 14465 W audio_hw_generic: Not supplying enough data to HAL, expected position 75525336 , only wrote 75525199
03-15 00:28:56.310  2024  3259 W InputReader: Device has associated, but no associated display id.
03-15 00:28:56.319  2024  3259 W ActivityManager: Slow operation: 364ms so far, now at attachApplicationLocked: after mServices.attachApplicationLocked
03-15 00:28:56.310  2024  3259 I chatty  : uid=1000(system) Binder:2024_15 identical 8 lines
03-15 00:28:56.310  2024  3259 W InputReader: Device has associated, but no associated display id.
03-15 00:28:56.379  2024  2048 W InputReader: Device has associated, but no associated display id.
03-15 00:28:56.379  2024  2048 I chatty  : uid=1000(system) android.anim identical 8 lines
03-15 00:28:56.379  2024  2048 W InputReader: Device has associated, but no associated display id.
03-15 00:28:56.508 27693 27693 I adger.redreade: The ClassLoaderContext is a special shared library.
03-15 00:28:56.530  1766  2316 E GnssHAL_GnssInterface: gnssSvStatusCb: a: input svInfo.flags is 8
03-15 00:28:56.530  1766  2316 E GnssHAL_GnssInterface: gnssSvStatusCb: b: input svInfo.flags is 8
03-15 00:28:56.710  3717  4142 D EGL_emulation: eglMakeCurrent: 0xd921aae0: ver 3 0 (tinfo 0xbcbb7770)
03-15 00:28:56.716  2490  2860 D EGL_emulation: eglMakeCurrent: 0xe131f720: ver 3 0 (tinfo 0xe14009e0)
03-15 00:28:56.772  2024  2053 E memtrack: Couldn't load memtrack module
03-15 00:28:56.772  2024  2053 W android.os.Debug: failed to get memory consumption info: -1
03-15 00:28:56.838  2024  3259 W AppOps  : Noting op not finished: uid 10098 pkg com.google.android.gms code 79 time=1584250135358 duration=0
03-15 00:28:56.923  2024  3259 W AppOps  : Noting op not finished: uid 10098 pkg com.google.android.gms code 79 time=1584250136838 duration=0
03-15 00:28:56.960 27693 27693 I RedReader: Application created.
03-15 00:28:57.005 27693 27745 I RedditChangeDataIO: Running initial read...
03-15 00:28:57.020 27693 27745 I RedditChangeDataIO: Data file at '/data/user/0/org.quantumbadger.redreader/files/rr_change_data.dat'
03-15 00:28:57.021 27693 27745 I RedditChangeDataManager: Reading from stream...
03-15 00:28:57.021 27693 27745 I RedditChangeDataManager: 1 users to read.
03-15 00:28:57.022 27693 27745 I RedditChangeDataManager: Reading 1 entries for user ''
03-15 00:28:57.022 27693 27745 I RedditChangeDataManager: Getting account...
03-15 00:28:57.040 27693 27745 I RedditChangeDataManager: Finished inserting entries for user ''
03-15 00:28:57.041 27693 27745 I RedditChangeDataManager: All entries read from stream.
03-15 00:28:57.041 27693 27745 I RedditChangeDataIO: Initial read successful.
03-15 00:28:57.041 27693 27745 I RedditChangeDataManager: Pruning for all users...
03-15 00:28:57.087  2024  2757 W AppOps  : Noting op not finished: uid 10106 pkg com.google.android.googlequicksearchbox code 79 time=1584249917375 duration=3078907
03-15 00:28:57.087  2024  2757 W AppOps  : Noting op not finished: uid 10098 pkg com.google.android.gms code 79 time=1584250136923 duration=0
03-15 00:28:57.148 27693 27693 I RedReader: Checking for new messages.
03-15 00:28:57.157  2024  3259 W AppOps  : Noting op not finished: uid 10098 pkg com.google.android.gms code 79 time=1584250137087 duration=0
03-15 00:28:57.228 27693 27745 I RedditChangeDataManager: Pruning complete.
03-15 00:28:57.300  1790  1997 E SurfaceFlinger: ro.sf.lcd_density must be defined as a build property
03-15 00:28:57.301  1790  1997 E SurfaceFlinger: ro.sf.lcd_density must be defined as a build property
03-15 00:28:57.303 27693 27758 D libEGL  : Emulator has host GPU support, qemu.gles is set to 1.
03-15 00:28:57.312 27693 27758 W libc    : Unable to set property "qemu.gles" to "1": connection failed; errno=13 (Permission denied)
03-15 00:28:57.340 27693 27758 D libEGL  : loaded /vendor/lib/egl/libEGL_emulation.so
03-15 00:28:57.356 27693 27758 D libEGL  : loaded /vendor/lib/egl/libGLESv1_CM_emulation.so
03-15 00:28:57.358 27693 27758 D libEGL  : loaded /vendor/lib/egl/libGLESv2_emulation.so
03-15 00:28:57.399 27693 27693 I AppCompatViewInflater: app:theme is now deprecated. Please move to using android:theme instead.
03-15 00:28:57.435 27693 27693 W adger.redreade: Accessing hidden method Landroid/view/View;->computeFitSystemWindows(Landroid/graphics/Rect;Landroid/graphics/Rect;)Z (greylist, reflection, allowed)
03-15 00:28:57.484 27693 27693 W adger.redreade: Accessing hidden method Landroid/view/ViewGroup;->makeOptionalFitsSystemWindows()V (greylist, reflection, allowed)
03-15 00:28:57.297 27693 27693 W RenderThread: type=1400 audit(0.0:2316): avc: denied { write } for name="property_service" dev="tmpfs" ino=6070 scontext=u:r:untrusted_app_27:s0:c512,c768 tcontext=u:object_r:property_socket:s0 tclass=sock_file permissive=0
03-15 00:28:57.528 27693 27744 I CacheManager: Pruning 0 files
03-15 00:28:57.536  1766  2316 E GnssHAL_GnssInterface: gnssSvStatusCb: a: input svInfo.flags is 8
03-15 00:28:57.536  1766  2316 E GnssHAL_GnssInterface: gnssSvStatusCb: b: input svInfo.flags is 8
03-15 00:28:57.691 27693 27693 W adger.redreade: Verification of void org.quantumbadger.redreader.fragments.MainMenuFragment.onMultiredditError(org.quantumbadger.redreader.common.RRError) took 162.455ms
03-15 00:28:57.918  2024  2034 I system_server: Background young concurrent copying GC freed 56046(4593KB) AllocSpace objects, 52(1284KB) LOS objects, 27% free, 13MB/19MB, paused 61us total 404.637ms
03-15 00:28:58.535  1766  2316 E GnssHAL_GnssInterface: gnssSvStatusCb: a: input svInfo.flags is 8
03-15 00:28:58.535  1766  2316 E GnssHAL_GnssInterface: gnssSvStatusCb: b: input svInfo.flags is 8
03-15 00:28:59.250 27693 27756 D HostConnection: HostConnection::get() New Host Connection established 0xd5d5d220, tid 27756
03-15 00:28:59.270 27693 27756 D HostConnection: HostComposition ext ANDROID_EMU_CHECKSUM_HELPER_v1 ANDROID_EMU_native_sync_v2 ANDROID_EMU_native_sync_v3 ANDROID_EMU_native_sync_v4 ANDROID_EMU_dma_v1 ANDROID_EMU_direct_mem ANDROID_EMU_host_composition_v1 ANDROID_EMU_host_composition_v2 ANDROID_EMU_YUV420_888_to_NV21 ANDROID_EMU_YUV_Cache ANDROID_EMU_async_unmap_buffer GL_OES_EGL_image_external_essl3 GL_OES_vertex_array_object GL_KHR_texture_compression_astc_ldr ANDROID_EMU_gles_max_version_3_0 
03-15 00:28:59.322 27693 27756 W OpenGLRenderer: Failed to choose config with EGL_SWAP_BEHAVIOR_PRESERVED, retrying without...
03-15 00:28:59.325 27693 27756 D eglCodecCommon: setVertexArrayObject: set vao to 0 (0) 0 0
03-15 00:28:59.325 27693 27756 D EGL_emulation: eglCreateContext: 0xe1320800: maj 3 min 0 rcv 3
03-15 00:28:59.327 27693 27756 D EGL_emulation: eglMakeCurrent: 0xe1320800: ver 3 0 (tinfo 0xe13228a0)
03-15 00:28:59.351  1767  1957 D gralloc_ranchu: gralloc_alloc: Creating ashmem region of size 9056256
03-15 00:28:59.367  1640  1640 I hwservicemanager: getTransport: Cannot find entry android.hardware.graphics.mapper@3.0::IMapper/default in either framework or device manifest.
03-15 00:28:59.368 27693 27756 W Gralloc3: mapper 3.x is not supported
03-15 00:28:59.385 27693 27756 D HostConnection: createUnique: call
03-15 00:28:59.385 27693 27756 D HostConnection: HostConnection::get() New Host Connection established 0xc1d6db60, tid 27756
03-15 00:28:59.386 27693 27756 D HostConnection: HostComposition ext ANDROID_EMU_CHECKSUM_HELPER_v1 ANDROID_EMU_native_sync_v2 ANDROID_EMU_native_sync_v3 ANDROID_EMU_native_sync_v4 ANDROID_EMU_dma_v1 ANDROID_EMU_direct_mem ANDROID_EMU_host_composition_v1 ANDROID_EMU_host_composition_v2 ANDROID_EMU_YUV420_888_to_NV21 ANDROID_EMU_YUV_Cache ANDROID_EMU_async_unmap_buffer GL_OES_EGL_image_external_essl3 GL_OES_vertex_array_object GL_KHR_texture_compression_astc_ldr ANDROID_EMU_gles_max_version_3_0 
03-15 00:28:59.386 27693 27756 D eglCodecCommon: allocate: Ask for block of size 0x1000
03-15 00:28:59.386 27693 27756 D eglCodecCommon: allocate: ioctl allocate returned offset 0x3ff01a000 size 0x2000
03-15 00:28:59.387  1767  1957 D gralloc_ranchu: gralloc_alloc: Creating ashmem region of size 9056256
03-15 00:28:59.404  1767 23050 D gralloc_ranchu: gralloc_alloc: Creating ashmem region of size 9056256
03-15 00:28:59.539  1766  2316 E GnssHAL_GnssInterface: gnssSvStatusCb: a: input svInfo.flags is 8
03-15 00:28:59.539  1766  2316 E GnssHAL_GnssInterface: gnssSvStatusCb: b: input svInfo.flags is 8
03-15 00:28:59.658 27693 27708 I adger.redreade: NativeAlloc concurrent copying GC freed 12690(571KB) AllocSpace objects, 3(364KB) LOS objects, 49% free, 2350KB/4700KB, paused 8.520ms total 445.289ms
03-15 00:28:59.668 27693 27756 D EGL_emulation: eglMakeCurrent: 0xe1320800: ver 3 0 (tinfo 0xe13228a0)
03-15 00:28:59.674 27693 27756 D eglCodecCommon: setVertexArrayObject: set vao to 0 (0) 1 0
03-15 00:28:59.805 27693 27756 I OpenGLRenderer: Davey! duration=1097ms; Flags=1, IntendedVsync=3444257923378, Vsync=3444291256710, OldestInputEvent=9223372036854775807, NewestInputEvent=0, HandleInputStart=3444295329407, AnimationStart=3444295363779, PerformTraversalsStart=3444295366381, DrawStart=3445048527286, SyncQueued=3445222831502, SyncStart=3445228286568, IssueDrawCommandsStart=3445229369328, SwapBuffers=3445304318247, FrameCompleted=3445360656943, DequeueBufferDuration=291000, QueueBufferDuration=7896000, 
03-15 00:28:59.830  1767 23050 D gralloc_ranchu: gralloc_alloc: Creating ashmem region of size 8298496
03-15 00:28:59.873  1767 23050 D gralloc_ranchu: gralloc_alloc: Creating ashmem region of size 8298496
03-15 00:28:59.885  1767  1957 D gralloc_ranchu: gralloc_alloc: Creating ashmem region of size 8298496
03-15 00:28:59.914 27693 27693 W adger.redreade: Accessing hidden field Landroid/view/View;->mAccessibilityDelegate:Landroid/view/View$AccessibilityDelegate; (greylist, reflection, allowed)
03-15 00:29:00.020  3727  3846 D EGL_emulation: eglMakeCurrent: 0xd921a420: ver 3 0 (tinfo 0xd920fb60)
03-15 00:29:00.220 27693 27756 D EGL_emulation: eglMakeCurrent: 0xe1320800: ver 3 0 (tinfo 0xe13228a0)
03-15 00:29:00.237 27693 27756 I OpenGLRenderer: Davey! duration=1534ms; Flags=1, IntendedVsync=3444257923378, Vsync=3444291256710, OldestInputEvent=9223372036854775807, NewestInputEvent=0, HandleInputStart=3444295329407, AnimationStart=3444295363779, PerformTraversalsStart=3444295366381, DrawStart=3445712218662, SyncQueued=3445776751242, SyncStart=3445778104979, IssueDrawCommandsStart=3445778189297, SwapBuffers=3445780256660, FrameCompleted=3445793898688, DequeueBufferDuration=82000, QueueBufferDuration=236000, 
03-15 00:29:00.299  2024  2053 I ActivityTaskManager: Displayed org.quantumbadger.redreader/.activities.MainActivity: +4s799ms
03-15 00:29:00.319 27693 27693 I Choreographer: Skipped 93 frames!  The application may be doing too much work on its main thread.
03-15 00:29:00.321 27693 27756 D EGL_emulation: eglMakeCurrent: 0xe1320800: ver 3 0 (tinfo 0xe13228a0)
03-15 00:29:00.334 27693 27756 I OpenGLRenderer: Davey! duration=1571ms; Flags=0, IntendedVsync=3444319094526, Vsync=3445869094464, OldestInputEvent=9223372036854775807, NewestInputEvent=0, HandleInputStart=3445876723212, AnimationStart=3445876754681, PerformTraversalsStart=3445876917272, DrawStart=3445877168773, SyncQueued=3445877555224, SyncStart=3445878570886, IssueDrawCommandsStart=3445878718108, SwapBuffers=3445882403650, FrameCompleted=3445891572362, DequeueBufferDuration=700000, QueueBufferDuration=453000, 
03-15 00:29:00.423 27693 27756 D EGL_emulation: eglMakeCurrent: 0xe1320800: ver 3 0 (tinfo 0xe13228a0)
03-15 00:29:00.549  1766  2316 E GnssHAL_GnssInterface: gnssSvStatusCb: a: input svInfo.flags is 8
03-15 00:29:00.549  1766  2316 E GnssHAL_GnssInterface: gnssSvStatusCb: b: input svInfo.flags is 8
03-15 00:29:00.602  1767  1957 D gralloc_ranchu: gralloc_alloc: Creating ashmem region of size 9052160
03-15 00:29:00.672  2024  2044 W Looper  : Slow dispatch took 118ms android.fg h=com.android.server.location.GnssLocationProvider$ProviderHandler c=com.android.server.location.RemoteListenerHelper$HandlerRunnable@57156a7 m=0
03-15 00:29:00.680 27693 27756 D EGL_emulation: eglMakeCurrent: 0xe1320800: ver 3 0 (tinfo 0xe13228a0)
03-15 00:29:00.696  1767  1957 D gralloc_ranchu: gralloc_alloc: Creating ashmem region of size 9052160
03-15 00:29:00.716 27693 27756 D EGL_emulation: eglMakeCurrent: 0xe1320800: ver 3 0 (tinfo 0xe13228a0)
03-15 00:29:00.727 27693 27756 D EGL_emulation: eglMakeCurrent: 0xe1320800: ver 3 0 (tinfo 0xe13228a0)
03-15 00:29:00.751  1767  1957 D gralloc_ranchu: gralloc_alloc: Creating ashmem region of size 9052160
03-15 00:29:01.191  3717  3860 I PBSessionCacheImpl: Deleted sessionId[1458951512794] from persistence.
03-15 00:29:01.377  3717  3860 W SearchServiceCore: Abort, client detached.
03-15 00:29:01.548  1766  2316 E GnssHAL_GnssInterface: gnssSvStatusCb: a: input svInfo.flags is 8
03-15 00:29:01.548  1766  2316 E GnssHAL_GnssInterface: gnssSvStatusCb: b: input svInfo.flags is 8
03-15 00:29:02.553  1766  2316 E GnssHAL_GnssInterface: gnssSvStatusCb: a: input svInfo.flags is 8
03-15 00:29:02.553  1766  2316 E GnssHAL_GnssInterface: gnssSvStatusCb: b: input svInfo.flags is 8
03-15 00:29:03.556  1766  2316 E GnssHAL_GnssInterface: gnssSvStatusCb: a: input svInfo.flags is 8
03-15 00:29:03.556  1766  2316 E GnssHAL_GnssInterface: gnssSvStatusCb: b: input svInfo.flags is 8
03-15 00:29:04.560  1766  2316 E GnssHAL_GnssInterface: gnssSvStatusCb: a: input svInfo.flags is 8
03-15 00:29:04.560  1766  2316 E GnssHAL_GnssInterface: gnssSvStatusCb: b: input svInfo.flags is 8
03-15 00:29:05.261 27929 27929 D AndroidRuntime: >>>>>> START com.android.internal.os.RuntimeInit uid 2000 <<<<<<
03-15 00:29:05.270 27929 27929 E libc    : Access denied finding property "persist.device_config.runtime_native_boot.enable_apex_image"
03-15 00:29:05.270 27929 27929 I AndroidRuntime: Using default boot image
03-15 00:29:05.270 27929 27929 E libc    : Access denied finding property "persist.device_config.runtime_native_boot.disable_lock_profiling"
03-15 00:29:05.270 27929 27929 I AndroidRuntime: Leaving lock profiling enabled
03-15 00:29:05.271 27929 27929 E libc    : Access denied finding property "persist.device_config.runtime_native_boot.enable_generational_cc"
03-15 00:29:05.257 27929 27929 W app_process: type=1400 audit(0.0:2317): avc: denied { read } for name="u:object_r:device_config_runtime_native_boot_prop:s0" dev="tmpfs" ino=6815 scontext=u:r:shell:s0 tcontext=u:object_r:device_config_runtime_native_boot_prop:s0 tclass=file permissive=0
03-15 00:29:05.257 27929 27929 W app_process: type=1400 audit(0.0:2318): avc: denied { read } for name="u:object_r:device_config_runtime_native_boot_prop:s0" dev="tmpfs" ino=6815 scontext=u:r:shell:s0 tcontext=u:object_r:device_config_runtime_native_boot_prop:s0 tclass=file permissive=0
03-15 00:29:05.355 27929 27929 D ICU     : Time zone APEX file found: /apex/com.android.tzdata/etc/icu/icu_tzdata.dat
