03-15 00:52:48.273  5975  6583 W System  : A resource failed to call response.body().close(). 
03-15 00:52:48.422  5975  6026 D EGL_emulation: eglMakeCurrent: 0xe132b900: ver 3 0 (tinfo 0xe1322af0)
03-15 00:52:48.434  2024  2375 E InputDispatcher: Window handle Window{5524031 u0 org.quantumbadger.redreader/org.quantumbadger.redreader.activities.MainActivity} has no registered input channel
03-15 00:52:48.437  5975  5975 W InputEventReceiver: Attempted to finish an input event but the input event receiver has already been disposed.
03-15 00:52:48.438 10594 10594 D AndroidRuntime: Shutting down VM
03-15 00:52:48.454  5975  6026 D EGL_emulation: eglMakeCurrent: 0xe132b900: ver 3 0 (tinfo 0xe1322af0)
03-15 00:52:48.522  1757  1757 W audio_hw_generic: Not supplying enough data to HAL, expected position 86488997 , only wrote 86029811
03-15 00:52:48.533  1766  2316 E GnssHAL_GnssInterface: gnssSvStatusCb: a: input svInfo.flags is 8
03-15 00:52:48.533  1766  2316 E GnssHAL_GnssInterface: gnssSvStatusCb: b: input svInfo.flags is 8
03-15 00:52:48.738  5975 10421 I PostListingFragment: Successfully precached https://i.redd.it/8rs7j7umarm41.gif
03-15 00:52:48.767  5975 10633 D OK      : calling: https://oauth.reddit.com/comments/fiuw17/.json?sort=confidence
03-15 00:52:48.966  5975 10633 D OK      : request got status: 200
03-15 00:52:48.980  5975 10633 I PostListingFragment: Successfully precached https://oauth.reddit.com/comments/fiuw17/.json?sort=confidence
03-15 00:52:49.536  1766  2316 E GnssHAL_GnssInterface: gnssSvStatusCb: a: input svInfo.flags is 8
03-15 00:52:49.536  1766  2316 E GnssHAL_GnssInterface: gnssSvStatusCb: b: input svInfo.flags is 8
03-15 00:52:49.962  5975 10679 D OK      : calling: https://oauth.reddit.com/comments/fit1ux/.json?sort=confidence
03-15 00:52:49.970  1748 10680 E ResolverController: No valid NAT64 prefix (100, <unspecified>/0)
03-15 00:52:50.449  5975 10679 D OK      : request got status: 200
03-15 00:52:50.526  5975 10679 I PostListingFragment: Successfully precached https://oauth.reddit.com/comments/fit1ux/.json?sort=confidence
03-15 00:52:50.542  1766  2316 E GnssHAL_GnssInterface: gnssSvStatusCb: a: input svInfo.flags is 8
03-15 00:52:50.542  1766  2316 E GnssHAL_GnssInterface: gnssSvStatusCb: b: input svInfo.flags is 8
03-15 00:52:50.833 10754 10754 D AndroidRuntime: >>>>>> START com.android.internal.os.RuntimeInit uid 2000 <<<<<<
03-15 00:52:50.827 10754 10754 W app_process: type=1400 audit(0.0:2560): avc: denied { read } for name="u:object_r:device_config_runtime_native_boot_prop:s0" dev="tmpfs" ino=6815 scontext=u:r:shell:s0 tcontext=u:object_r:device_config_runtime_native_boot_prop:s0 tclass=file permissive=0
03-15 00:52:50.841 10754 10754 E libc    : Access denied finding property "persist.device_config.runtime_native_boot.enable_apex_image"
03-15 00:52:50.841 10754 10754 I AndroidRuntime: Using default boot image
03-15 00:52:50.827 10754 10754 W app_process: type=1400 audit(0.0:2561): avc: denied { read } for name="u:object_r:device_config_runtime_native_boot_prop:s0" dev="tmpfs" ino=6815 scontext=u:r:shell:s0 tcontext=u:object_r:device_config_runtime_native_boot_prop:s0 tclass=file permissive=0
03-15 00:52:50.841 10754 10754 E libc    : Access denied finding property "persist.device_config.runtime_native_boot.disable_lock_profiling"
03-15 00:52:50.841 10754 10754 I AndroidRuntime: Leaving lock profiling enabled
03-15 00:52:50.827 10754 10754 W app_process: type=1400 audit(0.0:2562): avc: denied { read } for name="u:object_r:device_config_runtime_native_boot_prop:s0" dev="tmpfs" ino=6815 scontext=u:r:shell:s0 tcontext=u:object_r:device_config_runtime_native_boot_prop:s0 tclass=file permissive=0
03-15 00:52:50.841 10754 10754 E libc    : Access denied finding property "persist.device_config.runtime_native_boot.enable_generational_cc"
03-15 00:52:50.901 10754 10754 D ICU     : Time zone APEX file found: /apex/com.android.tzdata/etc/icu/icu_tzdata.dat
03-15 00:52:50.907 10754 10754 W app_process: Unexpected CPU variant for X86 using defaults: x86
03-15 00:52:50.909 10754 10754 I app_process: The ClassLoaderContext is a special shared library.
03-15 00:52:50.923 10754 10754 W app_process: JNI RegisterNativeMethods: attempt to register 0 native methods for android.media.AudioAttributes
03-15 00:52:50.927 10754 10754 D AndroidRuntime: Calling main entry com.android.commands.input.Input
03-15 00:52:51.029  2024  4671 W InputManager: Input event injection from pid 10754 permission denied.
03-15 00:52:51.034 10754 10754 I app_process: System.exit called, status: 1
03-15 00:52:51.034 10754 10754 I AndroidRuntime: VM exiting with result code 1.
03-15 00:52:51.198  5975 10773 D OK      : calling: https://oauth.reddit.com/comments/fiwdv8/.json?sort=confidence
03-15 00:52:51.199  1757  3626 W audio_hw_generic: Not supplying enough data to HAL, expected position 86029902 , only wrote 86029811
03-15 00:52:51.512  1767  1767 D gralloc_ranchu: gralloc_alloc: Creating ashmem region of size 1495040
03-15 00:52:51.515  1767  1957 D gralloc_ranchu: gralloc_alloc: Creating ashmem region of size 1495040
03-15 00:52:51.517  1767  1957 D gralloc_ranchu: gralloc_alloc: Creating ashmem region of size 1495040
03-15 00:52:51.546  1766  2316 E GnssHAL_GnssInterface: gnssSvStatusCb: a: input svInfo.flags is 8
03-15 00:52:51.546  1766  2316 E GnssHAL_GnssInterface: gnssSvStatusCb: b: input svInfo.flags is 8
03-15 00:52:51.626  5975  6026 D EGL_emulation: eglMakeCurrent: 0xe132b900: ver 3 0 (tinfo 0xe1322af0)
03-15 00:52:51.784  5975  6026 I chatty  : uid=10153(org.quantumbadger.redreader) RenderThread identical 4 lines
03-15 00:52:51.830  5975  6026 D EGL_emulation: eglMakeCurrent: 0xe132b900: ver 3 0 (tinfo 0xe1322af0)
03-15 00:52:51.831  5975 10773 D OK      : request got status: 200
03-15 00:52:51.915  5975  6026 D EGL_emulation: eglMakeCurrent: 0xe132b900: ver 3 0 (tinfo 0xe1322af0)
03-15 00:52:52.199  5975  5991 I adger.redreade: Background concurrent copying GC freed 37923(4430KB) AllocSpace objects, 25(1652KB) LOS objects, 47% free, 6658KB/12MB, paused 28us total 587.630ms
03-15 00:52:52.237  5975  5993 W System  : A resource failed to call end. 
03-15 00:52:52.243  5975  5993 I chatty  : uid=10153(org.quantumbadger.redreader) FinalizerDaemon identical 5 lines
03-15 00:52:52.245  5975  5993 W System  : A resource failed to call end. 
03-15 00:52:52.281  5975 10773 I PostListingFragment: Successfully precached https://oauth.reddit.com/comments/fiwdv8/.json?sort=confidence
03-15 00:52:52.367  5975 10824 D OK      : calling: https://oauth.reddit.com/comments/fiwktv/.json?sort=confidence
03-15 00:52:52.375  1748 10825 E ResolverController: No valid NAT64 prefix (100, <unspecified>/0)
03-15 00:52:52.550  5975 10824 D OK      : request got status: 200
03-15 00:52:52.551  1766  2316 E GnssHAL_GnssInterface: gnssSvStatusCb: a: input svInfo.flags is 8
03-15 00:52:52.551  1766  2316 E GnssHAL_GnssInterface: gnssSvStatusCb: b: input svInfo.flags is 8
03-15 00:52:52.655  5975 10824 I PostListingFragment: Successfully precached https://oauth.reddit.com/comments/fiwktv/.json?sort=confidence
03-15 00:52:53.028  1767  1957 D gralloc_ranchu: gralloc_alloc: Creating ashmem region of size 3674112
03-15 00:52:53.042  1767  1957 D gralloc_ranchu: gralloc_alloc: Creating ashmem region of size 3674112
03-15 00:52:53.046  1767  1767 D gralloc_ranchu: gralloc_alloc: Creating ashmem region of size 3674112
03-15 00:52:53.061  5975  6026 D EGL_emulation: eglMakeCurrent: 0xe132b900: ver 3 0 (tinfo 0xe1322af0)
03-15 00:52:53.152  5975  6026 I chatty  : uid=10153(org.quantumbadger.redreader) RenderThread identical 4 lines
03-15 00:52:53.182  5975  6026 D EGL_emulation: eglMakeCurrent: 0xe132b900: ver 3 0 (tinfo 0xe1322af0)
03-15 00:52:53.277  5975  6583 W System  : A resource failed to call response.body().close(). 
03-15 00:52:53.277  5975  6583 I chatty  : uid=10153(org.quantumbadger.redreader) OkHttp Connecti identical 28 lines
03-15 00:52:53.277  5975  6583 W System  : A resource failed to call response.body().close(). 
03-15 00:52:53.494  5975  6026 D EGL_emulation: eglMakeCurrent: 0xe132b900: ver 3 0 (tinfo 0xe1322af0)
03-15 00:52:53.555  1766  2316 E GnssHAL_GnssInterface: gnssSvStatusCb: a: input svInfo.flags is 8
03-15 00:52:53.555  1766  2316 E GnssHAL_GnssInterface: gnssSvStatusCb: b: input svInfo.flags is 8
03-15 00:52:53.580  5975 10873 D OK      : calling: https://oauth.reddit.com/comments/fitqip/.json?sort=confidence
03-15 00:52:53.706  5670  5683 I mit.droidbotap: Background concurrent copying GC freed 36285(1917KB) AllocSpace objects, 84(1848KB) LOS objects, 49% free, 2614KB/5229KB, paused 26us total 174.008ms
03-15 00:52:54.206  5975 10873 D OK      : request got status: 200
03-15 00:52:54.216  1859  1859 E netmgr  : Failed to open QEMU pipe 'qemud:network': Invalid argument
03-15 00:52:54.258  5975 10873 I PostListingFragment: Successfully precached https://oauth.reddit.com/comments/fitqip/.json?sort=confidence
03-15 00:52:54.431 10922 10922 D AndroidRuntime: >>>>>> START com.android.internal.os.RuntimeInit uid 2000 <<<<<<
03-15 00:52:54.433 10922 10922 E libc    : Access denied finding property "persist.device_config.runtime_native_boot.enable_apex_image"
03-15 00:52:54.433 10922 10922 I AndroidRuntime: Using default boot image
03-15 00:52:54.433 10922 10922 E libc    : Access denied finding property "persist.device_config.runtime_native_boot.disable_lock_profiling"
03-15 00:52:54.433 10922 10922 I AndroidRuntime: Leaving lock profiling enabled
03-15 00:52:54.417 10922 10922 W app_process: type=1400 audit(0.0:2563): avc: denied { read } for name="u:object_r:device_config_runtime_native_boot_prop:s0" dev="tmpfs" ino=6815 scontext=u:r:shell:s0 tcontext=u:object_r:device_config_runtime_native_boot_prop:s0 tclass=file permissive=0
03-15 00:52:54.427 10922 10922 W app_process: type=1400 audit(0.0:2565): avc: denied { read } for name="u:object_r:device_config_runtime_native_boot_prop:s0" dev="tmpfs" ino=6815 scontext=u:r:shell:s0 tcontext=u:object_r:device_config_runtime_native_boot_prop:s0 tclass=file permissive=0
03-15 00:52:54.434 10922 10922 E libc    : Access denied finding property "persist.device_config.runtime_native_boot.enable_generational_cc"
03-15 00:52:54.476  5975  6026 D EGL_emulation: eglMakeCurrent: 0xe132b900: ver 3 0 (tinfo 0xe1322af0)
03-15 00:52:54.559  1766  2316 E GnssHAL_GnssInterface: gnssSvStatusCb: a: input svInfo.flags is 8
03-15 00:52:54.559  1766  2316 E GnssHAL_GnssInterface: gnssSvStatusCb: b: input svInfo.flags is 8
03-15 00:52:54.726 10922 10922 D ICU     : Time zone APEX file found: /apex/com.android.tzdata/etc/icu/icu_tzdata.dat
03-15 00:52:54.758 10922 10922 W app_process: Unexpected CPU variant for X86 using defaults: x86
03-15 00:52:54.762 10922 10922 I app_process: The ClassLoaderContext is a special shared library.
03-15 00:52:54.764  1863  1863 E wifi_forwarder: RemoteConnection failed to initialize: RemoteConnection failed to open pipe
03-15 00:52:54.785  2024  2375 I ActivityTaskManager: START u0 {cmp=org.quantumbadger.redreader/.activities.OAuthLoginActivity} from uid 10153
03-15 00:52:54.782  5975 10932 D OK      : calling: https://oauth.reddit.com/comments/finieb/.json?sort=confidence
03-15 00:52:54.855  2024  4671 W InputReader: Device has associated, but no associated display id.
03-15 00:52:54.860  2024  4671 I chatty  : uid=1000(system) Binder:2024_1E identical 48 lines
03-15 00:52:54.860  2024  4671 W InputReader: Device has associated, but no associated display id.
03-15 00:52:54.912  5975  5975 W ActivityThread: handleWindowVisibility: no activity for token android.os.BinderProxy@165b66f
03-15 00:52:54.956  5975  5975 I AppCompatViewInflater: app:theme is now deprecated. Please move to using android:theme instead.
03-15 00:52:54.979  5975  5975 I WebViewFactory: Loading com.google.android.webview version 74.0.3729.185 (code 373018518)
03-15 00:52:54.988  5975  5975 I adger.redreade: The ClassLoaderContext is a special shared library.
03-15 00:52:55.001  5975  5975 I adger.redreade: The ClassLoaderContext is a special shared library.
03-15 00:52:55.122  5975  5975 I cr_LibraryLoader: Time to load native libraries: 3 ms (timestamps 676-679)
03-15 00:52:55.135 10922 10922 W app_process: JNI RegisterNativeMethods: attempt to register 0 native methods for android.media.AudioAttributes
03-15 00:52:55.190 10922 10922 D AndroidRuntime: Calling main entry com.android.commands.input.Input
03-15 00:52:55.204  2024  2150 I InputDispatcher: Dropping event because there is no touchable window or gesture monitor at (540, 349) in display 0.
03-15 00:52:55.204  2024  4671 W InputManager: Input event injection from pid 10922 failed.
03-15 00:52:55.213  5975  5975 I chromium: [INFO:library_loader_hooks.cc(50)] Chromium logging enabled: level = 0, default verbosity = 0
03-15 00:52:55.215  5975  5975 I cr_LibraryLoader: Expected native library version number "74.0.3729.185", actual native library version number "74.0.3729.185"
03-15 00:52:55.247  5975 10953 W cr_ChildProcLH: Create a new ChildConnectionAllocator with package name = com.google.android.webview, sandboxed = true
03-15 00:52:55.254  5975 10953 W adger.redreade: Accessing hidden method Landroid/content/Context;->bindServiceAsUser(Landroid/content/Intent;Landroid/content/ServiceConnection;ILandroid/os/Handler;Landroid/os/UserHandle;)Z (greylist, reflection, allowed)
03-15 00:52:55.256  5975  5975 I cr_BrowserStartup: Initializing chromium process, singleProcess=false
03-15 00:52:55.268  5975  5975 E chromium: [ERROR:filesystem_posix.cc(89)] stat /data/user/0/org.quantumbadger.redreader/cache/WebView/Crashpad: No such file or directory (2)
03-15 00:52:55.268  5975  5975 E chromium: [ERROR:filesystem_posix.cc(62)] mkdir /data/user/0/org.quantumbadger.redreader/cache/WebView/Crashpad: No such file or directory (2)
03-15 00:52:55.268  2325  2325 D Zygote  : Forked child process 10955
03-15 00:52:55.245  2024  4671 I chatty  : uid=1000(system) Binder:2024_1E identical 12 lines
03-15 00:52:55.259  2024  4671 W InputManager: Input event injection from pid 10922 failed.
03-15 00:52:55.270  2024  2057 I ActivityManager: Start proc 10955:com.google.android.webview:sandboxed_process0:org.chromium.content.app.SandboxedProcessService0/u0i5 for  {org.quantumbadger.redreader/org.chromium.content.app.SandboxedProcessService0}
03-15 00:52:55.273  2024  4671 W InputManager: Input event injection from pid 10922 failed.
03-15 00:52:55.306  2024  4671 I chatty  : uid=1000(system) Binder:2024_1E identical 13 lines
03-15 00:52:55.306  2024  4671 W InputManager: Input event injection from pid 10922 failed.
03-15 00:52:55.308  2024  4582 W InputManager: Input event injection from pid 10922 failed.
03-15 00:52:55.312  2024  4582 I chatty  : uid=1000(system) Binder:2024_1D identical 8 lines
03-15 00:52:55.312  2024  4582 W InputManager: Input event injection from pid 10922 failed.
03-15 00:52:55.314  2024  4671 W InputManager: Input event injection from pid 10922 failed.
03-15 00:52:55.320 10955 10955 W ProcessService: Unexpected CPU variant for X86 using defaults: x86
03-15 00:52:55.329  2024  4671 I chatty  : uid=1000(system) Binder:2024_1E identical 4 lines
03-15 00:52:55.338  2024  4671 W InputManager: Input event injection from pid 10922 failed.
03-15 00:52:55.348  2024  2375 D ConnectivityService: requestNetwork for uid/pid:10153/5975 NetworkRequest [ TRACK_DEFAULT id=58, [ Capabilities: INTERNET&NOT_RESTRICTED&TRUSTED Uid: 10153] ]
03-15 00:52:55.350  2336  2336 D PhoneSwitcherNetworkRequstListener: got request NetworkRequest [ TRACK_DEFAULT id=58, [ Capabilities: INTERNET&NOT_RESTRICTED&TRUSTED Uid: 10153] ] with score 60 and serial -1
03-15 00:52:55.350  2024  2164 D WifiNetworkFactory: got request NetworkRequest [ TRACK_DEFAULT id=58, [ Capabilities: INTERNET&NOT_RESTRICTED&TRUSTED Uid: 10153] ] with score 60 and serial -1
03-15 00:52:55.350  2024  2164 D UntrustedWifiNetworkFactory: got request NetworkRequest [ TRACK_DEFAULT id=58, [ Capabilities: INTERNET&NOT_RESTRICTED&TRUSTED Uid: 10153] ] with score 60 and serial -1
03-15 00:52:55.356  2024  4671 W InputManager: Input event injection from pid 10922 failed.
03-15 00:52:55.357  2024  2375 W InputManager: Input event injection from pid 10922 failed.
03-15 00:52:55.362  2024  2375 W InputManager: Input event injection from pid 10922 failed.
03-15 00:52:55.362  2024  4582 W InputManager: Input event injection from pid 10922 failed.
03-15 00:52:55.367 10955 10955 E ProcessService: Not starting debugger since process cannot load the jdwp agent.
03-15 00:52:55.377  5975  5975 W adger.redreade: Accessing hidden method Landroid/view/textclassifier/logging/SmartSelectionEventTracker;-><init>(Landroid/content/Context;I)V (greylist, reflection, allowed)
03-15 00:52:55.377  5975  5975 W adger.redreade: Accessing hidden method Landroid/view/textclassifier/logging/SmartSelectionEventTracker;->logEvent(Landroid/view/textclassifier/logging/SmartSelectionEventTracker$SelectionEvent;)V (greylist, reflection, allowed)
03-15 00:52:55.377  5975  5975 W adger.redreade: Accessing hidden method Landroid/view/textclassifier/logging/SmartSelectionEventTracker$SelectionEvent;->selectionStarted(I)Landroid/view/textclassifier/logging/SmartSelectionEventTracker$SelectionEvent; (greylist, reflection, allowed)
03-15 00:52:55.377  5975  5975 W adger.redreade: Accessing hidden method Landroid/view/textclassifier/logging/SmartSelectionEventTracker$SelectionEvent;->selectionModified(II)Landroid/view/textclassifier/logging/SmartSelectionEventTracker$SelectionEvent; (greylist, reflection, allowed)
03-15 00:52:55.377  5975  5975 W adger.redreade: Accessing hidden method Landroid/view/textclassifier/logging/SmartSelectionEventTracker$SelectionEvent;->selectionModified(IILandroid/view/textclassifier/TextClassification;)Landroid/view/textclassifier/logging/SmartSelectionEventTracker$SelectionEvent; (greylist, reflection, allowed)
03-15 00:52:55.377  5975  5975 W adger.redreade: Accessing hidden method Landroid/view/textclassifier/logging/SmartSelectionEventTracker$SelectionEvent;->selectionModified(IILandroid/view/textclassifier/TextSelection;)Landroid/view/textclassifier/logging/SmartSelectionEventTracker$SelectionEvent; (greylist, reflection, allowed)
03-15 00:52:55.377  5975  5975 W adger.redreade: Accessing hidden method Landroid/view/textclassifier/logging/SmartSelectionEventTracker$SelectionEvent;->selectionAction(III)Landroid/view/textclassifier/logging/SmartSelectionEventTracker$SelectionEvent; (greylist, reflection, allowed)
03-15 00:52:55.377  5975  5975 W adger.redreade: Accessing hidden method Landroid/view/textclassifier/logging/SmartSelectionEventTracker$SelectionEvent;->selectionAction(IIILandroid/view/textclassifier/TextClassification;)Landroid/view/textclassifier/logging/SmartSelectionEventTracker$SelectionEvent; (greylist, reflection, allowed)
03-15 00:52:55.365  2024  4582 I chatty  : uid=1000(system) Binder:2024_1D identical 3 lines
03-15 00:52:55.385  2024  4582 W InputManager: Input event injection from pid 10922 failed.
03-15 00:52:55.386  2024  4671 W InputManager: Input event injection from pid 10922 failed.
03-15 00:52:55.449  2024  4671 I chatty  : uid=1000(system) Binder:2024_1E identical 4 lines
03-15 00:52:55.454  2024  4671 W InputManager: Input event injection from pid 10922 failed.
03-15 00:52:55.455  2024  3028 W InputManager: Input event injection from pid 10922 failed.
03-15 00:52:55.468  2024  3028 I chatty  : uid=1000(system) Binder:2024_10 identical 13 lines
03-15 00:52:55.470  2024  3028 W InputManager: Input event injection from pid 10922 failed.
03-15 00:52:55.470  2024  4582 W InputManager: Input event injection from pid 10922 failed.
03-15 00:52:55.479 10955 10955 I LoadedApk: No resource references to update in package com.google.android.webview
03-15 00:52:55.475  2024  4582 I chatty  : uid=1000(system) Binder:2024_1D identical 5 lines
03-15 00:52:55.477  2024  4582 W InputManager: Input event injection from pid 10922 failed.
03-15 00:52:55.479  2024  3028 W InputManager: Input event injection from pid 10922 failed.
03-15 00:52:55.479 10955 10955 I LoadedApk: No resource references to update in package com.google.android.trichromelibrary
03-15 00:52:55.481 10955 10955 I cr_ChildProcessService: Creating new ChildProcessService pid=10955
03-15 00:52:55.481  2024  3028 I chatty  : uid=1000(system) Binder:2024_10 identical 2 lines
03-15 00:52:55.481  2024  3028 W InputManager: Input event injection from pid 10922 failed.
03-15 00:52:55.495  2024  4582 W InputManager: Input event injection from pid 10922 failed.
03-15 00:52:55.498  2024  4582 W InputManager: Input event injection from pid 10922 failed.
03-15 00:52:55.502  2024  3028 W InputManager: Input event injection from pid 10922 failed.
03-15 00:52:55.526  2024  3028 I chatty  : uid=1000(system) Binder:2024_10 identical 13 lines
03-15 00:52:55.528  2024  3028 W InputManager: Input event injection from pid 10922 failed.
03-15 00:52:55.530  2024  4582 W InputManager: Input event injection from pid 10922 failed.
03-15 00:52:55.535  2024  4582 W InputManager: Input event injection from pid 10922 failed.
03-15 00:52:55.544  2024  3028 W InputManager: Input event injection from pid 10922 failed.
03-15 00:52:55.545  2024  4582 W InputManager: Input event injection from pid 10922 failed.
03-15 00:52:55.562  1766  2316 E GnssHAL_GnssInterface: gnssSvStatusCb: a: input svInfo.flags is 8
03-15 00:52:55.562  1766  2316 E GnssHAL_GnssInterface: gnssSvStatusCb: b: input svInfo.flags is 8
03-15 00:52:55.562  2024  4582 I chatty  : uid=1000(system) Binder:2024_1D identical 5 lines
03-15 00:52:55.565  2024  4582 W InputManager: Input event injection from pid 10922 failed.
03-15 00:52:55.569  2024  3028 W InputManager: Input event injection from pid 10922 failed.
03-15 00:52:55.571  2024  4582 W InputManager: Input event injection from pid 10922 failed.
03-15 00:52:55.584  5975 10990 D HostConnection: HostConnection::get() New Host Connection established 0xbeb9bde0, tid 10990
03-15 00:52:55.587  5975 10990 D HostConnection: HostComposition ext ANDROID_EMU_CHECKSUM_HELPER_v1 ANDROID_EMU_native_sync_v2 ANDROID_EMU_native_sync_v3 ANDROID_EMU_native_sync_v4 ANDROID_EMU_dma_v1 ANDROID_EMU_direct_mem ANDROID_EMU_host_composition_v1 ANDROID_EMU_host_composition_v2 ANDROID_EMU_YUV420_888_to_NV21 ANDROID_EMU_YUV_Cache ANDROID_EMU_async_unmap_buffer GL_OES_EGL_image_external_essl3 GL_OES_vertex_array_object GL_KHR_texture_compression_astc_ldr ANDROID_EMU_gles_max_version_3_0 
03-15 00:52:55.578  2024  4582 I chatty  : uid=1000(system) Binder:2024_1D identical 3 lines
03-15 00:52:55.591  2024  4582 W InputManager: Input event injection from pid 10922 failed.
03-15 00:52:55.592  2024  3028 W InputManager: Input event injection from pid 10922 failed.
03-15 00:52:55.595  5975 10990 D eglCodecCommon: setVertexArrayObject: set vao to 0 (0) 0 0
03-15 00:52:55.595  5975 10990 D EGL_emulation: eglCreateContext: 0xbd10ef00: maj 3 min 0 rcv 3
03-15 00:52:55.595  5975 10990 D EGL_emulation: eglMakeCurrent: 0xbd10ef00: ver 3 0 (tinfo 0xbd498360)
03-15 00:52:55.596  5975 10966 W cr_media: Requires BLUETOOTH permission
03-15 00:52:55.602 10955 10989 I cr_LibraryLoader: Time to load native libraries: 0 ms (timestamps 1159-1159)
03-15 00:52:55.605 10955 10989 I chromium: [INFO:library_loader_hooks.cc(50)] Chromium logging enabled: level = 0, default verbosity = 0
03-15 00:52:55.609 10955 10989 I cr_LibraryLoader: Expected native library version number "74.0.3729.185", actual native library version number "74.0.3729.185"
03-15 00:52:55.619  2024  3028 I chatty  : uid=1000(system) Binder:2024_10 identical 7 lines
03-15 00:52:55.622  2024  3028 W InputManager: Input event injection from pid 10922 failed.
03-15 00:52:55.627  2024  4582 W InputManager: Input event injection from pid 10922 failed.
03-15 00:52:55.636  2024  4582 I chatty  : uid=1000(system) Binder:2024_1D identical 3 lines
03-15 00:52:55.637  2024  4582 W InputManager: Input event injection from pid 10922 failed.
03-15 00:52:55.652  2024  4671 D ConnectivityService: requestNetwork for uid/pid:10153/5975 NetworkRequest [ TRACK_DEFAULT id=60, [ Capabilities: INTERNET&NOT_RESTRICTED&TRUSTED Uid: 10153] ]
03-15 00:52:55.653  2024  2164 D WifiNetworkFactory: got request NetworkRequest [ TRACK_DEFAULT id=60, [ Capabilities: INTERNET&NOT_RESTRICTED&TRUSTED Uid: 10153] ] with score 60 and serial -1
03-15 00:52:55.653  2024  2164 D UntrustedWifiNetworkFactory: got request NetworkRequest [ TRACK_DEFAULT id=60, [ Capabilities: INTERNET&NOT_RESTRICTED&TRUSTED Uid: 10153] ] with score 60 and serial -1
03-15 00:52:55.653  2336  2336 D PhoneSwitcherNetworkRequstListener: got request NetworkRequest [ TRACK_DEFAULT id=60, [ Capabilities: INTERNET&NOT_RESTRICTED&TRUSTED Uid: 10153] ] with score 60 and serial -1
03-15 00:52:55.661  2024  3028 W InputManager: Input event injection from pid 10922 failed.
03-15 00:52:55.664  2024  3028 I chatty  : uid=1000(system) Binder:2024_10 identical 7 lines
03-15 00:52:55.666  2024  3028 W InputManager: Input event injection from pid 10922 failed.
03-15 00:52:55.668  2024  4582 W InputManager: Input event injection from pid 10922 failed.
03-15 00:52:55.671  5975  5975 I Choreographer: Skipped 48 frames!  The application may be doing too much work on its main thread.
03-15 00:52:55.676  2024  4582 I chatty  : uid=1000(system) Binder:2024_1D identical 2 lines
03-15 00:52:55.677  2024  4582 W InputManager: Input event injection from pid 10922 failed.
03-15 00:52:55.678  2024  3028 W InputManager: Input event injection from pid 10922 failed.
03-15 00:52:55.728  1767  1767 D gralloc_ranchu: gralloc_alloc: Creating ashmem region of size 8298496
03-15 00:52:55.756  1767  1767 D gralloc_ranchu: gralloc_alloc: Creating ashmem region of size 8298496
03-15 00:52:55.762  1767  1957 D gralloc_ranchu: gralloc_alloc: Creating ashmem region of size 8298496
03-15 00:52:55.762 10922 10922 D AndroidRuntime: Shutting down VM
03-15 00:52:55.798  5975  6026 D EGL_emulation: eglMakeCurrent: 0xe132b900: ver 3 0 (tinfo 0xe1322af0)
03-15 00:52:55.806  1748 10998 E ResolverController: No valid NAT64 prefix (100, <unspecified>/0)
03-15 00:52:55.851  5975  6026 E eglCodecCommon: glUtilsParamSize: unknow param 0x000088ef
03-15 00:52:55.851  5975  6026 E eglCodecCommon: glUtilsParamSize: unknow param 0x000088ef
03-15 00:52:55.858  5975  6026 D eglCodecCommon: setVertexArrayObject: set vao to 1 (1) 8 0
03-15 00:52:55.871  5975  6026 D eglCodecCommon: setVertexArrayObject: set vao to 0 (0) 8 3
03-15 00:52:55.882  5975  6026 I OpenGLRenderer: Davey! duration=1008ms; Flags=1, IntendedVsync=4880428443818, Vsync=4881228443786, OldestInputEvent=9223372036854775807, NewestInputEvent=0, HandleInputStart=4881228596789, AnimationStart=4881228608794, PerformTraversalsStart=4881228708121, DrawStart=4881313101086, SyncQueued=4881353990815, SyncStart=4881356039146, IssueDrawCommandsStart=4881356143321, SwapBuffers=4881428334711, FrameCompleted=4881439103677, DequeueBufferDuration=162000, QueueBufferDuration=436000, 
03-15 00:52:55.890  2024  2048 W InputReader: Device has associated, but no associated display id.
03-15 00:52:55.893  2024  2048 I chatty  : uid=1000(system) android.anim identical 18 lines
03-15 00:52:55.893  2024  2048 W InputReader: Device has associated, but no associated display id.
03-15 00:52:55.975  5975  8550 I PostListingFragment: Successfully precached https://giant.gfycat.com/ShowyDirectEuropeanpolecat.mp4
03-15 00:52:55.994  5975  6026 D eglCodecCommon: setVertexArrayObject: set vao to 0 (0) 8 3
03-15 00:52:56.007  5975 11011 D OK      : calling: https://oauth.reddit.com/comments/fiklov/.json?sort=confidence
03-15 00:52:56.033  5975  6026 D eglCodecCommon: setVertexArrayObject: set vao to 0 (0) 8 3
03-15 00:52:56.048  5975 10990 I VideoCapabilities: Unsupported profile 4 for video/mp4v-es
03-15 00:52:56.065  5975 10990 W cr_MediaCodecUtil: HW encoder for video/avc is not available on this device.
03-15 00:52:56.152  5975 10932 D OK      : request got status: 200
03-15 00:52:56.208  5975  6026 D eglCodecCommon: setVertexArrayObject: set vao to 0 (0) 8 3
03-15 00:52:56.264  5975 10990 D eglCodecCommon: setVertexArrayObject: set vao to 0 (0) 0 0
03-15 00:52:56.264  5975 10990 D EGL_emulation: eglCreateContext: 0xbd10eba0: maj 3 min 0 rcv 3
03-15 00:52:56.265  5975 10990 D EGL_emulation: eglMakeCurrent: 0xbd10eba0: ver 3 0 (tinfo 0xbd498360)
03-15 00:52:56.273  5975 11011 D OK      : request got status: 200
03-15 00:52:56.279  5975  6026 D eglCodecCommon: setVertexArrayObject: set vao to 0 (0) 8 3
03-15 00:52:56.302  5975 10990 E eglCodecCommon: glUtilsParamSize: unknow param 0x000088ef
03-15 00:52:56.302  5975 10990 E eglCodecCommon: glUtilsParamSize: unknow param 0x000088ef
03-15 00:52:56.319  5975 10990 D eglCodecCommon: setVertexArrayObject: set vao to 1 (1) 0 0
03-15 00:52:56.487  5975  6026 D eglCodecCommon: setVertexArrayObject: set vao to 0 (0) 8 3
03-15 00:52:56.498  5975 10990 E eglCodecCommon: glUtilsParamSize: unknow param 0x000088ef
03-15 00:52:56.498  5975 10990 E eglCodecCommon: glUtilsParamSize: unknow param 0x000088ef
03-15 00:52:56.512  5975 10990 D eglCodecCommon: setVertexArrayObject: set vao to 2 (2) 0 0
03-15 00:52:56.567  1766  2316 E GnssHAL_GnssInterface: gnssSvStatusCb: a: input svInfo.flags is 8
03-15 00:52:56.567  1766  2316 E GnssHAL_GnssInterface: gnssSvStatusCb: b: input svInfo.flags is 8
03-15 00:52:56.673  1748 11046 E ResolverController: No valid NAT64 prefix (100, <unspecified>/0)
03-15 00:52:56.696  1748 11045 E ResolverController: No valid NAT64 prefix (100, <unspecified>/0)
03-15 00:52:56.751  5975 11011 I PostListingFragment: Successfully precached https://oauth.reddit.com/comments/fiklov/.json?sort=confidence
03-15 00:52:56.817  5975  5991 I adger.redreade: NativeAlloc concurrent copying GC freed 40590(3743KB) AllocSpace objects, 12(736KB) LOS objects, 47% free, 6920KB/12MB, paused 42us total 545.035ms
03-15 00:52:56.825  5975  5993 W System  : A resource failed to call end. 
03-15 00:52:56.835  5975  5993 I chatty  : uid=10153(org.quantumbadger.redreader) FinalizerDaemon identical 2 lines
03-15 00:52:56.836  5975  5993 W System  : A resource failed to call end. 
03-15 00:52:56.901  5975 10932 I PostListingFragment: Successfully precached https://oauth.reddit.com/comments/finieb/.json?sort=confidence
03-15 00:52:57.089  5975 10990 E eglCodecCommon: glUtilsParamSize: unknow param 0x000088ef
03-15 00:52:57.094  5975 10990 I chatty  : uid=10153(org.quantumbadger.redreader) Chrome_InProcGp identical 2 lines
03-15 00:52:57.094  5975 10990 E eglCodecCommon: glUtilsParamSize: unknow param 0x000088ef
03-15 00:52:57.097  5975 10990 D eglCodecCommon: setVertexArrayObject: set vao to 1 (1) 0 0
03-15 00:52:57.193  5975 11071 D OK      : calling: https://oauth.reddit.com/comments/fiwhyf/.json?sort=confidence
03-15 00:52:57.284  5975 10990 E eglCodecCommon: glUtilsParamSize: unknow param 0x000088ef
03-15 00:52:57.285  5975 10990 E eglCodecCommon: glUtilsParamSize: unknow param 0x000088ef
03-15 00:52:57.293  5975 10990 D eglCodecCommon: setVertexArrayObject: set vao to 3 (3) 5 0
03-15 00:52:57.307  5975 10990 D eglCodecCommon: setVertexArrayObject: set vao to 1 (1) 0 6
03-15 00:52:57.309  5975  6026 D eglCodecCommon: setVertexArrayObject: set vao to 1 (1) 8 14
03-15 00:52:57.335  5975  6026 D eglCodecCommon: setVertexArrayObject: set vao to 0 (0) 8 3
03-15 00:52:57.352  5975  6026 D eglCodecCommon: setVertexArrayObject: set vao to 1 (1) 8 12
03-15 00:52:57.352  5975  6026 D eglCodecCommon: setVertexArrayObject: set vao to 0 (0) 8 3
03-15 00:52:57.403  5975  6026 D eglCodecCommon: setVertexArrayObject: set vao to 1 (1) 8 12
03-15 00:52:57.403  5975  6026 D eglCodecCommon: setVertexArrayObject: set vao to 0 (0) 8 3
03-15 00:52:57.456  5975  6026 D eglCodecCommon: setVertexArrayObject: set vao to 1 (1) 8 12
03-15 00:52:57.457  5975  6026 D eglCodecCommon: setVertexArrayObject: set vao to 0 (0) 8 3
03-15 00:52:57.500  5975  6026 D eglCodecCommon: setVertexArrayObject: set vao to 1 (1) 8 12
03-15 00:52:57.501  5975  6026 D eglCodecCommon: setVertexArrayObject: set vao to 0 (0) 8 3
03-15 00:52:57.527  5975  6026 D eglCodecCommon: setVertexArrayObject: set vao to 1 (1) 8 12
03-15 00:52:57.530  5975  6026 D eglCodecCommon: setVertexArrayObject: set vao to 0 (0) 8 3
03-15 00:52:57.541  5975 10990 E eglCodecCommon: glUtilsParamSize: unknow param 0x000088ef
03-15 00:52:57.541  5975 10990 E eglCodecCommon: glUtilsParamSize: unknow param 0x000088ef
03-15 00:52:57.546  5975 10990 D eglCodecCommon: setVertexArrayObject: set vao to 4 (4) 5 0
03-15 00:52:57.576  1766  2316 E GnssHAL_GnssInterface: gnssSvStatusCb: a: input svInfo.flags is 8
03-15 00:52:57.581  5975  6026 D eglCodecCommon: setVertexArrayObject: set vao to 1 (1) 8 12
03-15 00:52:57.582  5975  6026 D eglCodecCommon: setVertexArrayObject: set vao to 0 (0) 8 3
03-15 00:52:57.583  1766  2316 E GnssHAL_GnssInterface: gnssSvStatusCb: b: input svInfo.flags is 8
03-15 00:52:57.602  5975 10990 E eglCodecCommon: glUtilsParamSize: unknow param 0x000088ef
03-15 00:52:57.602  5975 10990 E eglCodecCommon: glUtilsParamSize: unknow param 0x000088ef
03-15 00:52:57.611  5975 11071 D OK      : request got status: 200
03-15 00:52:57.648  5975 10990 E eglCodecCommon: glUtilsParamSize: unknow param 0x000088ef
03-15 00:52:57.648  5975 10990 E eglCodecCommon: glUtilsParamSize: unknow param 0x000088ef
03-15 00:52:57.671  5975  6026 D eglCodecCommon: setVertexArrayObject: set vao to 1 (1) 8 12
03-15 00:52:57.672  5975  6026 D eglCodecCommon: setVertexArrayObject: set vao to 0 (0) 8 3
03-15 00:52:57.707  5975  6026 D eglCodecCommon: setVertexArrayObject: set vao to 1 (1) 8 12
03-15 00:52:57.707  5975  6026 D eglCodecCommon: setVertexArrayObject: set vao to 0 (0) 8 3
03-15 00:52:57.721  5975 10990 E eglCodecCommon: glUtilsParamSize: unknow param 0x000088ef
03-15 00:52:57.788  5975 10990 I chatty  : uid=10153(org.quantumbadger.redreader) Chrome_InProcGp identical 2 lines
03-15 00:52:57.789  5975 10990 E eglCodecCommon: glUtilsParamSize: unknow param 0x000088ef
03-15 00:52:57.794  5975 10990 D eglCodecCommon: setVertexArrayObject: set vao to 5 (5) 0 0
03-15 00:52:57.835  5975 10990 E eglCodecCommon: glUtilsParamSize: unknow param 0x000088ef
03-15 00:52:57.871  5975 10990 I chatty  : uid=10153(org.quantumbadger.redreader) Chrome_InProcGp identical 4 lines
03-15 00:52:57.871  5975 10990 E eglCodecCommon: glUtilsParamSize: unknow param 0x000088ef
03-15 00:52:57.903  5975 10990 D eglCodecCommon: setVertexArrayObject: set vao to 3 (3) 15 0
03-15 00:52:57.922  5975 10990 D eglCodecCommon: setVertexArrayObject: set vao to 5 (5) 0 0
03-15 00:52:57.929  5975 10990 D eglCodecCommon: setVertexArrayObject: set vao to 3 (3) 15 0
03-15 00:52:57.930  5975 10990 D eglCodecCommon: setVertexArrayObject: set vao to 6 (6) 0 0
03-15 00:52:57.931  5975 10990 D eglCodecCommon: setVertexArrayObject: set vao to 3 (3) 16 0
03-15 00:52:57.945  1757  1757 W audio_hw_generic: Not supplying enough data to HAL, expected position 86623531 , only wrote 86327261
03-15 00:52:58.035  5975 10990 D eglCodecCommon: setVertexArrayObject: set vao to 5 (5) 17 0
03-15 00:52:58.043  5975 10990 E chromium: [ERROR:gles2_cmd_decoder_autogen.h(1444)] [.WebGL-0xbde8c300]GL ERROR :GL_INVALID_ENUM : GetFloatv: 
03-15 00:52:58.073  2024  2034 I system_server: Background young concurrent copying GC freed 48160(4232KB) AllocSpace objects, 69(1892KB) LOS objects, 28% free, 13MB/19MB, paused 73us total 298.150ms
03-15 00:52:58.080  5975 11071 I PostListingFragment: Successfully precached https://oauth.reddit.com/comments/fiwhyf/.json?sort=confidence
03-15 00:52:58.281  5975  6583 W System  : A resource failed to call response.body().close(). 
03-15 00:52:58.281  5975  6583 I chatty  : uid=10153(org.quantumbadger.redreader) OkHttp Connecti identical 1 line
03-15 00:52:58.281  5975  6583 W System  : A resource failed to call response.body().close(). 
03-15 00:52:58.391  5975 11127 D OK      : calling: https://oauth.reddit.com/comments/fivii9/.json?sort=confidence
03-15 00:52:58.402  1748 11129 E ResolverController: No valid NAT64 prefix (100, <unspecified>/0)
03-15 00:52:58.588  1766  2316 E GnssHAL_GnssInterface: gnssSvStatusCb: a: input svInfo.flags is 8
03-15 00:52:58.607  1766  2316 E GnssHAL_GnssInterface: gnssSvStatusCb: b: input svInfo.flags is 8
03-15 00:52:58.663  5975  6026 D eglCodecCommon: setVertexArrayObject: set vao to 1 (1) 8 12
03-15 00:52:58.686  5975  6026 D eglCodecCommon: setVertexArrayObject: set vao to 0 (0) 8 3
03-15 00:52:58.752  5975 10990 D eglCodecCommon: setVertexArrayObject: set vao to 1 (1) 15 6
03-15 00:52:58.757  5975  5975 I chromium: [INFO:CONSOLE(0)] "[.WebGL-0xbde8c300]GL ERROR :GL_INVALID_ENUM : GetFloatv: ", source: https://www.reddit.com/login/.compact?dest=https%3A%2F%2Fwww.reddit.com%2Fapi%2Fv1%2Fauthorize.compact%3Fresponse_type%3Dcode%26duration%3Dpermanent%26state%3DTexas%26redirect_uri%3Dhttp%253A%252F%252Frr_oauth_redir%26client_id%3Dm_zCW1Dixs9WLA%26scope%3Didentity%252Cedit%252Cflair%252Chistory%252Cmodconfig%252Cmodflair%252Cmodlog%252Cmodposts%252Cmodwiki%252Cmysubreddits%252Cprivatemessages%252Cread%252Creport%252Csave%252Csubmit%252Csubscribe%252Cvote%252Cwikiedit%252Cwikiread (0)
03-15 00:52:58.791  5975  6026 D eglCodecCommon: setVertexArrayObject: set vao to 1 (1) 8 12
03-15 00:52:58.796  5975  6026 D eglCodecCommon: setVertexArrayObject: set vao to 0 (0) 8 3
03-15 00:52:58.912  5975  6026 D eglCodecCommon: setVertexArrayObject: set vao to 1 (1) 8 12
03-15 00:52:58.924  5975  6026 D eglCodecCommon: setVertexArrayObject: set vao to 0 (0) 8 3
03-15 00:52:59.086  5975 11127 D OK      : request got status: 200
03-15 00:52:59.181  5975  6026 D eglCodecCommon: setVertexArrayObject: set vao to 1 (1) 8 12
03-15 00:52:59.186  5975  6026 D eglCodecCommon: setVertexArrayObject: set vao to 0 (0) 8 3
03-15 00:52:59.442  5975 11127 I PostListingFragment: Successfully precached https://oauth.reddit.com/comments/fivii9/.json?sort=confidence
03-15 00:52:59.494  5975  6026 D eglCodecCommon: setVertexArrayObject: set vao to 1 (1) 8 12
03-15 00:52:59.494  2024  2993 W InputReader: Device has associated, but no associated display id.
03-15 00:52:59.494  2024  2993 I chatty  : uid=1000(system) Binder:2024_F identical 8 lines
03-15 00:52:59.494  2024  2993 W InputReader: Device has associated, but no associated display id.
03-15 00:52:59.495  5975  6026 D eglCodecCommon: setVertexArrayObject: set vao to 0 (0) 8 3
03-15 00:52:59.513  2024  2365 W InputReader: Device has associated, but no associated display id.
03-15 00:52:59.513  2024  2365 I chatty  : uid=1000(system) Binder:2024_6 identical 28 lines
03-15 00:52:59.513  2024  2365 W InputReader: Device has associated, but no associated display id.
03-15 00:52:59.515  5975 10990 D eglCodecCommon: setVertexArrayObject: set vao to 2 (2) 5 0
03-15 00:52:59.516  5975 10990 D eglCodecCommon: setVertexArrayObject: set vao to 1 (1) 0 6
03-15 00:52:59.524  1757  3626 W audio_hw_generic: Not supplying enough data to HAL, expected position 86327389 , only wrote 86327261
03-15 00:52:59.580  1766  2316 E GnssHAL_GnssInterface: gnssSvStatusCb: a: input svInfo.flags is 8
03-15 00:52:59.589  1766  2316 E GnssHAL_GnssInterface: gnssSvStatusCb: b: input svInfo.flags is 8
03-15 00:52:59.592  5975 11187 D OK      : calling: https://oauth.reddit.com/comments/fiqp8t/.json?sort=confidence
03-15 00:52:59.595  1767  1957 D gralloc_ranchu: gralloc_alloc: Creating ashmem region of size 3674112
03-15 00:52:59.609  1767  1957 I chatty  : uid=1000(system) HwBinder:1767_2 identical 1 line
03-15 00:52:59.621  1767  1957 D gralloc_ranchu: gralloc_alloc: Creating ashmem region of size 3674112
03-15 00:52:59.626  5670  5683 I mit.droidbotap: Background concurrent copying GC freed 39080(1598KB) AllocSpace objects, 58(1528KB) LOS objects, 49% free, 2919KB/5838KB, paused 83us total 243.900ms
03-15 00:52:59.628  5975  6026 D EGL_emulation: eglMakeCurrent: 0xe132b900: ver 3 0 (tinfo 0xe1322af0)
03-15 00:52:59.699  1767  1957 D gralloc_ranchu: gralloc_alloc: Creating ashmem region of size 8298496
03-15 00:52:59.713  1767  1957 D gralloc_ranchu: gralloc_alloc: Creating ashmem region of size 8298496
03-15 00:52:59.725  5975  6026 D EGL_emulation: eglMakeCurrent: 0xe132b900: ver 3 0 (tinfo 0xe1322af0)
03-15 00:52:59.742  1767  1767 D gralloc_ranchu: gralloc_alloc: Creating ashmem region of size 8298496
03-15 00:52:59.763  5975  6026 D EGL_emulation: eglMakeCurrent: 0xe132b900: ver 3 0 (tinfo 0xe1322af0)
03-15 00:52:59.768  2024  2053 E memtrack: Couldn't load memtrack module
03-15 00:52:59.768  2024  2053 W android.os.Debug: failed to get memory consumption info: -1
03-15 00:52:59.769  5975  6026 D eglCodecCommon: setVertexArrayObject: set vao to 1 (1) 8 12
03-15 00:52:59.771  5975  6026 D eglCodecCommon: setVertexArrayObject: set vao to 0 (0) 8 3
03-15 00:52:59.807  2024  2048 W InputReader: Device has associated, but no associated display id.
03-15 00:52:59.807  2024  2048 I chatty  : uid=1000(system) android.anim identical 8 lines
03-15 00:52:59.807  2024  2048 W InputReader: Device has associated, but no associated display id.
03-15 00:52:59.813  5975  6026 D EGL_emulation: eglMakeCurrent: 0xe132b900: ver 3 0 (tinfo 0xe1322af0)
03-15 00:52:59.821  2024  2048 W InputReader: Device has associated, but no associated display id.
03-15 00:52:59.821  2024  2048 I chatty  : uid=1000(system) android.anim identical 8 lines
03-15 00:52:59.821  2024  2048 W InputReader: Device has associated, but no associated display id.
03-15 00:52:59.838  3727  3737 I ndroid.systemu: Background young concurrent copying GC freed 234190(5462KB) AllocSpace objects, 0(0B) LOS objects, 49% free, 5656KB/10MB, paused 16us total 335.874ms
03-15 00:53:00.143  5670  5683 I mit.droidbotap: Background young concurrent copying GC freed 36205(1914KB) AllocSpace objects, 65(1456KB) LOS objects, 45% free, 3177KB/5838KB, paused 28us total 148.209ms
03-15 00:53:00.342  5975  6026 D eglCodecCommon: setVertexArrayObject: set vao to 1 (1) 8 12
03-15 00:53:00.344  5975  6026 D eglCodecCommon: setVertexArrayObject: set vao to 0 (0) 0 3
03-15 00:53:00.441  5975 11187 D OK      : request got status: 200
03-15 00:53:00.527  5975 11187 I PostListingFragment: Successfully precached https://oauth.reddit.com/comments/fiqp8t/.json?sort=confidence
03-15 00:53:00.584  1766  2316 E GnssHAL_GnssInterface: gnssSvStatusCb: a: input svInfo.flags is 8
03-15 00:53:00.584  1766  2316 E GnssHAL_GnssInterface: gnssSvStatusCb: b: input svInfo.flags is 8
03-15 00:53:00.717 11252 11252 D AndroidRuntime: >>>>>> START com.android.internal.os.RuntimeInit uid 2000 <<<<<<
03-15 00:53:00.707 11252 11252 W app_process: type=1400 audit(0.0:2566): avc: denied { read } for name="u:object_r:device_config_runtime_native_boot_prop:s0" dev="tmpfs" ino=6815 scontext=u:r:shell:s0 tcontext=u:object_r:device_config_runtime_native_boot_prop:s0 tclass=file permissive=0
03-15 00:53:00.723 11252 11252 E libc    : Access denied finding property "persist.device_config.runtime_native_boot.enable_apex_image"
03-15 00:53:00.724 11252 11252 I AndroidRuntime: Using default boot image
03-15 00:53:00.717 11252 11252 W app_process: type=1400 audit(0.0:2567): avc: denied { read } for name="u:object_r:device_config_runtime_native_boot_prop:s0" dev="tmpfs" ino=6815 scontext=u:r:shell:s0 tcontext=u:object_r:device_config_runtime_native_boot_prop:s0 tclass=file permissive=0
03-15 00:53:00.725 11252 11252 E libc    : Access denied finding property "persist.device_config.runtime_native_boot.disable_lock_profiling"
03-15 00:53:00.725 11252 11252 I AndroidRuntime: Leaving lock profiling enabled
03-15 00:53:00.717 11252 11252 W app_process: type=1400 audit(0.0:2568): avc: denied { read } for name="u:object_r:device_config_runtime_native_boot_prop:s0" dev="tmpfs" ino=6815 scontext=u:r:shell:s0 tcontext=u:object_r:device_config_runtime_native_boot_prop:s0 tclass=file permissive=0
03-15 00:53:00.726 11252 11252 E libc    : Access denied finding property "persist.device_config.runtime_native_boot.enable_generational_cc"
03-15 00:53:00.792  5975 11258 D OK      : calling: https://oauth.reddit.com/comments/fisphm/.json?sort=confidence
03-15 00:53:00.814 11252 11252 D ICU     : Time zone APEX file found: /apex/com.android.tzdata/etc/icu/icu_tzdata.dat
03-15 00:53:00.822 11252 11252 W app_process: Unexpected CPU variant for X86 using defaults: x86
03-15 00:53:00.823 11252 11252 I app_process: The ClassLoaderContext is a special shared library.
03-15 00:53:00.842 11252 11252 W app_process: JNI RegisterNativeMethods: attempt to register 0 native methods for android.media.AudioAttributes
03-15 00:53:00.856 11252 11252 D AndroidRuntime: Calling main entry com.android.commands.input.Input
03-15 00:53:00.991  5975 11258 D OK      : request got status: 200
03-15 00:53:01.011  5975 11258 I PostListingFragment: Successfully precached https://oauth.reddit.com/comments/fisphm/.json?sort=confidence
03-15 00:53:01.069 11252 11252 D AndroidRuntime: Shutting down VM
03-15 00:53:01.184  5975  6026 D eglCodecCommon: setVertexArrayObject: set vao to 0 (0) 8 3
03-15 00:53:01.588  1766  2316 E GnssHAL_GnssInterface: gnssSvStatusCb: a: input svInfo.flags is 8
03-15 00:53:01.588  1766  2316 E GnssHAL_GnssInterface: gnssSvStatusCb: b: input svInfo.flags is 8
03-15 00:53:01.996  5975 11286 D OK      : calling: https://oauth.reddit.com/comments/fit581/.json?sort=confidence
03-15 00:53:02.264  5975 11286 D OK      : request got status: 200
03-15 00:53:02.293  5975 11286 I PostListingFragment: Successfully precached https://oauth.reddit.com/comments/fit581/.json?sort=confidence
03-15 00:53:02.595  1766  2316 E GnssHAL_GnssInterface: gnssSvStatusCb: a: input svInfo.flags is 8
03-15 00:53:02.595  1766  2316 E GnssHAL_GnssInterface: gnssSvStatusCb: b: input svInfo.flags is 8
03-15 00:53:02.643  1757  1757 W audio_hw_generic: Not supplying enough data to HAL, expected position 86600898 , only wrote 86464749
03-15 00:53:03.097 11372 11372 W app_process: type=1400 audit(0.0:2569): avc: denied { read } for name="u:object_r:device_config_runtime_native_boot_prop:s0" dev="tmpfs" ino=6815 scontext=u:r:shell:s0 tcontext=u:object_r:device_config_runtime_native_boot_prop:s0 tclass=file permissive=0
03-15 00:53:03.106 11372 11372 D AndroidRuntime: >>>>>> START com.android.internal.os.RuntimeInit uid 2000 <<<<<<
03-15 00:53:03.109 11372 11372 E libc    : Access denied finding property "persist.device_config.runtime_native_boot.enable_apex_image"
03-15 00:53:03.109 11372 11372 I AndroidRuntime: Using default boot image
03-15 00:53:03.109 11372 11372 E libc    : Access denied finding property "persist.device_config.runtime_native_boot.disable_lock_profiling"
03-15 00:53:03.109 11372 11372 I AndroidRuntime: Leaving lock profiling enabled
03-15 00:53:03.109 11372 11372 E libc    : Access denied finding property "persist.device_config.runtime_native_boot.enable_generational_cc"
03-15 00:53:03.206  5975 11374 D OK      : calling: https://oauth.reddit.com/comments/fijmd9/.json?sort=confidence
03-15 00:53:03.280 11372 11372 D ICU     : Time zone APEX file found: /apex/com.android.tzdata/etc/icu/icu_tzdata.dat
03-15 00:53:03.314 11372 11372 W app_process: Unexpected CPU variant for X86 using defaults: x86
03-15 00:53:03.340 11372 11372 I app_process: The ClassLoaderContext is a special shared library.
03-15 00:53:03.489  5975 11374 D OK      : request got status: 200
03-15 00:53:03.515 11372 11372 W app_process: JNI RegisterNativeMethods: attempt to register 0 native methods for android.media.AudioAttributes
03-15 00:53:03.532 11372 11372 D AndroidRuntime: Calling main entry com.android.commands.input.Input
03-15 00:53:03.593  2024  2034 I system_server: Background young concurrent copying GC freed 39777(3914KB) AllocSpace objects, 62(1728KB) LOS objects, 30% free, 13MB/19MB, paused 40us total 206.456ms
03-15 00:53:03.596  1766  2316 E GnssHAL_GnssInterface: gnssSvStatusCb: a: input svInfo.flags is 8
03-15 00:53:03.596  1766  2316 E GnssHAL_GnssInterface: gnssSvStatusCb: b: input svInfo.flags is 8
03-15 00:53:03.625  5975 11374 I PostListingFragment: Successfully precached https://oauth.reddit.com/comments/fijmd9/.json?sort=confidence
03-15 00:53:03.808 11372 11372 D AndroidRuntime: Shutting down VM
03-15 00:53:03.870  5975  6026 D EGL_emulation: eglMakeCurrent: 0xe132b900: ver 3 0 (tinfo 0xe1322af0)
03-15 00:53:03.903  1757  3626 W audio_hw_generic: Not supplying enough data to HAL, expected position 86465074 , only wrote 86464749
03-15 00:53:03.927  1757  3626 W audio_hw_generic: Not supplying enough data to HAL, expected position 86465771 , only wrote 86465410
03-15 00:53:03.975  5975  6026 D OpenGLRenderer: endAllActiveAnimators on 0xbd1af780 (RippleDrawable) with handle 0xbd498280
03-15 00:53:04.012  2024  2365 E InputDispatcher: Window handle Window{c55752f u0 org.quantumbadger.redreader/org.quantumbadger.redreader.activities.MainActivity} has no registered input channel
03-15 00:53:04.072  1757  3626 W audio_hw_generic: Not supplying enough data to HAL, expected position 86471844 , only wrote 86471359
03-15 00:53:04.075  1757  3626 W audio_hw_generic: Not supplying enough data to HAL, expected position 86471472 , only wrote 86471359
03-15 00:53:04.081  5975  6026 D EGL_emulation: eglMakeCurrent: 0xe132b900: ver 3 0 (tinfo 0xe1322af0)
03-15 00:53:04.104  1757  3626 W audio_hw_generic: Not supplying enough data to HAL, expected position 86472635 , only wrote 86472020
03-15 00:53:04.209  1757  3626 W audio_hw_generic: Not supplying enough data to HAL, expected position 86476648 , only wrote 86476647
03-15 00:53:04.304  5975 10990 D eglCodecCommon: setVertexArrayObject: set vao to 4 (4) 0 0
03-15 00:53:04.375  1757  3626 W audio_hw_generic: Not supplying enough data to HAL, expected position 86483990 , only wrote 86483918
