03-15 00:29:32.804 27693 29083 I PostListingFragment: Successfully precached https://oauth.reddit.com/comments/fivii9/.json?sort=confidence
03-15 00:29:33.014 27693 29128 D OK      : calling: https://oauth.reddit.com/comments/fijqbq/.json?sort=confidence
03-15 00:29:33.152 29116 29116 D AndroidRuntime: >>>>>> START com.android.internal.os.RuntimeInit uid 2000 <<<<<<
03-15 00:29:33.147 29116 29116 W app_process: type=1400 audit(0.0:2335): avc: denied { read } for name="u:object_r:device_config_runtime_native_boot_prop:s0" dev="tmpfs" ino=6815 scontext=u:r:shell:s0 tcontext=u:object_r:device_config_runtime_native_boot_prop:s0 tclass=file permissive=0
03-15 00:29:33.158 29116 29116 E libc    : Access denied finding property "persist.device_config.runtime_native_boot.enable_apex_image"
03-15 00:29:33.158 29116 29116 I AndroidRuntime: Using default boot image
03-15 00:29:33.147 29116 29116 W app_process: type=1400 audit(0.0:2336): avc: denied { read } for name="u:object_r:device_config_runtime_native_boot_prop:s0" dev="tmpfs" ino=6815 scontext=u:r:shell:s0 tcontext=u:object_r:device_config_runtime_native_boot_prop:s0 tclass=file permissive=0
03-15 00:29:33.169 29116 29116 E libc    : Access denied finding property "persist.device_config.runtime_native_boot.disable_lock_profiling"
03-15 00:29:33.169 29116 29116 I AndroidRuntime: Leaving lock profiling enabled
03-15 00:29:33.169 29116 29116 E libc    : Access denied finding property "persist.device_config.runtime_native_boot.enable_generational_cc"
03-15 00:29:33.172 29116 29116 W app_process: Could not reserve sentinel fault page
03-15 00:29:33.167 29116 29116 W app_process: type=1400 audit(0.0:2337): avc: denied { read } for name="u:object_r:device_config_runtime_native_boot_prop:s0" dev="tmpfs" ino=6815 scontext=u:r:shell:s0 tcontext=u:object_r:device_config_runtime_native_boot_prop:s0 tclass=file permissive=0
03-15 00:29:33.442 29116 29116 D ICU     : Time zone APEX file found: /apex/com.android.tzdata/etc/icu/icu_tzdata.dat
03-15 00:29:33.447 29116 29116 W app_process: Unexpected CPU variant for X86 using defaults: x86
03-15 00:29:33.450 29116 29116 I app_process: The ClassLoaderContext is a special shared library.
03-15 00:29:33.464 29116 29116 W app_process: JNI RegisterNativeMethods: attempt to register 0 native methods for android.media.AudioAttributes
03-15 00:29:33.475 29116 29116 D AndroidRuntime: Calling main entry com.android.commands.input.Input
03-15 00:29:33.680  1766  2316 E GnssHAL_GnssInterface: gnssSvStatusCb: a: input svInfo.flags is 8
03-15 00:29:33.680  1766  2316 E GnssHAL_GnssInterface: gnssSvStatusCb: b: input svInfo.flags is 8
03-15 00:29:33.726 29116 29116 D AndroidRuntime: Shutting down VM
03-15 00:29:33.757  1757  3626 W audio_hw_generic: Not supplying enough data to HAL, expected position 76293951 , only wrote 76293942
03-15 00:29:34.146 27693 29128 D OK      : request got status: 200
03-15 00:29:34.227 27693 29160 D OK      : calling: https://oauth.reddit.com/comments/fiv4yh/.json?sort=confidence
03-15 00:29:34.360 27693 29128 I PostListingFragment: Successfully precached https://oauth.reddit.com/comments/fijqbq/.json?sort=confidence
03-15 00:29:34.515 27693 29160 D OK      : request got status: 200
03-15 00:29:34.537 27693 29160 I PostListingFragment: Successfully precached https://oauth.reddit.com/comments/fiv4yh/.json?sort=confidence
03-15 00:29:34.686  1766  2316 E GnssHAL_GnssInterface: gnssSvStatusCb: a: input svInfo.flags is 8
03-15 00:29:34.686  1766  2316 E GnssHAL_GnssInterface: gnssSvStatusCb: b: input svInfo.flags is 8
03-15 00:29:34.814 27693 28711 I PostListingFragment: Successfully precached https://giant.gfycat.com/ShowyDirectEuropeanpolecat.mp4
03-15 00:29:35.415 27693 29229 D OK      : calling: https://oauth.reddit.com/comments/fik24y/.json?sort=confidence
03-15 00:29:35.693  1766  2316 E GnssHAL_GnssInterface: gnssSvStatusCb: a: input svInfo.flags is 8
03-15 00:29:35.693  1766  2316 E GnssHAL_GnssInterface: gnssSvStatusCb: b: input svInfo.flags is 8
03-15 00:29:35.843 27693 29229 D OK      : request got status: 200
03-15 00:29:35.897 27693 27710 W System  : A resource failed to call end. 
03-15 00:29:35.908 27693 27710 I chatty  : uid=10149(org.quantumbadger.redreader) FinalizerDaemon identical 6 lines
03-15 00:29:35.916 27693 27710 W System  : A resource failed to call end. 
03-15 00:29:35.922 27693 29229 I PostListingFragment: Successfully precached https://oauth.reddit.com/comments/fik24y/.json?sort=confidence
03-15 00:29:35.928 27693 27710 W System  : A resource failed to call end. 
03-15 00:29:36.192 29269 29269 D AndroidRuntime: >>>>>> START com.android.internal.os.RuntimeInit uid 2000 <<<<<<
03-15 00:29:36.187 29269 29269 W app_process: type=1400 audit(0.0:2338): avc: denied { read } for name="u:object_r:device_config_runtime_native_boot_prop:s0" dev="tmpfs" ino=6815 scontext=u:r:shell:s0 tcontext=u:object_r:device_config_runtime_native_boot_prop:s0 tclass=file permissive=0
03-15 00:29:36.196 29269 29269 E libc    : Access denied finding property "persist.device_config.runtime_native_boot.enable_apex_image"
03-15 00:29:36.196 29269 29269 I AndroidRuntime: Using default boot image
03-15 00:29:36.187 29269 29269 W app_process: type=1400 audit(0.0:2339): avc: denied { read } for name="u:object_r:device_config_runtime_native_boot_prop:s0" dev="tmpfs" ino=6815 scontext=u:r:shell:s0 tcontext=u:object_r:device_config_runtime_native_boot_prop:s0 tclass=file permissive=0
03-15 00:29:36.196 29269 29269 E libc    : Access denied finding property "persist.device_config.runtime_native_boot.disable_lock_profiling"
03-15 00:29:36.196 29269 29269 I AndroidRuntime: Leaving lock profiling enabled
03-15 00:29:36.187 29269 29269 W app_process: type=1400 audit(0.0:2340): avc: denied { read } for name="u:object_r:device_config_runtime_native_boot_prop:s0" dev="tmpfs" ino=6815 scontext=u:r:shell:s0 tcontext=u:object_r:device_config_runtime_native_boot_prop:s0 tclass=file permissive=0
03-15 00:29:36.197 29269 29269 E libc    : Access denied finding property "persist.device_config.runtime_native_boot.enable_generational_cc"
03-15 00:29:36.267 29269 29269 D ICU     : Time zone APEX file found: /apex/com.android.tzdata/etc/icu/icu_tzdata.dat
03-15 00:29:36.277 29269 29269 W app_process: Unexpected CPU variant for X86 using defaults: x86
03-15 00:29:36.285 29269 29269 I app_process: The ClassLoaderContext is a special shared library.
03-15 00:29:36.303 29269 29269 W app_process: JNI RegisterNativeMethods: attempt to register 0 native methods for android.media.AudioAttributes
03-15 00:29:36.309 29269 29269 D AndroidRuntime: Calling main entry com.android.commands.input.Input
03-15 00:29:36.522 29269 29269 D AndroidRuntime: Shutting down VM
03-15 00:29:36.622 27693 29282 D OK      : calling: https://oauth.reddit.com/comments/fipekt/.json?sort=confidence
03-15 00:29:36.693  1766  2316 E GnssHAL_GnssInterface: gnssSvStatusCb: a: input svInfo.flags is 8
03-15 00:29:36.694  1766  2316 E GnssHAL_GnssInterface: gnssSvStatusCb: b: input svInfo.flags is 8
03-15 00:29:36.778 23336 23352 I mit.droidbotap: Background young concurrent copying GC freed 15663(602KB) AllocSpace objects, 14(812KB) LOS objects, 21% free, 3131KB/3964KB, paused 118us total 109.177ms
03-15 00:29:37.057 27693 29282 D OK      : request got status: 200
03-15 00:29:37.271 27693 29282 I PostListingFragment: Successfully precached https://oauth.reddit.com/comments/fipekt/.json?sort=confidence
03-15 00:29:37.697  1766  2316 E GnssHAL_GnssInterface: gnssSvStatusCb: a: input svInfo.flags is 8
03-15 00:29:37.697  1766  2316 E GnssHAL_GnssInterface: gnssSvStatusCb: b: input svInfo.flags is 8
03-15 00:29:37.819 27693 29314 D OK      : calling: https://oauth.reddit.com/comments/figv4u/.json?sort=confidence
03-15 00:29:38.700  1766  2316 E GnssHAL_GnssInterface: gnssSvStatusCb: a: input svInfo.flags is 8
03-15 00:29:38.700  1766  2316 E GnssHAL_GnssInterface: gnssSvStatusCb: b: input svInfo.flags is 8
03-15 00:29:38.911 27693 29314 D OK      : request got status: 200
03-15 00:29:38.947 27693 29314 I PostListingFragment: Successfully precached https://oauth.reddit.com/comments/figv4u/.json?sort=confidence
03-15 00:29:38.997 29404 29404 W app_process: type=1400 audit(0.0:2341): avc: denied { read } for name="u:object_r:device_config_runtime_native_boot_prop:s0" dev="tmpfs" ino=6815 scontext=u:r:shell:s0 tcontext=u:object_r:device_config_runtime_native_boot_prop:s0 tclass=file permissive=0
03-15 00:29:39.006 29404 29404 D AndroidRuntime: >>>>>> START com.android.internal.os.RuntimeInit uid 2000 <<<<<<
03-15 00:29:39.009 29404 29404 E libc    : Access denied finding property "persist.device_config.runtime_native_boot.enable_apex_image"
03-15 00:29:39.009 29404 29404 I AndroidRuntime: Using default boot image
03-15 00:29:39.009 29404 29404 E libc    : Access denied finding property "persist.device_config.runtime_native_boot.disable_lock_profiling"
03-15 00:29:39.009 29404 29404 I AndroidRuntime: Leaving lock profiling enabled
03-15 00:29:39.010 29404 29404 E libc    : Access denied finding property "persist.device_config.runtime_native_boot.enable_generational_cc"
03-15 00:29:38.997 29404 29404 W app_process: type=1400 audit(0.0:2342): avc: denied { read } for name="u:object_r:device_config_runtime_native_boot_prop:s0" dev="tmpfs" ino=6815 scontext=u:r:shell:s0 tcontext=u:object_r:device_config_runtime_native_boot_prop:s0 tclass=file permissive=0
03-15 00:29:39.014 29404 29404 W app_process: Could not reserve sentinel fault page
03-15 00:29:39.020 27693 29406 D OK      : calling: https://oauth.reddit.com/comments/fiib0k/.json?sort=confidence
03-15 00:29:39.078 29404 29404 D ICU     : Time zone APEX file found: /apex/com.android.tzdata/etc/icu/icu_tzdata.dat
03-15 00:29:39.082 29404 29404 W app_process: Unexpected CPU variant for X86 using defaults: x86
03-15 00:29:39.083 29404 29404 I app_process: The ClassLoaderContext is a special shared library.
03-15 00:29:39.099 29404 29404 W app_process: JNI RegisterNativeMethods: attempt to register 0 native methods for android.media.AudioAttributes
03-15 00:29:39.107 29404 29404 D AndroidRuntime: Calling main entry com.android.commands.input.Input
03-15 00:29:39.448 29404 29404 D AndroidRuntime: Shutting down VM
03-15 00:29:39.531  1767 23050 D gralloc_ranchu: gralloc_alloc: Creating ashmem region of size 3764224
03-15 00:29:39.562  1767 23050 D gralloc_ranchu: gralloc_alloc: Creating ashmem region of size 3764224
03-15 00:29:39.568  1767  1957 D gralloc_ranchu: gralloc_alloc: Creating ashmem region of size 3764224
03-15 00:29:39.609 27693 29406 D OK      : request got status: 200
03-15 00:29:39.612 27693 27756 D EGL_emulation: eglMakeCurrent: 0xe1320800: ver 3 0 (tinfo 0xe13228a0)
03-15 00:29:39.635 27693 27756 I chatty  : uid=10149(org.quantumbadger.redreader) RenderThread identical 1 line
03-15 00:29:39.686 27693 27756 D EGL_emulation: eglMakeCurrent: 0xe1320800: ver 3 0 (tinfo 0xe13228a0)
03-15 00:29:39.708  1766  2316 E GnssHAL_GnssInterface: gnssSvStatusCb: a: input svInfo.flags is 8
03-15 00:29:39.708  1766  2316 E GnssHAL_GnssInterface: gnssSvStatusCb: b: input svInfo.flags is 8
03-15 00:29:39.770 27693 27693 I AssistStructure: Flattened final assist data: 8424 bytes, containing 2 windows, 60 views
03-15 00:29:39.775  2454  2454 W GInputConnectionWrapper: IPC IC_GET_TEXT_BEFORE_CURSOR_AND_FIX_SELECTION_INDICES took 110 ms
03-15 00:29:39.784 27693 27756 D EGL_emulation: eglMakeCurrent: 0xe1320800: ver 3 0 (tinfo 0xe13228a0)
03-15 00:29:39.800  2454  2454 I KeyboardViewUtil: systemKeyboardHeightRatio:1.000000; userKeyboardHeightRatio:1.000000.
03-15 00:29:39.800  2454  2454 I AndroidIME: DummyIme.onActivate() : EditorInfo = Package = org.quantumbadger.redreader : Type = Number : Learning = Disable : Suggestion = Hide : AutoCorrection = Disable : Microphone = Hide : NoPersonalizedLearning = Disable
03-15 00:29:39.811  2454  2454 I Conv2QueryExtension: Current locale: en_US, config allows these locales: de,en,es,fr,it,ms,pt,ta
03-15 00:29:39.811  2454  2454 I Conv2QueryExtension: Conv2Query not enabled due to current app [org.quantumbadger.redreader] not in whitelist
03-15 00:29:39.811  2454  2454 I Conv2QueryExtension: onActivate() : Disabled by unsupported host app
03-15 00:29:39.812  2454  2454 I CurrentMicStatusHolder: Current Mic status = {MicIconHidden-PasswordOrNumberOrDateInputType,}
03-15 00:29:39.822  1767  1957 D gralloc_ranchu: gralloc_alloc: Creating ashmem region of size 8024064
03-15 00:29:39.845  2454  6204 D EGL_emulation: eglMakeCurrent: 0xd921b1a0: ver 3 0 (tinfo 0xd920f870)
03-15 00:29:39.853  1767  1957 D gralloc_ranchu: gralloc_alloc: Creating ashmem region of size 8024064
03-15 00:29:39.879  3727  3846 D EGL_emulation: eglMakeCurrent: 0xd921a420: ver 3 0 (tinfo 0xd920fb60)
03-15 00:29:39.888  1767  1957 D gralloc_ranchu: gralloc_alloc: Creating ashmem region of size 8024064
03-15 00:29:39.928  1757  3626 W audio_hw_generic: Hardware backing HAL too slow, could only write 0 of 661 frames
03-15 00:29:39.942  1757  3626 W audio_hw_generic: Hardware backing HAL too slow, could only write 0 of 661 frames
03-15 00:29:40.164 27693 27756 D EGL_emulation: eglMakeCurrent: 0xe1320800: ver 3 0 (tinfo 0xe13228a0)
03-15 00:29:40.225 27693 29447 D OK      : calling: https://oauth.reddit.com/comments/fitzy5/.json?sort=confidence
03-15 00:29:40.242 23336 23352 I mit.droidbotap: Background young concurrent copying GC freed 19176(1127KB) AllocSpace objects, 34(704KB) LOS objects, 12% free, 3452KB/3964KB, paused 27us total 175.189ms
03-15 00:29:40.371 23336 23352 I mit.droidbotap: Background concurrent copying GC freed 17879(1039KB) AllocSpace objects, 32(1068KB) LOS objects, 49% free, 2193KB/4386KB, paused 18us total 126.150ms
03-15 00:29:40.537 27693 29447 D OK      : request got status: 200
03-15 00:29:40.597 27693 29406 I PostListingFragment: Successfully precached https://oauth.reddit.com/comments/fiib0k/.json?sort=confidence
03-15 00:29:40.642 27693 29447 I PostListingFragment: Successfully precached https://oauth.reddit.com/comments/fitzy5/.json?sort=confidence
03-15 00:29:40.709  1766  2316 E GnssHAL_GnssInterface: gnssSvStatusCb: a: input svInfo.flags is 8
03-15 00:29:40.709  1766  2316 E GnssHAL_GnssInterface: gnssSvStatusCb: b: input svInfo.flags is 8
03-15 00:29:41.456 27693 29516 D OK      : calling: https://oauth.reddit.com/comments/fitcyi/.json?sort=confidence
03-15 00:29:41.496 27693 27756 D EGL_emulation: eglMakeCurrent: 0xe1320800: ver 3 0 (tinfo 0xe13228a0)
03-15 00:29:41.713  1766  2316 E GnssHAL_GnssInterface: gnssSvStatusCb: a: input svInfo.flags is 8
03-15 00:29:41.713  1766  2316 E GnssHAL_GnssInterface: gnssSvStatusCb: b: input svInfo.flags is 8
03-15 00:29:41.899 27693 27756 D EGL_emulation: eglMakeCurrent: 0xe1320800: ver 3 0 (tinfo 0xe13228a0)
03-15 00:29:41.928 27693 29516 D OK      : request got status: 200
03-15 00:29:42.071 27693 29516 I PostListingFragment: Successfully precached https://oauth.reddit.com/comments/fitcyi/.json?sort=confidence
03-15 00:29:42.436  1757  1757 W audio_hw_generic: Not supplying enough data to HAL, expected position 77058645 , only wrote 76676661
03-15 00:29:42.467 27693 27756 D EGL_emulation: eglMakeCurrent: 0xe1320800: ver 3 0 (tinfo 0xe13228a0)
03-15 00:29:42.468  1757  3626 W audio_hw_generic: Not supplying enough data to HAL, expected position 76676737 , only wrote 76676661
03-15 00:29:42.469 27693 27756 D OpenGLRenderer: endAllActiveAnimators on 0xc0982f80 (RippleDrawable) with handle 0xc18adcd0
03-15 00:29:42.497  2454  2454 I PhenotypeExpConfig: refreshConfiguration() : Force = false : UpdateAvailable = false : Age = 42 minutes : MaxAge = 720 minutes
03-15 00:29:42.513 27693 27756 D EGL_emulation: eglMakeCurrent: 0xe1320800: ver 3 0 (tinfo 0xe13228a0)
03-15 00:29:42.534  2454  2454 I AndroidIME: DummyIme.onDeactivate()
03-15 00:29:42.563  2454  6204 D EGL_emulation: eglMakeCurrent: 0xd921b1a0: ver 3 0 (tinfo 0xd920f870)
03-15 00:29:42.661 27693 29587 D OK      : calling: https://oauth.reddit.com/comments/fihtu8/.json?sort=confidence
03-15 00:29:42.718  1766  2316 E GnssHAL_GnssInterface: gnssSvStatusCb: a: input svInfo.flags is 8
03-15 00:29:42.718  1766  2316 E GnssHAL_GnssInterface: gnssSvStatusCb: b: input svInfo.flags is 8
03-15 00:29:43.085 27693 29587 D OK      : request got status: 200
03-15 00:29:43.117 29579 29579 D AndroidRuntime: >>>>>> START com.android.internal.os.RuntimeInit uid 2000 <<<<<<
03-15 00:29:43.107 29579 29579 W app_process: type=1400 audit(0.0:2344): avc: denied { read } for name="u:object_r:device_config_runtime_native_boot_prop:s0" dev="tmpfs" ino=6815 scontext=u:r:shell:s0 tcontext=u:object_r:device_config_runtime_native_boot_prop:s0 tclass=file permissive=0
03-15 00:29:43.124 29579 29579 E libc    : Access denied finding property "persist.device_config.runtime_native_boot.enable_apex_image"
03-15 00:29:43.124 29579 29579 I AndroidRuntime: Using default boot image
03-15 00:29:43.117 29579 29579 W app_process: type=1400 audit(0.0:2345): avc: denied { read } for name="u:object_r:device_config_runtime_native_boot_prop:s0" dev="tmpfs" ino=6815 scontext=u:r:shell:s0 tcontext=u:object_r:device_config_runtime_native_boot_prop:s0 tclass=file permissive=0
03-15 00:29:43.124 29579 29579 E libc    : Access denied finding property "persist.device_config.runtime_native_boot.disable_lock_profiling"
03-15 00:29:43.124 29579 29579 I AndroidRuntime: Leaving lock profiling enabled
03-15 00:29:43.124 29579 29579 E libc    : Access denied finding property "persist.device_config.runtime_native_boot.enable_generational_cc"
03-15 00:29:43.117 29579 29579 W app_process: type=1400 audit(0.0:2346): avc: denied { read } for name="u:object_r:device_config_runtime_native_boot_prop:s0" dev="tmpfs" ino=6815 scontext=u:r:shell:s0 tcontext=u:object_r:device_config_runtime_native_boot_prop:s0 tclass=file permissive=0
03-15 00:29:43.139 27693 29587 I PostListingFragment: Successfully precached https://oauth.reddit.com/comments/fihtu8/.json?sort=confidence
03-15 00:29:43.212 29579 29579 D ICU     : Time zone APEX file found: /apex/com.android.tzdata/etc/icu/icu_tzdata.dat
03-15 00:29:43.218 29579 29579 W app_process: Unexpected CPU variant for X86 using defaults: x86
03-15 00:29:43.223 29579 29579 I app_process: The ClassLoaderContext is a special shared library.
03-15 00:29:43.241 29579 29579 W app_process: JNI RegisterNativeMethods: attempt to register 0 native methods for android.media.AudioAttributes
03-15 00:29:43.245 29579 29579 D AndroidRuntime: Calling main entry com.android.commands.input.Input
03-15 00:29:43.622 29579 29579 D AndroidRuntime: Shutting down VM
03-15 00:29:43.696  1767  1957 D gralloc_ranchu: gralloc_alloc: Creating ashmem region of size 4976640
03-15 00:29:43.725  1766  2316 E GnssHAL_GnssInterface: gnssSvStatusCb: a: input svInfo.flags is 8
03-15 00:29:43.725  1766  2316 E GnssHAL_GnssInterface: gnssSvStatusCb: b: input svInfo.flags is 8
03-15 00:29:43.727  1767  1957 D gralloc_ranchu: gralloc_alloc: Creating ashmem region of size 4976640
03-15 00:29:43.739  1767 23050 D gralloc_ranchu: gralloc_alloc: Creating ashmem region of size 4976640
03-15 00:29:43.798 27693 27756 D EGL_emulation: eglMakeCurrent: 0xe1320800: ver 3 0 (tinfo 0xe13228a0)
03-15 00:29:43.814 27693 27756 D EGL_emulation: eglMakeCurrent: 0xe1320800: ver 3 0 (tinfo 0xe13228a0)
03-15 00:29:43.836 27693 29635 D OK      : calling: https://oauth.reddit.com/comments/fist1o/.json?sort=confidence
03-15 00:29:43.932 27693 27756 D EGL_emulation: eglMakeCurrent: 0xe1320800: ver 3 0 (tinfo 0xe13228a0)
03-15 00:29:44.051 27693 27756 I chatty  : uid=10149(org.quantumbadger.redreader) RenderThread identical 3 lines
03-15 00:29:44.072 27693 27756 D EGL_emulation: eglMakeCurrent: 0xe1320800: ver 3 0 (tinfo 0xe13228a0)
03-15 00:29:44.221 27693 29635 D OK      : request got status: 200
03-15 00:29:44.271 27693 29635 I PostListingFragment: Successfully precached https://oauth.reddit.com/comments/fist1o/.json?sort=confidence
03-15 00:29:44.724  1766  2316 E GnssHAL_GnssInterface: gnssSvStatusCb: a: input svInfo.flags is 8
03-15 00:29:44.724  1766  2316 E GnssHAL_GnssInterface: gnssSvStatusCb: b: input svInfo.flags is 8
03-15 00:29:44.966 27693 27756 D EGL_emulation: eglMakeCurrent: 0xe1320800: ver 3 0 (tinfo 0xe13228a0)
03-15 00:29:45.055 27693 29685 D OK      : calling: https://oauth.reddit.com/comments/fin697/.json?sort=confidence
03-15 00:29:45.301  2024  2034 I system_server: Background young concurrent copying GC freed 46452(4431KB) AllocSpace objects, 58(1520KB) LOS objects, 29% free, 13MB/19MB, paused 56us total 169.564ms
03-15 00:29:45.348 27693 27756 D EGL_emulation: eglMakeCurrent: 0xe1320800: ver 3 0 (tinfo 0xe13228a0)
03-15 00:29:45.518  1757  3626 W audio_hw_generic: Not supplying enough data to HAL, expected position 76811173 , only wrote 76810844
03-15 00:29:45.531  1757  3626 W audio_hw_generic: Not supplying enough data to HAL, expected position 76811407 , only wrote 76810844
03-15 00:29:45.727  1766  2316 E GnssHAL_GnssInterface: gnssSvStatusCb: a: input svInfo.flags is 8
03-15 00:29:45.727  1766  2316 E GnssHAL_GnssInterface: gnssSvStatusCb: b: input svInfo.flags is 8
03-15 00:29:45.845 27693 29685 D OK      : request got status: 200
03-15 00:29:46.068 27693 29685 I PostListingFragment: Successfully precached https://oauth.reddit.com/comments/fin697/.json?sort=confidence
03-15 00:29:46.244 27693 29742 D OK      : calling: https://oauth.reddit.com/comments/fisw0a/.json?sort=confidence
03-15 00:29:46.462 27693 29742 D OK      : request got status: 200
03-15 00:29:46.489 27693 29742 I PostListingFragment: Successfully precached https://oauth.reddit.com/comments/fisw0a/.json?sort=confidence
03-15 00:29:46.596  1757 14465 W audio_hw_generic: Not supplying enough data to HAL, expected position 76903892 , only wrote 76857775
03-15 00:29:46.666 29772 29772 D AndroidRuntime: >>>>>> START com.android.internal.os.RuntimeInit uid 2000 <<<<<<
03-15 00:29:46.657 29772 29772 W app_process: type=1400 audit(0.0:2347): avc: denied { read } for name="u:object_r:device_config_runtime_native_boot_prop:s0" dev="tmpfs" ino=6815 scontext=u:r:shell:s0 tcontext=u:object_r:device_config_runtime_native_boot_prop:s0 tclass=file permissive=0
03-15 00:29:46.669 29772 29772 E libc    : Access denied finding property "persist.device_config.runtime_native_boot.enable_apex_image"
03-15 00:29:46.669 29772 29772 I AndroidRuntime: Using default boot image
03-15 00:29:46.670 29772 29772 E libc    : Access denied finding property "persist.device_config.runtime_native_boot.disable_lock_profiling"
03-15 00:29:46.670 29772 29772 I AndroidRuntime: Leaving lock profiling enabled
03-15 00:29:46.671 29772 29772 E libc    : Access denied finding property "persist.device_config.runtime_native_boot.enable_generational_cc"
03-15 00:29:46.657 29772 29772 W app_process: type=1400 audit(0.0:2348): avc: denied { read } for name="u:object_r:device_config_runtime_native_boot_prop:s0" dev="tmpfs" ino=6815 scontext=u:r:shell:s0 tcontext=u:object_r:device_config_runtime_native_boot_prop:s0 tclass=file permissive=0
03-15 00:29:46.676 29772 29772 W app_process: Could not reserve sentinel fault page
03-15 00:29:46.730  1766  2316 E GnssHAL_GnssInterface: gnssSvStatusCb: a: input svInfo.flags is 8
03-15 00:29:46.730  1766  2316 E GnssHAL_GnssInterface: gnssSvStatusCb: b: input svInfo.flags is 8
03-15 00:29:46.748 29772 29772 D ICU     : Time zone APEX file found: /apex/com.android.tzdata/etc/icu/icu_tzdata.dat
03-15 00:29:46.752 29772 29772 W app_process: Unexpected CPU variant for X86 using defaults: x86
03-15 00:29:46.757 29772 29772 I app_process: The ClassLoaderContext is a special shared library.
03-15 00:29:46.772 29772 29772 W app_process: JNI RegisterNativeMethods: attempt to register 0 native methods for android.media.AudioAttributes
03-15 00:29:46.780 29772 29772 D AndroidRuntime: Calling main entry com.android.commands.input.Input
03-15 00:29:47.007  1757  3626 W audio_hw_generic: Not supplying enough data to HAL, expected position 76857889 , only wrote 76857775
03-15 00:29:47.008 29772 29772 D AndroidRuntime: Shutting down VM
03-15 00:29:47.033 27693 27756 D EGL_emulation: eglMakeCurrent: 0xe1320800: ver 3 0 (tinfo 0xe13228a0)
03-15 00:29:47.050 27693 27756 D OpenGLRenderer: endAllActiveAnimators on 0xc17fe080 (RippleDrawable) with handle 0xe1322c10
03-15 00:29:47.079  2024  2757 E InputDispatcher: Window handle Window{2710780 u0 org.quantumbadger.redreader/org.quantumbadger.redreader.settings.SettingsActivity} has no registered input channel
03-15 00:29:47.097 27693 27756 D EGL_emulation: eglMakeCurrent: 0xe1320800: ver 3 0 (tinfo 0xe13228a0)
03-15 00:29:47.329 23336 23352 I mit.droidbotap: Background young concurrent copying GC freed 17849(824KB) AllocSpace objects, 23(824KB) LOS objects, 17% free, 3483KB/4223KB, paused 1.783ms total 106.961ms
03-15 00:29:47.450 27693 29802 D OK      : calling: https://oauth.reddit.com/comments/fismyb/.json?sort=confidence
03-15 00:29:47.686 27693 29802 D OK      : request got status: 200
03-15 00:29:47.702 27693 29802 I PostListingFragment: Successfully precached https://oauth.reddit.com/comments/fismyb/.json?sort=confidence
03-15 00:29:47.734  1766  2316 E GnssHAL_GnssInterface: gnssSvStatusCb: a: input svInfo.flags is 8
03-15 00:29:47.735  1766  2316 E GnssHAL_GnssInterface: gnssSvStatusCb: b: input svInfo.flags is 8
03-15 00:29:48.534  2024  2379 W InputReader: Device has associated, but no associated display id.
03-15 00:29:48.554  2024  2379 I chatty  : uid=1000(system) Binder:2024_9 identical 38 lines
03-15 00:29:48.554  2024  2379 W InputReader: Device has associated, but no associated display id.
03-15 00:29:48.587 27693 27693 D AndroidRuntime: Shutting down VM
03-15 00:29:48.588 27693 27693 E AndroidRuntime: FATAL EXCEPTION: main
03-15 00:29:48.588 27693 27693 E AndroidRuntime: Process: org.quantumbadger.redreader, PID: 27693
03-15 00:29:48.588 27693 27693 E AndroidRuntime: java.lang.RuntimeException: Unable to resume activity {org.quantumbadger.redreader/org.quantumbadger.redreader.activities.MainActivity}: java.lang.NullPointerException: Attempt to invoke virtual method 'android.content.Intent android.support.v7.app.AppCompatActivity.getIntent()' on a null object reference
03-15 00:29:48.588 27693 27693 E AndroidRuntime: 	at android.app.ActivityThread.performResumeActivity(ActivityThread.java:4205)
03-15 00:29:48.588 27693 27693 E AndroidRuntime: 	at android.app.ActivityThread.handleResumeActivity(ActivityThread.java:4237)
03-15 00:29:48.588 27693 27693 E AndroidRuntime: 	at android.app.servertransaction.ResumeActivityItem.execute(ResumeActivityItem.java:52)
03-15 00:29:48.588 27693 27693 E AndroidRuntime: 	at android.app.servertransaction.TransactionExecutor.executeLifecycleState(TransactionExecutor.java:176)
03-15 00:29:48.588 27693 27693 E AndroidRuntime: 	at android.app.servertransaction.TransactionExecutor.execute(TransactionExecutor.java:97)
03-15 00:29:48.588 27693 27693 E AndroidRuntime: 	at android.app.ActivityThread$H.handleMessage(ActivityThread.java:2016)
03-15 00:29:48.588 27693 27693 E AndroidRuntime: 	at android.os.Handler.dispatchMessage(Handler.java:107)
03-15 00:29:48.588 27693 27693 E AndroidRuntime: 	at android.os.Looper.loop(Looper.java:214)
03-15 00:29:48.588 27693 27693 E AndroidRuntime: 	at android.app.ActivityThread.main(ActivityThread.java:7356)
03-15 00:29:48.588 27693 27693 E AndroidRuntime: 	at java.lang.reflect.Method.invoke(Native Method)
03-15 00:29:48.588 27693 27693 E AndroidRuntime: 	at com.android.internal.os.RuntimeInit$MethodAndArgsCaller.run(RuntimeInit.java:492)
03-15 00:29:48.588 27693 27693 E AndroidRuntime: 	at com.android.internal.os.ZygoteInit.main(ZygoteInit.java:930)
03-15 00:29:48.588 27693 27693 E AndroidRuntime: Caused by: java.lang.NullPointerException: Attempt to invoke virtual method 'android.content.Intent android.support.v7.app.AppCompatActivity.getIntent()' on a null object reference
03-15 00:29:48.588 27693 27693 E AndroidRuntime: 	at org.quantumbadger.redreader.common.General.recreateActivityNoAnimation(General.java:633)
03-15 00:29:48.588 27693 27693 E AndroidRuntime: 	at org.quantumbadger.redreader.activities.RefreshableActivity.doRefreshNow(RefreshableActivity.java:89)
03-15 00:29:48.588 27693 27693 E AndroidRuntime: 	at org.quantumbadger.redreader.activities.RefreshableActivity.onResume(RefreshableActivity.java:79)
03-15 00:29:48.588 27693 27693 E AndroidRuntime: 	at android.app.Instrumentation.callActivityOnResume(Instrumentation.java:1446)
03-15 00:29:48.588 27693 27693 E AndroidRuntime: 	at android.app.Activity.performResume(Activity.java:7939)
03-15 00:29:48.588 27693 27693 E AndroidRuntime: 	at android.app.ActivityThread.performResumeActivity(ActivityThread.java:4195)
03-15 00:29:48.588 27693 27693 E AndroidRuntime: 	... 11 more
03-15 00:29:48.591 27693 27693 W System.err: java.lang.RuntimeException: Unable to resume activity {org.quantumbadger.redreader/org.quantumbadger.redreader.activities.MainActivity}: java.lang.NullPointerException: Attempt to invoke virtual method 'android.content.Intent android.support.v7.app.AppCompatActivity.getIntent()' on a null object reference
03-15 00:29:48.592 27693 27693 W System.err: 	at android.app.ActivityThread.performResumeActivity(ActivityThread.java:4205)
03-15 00:29:48.592 27693 27693 W System.err: 	at android.app.ActivityThread.handleResumeActivity(ActivityThread.java:4237)
03-15 00:29:48.593 27693 27693 W System.err: 	at android.app.servertransaction.ResumeActivityItem.execute(ResumeActivityItem.java:52)
03-15 00:29:48.593 27693 27693 W System.err: 	at android.app.servertransaction.TransactionExecutor.executeLifecycleState(TransactionExecutor.java:176)
03-15 00:29:48.593 27693 27693 W System.err: 	at android.app.servertransaction.TransactionExecutor.execute(TransactionExecutor.java:97)
03-15 00:29:48.593 27693 27693 W System.err: 	at android.app.ActivityThread$H.handleMessage(ActivityThread.java:2016)
03-15 00:29:48.593 27693 27693 W System.err: 	at android.os.Handler.dispatchMessage(Handler.java:107)
03-15 00:29:48.593 27693 27693 W System.err: 	at android.os.Looper.loop(Looper.java:214)
03-15 00:29:48.593 27693 27693 W System.err: 	at android.app.ActivityThread.main(ActivityThread.java:7356)
03-15 00:29:48.593 27693 27693 W System.err: 	at java.lang.reflect.Method.invoke(Native Method)
03-15 00:29:48.593 27693 27693 W System.err: 	at com.android.internal.os.RuntimeInit$MethodAndArgsCaller.run(RuntimeInit.java:492)
03-15 00:29:48.593 27693 27693 W System.err: 	at com.android.internal.os.ZygoteInit.main(ZygoteInit.java:930)
03-15 00:29:48.595 27693 27693 W System.err: Caused by: java.lang.NullPointerException: Attempt to invoke virtual method 'android.content.Intent android.support.v7.app.AppCompatActivity.getIntent()' on a null object reference
03-15 00:29:48.595 27693 27693 W System.err: 	at org.quantumbadger.redreader.common.General.recreateActivityNoAnimation(General.java:633)
03-15 00:29:48.595 27693 27693 W System.err: 	at org.quantumbadger.redreader.activities.RefreshableActivity.doRefreshNow(RefreshableActivity.java:89)
03-15 00:29:48.595 27693 27693 W System.err: 	at org.quantumbadger.redreader.activities.RefreshableActivity.onResume(RefreshableActivity.java:79)
03-15 00:29:48.595 27693 27693 W System.err: 	at android.app.Instrumentation.callActivityOnResume(Instrumentation.java:1446)
03-15 00:29:48.595 27693 27693 W System.err: 	at android.app.Activity.performResume(Activity.java:7939)
03-15 00:29:48.595 27693 27693 W System.err: 	at android.app.ActivityThread.performResumeActivity(ActivityThread.java:4195)
03-15 00:29:48.595 27693 27693 W System.err: 	... 11 more
03-15 00:29:48.606  2024  2039 W ActivityTaskManager:   Force finishing activity org.quantumbadger.redreader/.activities.MainActivity
03-15 00:29:48.608  2024  2039 W InputReader: Device has associated, but no associated display id.
03-15 00:29:48.611  2024  2045 I ActivityManager: Showing crash dialog for package org.quantumbadger.redreader u0
03-15 00:29:48.616  2024 29841 I DropBoxManagerService: add tag=data_app_crash isTagEnabled=true flags=0x2
03-15 00:29:48.620  2024  2056 W BroadcastQueue: Background execution not allowed: receiving Intent { act=android.intent.action.DROPBOX_ENTRY_ADDED flg=0x10 (has extras) } to com.google.android.gms/.stats.service.DropBoxEntryAddedReceiver
03-15 00:29:48.620  2024  2056 W BroadcastQueue: Background execution not allowed: receiving Intent { act=android.intent.action.DROPBOX_ENTRY_ADDED flg=0x10 (has extras) } to com.google.android.gms/.chimera.GmsIntentOperationService$PersistentTrustedReceiver
03-15 00:29:48.608  2024  2039 I chatty  : uid=1000(system) Binder:2024_2 identical 8 lines
03-15 00:29:48.608  2024  2039 W InputReader: Device has associated, but no associated display id.
03-15 00:29:48.655 27693 29845 D OK      : calling: https://oauth.reddit.com/comments/fih0p4/.json?sort=confidence
03-15 00:29:48.740  1766  2316 E GnssHAL_GnssInterface: gnssSvStatusCb: a: input svInfo.flags is 8
03-15 00:29:48.743  1766  2316 E GnssHAL_GnssInterface: gnssSvStatusCb: b: input svInfo.flags is 8
03-15 00:29:48.752  2024  2743 D HostConnection: HostConnection::get() New Host Connection established 0xbbd2e220, tid 2743
03-15 00:29:48.752  2024  2743 D HostConnection: HostComposition ext ANDROID_EMU_CHECKSUM_HELPER_v1 ANDROID_EMU_native_sync_v2 ANDROID_EMU_native_sync_v3 ANDROID_EMU_native_sync_v4 ANDROID_EMU_dma_v1 ANDROID_EMU_direct_mem ANDROID_EMU_host_composition_v1 ANDROID_EMU_host_composition_v2 ANDROID_EMU_YUV420_888_to_NV21 ANDROID_EMU_YUV_Cache ANDROID_EMU_async_unmap_buffer GL_OES_EGL_image_external_essl3 GL_OES_vertex_array_object GL_KHR_texture_compression_astc_ldr ANDROID_EMU_gles_max_version_3_0 
03-15 00:29:48.753  2024  2743 W OpenGLRenderer: Failed to choose config with EGL_SWAP_BEHAVIOR_PRESERVED, retrying without...
03-15 00:29:48.768  2024  2743 D eglCodecCommon: setVertexArrayObject: set vao to 0 (0) 0 0
03-15 00:29:48.768  2024  2743 D EGL_emulation: eglCreateContext: 0xe13cfa40: maj 3 min 0 rcv 3
03-15 00:29:48.770  2024  2743 D EGL_emulation: eglMakeCurrent: 0xe13cfa40: ver 3 0 (tinfo 0xbd5706e0)
03-15 00:29:48.806  1767 23050 D gralloc_ranchu: gralloc_alloc: Creating ashmem region of size 3252224
03-15 00:29:48.815  2024  2743 D EGL_emulation: eglMakeCurrent: 0xe13cfa40: ver 3 0 (tinfo 0xbd5706e0)
03-15 00:29:48.822  2024  2743 D eglCodecCommon: setVertexArrayObject: set vao to 0 (0) 1 0
03-15 00:29:48.822  1767 23050 D gralloc_ranchu: gralloc_alloc: Creating ashmem region of size 3252224
03-15 00:29:48.834  1767  1957 D gralloc_ranchu: gralloc_alloc: Creating ashmem region of size 3252224
03-15 00:29:49.034  2024  2045 W Looper  : Slow dispatch took 329ms android.ui h=android.view.Choreographer$FrameHandler c=android.view.Choreographer$FrameDisplayEventReceiver@68ffe80 m=0
03-15 00:29:49.036  2024  2045 W Looper  : Slow delivery took 350ms android.ui h=com.android.server.wm.DisplayPolicy$PolicyHandler c=com.android.server.wm.-$$Lambda$DisplayPolicy$qQY9m_Itua9TDy-Nk3zzDxvjEwE@a3707fb m=0
03-15 00:29:49.051  2024  2045 W Looper  : Drained
03-15 00:29:49.110  2024  2047 W ActivityTaskManager: Activity top resumed state loss timeout for ActivityRecord{eff9258 u0 org.quantumbadger.redreader/.activities.MainActivity t87 f}
03-15 00:29:49.113  2024  2047 W ActivityTaskManager: Activity pause timeout for ActivityRecord{eff9258 u0 org.quantumbadger.redreader/.activities.MainActivity t87 f}
03-15 00:29:49.119  2024  2047 W InputReader: Device has associated, but no associated display id.
03-15 00:29:49.120  2024  2047 I chatty  : uid=1000(system) android.display identical 8 lines
03-15 00:29:49.120  2024  2047 W InputReader: Device has associated, but no associated display id.
03-15 00:29:49.153  1767  1957 D gralloc_ranchu: gralloc_alloc: Creating ashmem region of size 8298496
03-15 00:29:49.167  2024  2024 W ActivityManager: Unable to start service Intent { act=android.service.appprediction.AppPredictionService cmp=com.google.android.as/com.google.android.apps.miphone.aiai.app.AiAiPredictionService } U=0: not found
03-15 00:29:49.167  2024  2024 W RemoteAppPredictionService: could not bind to Intent { act=android.service.appprediction.AppPredictionService cmp=com.google.android.as/com.google.android.apps.miphone.aiai.app.AiAiPredictionService } using flags 67108865
03-15 00:29:49.169  3717  4142 D EGL_emulation: eglMakeCurrent: 0xd921aae0: ver 3 0 (tinfo 0xbcbb7770)
03-15 00:29:49.196  1767 23050 D gralloc_ranchu: gralloc_alloc: Creating ashmem region of size 8298496
03-15 00:29:49.221  1767  1957 D gralloc_ranchu: gralloc_alloc: Creating ashmem region of size 8298496
03-15 00:29:49.223  1767 23050 D gralloc_ranchu: gralloc_alloc: Creating ashmem region of size 8298496
03-15 00:29:49.225  2490  2860 D EGL_emulation: eglMakeCurrent: 0xe131f720: ver 3 0 (tinfo 0xe14009e0)
03-15 00:29:49.340  1790  1996 E IPCThreadState: binder thread pool (4 threads) starved for 124 ms
03-15 00:29:49.340  1767 23050 D gralloc_ranchu: gralloc_alloc: Creating ashmem region of size 8298496
03-15 00:29:49.340  1767  1957 D gralloc_ranchu: gralloc_alloc: Creating ashmem region of size 8298496
03-15 00:29:49.354  2024  2048 W InputReader: Device has associated, but no associated display id.
03-15 00:29:49.356  2024  2048 I chatty  : uid=1000(system) android.anim identical 8 lines
03-15 00:29:49.356  2024  2048 W InputReader: Device has associated, but no associated display id.
03-15 00:29:49.359  1767  1767 D gralloc_ranchu: gralloc_alloc: Creating ashmem region of size 5312512
03-15 00:29:49.548  3717  3717 W ThreadPoolDumper: Queue length for executor EventBus is now 11. Perhaps some tasks are too long, or the pool is too small.
03-15 00:29:49.571  3717  3860 W SessionLifecycleManager: Handover failed. Creating new session controller.
03-15 00:29:49.732  2490  2506 I s.nexuslaunche: NativeAlloc concurrent copying GC freed 25822(1170KB) AllocSpace objects, 2(176KB) LOS objects, 49% free, 2895KB/5791KB, paused 22us total 191.599ms
03-15 00:29:49.742  1766  2316 E GnssHAL_GnssInterface: gnssSvStatusCb: a: input svInfo.flags is 8
03-15 00:29:49.742  1766  2316 E GnssHAL_GnssInterface: gnssSvStatusCb: b: input svInfo.flags is 8
03-15 00:29:49.812 27693 29845 D OK      : request got status: 200
03-15 00:29:49.848  3717 23227 W LocationOracle: No location history returned by ContextManager
03-15 00:29:49.911 27693 29890 D OK      : calling: https://oauth.reddit.com/comments/fik2o6/.json?sort=confidence
03-15 00:29:50.030  3717  3860 I MicroDetectionWorker: #startMicroDetector [speakerMode: 0]
03-15 00:29:50.041  3727  3737 I ndroid.systemu: NativeAlloc concurrent copying GC freed 157372(3819KB) AllocSpace objects, 0(0B) LOS objects, 49% free, 5368KB/10MB, paused 15us total 389.455ms
03-15 00:29:50.047  3717  3860 W ErrorReporter: reportError [type: 211, code: 393244, bug: 0]: errorCode: 393244, engine: 0
03-15 00:29:50.047  3717  3860 I MicroDetector: Keeping mic open: false
03-15 00:29:50.047  3717  3860 I MicroDetectionWorker: #onError(false)
03-15 00:29:50.047  3717 23229 I DeviceStateChecker: DeviceStateChecker cancelled
03-15 00:29:50.374 27693 29845 I PostListingFragment: Successfully precached https://oauth.reddit.com/comments/fih0p4/.json?sort=confidence
03-15 00:29:50.377  2918  3533 W GCoreFlp: No location to return for getLastLocation()
03-15 00:29:50.489  2024  3258 I WifiService: acquireWifiLock uid=10098 lockMode=2
03-15 00:29:50.570  2024  2034 I system_server: NativeAlloc concurrent copying GC freed 50236(4585KB) AllocSpace objects, 51(1308KB) LOS objects, 30% free, 13MB/19MB, paused 34us total 951.700ms
03-15 00:29:50.579  2918 27965 W ctxmgr  : [AclManager] No 3 for (accnt=account#-517948760#, com.google.android.gms(10098):UserVelocityProducer, vrsn=19629040, 0, 3pPkg = null ,  3pMdlId = null ,  pid = 2918). Was: 3 for 1, account#-517948760# [CONTEXT service_id=47 ]
03-15 00:29:50.590  2918  3533 W GCoreFlp: No location to return for getLastLocation()
03-15 00:29:50.662  2024  2816 W AppOps  : Noting op not finished: uid 10098 pkg com.google.android.gms code 79 time=1584250182496 duration=-1584246692465
03-15 00:29:50.670 27693 29890 D OK      : request got status: 200
03-15 00:29:50.672  2024  2816 W AppOps  : Noting op not finished: uid 10098 pkg com.google.android.gms code 79 time=1584250190662 duration=0
03-15 00:29:50.714  2918 29918 I PlaceInferenceEngine: [anon] Changed inference mode: 0
03-15 00:29:50.717  2918  2918 I GeofencerStateMachine: removeGeofences: removeRequest=RemoveGeofencingRequest[REMOVE_BY_PENDING_INTENT pendingIntent=PendingIntent[creatorPackage=com.google.android.gms], packageName=com.google.android.gms]
03-15 00:29:50.720  2918  2918 I GeofencerStateMachine: removeGeofences: removeRequest=RemoveGeofencingRequest[REMOVE_BY_PENDING_INTENT pendingIntent=PendingIntent[creatorPackage=com.google.android.gms], packageName=com.google.android.gms]
03-15 00:29:50.736  2918  3533 W GCoreFlp: No location to return for getLastLocation()
03-15 00:29:50.746  1766  2316 E GnssHAL_GnssInterface: gnssSvStatusCb: a: input svInfo.flags is 8
03-15 00:29:50.746  1766  2316 E GnssHAL_GnssInterface: gnssSvStatusCb: b: input svInfo.flags is 8
03-15 00:29:50.811 27693 29890 I PostListingFragment: Successfully precached https://oauth.reddit.com/comments/fik2o6/.json?sort=confidence
03-15 00:29:50.834  2918 27965 I ctxmgr  : [ProducerStatusImpl] updateStateForNewContextData: inactive, contextName=7 [CONTEXT service_id=47 ]
03-15 00:29:50.842  2918  3533 W GCoreFlp: No location to return for getLastLocation()
03-15 00:29:50.896  2024  3258 W AppOps  : Noting op not finished: uid 10098 pkg com.google.android.gms code 79 time=1584250190672 duration=0
03-15 00:29:50.906  2024  3258 W AppOps  : Noting op not finished: uid 10098 pkg com.google.android.gms code 79 time=1584250190896 duration=0
03-15 00:29:50.953  2918  3533 W GCoreFlp: No location to return for getLastLocation()
03-15 00:29:50.957  2918 29918 I Places  : ?: PlacesBleScanner start() with priority 2
03-15 00:29:50.960  2918  2918 E BeaconBle: Missing BluetoothAdapter
03-15 00:29:50.960  2918  2918 I BeaconBle: BLE 'KK+' software access layer enabled
03-15 00:29:50.963  2918 29918 I PlaceInferenceEngine: [anon] Changed inference mode: 1
03-15 00:29:50.983  2024  2342 W AppOps  : Noting op not finished: uid 10098 pkg com.google.android.gms code 79 time=1584250190907 duration=0
03-15 00:29:50.999  2024  2375 W AppOps  : Noting op not finished: uid 10098 pkg com.google.android.gms code 79 time=1584250190983 duration=0
03-15 00:29:51.042  2918  2918 I BeaconBle: Client requested scan, settings=BleSettings [scanMode=ZERO_POWER, callbackType=ALL_MATCHES, reportDelayMillis=0, 1 filters, 0 clients, callingClientName=Places]
03-15 00:29:51.049  2918  2918 I BeaconBle: Scan : No clients left, canceling alarm.
03-15 00:29:51.051  2918  2918 E BeaconBle: Scan couldn't start for Places
03-15 00:29:51.052  2918  2918 W Places  : BLE failure while scanning - code 5
03-15 00:29:51.218 29943 29943 D AndroidRuntime: >>>>>> START com.android.internal.os.RuntimeInit uid 2000 <<<<<<
03-15 00:29:51.207 29943 29943 W app_process: type=1400 audit(0.0:2350): avc: denied { read } for name="u:object_r:device_config_runtime_native_boot_prop:s0" dev="tmpfs" ino=6815 scontext=u:r:shell:s0 tcontext=u:object_r:device_config_runtime_native_boot_prop:s0 tclass=file permissive=0
03-15 00:29:51.222 29943 29943 E libc    : Access denied finding property "persist.device_config.runtime_native_boot.enable_apex_image"
03-15 00:29:51.222 29943 29943 I AndroidRuntime: Using default boot image
03-15 00:29:51.222 29943 29943 E libc    : Access denied finding property "persist.device_config.runtime_native_boot.disable_lock_profiling"
03-15 00:29:51.222 29943 29943 I AndroidRuntime: Leaving lock profiling enabled
03-15 00:29:51.223 29943 29943 E libc    : Access denied finding property "persist.device_config.runtime_native_boot.enable_generational_cc"
03-15 00:29:51.248  2024  2375 W AppOps  : Noting op not finished: uid 10098 pkg com.google.android.gms code 79 time=1584250190999 duration=0
03-15 00:29:51.253  2024  2342 W AppOps  : Noting op not finished: uid 10106 pkg com.google.android.googlequicksearchbox code 79 time=1584250137087 duration=0
03-15 00:29:51.258  2024  2375 W AppOps  : Noting op not finished: uid 10098 pkg com.google.android.gms code 79 time=1584250191248 duration=0
03-15 00:29:51.269  2024  2342 W AppOps  : Noting op not finished: uid 10098 pkg com.google.android.gms code 79 time=1584250191258 duration=0
03-15 00:29:51.275  2024  2342 W AppOps  : Noting op not finished: uid 10098 pkg com.google.android.gms code 79 time=1584250191269 duration=0
03-15 00:29:51.322 29943 29943 D ICU     : Time zone APEX file found: /apex/com.android.tzdata/etc/icu/icu_tzdata.dat
03-15 00:29:51.329 29943 29943 W app_process: Unexpected CPU variant for X86 using defaults: x86
03-15 00:29:51.334  2024  2342 D WificondControl: Scan result ready event
03-15 00:29:51.340  2024  2342 I WifiService: releaseWifiLock uid=10098
03-15 00:29:51.343 29943 29943 I app_process: The ClassLoaderContext is a special shared library.
03-15 00:29:51.360 29943 29943 W app_process: JNI RegisterNativeMethods: attempt to register 0 native methods for android.media.AudioAttributes
03-15 00:29:51.364 29943 29943 D AndroidRuntime: Calling main entry com.android.commands.input.Input
03-15 00:29:51.578  2024  2039 W ActivityTaskManager:   Force finishing activity org.quantumbadger.redreader/.settings.SettingsActivity
03-15 00:29:51.578  2024  2039 W ActivityTaskManager:   Force finishing activity org.quantumbadger.redreader/.activities.MainActivity
03-15 00:29:51.580  2024  2039 I ActivityManager: Killing 27693:org.quantumbadger.redreader/u0a149 (adj 900): crash
03-15 00:29:51.583  2024  2743 D EGL_emulation: eglMakeCurrent: 0xe13cfa40: ver 3 0 (tinfo 0xbd5706e0)
03-15 00:29:51.587  2024  2048 W InputReader: Device has associated, but no associated display id.
03-15 00:29:51.590  2024  2048 I chatty  : uid=1000(system) android.anim identical 38 lines
03-15 00:29:51.590  2024  2048 W InputReader: Device has associated, but no associated display id.
03-15 00:29:51.594 29943 29943 D AndroidRuntime: Shutting down VM
03-15 00:29:51.598  2024  2375 E InputDispatcher: Window handle Window{fe655b8 u0 Application Error: org.quantumbadger.redreader} has no registered input channel
03-15 00:29:51.608  2024  2045 W InputEventReceiver: Attempted to finish an input event but the input event receiver has already been disposed.
03-15 00:29:51.657  1757 14465 W audio_hw_generic: Not supplying enough data to HAL, expected position 77267355 , only wrote 77062685
03-15 00:29:51.693  2024  2047 W ActivityManager: setHasOverlayUi called on unknown pid: 27693
03-15 00:29:51.699  1749  1749 I Zygote  : Process 27693 exited due to signal 9 (Killed)
03-15 00:29:51.718  2024  2058 I libprocessgroup: Successfully killed process cgroup uid 10149 pid 27693 in 136ms
03-15 00:29:51.752  1766  2316 E GnssHAL_GnssInterface: gnssSvStatusCb: a: input svInfo.flags is 8
03-15 00:29:51.752  1766  2316 E GnssHAL_GnssInterface: gnssSvStatusCb: b: input svInfo.flags is 8
03-15 00:29:52.756  1766  2316 E GnssHAL_GnssInterface: gnssSvStatusCb: a: input svInfo.flags is 8
03-15 00:29:52.756  1766  2316 E GnssHAL_GnssInterface: gnssSvStatusCb: b: input svInfo.flags is 8
03-15 00:29:53.087  2024  2375 I ActivityTaskManager: START u0 {act=android.intent.action.MAIN cat=[android.intent.category.LAUNCHER] flg=0x10000000 cmp=org.quantumbadger.redreader/.activities.MainActivity} from uid 2000
03-15 00:29:53.095  2024  2048 E system_server: Invalid ID 0x00000000.
03-15 00:29:53.098  2024  2816 W InputReader: Device has associated, but no associated display id.
03-15 00:29:53.098  2024  2816 I chatty  : uid=1000(system) Binder:2024_E identical 8 lines
03-15 00:29:53.098  2024  2816 W InputReader: Device has associated, but no associated display id.
03-15 00:29:53.117  1767  1957 D gralloc_ranchu: gralloc_alloc: Creating ashmem region of size 8298496
03-15 00:29:53.146  1749  1749 D Zygote  : Forked child process 30015
03-15 00:29:53.147  2024  2057 I ActivityManager: Start proc 30015:org.quantumbadger.redreader/u0a149 for activity {org.quantumbadger.redreader/org.quantumbadger.redreader.activities.MainActivity}
03-15 00:29:53.159 30015 30015 I adger.redreade: Not late-enabling -Xcheck:jni (already on)
03-15 00:29:53.208 30015 30015 E adger.redreade: Unknown bits set in runtime_flags: 0x8000
03-15 00:29:53.209 30015 30015 W adger.redreade: Unexpected CPU variant for X86 using defaults: x86
03-15 00:29:53.263  2024  2375 W InputReader: Device has associated, but no associated display id.
03-15 00:29:53.297  2024  2375 I chatty  : uid=1000(system) Binder:2024_8 identical 28 lines
03-15 00:29:53.297  2024  2375 W InputReader: Device has associated, but no associated display id.
03-15 00:29:53.317  1859  1859 E netmgr  : Failed to open QEMU pipe 'qemud:network': Invalid argument
03-15 00:29:53.321  2024  2048 W InputReader: Device has associated, but no associated display id.
03-15 00:29:53.321  2024  2048 I chatty  : uid=1000(system) android.anim identical 8 lines
03-15 00:29:53.321  2024  2048 W InputReader: Device has associated, but no associated display id.
03-15 00:29:53.327  1767  1957 D gralloc_ranchu: gralloc_alloc: Creating ashmem region of size 8298496
03-15 00:29:53.397 30015 30015 I adger.redreade: The ClassLoaderContext is a special shared library.
03-15 00:29:53.640  3717  4142 D EGL_emulation: eglMakeCurrent: 0xd921aae0: ver 3 0 (tinfo 0xbcbb7770)
03-15 00:29:53.699 30015 30015 I RedReader: Application created.
03-15 00:29:53.706  2490  2860 D EGL_emulation: eglMakeCurrent: 0xe131f720: ver 3 0 (tinfo 0xe14009e0)
03-15 00:29:53.720 30015 30015 I RedReader: Checking for new messages.
03-15 00:29:53.728 30015 30059 I RedditChangeDataIO: Running initial read...
