03-15 00:29:05.359 27929 27929 W app_process: Unexpected CPU variant for X86 using defaults: x86
03-15 00:29:05.374 27929 27929 I app_process: The ClassLoaderContext is a special shared library.
03-15 00:29:05.398 27929 27929 W app_process: JNI RegisterNativeMethods: attempt to register 0 native methods for android.media.AudioAttributes
03-15 00:29:05.404 27929 27929 D AndroidRuntime: Calling main entry com.android.commands.input.Input
03-15 00:29:05.431 27693 27756 D EGL_emulation: eglMakeCurrent: 0xe1320800: ver 3 0 (tinfo 0xe13228a0)
03-15 00:29:05.439  2024  3252 E InputDispatcher: Window handle Window{859f130 u0 org.quantumbadger.redreader/org.quantumbadger.redreader.activities.MainActivity} has no registered input channel
03-15 00:29:05.440 27929 27929 D AndroidRuntime: Shutting down VM
03-15 00:29:05.450 27693 27693 W InputEventReceiver: Attempted to finish an input event but the input event receiver has already been disposed.
03-15 00:29:05.519 27693 27756 D EGL_emulation: eglMakeCurrent: 0xe1320800: ver 3 0 (tinfo 0xe13228a0)
03-15 00:29:05.566  1766  2316 E GnssHAL_GnssInterface: gnssSvStatusCb: a: input svInfo.flags is 8
03-15 00:29:05.567  1766  2316 E GnssHAL_GnssInterface: gnssSvStatusCb: b: input svInfo.flags is 8
03-15 00:29:06.401  2024  3252 W AppOps  : Noting op not finished: uid 10098 pkg com.google.android.gms code 79 time=1584250137157 duration=0
03-15 00:29:06.405  2024  3252 W AppOps  : Noting op not finished: uid 10098 pkg com.google.android.gms code 79 time=1584250146401 duration=0
03-15 00:29:06.418  2024  2053 E memtrack: Couldn't load memtrack module
03-15 00:29:06.418  2024  2053 W android.os.Debug: failed to get memory consumption info: -1
03-15 00:29:06.424  2918 27671 I Places  : ?: PlacesBleScanner stop()
03-15 00:29:06.425  2918  2918 I BeaconBle: Scan : No clients left, canceling alarm.
03-15 00:29:06.427  2918  2918 I BeaconBle: Scan canceled successfully.
03-15 00:29:06.438  2918 27671 I PlaceInferenceEngine: [anon] Changed inference mode: 0
03-15 00:29:06.442  2918  3533 W GCoreFlp: No location to return for getLastLocation()
03-15 00:29:06.477  2918  2918 I GeofencerStateMachine: removeGeofences: removeRequest=RemoveGeofencingRequest[REMOVE_BY_PENDING_INTENT pendingIntent=PendingIntent[creatorPackage=com.google.android.gms], packageName=com.google.android.gms]
03-15 00:29:06.568  1766  2316 E GnssHAL_GnssInterface: gnssSvStatusCb: a: input svInfo.flags is 8
03-15 00:29:06.568  1766  2316 E GnssHAL_GnssInterface: gnssSvStatusCb: b: input svInfo.flags is 8
03-15 00:29:07.002  2024  3252 W AppOps  : Noting op not finished: uid 10098 pkg com.google.android.gms code 79 time=1584250146405 duration=0
03-15 00:29:07.011  2024  3252 W AppOps  : Noting op not finished: uid 10098 pkg com.google.android.gms code 79 time=1584250147002 duration=0
03-15 00:29:07.571 28067 28067 D AndroidRuntime: >>>>>> START com.android.internal.os.RuntimeInit uid 2000 <<<<<<
03-15 00:29:07.573  1766  2316 E GnssHAL_GnssInterface: gnssSvStatusCb: a: input svInfo.flags is 8
03-15 00:29:07.573  1766  2316 E GnssHAL_GnssInterface: gnssSvStatusCb: b: input svInfo.flags is 8
03-15 00:29:07.567 28067 28067 W app_process: type=1400 audit(0.0:2320): avc: denied { read } for name="u:object_r:device_config_runtime_native_boot_prop:s0" dev="tmpfs" ino=6815 scontext=u:r:shell:s0 tcontext=u:object_r:device_config_runtime_native_boot_prop:s0 tclass=file permissive=0
03-15 00:29:07.578 28067 28067 E libc    : Access denied finding property "persist.device_config.runtime_native_boot.enable_apex_image"
03-15 00:29:07.578 28067 28067 I AndroidRuntime: Using default boot image
03-15 00:29:07.579 28067 28067 E libc    : Access denied finding property "persist.device_config.runtime_native_boot.disable_lock_profiling"
03-15 00:29:07.579 28067 28067 I AndroidRuntime: Leaving lock profiling enabled
03-15 00:29:07.579 28067 28067 E libc    : Access denied finding property "persist.device_config.runtime_native_boot.enable_generational_cc"
03-15 00:29:07.583 28067 28067 W app_process: Could not reserve sentinel fault page
03-15 00:29:07.639 28067 28067 D ICU     : Time zone APEX file found: /apex/com.android.tzdata/etc/icu/icu_tzdata.dat
03-15 00:29:07.644 28067 28067 W app_process: Unexpected CPU variant for X86 using defaults: x86
03-15 00:29:07.646 28067 28067 I app_process: The ClassLoaderContext is a special shared library.
03-15 00:29:07.662 28067 28067 W app_process: JNI RegisterNativeMethods: attempt to register 0 native methods for android.media.AudioAttributes
03-15 00:29:07.666 28067 28067 D AndroidRuntime: Calling main entry com.android.commands.input.Input
03-15 00:29:08.181 28067 28067 D AndroidRuntime: Shutting down VM
03-15 00:29:08.578  1766  2316 E GnssHAL_GnssInterface: gnssSvStatusCb: a: input svInfo.flags is 8
03-15 00:29:08.578  1766  2316 E GnssHAL_GnssInterface: gnssSvStatusCb: b: input svInfo.flags is 8
03-15 00:29:09.582  1766  2316 E GnssHAL_GnssInterface: gnssSvStatusCb: a: input svInfo.flags is 8
03-15 00:29:09.582  1766  2316 E GnssHAL_GnssInterface: gnssSvStatusCb: b: input svInfo.flags is 8
03-15 00:29:10.322 28209 28209 D AndroidRuntime: >>>>>> START com.android.internal.os.RuntimeInit uid 2000 <<<<<<
03-15 00:29:10.317 28209 28209 W app_process: type=1400 audit(0.0:2323): avc: denied { read } for name="u:object_r:device_config_runtime_native_boot_prop:s0" dev="tmpfs" ino=6815 scontext=u:r:shell:s0 tcontext=u:object_r:device_config_runtime_native_boot_prop:s0 tclass=file permissive=0
03-15 00:29:10.326 28209 28209 E libc    : Access denied finding property "persist.device_config.runtime_native_boot.enable_apex_image"
03-15 00:29:10.326 28209 28209 I AndroidRuntime: Using default boot image
03-15 00:29:10.326 28209 28209 E libc    : Access denied finding property "persist.device_config.runtime_native_boot.disable_lock_profiling"
03-15 00:29:10.326 28209 28209 I AndroidRuntime: Leaving lock profiling enabled
03-15 00:29:10.317 28209 28209 W app_process: type=1400 audit(0.0:2325): avc: denied { read } for name="u:object_r:device_config_runtime_native_boot_prop:s0" dev="tmpfs" ino=6815 scontext=u:r:shell:s0 tcontext=u:object_r:device_config_runtime_native_boot_prop:s0 tclass=file permissive=0
03-15 00:29:10.326 28209 28209 E libc    : Access denied finding property "persist.device_config.runtime_native_boot.enable_generational_cc"
03-15 00:29:10.382 28209 28209 D ICU     : Time zone APEX file found: /apex/com.android.tzdata/etc/icu/icu_tzdata.dat
03-15 00:29:10.393 28209 28209 W app_process: Unexpected CPU variant for X86 using defaults: x86
03-15 00:29:10.395 28209 28209 I app_process: The ClassLoaderContext is a special shared library.
03-15 00:29:10.407 28209 28209 W app_process: JNI RegisterNativeMethods: attempt to register 0 native methods for android.media.AudioAttributes
03-15 00:29:10.412 28209 28209 D AndroidRuntime: Calling main entry com.android.commands.input.Input
03-15 00:29:10.586  1766  2316 E GnssHAL_GnssInterface: gnssSvStatusCb: a: input svInfo.flags is 8
03-15 00:29:10.586  1766  2316 E GnssHAL_GnssInterface: gnssSvStatusCb: b: input svInfo.flags is 8
03-15 00:29:10.625 28209 28209 D AndroidRuntime: Shutting down VM
03-15 00:29:10.625  2024  2757 I ActivityTaskManager: START u0 {dat=https://oauth.reddit.com/... cmp=org.quantumbadger.redreader/.activities.PostListingActivity} from uid 10149
03-15 00:29:10.635  1757  3626 W audio_hw_generic: Not supplying enough data to HAL, expected position 75525360 , only wrote 75525199
03-15 00:29:10.635  1757  3626 W audio_hw_generic: Hardware backing HAL too slow, could only write 0 of 661 frames
03-15 00:29:10.636  2024  3263 W InputReader: Device has associated, but no associated display id.
03-15 00:29:10.639  2024  3263 I chatty  : uid=1000(system) Binder:2024_18 identical 48 lines
03-15 00:29:10.639  2024  3263 W InputReader: Device has associated, but no associated display id.
03-15 00:29:10.648 27693 27693 W ActivityThread: handleWindowVisibility: no activity for token android.os.BinderProxy@9275c5b
03-15 00:29:10.652  1757  3626 W audio_hw_generic: Hardware backing HAL too slow, could only write 0 of 661 frames
03-15 00:29:10.661 27693 27693 I AppCompatViewInflater: app:theme is now deprecated. Please move to using android:theme instead.
03-15 00:29:10.799  1767  1957 D gralloc_ranchu: gralloc_alloc: Creating ashmem region of size 8298496
03-15 00:29:10.818  1767  1957 D gralloc_ranchu: gralloc_alloc: Creating ashmem region of size 8298496
03-15 00:29:10.865 27693 27756 D EGL_emulation: eglMakeCurrent: 0xe1320800: ver 3 0 (tinfo 0xe13228a0)
03-15 00:29:10.884  1767 23050 D gralloc_ranchu: gralloc_alloc: Creating ashmem region of size 8298496
03-15 00:29:10.909 27693 27756 D EGL_emulation: eglMakeCurrent: 0xe1320800: ver 3 0 (tinfo 0xe13228a0)
03-15 00:29:10.916  2024  2048 W InputReader: Device has associated, but no associated display id.
03-15 00:29:10.932  2024  2048 I chatty  : uid=1000(system) android.anim identical 18 lines
03-15 00:29:10.932  2024  2048 W InputReader: Device has associated, but no associated display id.
03-15 00:29:10.975 27693 27756 D EGL_emulation: eglMakeCurrent: 0xe1320800: ver 3 0 (tinfo 0xe13228a0)
03-15 00:29:11.104 27693 27743 W adger.redreade: Verification of byte[] okhttp3.ResponseBody.bytes() took 278.277ms
03-15 00:29:11.182 27693 27743 D NetworkSecurityConfig: No Network Security Config specified, using platform default
03-15 00:29:11.220  3717  3860 I WorkerManager: dispose()
03-15 00:29:11.221  3717  3860 W ThreadPoolDumper: Queue length for executor EventBus is now 11. Perhaps some tasks are too long, or the pool is too small.
03-15 00:29:11.275 27693 27743 W adger.redreade: Accessing hidden method Ldalvik/system/CloseGuard;->get()Ldalvik/system/CloseGuard; (greylist,core-platform-api, reflection, allowed)
03-15 00:29:11.275 27693 27743 W adger.redreade: Accessing hidden method Ldalvik/system/CloseGuard;->open(Ljava/lang/String;)V (greylist,core-platform-api, reflection, allowed)
03-15 00:29:11.275 27693 27743 W adger.redreade: Accessing hidden method Ldalvik/system/CloseGuard;->warnIfOpen()V (greylist,core-platform-api, reflection, allowed)
03-15 00:29:11.440  2918  2918 I BeaconBle: Scan : No clients left, canceling alarm.
03-15 00:29:11.595  1766  2316 E GnssHAL_GnssInterface: gnssSvStatusCb: a: input svInfo.flags is 8
03-15 00:29:11.596  1766  2316 E GnssHAL_GnssInterface: gnssSvStatusCb: b: input svInfo.flags is 8
03-15 00:29:11.633 27693 28247 W adger.redreade: Verification of void okhttp3.Request.<init>(okhttp3.Request$Builder) took 130.376ms
03-15 00:29:11.727 27693 28247 D OK      : calling: https://www.reddit.com/api/v1/access_token
03-15 00:29:11.892  1748 28259 E ResolverController: No valid NAT64 prefix (100, <unspecified>/0)
03-15 00:29:12.130  2024  2034 I system_server: Background young concurrent copying GC freed 48016(4655KB) AllocSpace objects, 63(1616KB) LOS objects, 29% free, 13MB/19MB, paused 89us total 283.867ms
03-15 00:29:12.201 27693 28247 W adger.redreade: Accessing hidden method Lcom/android/org/conscrypt/ConscryptFileDescriptorSocket;->setUseSessionTickets(Z)V (greylist,core-platform-api, reflection, allowed)
03-15 00:29:12.202 27693 28247 W adger.redreade: Accessing hidden method Lcom/android/org/conscrypt/ConscryptFileDescriptorSocket;->setHostname(Ljava/lang/String;)V (greylist,core-platform-api, reflection, allowed)
03-15 00:29:12.258 27693 28247 W adger.redreade: Accessing hidden method Lcom/android/org/conscrypt/OpenSSLSocketImpl;->setAlpnProtocols([B)V (greylist,core-platform-api, reflection, allowed)
03-15 00:29:12.597  1766  2316 E GnssHAL_GnssInterface: gnssSvStatusCb: a: input svInfo.flags is 8
03-15 00:29:12.598  1766  2316 E GnssHAL_GnssInterface: gnssSvStatusCb: b: input svInfo.flags is 8
03-15 00:29:13.597  1766  2316 E GnssHAL_GnssInterface: gnssSvStatusCb: a: input svInfo.flags is 8
03-15 00:29:13.597  1766  2316 E GnssHAL_GnssInterface: gnssSvStatusCb: b: input svInfo.flags is 8
03-15 00:29:13.741  1757  1757 W audio_hw_generic: Not supplying enough data to HAL, expected position 75797577 , only wrote 75662026
03-15 00:29:14.601  1766  2316 E GnssHAL_GnssInterface: gnssSvStatusCb: a: input svInfo.flags is 8
03-15 00:29:14.601  1766  2316 E GnssHAL_GnssInterface: gnssSvStatusCb: b: input svInfo.flags is 8
03-15 00:29:14.618  2024  2757 W InputReader: Device has associated, but no associated display id.
03-15 00:29:14.619  2024  2757 I chatty  : uid=1000(system) Binder:2024_C identical 8 lines
03-15 00:29:14.619  2024  2757 W InputReader: Device has associated, but no associated display id.
03-15 00:29:14.640  1757  3626 W audio_hw_generic: Not supplying enough data to HAL, expected position 75662033 , only wrote 75662026
03-15 00:29:14.718  2024  3252 W InputReader: Device has associated, but no associated display id.
03-15 00:29:14.719  2024  3252 I chatty  : uid=1000(system) Binder:2024_13 identical 28 lines
03-15 00:29:14.719  2024  3252 W InputReader: Device has associated, but no associated display id.
03-15 00:29:14.785  2024  2757 W InputReader: Device has associated, but no associated display id.
03-15 00:29:14.788  2024  2757 I chatty  : uid=1000(system) Binder:2024_C identical 18 lines
03-15 00:29:14.788  2024  2757 W InputReader: Device has associated, but no associated display id.
03-15 00:29:14.807  1767 23050 D gralloc_ranchu: gralloc_alloc: Creating ashmem region of size 8298496
03-15 00:29:14.823  1767 23050 D gralloc_ranchu: gralloc_alloc: Creating ashmem region of size 8298496
03-15 00:29:14.835 27693 27756 D EGL_emulation: eglMakeCurrent: 0xe1320800: ver 3 0 (tinfo 0xe13228a0)
03-15 00:29:14.845  1767 23050 D gralloc_ranchu: gralloc_alloc: Creating ashmem region of size 8298496
03-15 00:29:14.861 27693 27756 D EGL_emulation: eglMakeCurrent: 0xe1320800: ver 3 0 (tinfo 0xe13228a0)
03-15 00:29:14.890 27693 28247 W adger.redreade: Accessing hidden method Lcom/android/org/conscrypt/OpenSSLSocketImpl;->getAlpnSelectedProtocol()[B (greylist,core-platform-api, reflection, allowed)
03-15 00:29:14.943 27693 27756 D EGL_emulation: eglMakeCurrent: 0xe1320800: ver 3 0 (tinfo 0xe13228a0)
03-15 00:29:14.975 27693 27756 I chatty  : uid=10149(org.quantumbadger.redreader) RenderThread identical 1 line
03-15 00:29:15.452 27693 27756 D EGL_emulation: eglMakeCurrent: 0xe1320800: ver 3 0 (tinfo 0xe13228a0)
03-15 00:29:15.606  1766  2316 E GnssHAL_GnssInterface: gnssSvStatusCb: a: input svInfo.flags is 8
03-15 00:29:15.606  1766  2316 E GnssHAL_GnssInterface: gnssSvStatusCb: b: input svInfo.flags is 8
03-15 00:29:16.277 28423 28423 D AndroidRuntime: >>>>>> START com.android.internal.os.RuntimeInit uid 2000 <<<<<<
03-15 00:29:16.267 28423 28423 W app_process: type=1400 audit(0.0:2326): avc: denied { read } for name="u:object_r:device_config_runtime_native_boot_prop:s0" dev="tmpfs" ino=6815 scontext=u:r:shell:s0 tcontext=u:object_r:device_config_runtime_native_boot_prop:s0 tclass=file permissive=0
03-15 00:29:16.281 28423 28423 E libc    : Access denied finding property "persist.device_config.runtime_native_boot.enable_apex_image"
03-15 00:29:16.267 28423 28423 W app_process: type=1400 audit(0.0:2327): avc: denied { read } for name="u:object_r:device_config_runtime_native_boot_prop:s0" dev="tmpfs" ino=6815 scontext=u:r:shell:s0 tcontext=u:object_r:device_config_runtime_native_boot_prop:s0 tclass=file permissive=0
03-15 00:29:16.281 28423 28423 I AndroidRuntime: Using default boot image
03-15 00:29:16.281 28423 28423 E libc    : Access denied finding property "persist.device_config.runtime_native_boot.disable_lock_profiling"
03-15 00:29:16.281 28423 28423 I AndroidRuntime: Leaving lock profiling enabled
03-15 00:29:16.277 28423 28423 W app_process: type=1400 audit(0.0:2328): avc: denied { read } for name="u:object_r:device_config_runtime_native_boot_prop:s0" dev="tmpfs" ino=6815 scontext=u:r:shell:s0 tcontext=u:object_r:device_config_runtime_native_boot_prop:s0 tclass=file permissive=0
03-15 00:29:16.286 28423 28423 E libc    : Access denied finding property "persist.device_config.runtime_native_boot.enable_generational_cc"
03-15 00:29:16.292 28423 28423 W app_process: Could not reserve sentinel fault page
03-15 00:29:16.357 27693 28247 D OK      : request got status: 200
03-15 00:29:16.370 28423 28423 D ICU     : Time zone APEX file found: /apex/com.android.tzdata/etc/icu/icu_tzdata.dat
03-15 00:29:16.375 27693 28247 D OK      : calling: https://oauth.reddit.com/r/gaming/about.json
03-15 00:29:16.377 28423 28423 W app_process: Unexpected CPU variant for X86 using defaults: x86
03-15 00:29:16.381 28423 28423 I app_process: The ClassLoaderContext is a special shared library.
03-15 00:29:16.384  1748 28433 E ResolverController: No valid NAT64 prefix (100, <unspecified>/0)
03-15 00:29:16.406 28423 28423 W app_process: JNI RegisterNativeMethods: attempt to register 0 native methods for android.media.AudioAttributes
03-15 00:29:16.409 28423 28423 D AndroidRuntime: Calling main entry com.android.commands.input.Input
03-15 00:29:16.538 27693 27756 D EGL_emulation: eglMakeCurrent: 0xe1320800: ver 3 0 (tinfo 0xe13228a0)
03-15 00:29:16.609  1766  2316 E GnssHAL_GnssInterface: gnssSvStatusCb: a: input svInfo.flags is 8
03-15 00:29:16.610  1766  2316 E GnssHAL_GnssInterface: gnssSvStatusCb: b: input svInfo.flags is 8
03-15 00:29:16.651 28423 28423 D AndroidRuntime: Shutting down VM
03-15 00:29:16.658 27693 27693 W adger.redreade: Accessing hidden method Landroid/widget/PopupWindow;->setClipToScreenEnabled(Z)V (greylist, reflection, allowed)
03-15 00:29:16.738 27693 27693 W adger.redreade: Accessing hidden field Landroid/widget/AbsListView;->mIsChildViewEnabled:Z (greylist, reflection, allowed)
03-15 00:29:16.759 27693 28247 D OK      : request got status: 200
03-15 00:29:16.910  1767 23050 D gralloc_ranchu: gralloc_alloc: Creating ashmem region of size 1495040
03-15 00:29:16.918  1767 23050 I chatty  : uid=1000(system) HwBinder:1767_3 identical 1 line
03-15 00:29:16.925  1767 23050 D gralloc_ranchu: gralloc_alloc: Creating ashmem region of size 1495040
03-15 00:29:17.017 27693 27756 D EGL_emulation: eglMakeCurrent: 0xe1320800: ver 3 0 (tinfo 0xe13228a0)
03-15 00:29:17.320 27693 27756 I chatty  : uid=10149(org.quantumbadger.redreader) RenderThread identical 7 lines
03-15 00:29:17.329 27693 27756 D EGL_emulation: eglMakeCurrent: 0xe1320800: ver 3 0 (tinfo 0xe13228a0)
03-15 00:29:17.578 27693 28478 D OK      : calling: https://oauth.reddit.com/r/gaming/hot/.json
03-15 00:29:17.615  1766  2316 E GnssHAL_GnssInterface: gnssSvStatusCb: a: input svInfo.flags is 8
03-15 00:29:17.615  1766  2316 E GnssHAL_GnssInterface: gnssSvStatusCb: b: input svInfo.flags is 8
03-15 00:29:18.101 27693 28478 D OK      : request got status: 200
03-15 00:29:18.116 27693 28454 I PostListingFragment: Precaching images: ON
03-15 00:29:18.116 27693 28454 I PostListingFragment: Precaching comments: ON
03-15 00:29:18.407 27693 28527 D OK      : calling: https://b.thumbs.redditmedia.com/2A5JIJebATtws4-WZ1bhGg1cIWxDOEBPN-LuVyRJ9Yg.jpg
03-15 00:29:18.412 27693 28454 I getImgurImageInfo: Image SNtEeAz: trying API v3 with auth
03-15 00:29:18.468 27693 28532 D OK      : calling: https://a.thumbs.redditmedia.com/VGJRnOzPhL3UklA8vmFaV4_p8p-3EliI8N1kwmksf50.jpg
03-15 00:29:18.476  1748 28530 E ResolverController: No valid NAT64 prefix (100, <unspecified>/0)
03-15 00:29:18.489  1748 28534 E ResolverController: No valid NAT64 prefix (100, <unspecified>/0)
03-15 00:29:18.499 27693 28535 D OK      : calling: https://b.thumbs.redditmedia.com/q8o2ZoOd88HSfstC_XnUUpw8YN1if6ZvijXXxbCd7FM.jpg
03-15 00:29:18.507 27693 28527 D OK      : request got status: 200
03-15 00:29:18.512 27693 28532 D OK      : request got status: 200
03-15 00:29:18.539 27693 28539 D OK      : calling: https://b.thumbs.redditmedia.com/Bq1ZvihL5vI6Ks2aSnU5kPeU5d4LnLyO1OW1B6MVdXI.jpg
03-15 00:29:18.567 27693 28542 D OK      : calling: https://b.thumbs.redditmedia.com/gs8pLKfAbOGTaEUmYMYjC-EU2meFS-nJxoh9cSgG9qI.jpg
03-15 00:29:18.597 27693 28539 D OK      : request got status: 200
03-15 00:29:18.599 27693 28535 D OK      : request got status: 200
03-15 00:29:18.606 27693 28542 D OK      : request got status: 200
03-15 00:29:18.619  1766  2316 E GnssHAL_GnssInterface: gnssSvStatusCb: a: input svInfo.flags is 8
03-15 00:29:18.619  1766  2316 E GnssHAL_GnssInterface: gnssSvStatusCb: b: input svInfo.flags is 8
03-15 00:29:18.681 27693 28552 D OK      : calling: https://b.thumbs.redditmedia.com/50WTA6qjvNNiZh7smahz9CrpT8Pv8krUO078XOiZ-IA.jpg
03-15 00:29:18.692 27693 28552 D OK      : request got status: 200
03-15 00:29:18.736 27693 27708 I adger.redreade: Background young concurrent copying GC freed 50679(2230KB) AllocSpace objects, 11(696KB) LOS objects, 29% free, 6433KB/9178KB, paused 18us total 107.147ms
03-15 00:29:18.748 27693 27710 W System  : A resource failed to call close. 
03-15 00:29:18.748 27693 27710 W System  : A resource failed to call close. 
03-15 00:29:18.750 27693 27710 W System  : A resource failed to call end. 
03-15 00:29:18.750 27693 27710 W System  : A resource failed to call end. 
03-15 00:29:18.797 27693 28556 D OK      : calling: https://oauth.reddit.com/comments/fihd1d/.json?sort=confidence
03-15 00:29:18.827  1748 28559 E ResolverController: No valid NAT64 prefix (100, <unspecified>/0)
03-15 00:29:18.972 27693 28566 D OK      : calling: https://a.thumbs.redditmedia.com/wxbZ30uTJtgRt5sqwQ8mnA2V38Ie5BP7CIGS5cu7Xq0.jpg
03-15 00:29:19.154 27693 28575 D OK      : calling: https://b.thumbs.redditmedia.com/1YmXX1gZ7jRwMo1OFMWD_s49Lj8-GzI19WbDzvDyc2U.jpg
03-15 00:29:19.188 27693 28566 D OK      : request got status: 200
03-15 00:29:19.192 27693 28575 D OK      : request got status: 200
03-15 00:29:19.213 27693 28556 D OK      : request got status: 200
03-15 00:29:19.252 27693 28584 D OK      : calling: https://b.thumbs.redditmedia.com/YXiQ4CEilj8rQ9Mc-JxjXmBJVi3hTu4xdpE8V6SJcjQ.jpg
03-15 00:29:19.264 27693 28587 D OK      : calling: https://b.thumbs.redditmedia.com/mX4LtC2Bvp12d73i7BdkNbcagyGZym1AcUFcCRUm7Pg.jpg
03-15 00:29:19.289 27693 28584 D OK      : request got status: 200
03-15 00:29:19.291 27693 28587 D OK      : request got status: 200
03-15 00:29:19.294  2024  2053 E memtrack: Couldn't load memtrack module
03-15 00:29:19.294  2024  2053 W android.os.Debug: failed to get memory consumption info: -1
03-15 00:29:19.314 27693 28591 D OK      : calling: https://b.thumbs.redditmedia.com/yQiXfyGxUj7hEbW8KGgYVOQRYmF9b41_y7nOHKUD-Jg.jpg
03-15 00:29:19.326 27693 28591 D OK      : request got status: 200
03-15 00:29:19.410  2024  2757 I ActivityTaskManager: START u0 {cmp=org.quantumbadger.redreader/.settings.SettingsActivity} from uid 10149
03-15 00:29:19.498  2024  3259 W InputReader: Device has associated, but no associated display id.
03-15 00:29:19.500  2024  3259 I chatty  : uid=1000(system) Binder:2024_15 identical 48 lines
03-15 00:29:19.500  2024  3259 W InputReader: Device has associated, but no associated display id.
03-15 00:29:19.513 27693 27693 W ActivityThread: handleWindowVisibility: no activity for token android.os.BinderProxy@c1bb0a9
03-15 00:29:19.627  1766  2316 E GnssHAL_GnssInterface: gnssSvStatusCb: a: input svInfo.flags is 8
03-15 00:29:19.627  1766  2316 E GnssHAL_GnssInterface: gnssSvStatusCb: b: input svInfo.flags is 8
03-15 00:29:19.676 27693 28556 I PostListingFragment: Successfully precached https://oauth.reddit.com/comments/fihd1d/.json?sort=confidence
03-15 00:29:19.712 27693 28602 D OK      : calling: https://a.thumbs.redditmedia.com/R6TADRTmXTrLSPwZnYM0W1qGdnhZAWTnaw9bB9U1s90.jpg
03-15 00:29:19.900 27693 27756 D EGL_emulation: eglMakeCurrent: 0xe1320800: ver 3 0 (tinfo 0xe13228a0)
03-15 00:29:19.987 27693 28606 D OK      : calling: https://b.thumbs.redditmedia.com/CwhzXwcCPmO-PkGAX0iV1K58dsAAn1mCiF-ac3KjS3s.jpg
03-15 00:29:20.010  1767 23050 D gralloc_ranchu: gralloc_alloc: Creating ashmem region of size 8298496
03-15 00:29:20.048  1767 23050 D gralloc_ranchu: gralloc_alloc: Creating ashmem region of size 8298496
03-15 00:29:20.068  1767  1957 D gralloc_ranchu: gralloc_alloc: Creating ashmem region of size 8298496
03-15 00:29:20.096 27693 28602 D OK      : request got status: 200
03-15 00:29:20.159  1757  3626 W audio_hw_generic: Not supplying enough data to HAL, expected position 75905394 , only wrote 75905274
03-15 00:29:20.164 27693 28608 D OK      : calling: https://oauth.reddit.com/comments/fft5zy/.json?sort=confidence
03-15 00:29:20.166 27693 28606 D OK      : request got status: 200
03-15 00:29:20.231 27693 27756 D EGL_emulation: eglMakeCurrent: 0xe1320800: ver 3 0 (tinfo 0xe13228a0)
03-15 00:29:20.253 27693 28612 D OK      : calling: https://b.thumbs.redditmedia.com/_B5gdZfnlBmZoRHIWAl-OTqyM16oxvMxVHvIXJpPbmo.jpg
03-15 00:29:20.271  2024  2048 W InputReader: Device has associated, but no associated display id.
03-15 00:29:20.275  2024  2048 I chatty  : uid=1000(system) android.anim identical 18 lines
03-15 00:29:20.275  2024  2048 W InputReader: Device has associated, but no associated display id.
03-15 00:29:20.331 28599 28599 D AndroidRuntime: >>>>>> START com.android.internal.os.RuntimeInit uid 2000 <<<<<<
03-15 00:29:20.360 27693 28616 D OK      : calling: https://b.thumbs.redditmedia.com/5tXs2iF6Pv0qxYRMHpaKBjzU9TsLz0u3jI6UPgPyi4o.jpg
03-15 00:29:20.377 28599 28599 W app_process: type=1400 audit(0.0:2329): avc: denied { read } for name="u:object_r:device_config_runtime_native_boot_prop:s0" dev="tmpfs" ino=6815 scontext=u:r:shell:s0 tcontext=u:object_r:device_config_runtime_native_boot_prop:s0 tclass=file permissive=0
03-15 00:29:20.390 28599 28599 E libc    : Access denied finding property "persist.device_config.runtime_native_boot.enable_apex_image"
03-15 00:29:20.390 28599 28599 I AndroidRuntime: Using default boot image
03-15 00:29:20.391 28599 28599 E libc    : Access denied finding property "persist.device_config.runtime_native_boot.disable_lock_profiling"
03-15 00:29:20.391 28599 28599 I AndroidRuntime: Leaving lock profiling enabled
03-15 00:29:20.391 28599 28599 E libc    : Access denied finding property "persist.device_config.runtime_native_boot.enable_generational_cc"
03-15 00:29:20.544 27693 28612 D OK      : request got status: 200
03-15 00:29:20.577 23336 23352 I mit.droidbotap: Background young concurrent copying GC freed 45628(1849KB) AllocSpace objects, 70(2244KB) LOS objects, 60% free, 2374KB/5996KB, paused 14.901ms total 30.958ms
03-15 00:29:20.630  1766  2316 E GnssHAL_GnssInterface: gnssSvStatusCb: a: input svInfo.flags is 8
03-15 00:29:20.630  1766  2316 E GnssHAL_GnssInterface: gnssSvStatusCb: b: input svInfo.flags is 8
03-15 00:29:20.796  1748 28640 E ResolverController: No valid NAT64 prefix (100, <unspecified>/0)
03-15 00:29:20.809 27693 28608 D OK      : request got status: 200
03-15 00:29:20.810 28599 28599 D ICU     : Time zone APEX file found: /apex/com.android.tzdata/etc/icu/icu_tzdata.dat
03-15 00:29:20.816 27693 28631 D OK      : calling: https://a.thumbs.redditmedia.com/y06rv5iTiMmg7ynU5-_NupRFrJksSmK3p5grApXjWy0.jpg
03-15 00:29:20.825 28599 28599 W app_process: Unexpected CPU variant for X86 using defaults: x86
03-15 00:29:20.828 28599 28599 I app_process: The ClassLoaderContext is a special shared library.
03-15 00:29:20.837  1748 28641 E ResolverController: No valid NAT64 prefix (100, <unspecified>/0)
03-15 00:29:20.860 27693 28616 D OK      : request got status: 200
03-15 00:29:20.889 27693 28631 D OK      : request got status: 200
03-15 00:29:20.893 27693 27708 I adger.redreade: Background young concurrent copying GC freed 14277(967KB) AllocSpace objects, 28(1040KB) LOS objects, 14% free, 7877KB/9178KB, paused 18.562ms total 667.571ms
03-15 00:29:20.894 27693 27710 W System  : A resource failed to call close. 
03-15 00:29:20.895 27693 27710 I chatty  : uid=10149(org.quantumbadger.redreader) FinalizerDaemon identical 10 lines
03-15 00:29:20.895 27693 27710 W System  : A resource failed to call close. 
03-15 00:29:20.895 27693 27710 W System  : A resource failed to call end. 
03-15 00:29:20.895 27693 27710 W System  : A resource failed to call close. 
03-15 00:29:20.895 27693 27710 I chatty  : uid=10149(org.quantumbadger.redreader) FinalizerDaemon identical 3 lines
03-15 00:29:20.895 27693 27710 W System  : A resource failed to call close. 
03-15 00:29:20.899 28599 28599 W app_process: JNI RegisterNativeMethods: attempt to register 0 native methods for android.media.AudioAttributes
03-15 00:29:20.900 27693 28650 D OK      : calling: https://a.thumbs.redditmedia.com/65BkwMy-76ibUUlhfKDyNYizRLw264KxVZWs5-buee8.jpg
03-15 00:29:20.913 28599 28599 D AndroidRuntime: Calling main entry com.android.commands.input.Input
03-15 00:29:20.913 27693 28650 D OK      : request got status: 200
03-15 00:29:20.931 27693 28654 D OK      : calling: https://b.thumbs.redditmedia.com/oyBSzQRO2VKTCA2x3JeW9vFAt9Eli_5sHCl0y4dUFEM.jpg
03-15 00:29:20.946 27693 28654 D OK      : request got status: 200
03-15 00:29:20.951 27693 28657 D OK      : calling: https://b.thumbs.redditmedia.com/UlsVVT83VCkPIrpLlKiO4g0gSZwajFYcQnABf1xPxKc.jpg
03-15 00:29:20.980 27693 28657 D OK      : request got status: 200
03-15 00:29:21.055 27693 28663 D OK      : calling: https://b.thumbs.redditmedia.com/S4ppTj6546nVOdJk__TnpGTR5jsC0bJL92bKkApzAfI.jpg
03-15 00:29:21.159 28599 28599 D AndroidRuntime: Shutting down VM
03-15 00:29:21.207 27693 28663 D OK      : request got status: 200
03-15 00:29:21.272 27693 28608 I PostListingFragment: Successfully precached https://oauth.reddit.com/comments/fft5zy/.json?sort=confidence
03-15 00:29:21.336 27693 27708 I adger.redreade: Background concurrent copying GC freed 36715(1985KB) AllocSpace objects, 39(2332KB) LOS objects, 49% free, 5337KB/10MB, paused 21us total 376.212ms
03-15 00:29:21.380 27693 27710 W System  : A resource failed to call close. 
03-15 00:29:21.382 27693 27710 I chatty  : uid=10149(org.quantumbadger.redreader) FinalizerDaemon identical 11 lines
03-15 00:29:21.382 27693 27710 W System  : A resource failed to call close. 
03-15 00:29:21.508 27693 28675 D OK      : calling: https://b.thumbs.redditmedia.com/VuLVi-CPIrs3IYgk3tGr7xCLfPUH_prBXsxSvW0G8tY.jpg
03-15 00:29:21.533 27693 28675 D OK      : request got status: 200
03-15 00:29:21.635  1766  2316 E GnssHAL_GnssInterface: gnssSvStatusCb: a: input svInfo.flags is 8
03-15 00:29:21.635  1766  2316 E GnssHAL_GnssInterface: gnssSvStatusCb: b: input svInfo.flags is 8
03-15 00:29:21.728 27693 28676 D OK      : calling: https://a.thumbs.redditmedia.com/oipJ3ok1i9PirTZFhMdabhPmGxZEQGO5zknZqREeHT4.jpg
03-15 00:29:21.898 27693 28676 D OK      : request got status: 200
03-15 00:29:21.988 27693 28682 D OK      : calling: https://b.thumbs.redditmedia.com/4VXt-P4h6uElFNxM4qRgJcc0LLvqx0pJ4pb_-7NY10w.jpg
03-15 00:29:22.008 27693 28525 I PostListingFragment: Successfully precached https://oauth.reddit.com/comments/fitjll/.json?sort=confidence
03-15 00:29:22.014 27693 28682 D OK      : request got status: 200
03-15 00:29:22.017 27693 28525 I PostListingFragment: Successfully precached https://i.redd.it/gof34xogpqm41.jpg
03-15 00:29:22.026 27693 28685 D OK      : calling: https://b.thumbs.redditmedia.com/W8khZTc3WVK3RFYhjVUvIP2Uf80CyVc_BfuWckH6agg.jpg
03-15 00:29:22.071 27693 28685 D OK      : request got status: 200
03-15 00:29:22.154 27693 28700 D OK      : calling: https://oauth.reddit.com/comments/fiqbp0/.json?sort=confidence
03-15 00:29:22.162 27693 28702 D OK      : calling: https://i.redd.it/oc9c8w9ompm41.jpg
03-15 00:29:22.168  1748 28701 E ResolverController: No valid NAT64 prefix (100, <unspecified>/0)
03-15 00:29:22.172 27693 28705 D OK      : calling: https://i.redd.it/6mp03xg8jqm41.jpg
03-15 00:29:22.174  1748 28703 E ResolverController: No valid NAT64 prefix (100, <unspecified>/0)
03-15 00:29:22.183 27693 28702 D OK      : request got status: 200
03-15 00:29:22.191 27693 28705 D OK      : request got status: 200
03-15 00:29:22.222 27693 28702 I PostListingFragment: Successfully precached https://i.redd.it/oc9c8w9ompm41.jpg
03-15 00:29:22.225 27693 28702 D OK      : calling: https://i.redd.it/q7hjvgddmqm41.jpg
03-15 00:29:22.234 27693 28707 D OK      : calling: https://i.redd.it/4867rrfirom41.jpg
03-15 00:29:22.241 27693 28708 D OK      : calling: https://i.redd.it/j8c8y3cyrqm41.jpg
03-15 00:29:22.298 27693 28702 D OK      : request got status: 200
03-15 00:29:22.311 27693 28711 D OK      : calling: https://i.redd.it/iva6sywzqpm41.jpg
03-15 00:29:22.320 27693 28707 D OK      : request got status: 200
03-15 00:29:22.334 27693 28705 I PostListingFragment: Successfully precached https://i.redd.it/6mp03xg8jqm41.jpg
03-15 00:29:22.339 27693 28708 D OK      : request got status: 200
03-15 00:29:22.354 27693 28713 D OK      : calling: https://api.imgur.com/3/image/SNtEeAz
03-15 00:29:22.374  1748 28715 E ResolverController: No valid NAT64 prefix (100, <unspecified>/0)
03-15 00:29:22.377 27693 28705 D OK      : calling: https://i.redd.it/mdmheftgkqm41.png
03-15 00:29:22.414 27693 28707 I PostListingFragment: Successfully precached https://i.redd.it/4867rrfirom41.jpg
03-15 00:29:22.432 27693 28711 D OK      : request got status: 200
03-15 00:29:22.441 27693 28705 D OK      : request got status: 200
03-15 00:29:22.477 27693 28708 I PostListingFragment: Successfully precached https://i.redd.it/j8c8y3cyrqm41.jpg
03-15 00:29:22.490 27693 28707 D OK      : calling: https://i.redd.it/76gfjnoqfrm41.jpg
03-15 00:29:22.519 27693 28723 D OK      : calling: https://i.redd.it/t71boziilnm41.jpg
03-15 00:29:22.581 27693 28702 I PostListingFragment: Successfully precached https://i.redd.it/q7hjvgddmqm41.jpg
03-15 00:29:22.581 27693 28702 D OK      : calling: https://i.redd.it/8rs7j7umarm41.gif
03-15 00:29:22.601 27693 28707 D OK      : request got status: 200
03-15 00:29:22.636  1766  2316 E GnssHAL_GnssInterface: gnssSvStatusCb: a: input svInfo.flags is 8
03-15 00:29:22.636  1766  2316 E GnssHAL_GnssInterface: gnssSvStatusCb: b: input svInfo.flags is 8
03-15 00:29:22.676 27693 28723 D OK      : request got status: 200
03-15 00:29:22.899 27693 28707 I PostListingFragment: Successfully precached https://i.redd.it/76gfjnoqfrm41.jpg
03-15 00:29:22.899 27693 28707 D OK      : calling: https://i.redd.it/6xqpspd8onm41.png
03-15 00:29:22.961 27693 28700 D OK      : request got status: 200
03-15 00:29:23.009 27693 28740 D OK      : calling: https://api.gfycat.com/v1/gfycats/showydirecteuropeanpolecat
03-15 00:29:23.070 27693 28707 D OK      : request got status: 200
03-15 00:29:23.091  1748 28741 E ResolverController: No valid NAT64 prefix (100, <unspecified>/0)
03-15 00:29:23.095 27693 28705 I PostListingFragment: Successfully precached https://i.redd.it/mdmheftgkqm41.png
03-15 00:29:23.096 27693 28705 D OK      : calling: https://i.redd.it/0pd7nr3ccpm41.jpg
03-15 00:29:23.176 27693 28711 I PostListingFragment: Successfully precached https://i.redd.it/iva6sywzqpm41.jpg
03-15 00:29:23.176 27693 28711 D OK      : calling: https://i.redd.it/26davcpmhmm41.jpg
03-15 00:29:23.368 27693 28749 D OK      : calling: https://oauth.reddit.com/comments/fit1ux/.json?sort=confidence
03-15 00:29:23.597 27693 27708 I adger.redreade: Background young concurrent copying GC freed 32298(2392KB) AllocSpace objects, 45(2020KB) LOS objects, 38% free, 6515KB/10MB, paused 7.993ms total 635.031ms
03-15 00:29:23.599 27693 27710 W System  : A resource failed to call close. 
03-15 00:29:23.601 27693 27710 I chatty  : uid=10149(org.quantumbadger.redreader) FinalizerDaemon identical 16 lines
03-15 00:29:23.601 27693 27710 W System  : A resource failed to call close. 
03-15 00:29:23.619 27693 28700 I PostListingFragment: Successfully precached https://oauth.reddit.com/comments/fiqbp0/.json?sort=confidence
03-15 00:29:23.640  1766  2316 E GnssHAL_GnssInterface: gnssSvStatusCb: a: input svInfo.flags is 8
03-15 00:29:23.640  1766  2316 E GnssHAL_GnssInterface: gnssSvStatusCb: b: input svInfo.flags is 8
03-15 00:29:23.696 27693 28705 D OK      : request got status: 200
03-15 00:29:23.697 27693 28711 D OK      : request got status: 200
03-15 00:29:23.732 27693 28713 D OK      : request got status: 200
03-15 00:29:23.744 27693 28707 I PostListingFragment: Successfully precached https://i.redd.it/6xqpspd8onm41.png
03-15 00:29:23.744 27693 28707 D OK      : calling: https://i.redd.it/bq3wxchg3nm41.jpg
03-15 00:29:23.785 27693 28723 I PostListingFragment: Successfully precached https://i.redd.it/t71boziilnm41.jpg
03-15 00:29:23.785 27693 28723 D OK      : calling: https://i.redd.it/gsrhg1j4vqm41.jpg
03-15 00:29:23.824 27693 28705 I PostListingFragment: Successfully precached https://i.redd.it/0pd7nr3ccpm41.jpg
03-15 00:29:23.824 27693 28705 D OK      : calling: https://i.redd.it/mub2zpp6nqm41.jpg
03-15 00:29:23.834 27693 28707 D OK      : request got status: 200
03-15 00:29:23.839 27693 28723 D OK      : request got status: 200
03-15 00:29:23.892 27693 28705 D OK      : request got status: 200
03-15 00:29:23.930 27693 28707 I PostListingFragment: Successfully precached https://i.redd.it/bq3wxchg3nm41.jpg
03-15 00:29:23.930 27693 28707 D OK      : calling: https://i.redd.it/wcymma3rwmm41.jpg
03-15 00:29:23.933 27693 28749 D OK      : request got status: 200
03-15 00:29:23.941 27693 28707 D OK      : request got status: 200
03-15 00:29:23.968 27693 28723 I PostListingFragment: Successfully precached https://i.redd.it/gsrhg1j4vqm41.jpg
03-15 00:29:23.968 27693 28723 D OK      : calling: https://i.redd.it/88ub9q2zgqm41.jpg
03-15 00:29:23.986 27693 28723 D OK      : request got status: 200
03-15 00:29:24.009 27693 28705 I PostListingFragment: Successfully precached https://i.redd.it/mub2zpp6nqm41.jpg
03-15 00:29:24.009 27693 28705 D OK      : calling: https://i.redd.it/d99tqqo6eqm41.jpg
03-15 00:29:24.062 27693 28711 I PostListingFragment: Successfully precached https://i.redd.it/26davcpmhmm41.jpg
03-15 00:29:24.062 27693 28711 D OK      : calling: https://i.redd.it/2nn940o7kmm41.jpg
03-15 00:29:24.173 27693 28707 I PostListingFragment: Successfully precached https://i.redd.it/wcymma3rwmm41.jpg
03-15 00:29:24.194 27693 28707 D OK      : calling: https://i.imgur.com/SNtEeAz.jpg
03-15 00:29:24.206  1748 28790 E ResolverController: No valid NAT64 prefix (100, <unspecified>/0)
03-15 00:29:24.281  1757  1757 W audio_hw_generic: Not supplying enough data to HAL, expected position 76267929 , only wrote 76087049
03-15 00:29:24.297 27693 28740 D OK      : request got status: 200
03-15 00:29:24.371 27693 28403 W System  : A resource failed to call response.body().close(). 
03-15 00:29:24.372 27693 28403 I chatty  : uid=10149(org.quantumbadger.redreader) OkHttp Connecti identical 15 lines
03-15 00:29:24.372 27693 28403 W System  : A resource failed to call response.body().close(). 
03-15 00:29:24.449 27693 28707 D OK      : request got status: 200
03-15 00:29:24.534 12928 12955 I Finsky  : [375] kam.run(3): Stats for Executor: BlockingExecutor kce@70b3e22[Running, pool size = 0, active threads = 0, queued tasks = 0, completed tasks = 38]
03-15 00:29:24.534 12928 12955 I Finsky  : [375] kam.run(3): Stats for Executor: LightweightExecutor kce@d0400b3[Running, pool size = 2, active threads = 0, queued tasks = 0, completed tasks = 71]
03-15 00:29:24.534 12928 12955 I Finsky  : [375] kam.run(3): Stats for Executor: bgExecutor kce@5d0670[Running, pool size = 4, active threads = 0, queued tasks = 0, completed tasks = 202]
03-15 00:29:24.541 27693 28705 D OK      : request got status: 200
03-15 00:29:24.581 27693 28803 D OK      : calling: https://oauth.reddit.com/comments/fitanf/.json?sort=confidence
03-15 00:29:24.646  1766  2316 E GnssHAL_GnssInterface: gnssSvStatusCb: a: input svInfo.flags is 8
03-15 00:29:24.646  1766  2316 E GnssHAL_GnssInterface: gnssSvStatusCb: b: input svInfo.flags is 8
03-15 00:29:24.709  2024  2034 I system_server: Background young concurrent copying GC freed 47209(4250KB) AllocSpace objects, 58(1676KB) LOS objects, 29% free, 13MB/19MB, paused 1.712ms total 499.368ms
03-15 00:29:24.827 27693 28711 D OK      : request got status: 200
03-15 00:29:24.838  1748 28814 E ResolverController: No valid NAT64 prefix (100, <unspecified>/0)
03-15 00:29:24.871 27693 28749 I PostListingFragment: Successfully precached https://oauth.reddit.com/comments/fit1ux/.json?sort=confidence
03-15 00:29:24.930 27693 28707 I PostListingFragment: Successfully precached https://i.imgur.com/SNtEeAz.jpg
03-15 00:29:24.930 27693 28707 D OK      : calling: https://i.redd.it/ys8aj3fopnm41.jpg
03-15 00:29:24.972  1748 28819 E ResolverController: No valid NAT64 prefix (100, <unspecified>/0)
03-15 00:29:24.996 27693 28711 I PostListingFragment: Successfully precached https://i.redd.it/2nn940o7kmm41.jpg
03-15 00:29:25.029 27693 28702 D OK      : request got status: 200
03-15 00:29:25.098 27693 28705 I PostListingFragment: Successfully precached https://i.redd.it/d99tqqo6eqm41.jpg
03-15 00:29:25.111 27693 28711 D OK      : calling: https://giant.gfycat.com/ShowyDirectEuropeanpolecat.mp4
03-15 00:29:25.601 27693 28707 D OK      : request got status: 200
03-15 00:29:25.650  1766  2316 E GnssHAL_GnssInterface: gnssSvStatusCb: a: input svInfo.flags is 8
03-15 00:29:25.650  1766  2316 E GnssHAL_GnssInterface: gnssSvStatusCb: b: input svInfo.flags is 8
03-15 00:29:25.660 23336 23352 I mit.droidbotap: Background young concurrent copying GC freed 39526(1486KB) AllocSpace objects, 43(2740KB) LOS objects, 60% free, 2450KB/6220KB, paused 16us total 158.109ms
03-15 00:29:25.723 27693 28707 I PostListingFragment: Successfully precached https://i.redd.it/ys8aj3fopnm41.jpg
03-15 00:29:25.782 27693 28723 I PostListingFragment: Successfully precached https://i.redd.it/88ub9q2zgqm41.jpg
03-15 00:29:25.808 27693 28711 D OK      : request got status: 200
03-15 00:29:25.858 27693 28853 D OK      : calling: https://oauth.reddit.com/comments/finieb/.json?sort=confidence
03-15 00:29:25.939 23336 23352 I mit.droidbotap: Background concurrent copying GC freed 53981(2071KB) AllocSpace objects, 57(2896KB) LOS objects, 49% free, 2575KB/5151KB, paused 25us total 121.321ms
03-15 00:29:26.589 27693 27708 I adger.redreade: Background concurrent copying GC freed 47413(2875KB) AllocSpace objects, 46(3128KB) LOS objects, 49% free, 6207KB/12MB, paused 14.848ms total 1.216s
03-15 00:29:26.591 27693 27710 W System  : A resource failed to call end. 
03-15 00:29:26.592 27693 27710 I chatty  : uid=10149(org.quantumbadger.redreader) FinalizerDaemon identical 3 lines
03-15 00:29:26.592 27693 27710 W System  : A resource failed to call end. 
03-15 00:29:26.654  1766  2316 E GnssHAL_GnssInterface: gnssSvStatusCb: a: input svInfo.flags is 8
03-15 00:29:26.654  1766  2316 E GnssHAL_GnssInterface: gnssSvStatusCb: b: input svInfo.flags is 8
03-15 00:29:26.781 28877 28877 D AndroidRuntime: >>>>>> START com.android.internal.os.RuntimeInit uid 2000 <<<<<<
03-15 00:29:26.777 28877 28877 W app_process: type=1400 audit(0.0:2332): avc: denied { read } for name="u:object_r:device_config_runtime_native_boot_prop:s0" dev="tmpfs" ino=6815 scontext=u:r:shell:s0 tcontext=u:object_r:device_config_runtime_native_boot_prop:s0 tclass=file permissive=0
03-15 00:29:26.786 28877 28877 E libc    : Access denied finding property "persist.device_config.runtime_native_boot.enable_generational_cc"
03-15 00:29:26.898 28877 28877 D ICU     : Time zone APEX file found: /apex/com.android.tzdata/etc/icu/icu_tzdata.dat
03-15 00:29:26.914 28877 28877 W app_process: Unexpected CPU variant for X86 using defaults: x86
03-15 00:29:26.919 28877 28877 I app_process: The ClassLoaderContext is a special shared library.
03-15 00:29:26.953 28877 28877 W app_process: JNI RegisterNativeMethods: attempt to register 0 native methods for android.media.AudioAttributes
03-15 00:29:26.965 28877 28877 D AndroidRuntime: Calling main entry com.android.commands.input.Input
03-15 00:29:26.986 27693 28906 D OK      : calling: https://oauth.reddit.com/comments/fitqip/.json?sort=confidence
03-15 00:29:27.188  1757  3626 W audio_hw_generic: Not supplying enough data to HAL, expected position 76087084 , only wrote 76087049
03-15 00:29:27.219 27693 28853 D OK      : request got status: 200
03-15 00:29:27.233 23336 23352 I mit.droidbotap: Background young concurrent copying GC freed 32010(1229KB) AllocSpace objects, 34(1624KB) LOS objects, 61% free, 2006KB/5151KB, paused 60us total 117.358ms
03-15 00:29:27.303 28877 28877 D AndroidRuntime: Shutting down VM
03-15 00:29:27.444  1767  1957 D gralloc_ranchu: gralloc_alloc: Creating ashmem region of size 8540160
03-15 00:29:27.462  1767  1957 D gralloc_ranchu: gralloc_alloc: Creating ashmem region of size 8540160
03-15 00:29:27.494 27693 28803 D OK      : request got status: 200
03-15 00:29:27.548  1767 23050 D gralloc_ranchu: gralloc_alloc: Creating ashmem region of size 8540160
03-15 00:29:27.576 27693 27756 D EGL_emulation: eglMakeCurrent: 0xe1320800: ver 3 0 (tinfo 0xe13228a0)
03-15 00:29:27.658  1766  2316 E GnssHAL_GnssInterface: gnssSvStatusCb: a: input svInfo.flags is 8
03-15 00:29:27.658  1766  2316 E GnssHAL_GnssInterface: gnssSvStatusCb: b: input svInfo.flags is 8
03-15 00:29:27.706 27693 27756 D EGL_emulation: eglMakeCurrent: 0xe1320800: ver 3 0 (tinfo 0xe13228a0)
03-15 00:29:27.827 27693 27756 D EGL_emulation: eglMakeCurrent: 0xe1320800: ver 3 0 (tinfo 0xe13228a0)
03-15 00:29:27.896 27693 28906 D OK      : request got status: 200
03-15 00:29:28.092 27693 27756 D EGL_emulation: eglMakeCurrent: 0xe1320800: ver 3 0 (tinfo 0xe13228a0)
03-15 00:29:28.111 27693 27756 D EGL_emulation: eglMakeCurrent: 0xe1320800: ver 3 0 (tinfo 0xe13228a0)
03-15 00:29:28.193 27693 28921 D OK      : calling: https://oauth.reddit.com/comments/fiqp8t/.json?sort=confidence
03-15 00:29:28.470 23336 23352 I mit.droidbotap: Background concurrent copying GC freed 30616(1667KB) AllocSpace objects, 54(1592KB) LOS objects, 49% free, 3351KB/6702KB, paused 19us total 105.108ms
03-15 00:29:28.619 27693 28853 I PostListingFragment: Successfully precached https://oauth.reddit.com/comments/finieb/.json?sort=confidence
03-15 00:29:28.661  1766  2316 E GnssHAL_GnssInterface: gnssSvStatusCb: a: input svInfo.flags is 8
03-15 00:29:28.662  1766  2316 E GnssHAL_GnssInterface: gnssSvStatusCb: b: input svInfo.flags is 8
03-15 00:29:28.782 27693 27756 D EGL_emulation: eglMakeCurrent: 0xe1320800: ver 3 0 (tinfo 0xe13228a0)
03-15 00:29:28.788 27693 27756 D OpenGLRenderer: endAllActiveAnimators on 0xc1a14780 (AlertController$RecycleListView) with handle 0xc0a30eb0
03-15 00:29:28.807 27693 27756 D EGL_emulation: eglMakeCurrent: 0xe1320800: ver 3 0 (tinfo 0xe13228a0)
03-15 00:29:29.038 27693 28803 I PostListingFragment: Successfully precached https://oauth.reddit.com/comments/fitanf/.json?sort=confidence
03-15 00:29:29.178 27693 28921 D OK      : request got status: 200
03-15 00:29:29.297 27693 28906 I PostListingFragment: Successfully precached https://oauth.reddit.com/comments/fitqip/.json?sort=confidence
03-15 00:29:29.302 23336 23352 I mit.droidbotap: Background young concurrent copying GC freed 42578(1999KB) AllocSpace objects, 88(2332KB) LOS objects, 64% free, 2383KB/6702KB, paused 21us total 176.387ms
03-15 00:29:29.371 27693 28403 W System  : A resource failed to call response.body().close(). 
03-15 00:29:29.371 27693 28403 I chatty  : uid=10149(org.quantumbadger.redreader) OkHttp Connecti identical 32 lines
03-15 00:29:29.371 27693 28403 W System  : A resource failed to call response.body().close(). 
03-15 00:29:29.402 27693 28974 D OK      : calling: https://oauth.reddit.com/comments/fij2gs/.json?sort=confidence
03-15 00:29:29.666  1766  2316 E GnssHAL_GnssInterface: gnssSvStatusCb: a: input svInfo.flags is 8
03-15 00:29:29.666  1766  2316 E GnssHAL_GnssInterface: gnssSvStatusCb: b: input svInfo.flags is 8
03-15 00:29:29.735 27693 28921 I PostListingFragment: Successfully precached https://oauth.reddit.com/comments/fiqp8t/.json?sort=confidence
03-15 00:29:30.624 27693 29032 D OK      : calling: https://oauth.reddit.com/comments/fit581/.json?sort=confidence
03-15 00:29:30.670  1766  2316 E GnssHAL_GnssInterface: gnssSvStatusCb: a: input svInfo.flags is 8
03-15 00:29:30.670  1766  2316 E GnssHAL_GnssInterface: gnssSvStatusCb: b: input svInfo.flags is 8
03-15 00:29:30.984 23336 23352 I mit.droidbotap: Background young concurrent copying GC freed 26733(1044KB) AllocSpace objects, 31(1836KB) LOS objects, 41% free, 2925KB/5000KB, paused 66us total 144.642ms
03-15 00:29:31.210 27693 28974 D OK      : request got status: 200
03-15 00:29:31.357 27693 29032 D OK      : request got status: 200
03-15 00:29:31.485 23336 23352 I mit.droidbotap: Background concurrent copying GC freed 60220(2232KB) AllocSpace objects, 58(3832KB) LOS objects, 49% free, 3105KB/6210KB, paused 16us total 225.245ms
03-15 00:29:31.643 27693 29032 I PostListingFragment: Successfully precached https://oauth.reddit.com/comments/fit581/.json?sort=confidence
03-15 00:29:31.673  1766  2316 E GnssHAL_GnssInterface: gnssSvStatusCb: a: input svInfo.flags is 8
03-15 00:29:31.673  1766  2316 E GnssHAL_GnssInterface: gnssSvStatusCb: b: input svInfo.flags is 8
03-15 00:29:31.810 27693 29083 D OK      : calling: https://oauth.reddit.com/comments/fivii9/.json?sort=confidence
03-15 00:29:31.881  1757  1757 W audio_hw_generic: Not supplying enough data to HAL, expected position 76499741 , only wrote 76293942
03-15 00:29:31.912 27693 28974 I PostListingFragment: Successfully precached https://oauth.reddit.com/comments/fij2gs/.json?sort=confidence
03-15 00:29:32.348 27693 29083 D OK      : request got status: 200
03-15 00:29:32.468 27693 28702 I PostListingFragment: Successfully precached https://i.redd.it/8rs7j7umarm41.gif
03-15 00:29:32.676  1766  2316 E GnssHAL_GnssInterface: gnssSvStatusCb: a: input svInfo.flags is 8
03-15 00:29:32.676  1766  2316 E GnssHAL_GnssInterface: gnssSvStatusCb: b: input svInfo.flags is 8
03-15 00:29:32.701 23336 23352 I mit.droidbotap: Background young concurrent copying GC freed 40795(1536KB) AllocSpace objects, 39(2576KB) LOS objects, 50% free, 3092KB/6210KB, paused 17us total 108.190ms
