03-15 00:27:38.036  1748 24687 E ResolverController: No valid NAT64 prefix (100, <unspecified>/0)
03-15 00:27:38.046  1767  1767 D gralloc_ranchu: gralloc_alloc: Creating ashmem region of size 8298496
03-15 00:27:38.056 23669 23728 D EGL_emulation: eglMakeCurrent: 0xe1320440: ver 3 0 (tinfo 0xe1322860)
03-15 00:27:38.075  2024  2048 W InputReader: Device has associated, but no associated display id.
03-15 00:27:38.079  2024  2048 I chatty  : uid=1000(system) android.anim identical 18 lines
03-15 00:27:38.079  2024  2048 W InputReader: Device has associated, but no associated display id.
03-15 00:27:38.094 23669 23728 D EGL_emulation: eglMakeCurrent: 0xe1320440: ver 3 0 (tinfo 0xe1322860)
03-15 00:27:38.108 23669 23728 D EGL_emulation: eglMakeCurrent: 0xe1320440: ver 3 0 (tinfo 0xe1322860)
03-15 00:27:38.110 23669 23689 W System  : A resource failed to call close. 
03-15 00:27:38.111 23669 23689 I chatty  : uid=10149(org.quantumbadger.redreader) FinalizerDaemon identical 3 lines
03-15 00:27:38.113 23669 23689 W System  : A resource failed to call close. 
03-15 00:27:38.137 23669 23689 W System  : A resource failed to call end. 
03-15 00:27:38.138 23669 23689 I chatty  : uid=10149(org.quantumbadger.redreader) FinalizerDaemon identical 2 lines
03-15 00:27:38.138 23669 23689 W System  : A resource failed to call end. 
03-15 00:27:38.138 23669 23689 W System  : A resource failed to call close. 
03-15 00:27:38.140 23669 23689 I chatty  : uid=10149(org.quantumbadger.redreader) FinalizerDaemon identical 4 lines
03-15 00:27:38.140 23669 23689 W System  : A resource failed to call close. 
03-15 00:27:38.208  1766  2316 E GnssHAL_GnssInterface: gnssSvStatusCb: a: input svInfo.flags is 8
03-15 00:27:38.208  1766  2316 E GnssHAL_GnssInterface: gnssSvStatusCb: b: input svInfo.flags is 8
03-15 00:27:39.035 23336 23352 I mit.droidbotap: Background concurrent copying GC freed 42740(1667KB) AllocSpace objects, 49(2420KB) LOS objects, 52% free, 1374KB/2910KB, paused 12us total 102.021ms
03-15 00:27:39.120 23669 24675 D OK      : request got status: 200
03-15 00:27:39.209 23669 24680 D OK      : request got status: 200
03-15 00:27:39.210 23669 24677 D OK      : request got status: 200
03-15 00:27:39.213  1766  2316 E GnssHAL_GnssInterface: gnssSvStatusCb: a: input svInfo.flags is 8
03-15 00:27:39.213  1766  2316 E GnssHAL_GnssInterface: gnssSvStatusCb: b: input svInfo.flags is 8
03-15 00:27:39.230 23669 24748 D OK      : calling: https://oauth.reddit.com/comments/fijrsh/.json?sort=confidence
03-15 00:27:39.318 23669 24541 I RedditChangeDataIO: Writing tmp data file at '/data/user/0/org.quantumbadger.redreader/files/rr_change_data_tmp.dat'
03-15 00:27:39.318 23669 24541 I RedditChangeDataManager: Taking snapshot...
03-15 00:27:39.318 23669 24541 I RedditChangeDataManager: Writing to stream...
03-15 00:27:39.319 23669 24541 I RedditChangeDataManager: Wrote 1 entries for user ''
03-15 00:27:39.319 23669 24541 I RedditChangeDataManager: All entries written to stream.
03-15 00:27:39.319 23669 24541 I RedditChangeDataIO: Write successful. Atomically replacing data file...
03-15 00:27:39.319 23669 24541 I RedditChangeDataIO: Write complete.
03-15 00:27:39.319 23669 24541 I RedditChangeDataIO: 38 bytes written in 1 ms
03-15 00:27:39.493 23669 24748 D OK      : request got status: 200
03-15 00:27:39.538 23669 24748 I PostListingFragment: Successfully precached https://oauth.reddit.com/comments/fijrsh/.json?sort=confidence
03-15 00:27:39.568  2024  2452 I ActivityTaskManager: START u0 {dat=https://oauth.reddit.com/... cmp=org.quantumbadger.redreader/.activities.PostListingActivity} from uid 10149
03-15 00:27:39.578  2024  2452 W InputReader: Device has associated, but no associated display id.
03-15 00:27:39.595  2024  2452 I chatty  : uid=1000(system) Binder:2024_A identical 48 lines
03-15 00:27:39.595  2024  2452 W InputReader: Device has associated, but no associated display id.
03-15 00:27:39.597 23669 23669 W ActivityThread: handleWindowVisibility: no activity for token android.os.BinderProxy@e2f6a32
03-15 00:27:39.627 23669 23669 I AppCompatViewInflater: app:theme is now deprecated. Please move to using android:theme instead.
03-15 00:27:39.675 23336 23352 I mit.droidbotap: Background concurrent copying GC freed 61310(2243KB) AllocSpace objects, 44(3152KB) LOS objects, 51% free, 1462KB/2998KB, paused 16us total 114.573ms
03-15 00:27:39.711  1767  1767 D gralloc_ranchu: gralloc_alloc: Creating ashmem region of size 8298496
03-15 00:27:39.718  1767  1767 D gralloc_ranchu: gralloc_alloc: Creating ashmem region of size 8298496
03-15 00:27:39.727  1767 23050 D gralloc_ranchu: gralloc_alloc: Creating ashmem region of size 8298496
03-15 00:27:39.732 23669 23728 D EGL_emulation: eglMakeCurrent: 0xe1320440: ver 3 0 (tinfo 0xe1322860)
03-15 00:27:39.743 23669 23728 D EGL_emulation: eglMakeCurrent: 0xe1320440: ver 3 0 (tinfo 0xe1322860)
03-15 00:27:39.781  2024  2048 W InputReader: Device has associated, but no associated display id.
03-15 00:27:39.786  2024  2048 I chatty  : uid=1000(system) android.anim identical 18 lines
03-15 00:27:39.786  2024  2048 W InputReader: Device has associated, but no associated display id.
03-15 00:27:39.809 23669 23728 D EGL_emulation: eglMakeCurrent: 0xe1320440: ver 3 0 (tinfo 0xe1322860)
03-15 00:27:39.894 23669 24686 D OK      : request got status: 200
03-15 00:27:40.216  1766  2316 E GnssHAL_GnssInterface: gnssSvStatusCb: a: input svInfo.flags is 8
03-15 00:27:40.216  1766  2316 E GnssHAL_GnssInterface: gnssSvStatusCb: b: input svInfo.flags is 8
03-15 00:27:40.241 23669 24686 I PostListingFragment: Successfully precached https://oauth.reddit.com/comments/fi2wqo/.json?sort=confidence
03-15 00:27:40.431 23669 24798 D OK      : calling: https://oauth.reddit.com/hot/.json
03-15 00:27:40.630 24767 24767 D AndroidRuntime: >>>>>> START com.android.internal.os.RuntimeInit uid 2000 <<<<<<
03-15 00:27:40.617 24767 24767 W app_process: type=1400 audit(0.0:2274): avc: denied { read } for name="u:object_r:device_config_runtime_native_boot_prop:s0" dev="tmpfs" ino=6815 scontext=u:r:shell:s0 tcontext=u:object_r:device_config_runtime_native_boot_prop:s0 tclass=file permissive=0
03-15 00:27:40.635 24767 24767 E libc    : Access denied finding property "persist.device_config.runtime_native_boot.enable_apex_image"
03-15 00:27:40.635 24767 24767 I AndroidRuntime: Using default boot image
03-15 00:27:40.627 24767 24767 W app_process: type=1400 audit(0.0:2275): avc: denied { read } for name="u:object_r:device_config_runtime_native_boot_prop:s0" dev="tmpfs" ino=6815 scontext=u:r:shell:s0 tcontext=u:object_r:device_config_runtime_native_boot_prop:s0 tclass=file permissive=0
03-15 00:27:40.647 24767 24767 W app_process: type=1400 audit(0.0:2276): avc: denied { read } for name="u:object_r:device_config_runtime_native_boot_prop:s0" dev="tmpfs" ino=6815 scontext=u:r:shell:s0 tcontext=u:object_r:device_config_runtime_native_boot_prop:s0 tclass=file permissive=0
03-15 00:27:40.648 24767 24767 E libc    : Access denied finding property "persist.device_config.runtime_native_boot.disable_lock_profiling"
03-15 00:27:40.648 24767 24767 I AndroidRuntime: Leaving lock profiling enabled
03-15 00:27:40.649 24767 24767 E libc    : Access denied finding property "persist.device_config.runtime_native_boot.enable_generational_cc"
03-15 00:27:41.001 24767 24767 D ICU     : Time zone APEX file found: /apex/com.android.tzdata/etc/icu/icu_tzdata.dat
03-15 00:27:41.069 24767 24767 W app_process: Unexpected CPU variant for X86 using defaults: x86
03-15 00:27:41.073 24767 24767 I app_process: The ClassLoaderContext is a special shared library.
03-15 00:27:41.133 24767 24767 W app_process: JNI RegisterNativeMethods: attempt to register 0 native methods for android.media.AudioAttributes
03-15 00:27:41.138 24767 24767 D AndroidRuntime: Calling main entry com.android.commands.input.Input
03-15 00:27:41.229  1766  2316 E GnssHAL_GnssInterface: gnssSvStatusCb: a: input svInfo.flags is 8
03-15 00:27:41.230  1766  2316 E GnssHAL_GnssInterface: gnssSvStatusCb: b: input svInfo.flags is 8
03-15 00:27:41.254 23669 24798 D OK      : request got status: 200
03-15 00:27:41.284 23669 24653 I PostListingFragment: Precaching images: ON
03-15 00:27:41.284 23669 24653 I PostListingFragment: Precaching comments: ON
03-15 00:27:41.430 24767 24767 D AndroidRuntime: Shutting down VM
03-15 00:27:41.448  2024  4989 W InputReader: Device has associated, but no associated display id.
03-15 00:27:41.452  2024  4989 I chatty  : uid=1000(system) Binder:2024_20 identical 8 lines
03-15 00:27:41.452  2024  4989 W InputReader: Device has associated, but no associated display id.
03-15 00:27:41.516  2024  2452 W InputReader: Device has associated, but no associated display id.
03-15 00:27:41.518  2024  2452 I chatty  : uid=1000(system) Binder:2024_A identical 28 lines
03-15 00:27:41.518  2024  2452 W InputReader: Device has associated, but no associated display id.
03-15 00:27:41.556 23669 24834 D OK      : calling: https://a.thumbs.redditmedia.com/MXf4_f1UEwygd6Dh1odCQECHJUG3nJONl6vpmqtblp4.jpg
03-15 00:27:41.570  1748 24836 E ResolverController: No valid NAT64 prefix (100, <unspecified>/0)
03-15 00:27:41.574 23669 24835 D OK      : calling: https://b.thumbs.redditmedia.com/tM44Ip2K_PHZa5ATJJHN160lPE2VgM5ZKhIQYx3ThUI.jpg
03-15 00:27:41.600 23669 24834 D OK      : request got status: 200
03-15 00:27:41.635 23669 24835 D OK      : request got status: 200
03-15 00:27:41.647  2024  3252 W InputReader: Device has associated, but no associated display id.
03-15 00:27:41.648  2024  3252 I chatty  : uid=1000(system) Binder:2024_13 identical 18 lines
03-15 00:27:41.648  2024  3252 W InputReader: Device has associated, but no associated display id.
03-15 00:27:41.657  1767  1767 D gralloc_ranchu: gralloc_alloc: Creating ashmem region of size 8298496
03-15 00:27:41.665 23669 24838 D OK      : calling: https://oauth.reddit.com/comments/fiqscd/.json?sort=confidence
03-15 00:27:41.667  1767 23050 D gralloc_ranchu: gralloc_alloc: Creating ashmem region of size 8298496
03-15 00:27:41.671  1767  1957 D gralloc_ranchu: gralloc_alloc: Creating ashmem region of size 8298496
03-15 00:27:41.676 23669 23728 D EGL_emulation: eglMakeCurrent: 0xe1320440: ver 3 0 (tinfo 0xe1322860)
03-15 00:27:41.689 23669 23728 D EGL_emulation: eglMakeCurrent: 0xe1320440: ver 3 0 (tinfo 0xe1322860)
03-15 00:27:41.740 23669 24837 D OK      : calling: https://i.redd.it/lc9tsocjtom41.jpg
03-15 00:27:41.785  1748 24840 E ResolverController: No valid NAT64 prefix (100, <unspecified>/0)
03-15 00:27:41.790 23669 23728 D EGL_emulation: eglMakeCurrent: 0xe1320440: ver 3 0 (tinfo 0xe1322860)
03-15 00:27:41.802 23669 23728 D EGL_emulation: eglMakeCurrent: 0xe1320440: ver 3 0 (tinfo 0xe1322860)
03-15 00:27:41.822 23669 24837 D OK      : request got status: 200
03-15 00:27:42.121 23669 23728 D EGL_emulation: eglMakeCurrent: 0xe1320440: ver 3 0 (tinfo 0xe1322860)
03-15 00:27:42.226  1766  2316 E GnssHAL_GnssInterface: gnssSvStatusCb: a: input svInfo.flags is 8
03-15 00:27:42.226  1766  2316 E GnssHAL_GnssInterface: gnssSvStatusCb: b: input svInfo.flags is 8
03-15 00:27:42.305 23669 24854 D OK      : calling: https://b.thumbs.redditmedia.com/fISLc1hmRd06DyFJqGKmI2N3nonSzjWQcS3WfARBY8U.jpg
03-15 00:27:42.345 23669 24152 W System  : A resource failed to call response.body().close(). 
03-15 00:27:42.345 23669 24152 I chatty  : uid=10149(org.quantumbadger.redreader) OkHttp Connecti identical 1 line
03-15 00:27:42.345 23669 24152 W System  : A resource failed to call response.body().close(). 
03-15 00:27:42.401 23669 24860 D OK      : calling: https://b.thumbs.redditmedia.com/gn5KaQsR7OpwUP4Hi4QiNBsaqmNPSP5viV3B-1Pzh0A.jpg
03-15 00:27:42.419 23669 24864 D OK      : calling: https://b.thumbs.redditmedia.com/h_uaFQM4q_J6a2Z_-wMVeAd9xNgALgrH6OO1q2KjOWk.jpg
03-15 00:27:42.439 23669 23687 I adger.redreade: Background young concurrent copying GC freed 56329(2488KB) AllocSpace objects, 21(1044KB) LOS objects, 33% free, 6601KB/9895KB, paused 33us total 360.567ms
03-15 00:27:42.444 23669 23689 W System  : A resource failed to call close. 
03-15 00:27:42.444 23669 23689 W System  : A resource failed to call close. 
03-15 00:27:42.444 23669 23689 W System  : A resource failed to call end. 
03-15 00:27:42.446 23669 23689 W System  : A resource failed to call end. 
03-15 00:27:42.446 23669 23689 W System  : A resource failed to call close. 
03-15 00:27:42.446 23669 23689 I chatty  : uid=10149(org.quantumbadger.redreader) FinalizerDaemon identical 4 lines
03-15 00:27:42.446 23669 23689 W System  : A resource failed to call close. 
03-15 00:27:42.466 23669 24865 D OK      : calling: https://b.thumbs.redditmedia.com/uDIf4Ot8u02IgqviEx4HrO3Gz2FF_GM2crIpHACWuKY.jpg
03-15 00:27:42.523 23669 24868 D OK      : calling: https://b.thumbs.redditmedia.com/sDYslBWH6Hd1wBibVGD4cOO7BQyIV9yWS4zix3FlQ7c.jpg
03-15 00:27:42.525 23669 24870 D OK      : calling: https://b.thumbs.redditmedia.com/2htMfeunUbK0_oOy4ZoAjI09lvuL8J8FSQ95FZHiyTY.jpg
03-15 00:27:42.617 23669 24873 D OK      : calling: https://a.thumbs.redditmedia.com/a89WNjVYbBkA4vto0BkN16D9-rzJAKWiRMYQQXg9tz0.jpg
03-15 00:27:42.629 23669 24874 D OK      : calling: https://b.thumbs.redditmedia.com/02Yi2X5-WJdpSYPY3CdXU668ICIAbJfwvLgo2gOp06U.jpg
03-15 00:27:42.718 23669 24881 D OK      : calling: https://b.thumbs.redditmedia.com/flVbbXPYiasEGU7YyjWnw2x694q4mchEjUYkv-3cZ_U.jpg
03-15 00:27:42.806 23669 24885 D OK      : calling: https://b.thumbs.redditmedia.com/Mr2CIQtkwDctEN2yi2dE-lLap26VPPlcAJexIHojpfg.jpg
03-15 00:27:42.836 23669 24887 D OK      : calling: https://b.thumbs.redditmedia.com/d8NZ7tRMsXkq6t3Vxywt6nxIyY8HVTog872YXtYEZsc.jpg
03-15 00:27:42.849 23669 24889 D OK      : calling: https://b.thumbs.redditmedia.com/IEOSYVh5b6LGIMGNXDae5Go2TzYBzAW_k5RQ_grUC8A.jpg
03-15 00:27:42.865 23669 24653 I getImgurImageInfo: Image tLMLUBm: trying API v3 with auth
03-15 00:27:42.913 23669 24653 I getImgurImageInfo: Image DEimSTf: trying API v3 with auth
03-15 00:27:42.918 23669 24894 D OK      : calling: https://oauth.reddit.com/comments/finq8v/.json?sort=confidence
03-15 00:27:42.984 23669 24893 D OK      : calling: https://a.thumbs.redditmedia.com/h2Hf2VhH6M_R51KUynRQ0sF6nBllAgb7lZ0XL4itb68.jpg
03-15 00:27:43.028 23669 24854 D OK      : request got status: 200
03-15 00:27:43.032 23669 24838 D OK      : request got status: 200
03-15 00:27:43.040 23669 24865 D OK      : request got status: 200
03-15 00:27:43.040 23669 24860 D OK      : request got status: 200
03-15 00:27:43.040 23669 24864 D OK      : request got status: 200
03-15 00:27:43.054 23669 24870 D OK      : request got status: 200
03-15 00:27:43.058 23669 24868 D OK      : request got status: 200
03-15 00:27:43.063 23669 24881 D OK      : request got status: 200
03-15 00:27:43.063 23669 24874 D OK      : request got status: 200
03-15 00:27:43.066 23669 24873 D OK      : request got status: 200
03-15 00:27:43.067 23669 24885 D OK      : request got status: 200
03-15 00:27:43.067 23669 24887 D OK      : request got status: 200
03-15 00:27:43.067 23669 24889 D OK      : request got status: 200
03-15 00:27:43.073 23669 24893 D OK      : request got status: 200
03-15 00:27:43.075 23669 24837 I PostListingFragment: Successfully precached https://i.redd.it/lc9tsocjtom41.jpg
03-15 00:27:43.116 23669 24901 D OK      : calling: https://b.thumbs.redditmedia.com/lnfmgJYTWZv0zUeGO8p0ZfQtzhMXy1NXeL6DGsqp6sE.jpg
03-15 00:27:43.179 23669 24904 D OK      : calling: https://b.thumbs.redditmedia.com/aUvdI1NE5JKXYrT7dLZAArYzDruyO2EZ_e8_uRsy9kE.jpg
03-15 00:27:43.230  1766  2316 E GnssHAL_GnssInterface: gnssSvStatusCb: a: input svInfo.flags is 8
03-15 00:27:43.230  1766  2316 E GnssHAL_GnssInterface: gnssSvStatusCb: b: input svInfo.flags is 8
03-15 00:27:43.241 23669 23687 I adger.redreade: Background concurrent copying GC freed 70671(3126KB) AllocSpace objects, 19(1148KB) LOS objects, 49% free, 6171KB/12MB, paused 84us total 118.110ms
03-15 00:27:43.248 23669 24904 D OK      : request got status: 200
03-15 00:27:43.249 23669 24901 D OK      : request got status: 200
03-15 00:27:43.265 23669 23689 W System  : A resource failed to call end. 
03-15 00:27:43.265 23669 23689 I chatty  : uid=10149(org.quantumbadger.redreader) FinalizerDaemon identical 1 line
03-15 00:27:43.265 23669 23689 W System  : A resource failed to call end. 
03-15 00:27:43.266 23669 23689 W System  : A resource failed to call close. 
03-15 00:27:43.267 23669 23689 W System  : A resource failed to call end. 
03-15 00:27:43.267 23669 23689 W System  : A resource failed to call close. 
03-15 00:27:43.267 23669 23689 W System  : A resource failed to call close. 
03-15 00:27:43.373  1757  3626 W audio_hw_generic: Not supplying enough data to HAL, expected position 73126536 , only wrote 73126430
03-15 00:27:43.374  1757  3626 W audio_hw_generic: Not supplying enough data to HAL, expected position 73126462 , only wrote 73126430
03-15 00:27:43.482 23669 24838 I PostListingFragment: Successfully precached https://oauth.reddit.com/comments/fiqscd/.json?sort=confidence
03-15 00:27:43.499 23669 23728 D EGL_emulation: eglMakeCurrent: 0xe1320440: ver 3 0 (tinfo 0xe1322860)
03-15 00:27:43.516  2024  4989 I ActivityTaskManager: START u0 {dat=https://oauth.reddit.com/... cmp=org.quantumbadger.redreader/.activities.PostListingActivity} from uid 10149
03-15 00:27:43.526  2024  4989 W InputReader: Device has associated, but no associated display id.
03-15 00:27:43.529  2024  4989 I chatty  : uid=1000(system) Binder:2024_20 identical 48 lines
03-15 00:27:43.529  2024  4989 W InputReader: Device has associated, but no associated display id.
03-15 00:27:43.530 23669 23669 W ActivityThread: handleWindowVisibility: no activity for token android.os.BinderProxy@40d8ca9
03-15 00:27:43.534  2024  2053 E memtrack: Couldn't load memtrack module
03-15 00:27:43.534  2024  2053 W android.os.Debug: failed to get memory consumption info: -1
03-15 00:27:43.539  2024  2053 E memtrack: Couldn't load memtrack module
03-15 00:27:43.539  2024  2053 W android.os.Debug: failed to get memory consumption info: -1
03-15 00:27:43.575 23669 23669 I AppCompatViewInflater: app:theme is now deprecated. Please move to using android:theme instead.
03-15 00:27:43.730  1767 23050 D gralloc_ranchu: gralloc_alloc: Creating ashmem region of size 8298496
03-15 00:27:43.737  1767 23050 D gralloc_ranchu: gralloc_alloc: Creating ashmem region of size 8298496
03-15 00:27:43.754 23669 23728 D EGL_emulation: eglMakeCurrent: 0xe1320440: ver 3 0 (tinfo 0xe1322860)
03-15 00:27:43.783  1757  3626 W audio_hw_generic: Not supplying enough data to HAL, expected position 73144473 , only wrote 73144277
03-15 00:27:43.784  1757  3626 W audio_hw_generic: Not supplying enough data to HAL, expected position 73144298 , only wrote 73144277
03-15 00:27:43.795  2024  2048 W InputReader: Device has associated, but no associated display id.
03-15 00:27:43.795  2024  2048 I chatty  : uid=1000(system) android.anim identical 8 lines
03-15 00:27:43.795  2024  2048 W InputReader: Device has associated, but no associated display id.
03-15 00:27:43.796  1767 23050 D gralloc_ranchu: gralloc_alloc: Creating ashmem region of size 8298496
03-15 00:27:43.798  2024  2048 W InputReader: Device has associated, but no associated display id.
03-15 00:27:43.798  2024  2048 I chatty  : uid=1000(system) android.anim identical 8 lines
03-15 00:27:43.798  2024  2048 W InputReader: Device has associated, but no associated display id.
03-15 00:27:43.799  1757  3626 W audio_hw_generic: Not supplying enough data to HAL, expected position 73144960 , only wrote 73144938
03-15 00:27:44.129 23669 24948 D OK      : calling: https://oauth.reddit.com/comments/fipm6h/.json?sort=confidence
03-15 00:27:44.236  1766  2316 E GnssHAL_GnssInterface: gnssSvStatusCb: a: input svInfo.flags is 8
03-15 00:27:44.236  1766  2316 E GnssHAL_GnssInterface: gnssSvStatusCb: b: input svInfo.flags is 8
03-15 00:27:44.495 23669 24894 D OK      : request got status: 200
03-15 00:27:44.503 23669 24948 D OK      : request got status: 200
03-15 00:27:44.776 23669 24976 D OK      : calling: https://b.thumbs.redditmedia.com/x5arDQbep33oF4g4VANk1iHk8eIPpdjV6SJ6h2gCHXs.jpg
03-15 00:27:44.820 23669 24976 D OK      : request got status: 200
03-15 00:27:44.914 23669 24653 I PostListingFragment: Precaching images: ON
03-15 00:27:44.950 23669 24653 I PostListingFragment: Precaching comments: ON
03-15 00:27:45.117 23669 24985 D OK      : calling: https://b.thumbs.redditmedia.com/U5ir5rCbv99A9fniuatz8nff8xudAgSHAsya8s2KvTs.jpg
03-15 00:27:45.127 23669 24948 I PostListingFragment: Successfully precached https://oauth.reddit.com/comments/fipm6h/.json?sort=confidence
03-15 00:27:45.238  1766  2316 E GnssHAL_GnssInterface: gnssSvStatusCb: a: input svInfo.flags is 8
03-15 00:27:45.238  1766  2316 E GnssHAL_GnssInterface: gnssSvStatusCb: b: input svInfo.flags is 8
03-15 00:27:45.340 23669 25000 D OK      : calling: https://oauth.reddit.com/comments/fioxd1/.json?sort=confidence
03-15 00:27:45.583 23669 24985 D OK      : request got status: 200
03-15 00:27:45.637 23669 24981 I PostListingFragment: Successfully precached https://oauth.reddit.com/comments/fiqscd/.json?sort=confidence
03-15 00:27:46.206 23669 24653 I getImgurImageInfo: Image tLMLUBm: trying API v3 with auth
03-15 00:27:46.216 23669 24653 I getImgurImageInfo: Image DEimSTf: trying API v3 with auth
03-15 00:27:46.244  1766  2316 E GnssHAL_GnssInterface: gnssSvStatusCb: a: input svInfo.flags is 8
03-15 00:27:46.244  1766  2316 E GnssHAL_GnssInterface: gnssSvStatusCb: b: input svInfo.flags is 8
03-15 00:27:46.355  2024  2034 I system_server: Background young concurrent copying GC freed 49514(4114KB) AllocSpace objects, 66(1956KB) LOS objects, 30% free, 13MB/19MB, paused 44us total 259.762ms
03-15 00:27:46.454 23669 24894 I PostListingFragment: Successfully precached https://oauth.reddit.com/comments/finq8v/.json?sort=confidence
03-15 00:27:46.492 23669 23669 W RecyclerView: Cannot call this method in a scroll callback. Scroll callbacks mightbe run during a measure & layout pass where you cannot change theRecyclerView data. Any method call that might change the structureof the RecyclerView or the adapter contents should be postponed tothe next frame.
03-15 00:27:46.492 23669 23669 W RecyclerView: java.lang.IllegalStateException:  android.support.v7.widget.RecyclerView{37503af VFED..... .F....ID 0,0-1080,1605 #7f0900c7 app:id/scrollbar_recyclerview_recyclerview}, adapter:org.quantumbadger.redreader.adapters.GroupedRecyclerViewAdapter@657385f, layout:android.support.v7.widget.LinearLayoutManager@eca22ac, context:org.quantumbadger.redreader.activities.PostListingActivity@e56922e
03-15 00:27:46.492 23669 23669 W RecyclerView: 	at android.support.v7.widget.RecyclerView.assertNotInLayoutOrScroll(RecyclerView.java:2890)
03-15 00:27:46.492 23669 23669 W RecyclerView: 	at android.support.v7.widget.RecyclerView$RecyclerViewDataObserver.onItemRangeInserted(RecyclerView.java:5300)
03-15 00:27:46.492 23669 23669 W RecyclerView: 	at android.support.v7.widget.RecyclerView$AdapterDataObservable.notifyItemRangeInserted(RecyclerView.java:12022)
03-15 00:27:46.492 23669 23669 W RecyclerView: 	at android.support.v7.widget.RecyclerView$Adapter.notifyItemInserted(RecyclerView.java:7180)
03-15 00:27:46.492 23669 23669 W RecyclerView: 	at org.quantumbadger.redreader.adapters.GroupedRecyclerViewAdapter.updateHiddenStatus(GroupedRecyclerViewAdapter.java:279)
03-15 00:27:46.492 23669 23669 W RecyclerView: 	at org.quantumbadger.redreader.adapters.RedditListingManager.setLoadingVisible(RedditListingManager.java:125)
03-15 00:27:46.492 23669 23669 W RecyclerView: 	at org.quantumbadger.redreader.fragments.PostListingFragment.onLoadMoreItemsCheck(PostListingFragment.java:465)
03-15 00:27:46.492 23669 23669 W RecyclerView: 	at org.quantumbadger.redreader.fragments.PostListingFragment.access$000(PostListingFragment.java:98)
03-15 00:27:46.492 23669 23669 W RecyclerView: 	at org.quantumbadger.redreader.fragments.PostListingFragment$2.onScrolled(PostListingFragment.java:215)
03-15 00:27:46.492 23669 23669 W RecyclerView: 	at android.support.v7.widget.RecyclerView.dispatchOnScrolled(RecyclerView.java:4961)
03-15 00:27:46.492 23669 23669 W RecyclerView: 	at android.support.v7.widget.RecyclerView.dispatchLayoutStep3(RecyclerView.java:4021)
03-15 00:27:46.492 23669 23669 W RecyclerView: 	at android.support.v7.widget.RecyclerView.dispatchLayout(RecyclerView.java:3652)
03-15 00:27:46.492 23669 23669 W RecyclerView: 	at android.support.v7.widget.RecyclerView.consumePendingUpdateOperations(RecyclerView.java:1888)
03-15 00:27:46.492 23669 23669 W RecyclerView: 	at android.support.v7.widget.RecyclerView$1.run(RecyclerView.java:407)
03-15 00:27:46.492 23669 23669 W RecyclerView: 	at android.view.Choreographer$CallbackRecord.run(Choreographer.java:966)
03-15 00:27:46.492 23669 23669 W RecyclerView: 	at android.view.Choreographer.doCallbacks(Choreographer.java:790)
03-15 00:27:46.492 23669 23669 W RecyclerView: 	at android.view.Choreographer.doFrame(Choreographer.java:721)
03-15 00:27:46.492 23669 23669 W RecyclerView: 	at android.view.Choreographer$FrameDisplayEventReceiver.run(Choreographer.java:951)
03-15 00:27:46.492 23669 23669 W RecyclerView: 	at android.os.Handler.handleCallback(Handler.java:883)
03-15 00:27:46.492 23669 23669 W RecyclerView: 	at android.os.Handler.dispatchMessage(Handler.java:100)
03-15 00:27:46.492 23669 23669 W RecyclerView: 	at android.os.Looper.loop(Looper.java:214)
03-15 00:27:46.492 23669 23669 W RecyclerView: 	at android.app.ActivityThread.main(ActivityThread.java:7356)
03-15 00:27:46.492 23669 23669 W RecyclerView: 	at java.lang.reflect.Method.invoke(Native Method)
03-15 00:27:46.492 23669 23669 W RecyclerView: 	at com.android.internal.os.RuntimeInit$MethodAndArgsCaller.run(RuntimeInit.java:492)
03-15 00:27:46.492 23669 23669 W RecyclerView: 	at com.android.internal.os.ZygoteInit.main(ZygoteInit.java:930)
03-15 00:27:46.555 23669 25042 D OK      : calling: https://oauth.reddit.com/comments/fiudgp/.json?sort=confidence
03-15 00:27:46.650  1757  1757 W audio_hw_generic: Not supplying enough data to HAL, expected position 73395210 , only wrote 73270528
03-15 00:27:46.746 23669 25042 D OK      : request got status: 200
03-15 00:27:47.110 23669 25000 D OK      : request got status: 200
03-15 00:27:47.231 23669 23687 I adger.redreade: Background young concurrent copying GC freed 67468(3272KB) AllocSpace objects, 58(1736KB) LOS objects, 42% free, 7136KB/12MB, paused 6.994ms total 143.847ms
03-15 00:27:47.234 23669 25042 I PostListingFragment: Successfully precached https://oauth.reddit.com/comments/fiudgp/.json?sort=confidence
03-15 00:27:47.235 23669 23689 W System  : A resource failed to call close. 
03-15 00:27:47.235 23669 23689 I chatty  : uid=10149(org.quantumbadger.redreader) FinalizerDaemon identical 17 lines
03-15 00:27:47.235 23669 23689 W System  : A resource failed to call close. 
03-15 00:27:47.235 23669 23689 W System  : A resource failed to call end. 
03-15 00:27:47.235 23669 23689 W System  : A resource failed to call end. 
03-15 00:27:47.235 23669 23689 W System  : A resource failed to call close. 
03-15 00:27:47.236 23669 23689 I chatty  : uid=10149(org.quantumbadger.redreader) FinalizerDaemon identical 26 lines
03-15 00:27:47.236 23669 23689 W System  : A resource failed to call close. 
03-15 00:27:47.247  1766  2316 E GnssHAL_GnssInterface: gnssSvStatusCb: a: input svInfo.flags is 8
03-15 00:27:47.247  1766  2316 E GnssHAL_GnssInterface: gnssSvStatusCb: b: input svInfo.flags is 8
03-15 00:27:47.348 23669 24152 W System  : A resource failed to call response.body().close(). 
03-15 00:27:47.349 23669 24152 I chatty  : uid=10149(org.quantumbadger.redreader) OkHttp Connecti identical 15 lines
03-15 00:27:47.349 23669 24152 W System  : A resource failed to call response.body().close(). 
03-15 00:27:47.363 25049 25049 D AndroidRuntime: >>>>>> START com.android.internal.os.RuntimeInit uid 2000 <<<<<<
03-15 00:27:47.367 25049 25049 W app_process: type=1400 audit(0.0:2277): avc: denied { read } for name="u:object_r:device_config_runtime_native_boot_prop:s0" dev="tmpfs" ino=6815 scontext=u:r:shell:s0 tcontext=u:object_r:device_config_runtime_native_boot_prop:s0 tclass=file permissive=0
03-15 00:27:47.367 25049 25049 I chatty  : uid=2000(shell) app_process identical 1 line
03-15 00:27:47.367 25049 25049 W app_process: type=1400 audit(0.0:2279): avc: denied { read } for name="u:object_r:device_config_runtime_native_boot_prop:s0" dev="tmpfs" ino=6815 scontext=u:r:shell:s0 tcontext=u:object_r:device_config_runtime_native_boot_prop:s0 tclass=file permissive=0
03-15 00:27:47.376 25049 25049 E libc    : Access denied finding property "persist.device_config.runtime_native_boot.enable_apex_image"
03-15 00:27:47.376 25049 25049 I AndroidRuntime: Using default boot image
03-15 00:27:47.376 25049 25049 E libc    : Access denied finding property "persist.device_config.runtime_native_boot.disable_lock_profiling"
03-15 00:27:47.376 25049 25049 I AndroidRuntime: Leaving lock profiling enabled
03-15 00:27:47.377 25049 25049 E libc    : Access denied finding property "persist.device_config.runtime_native_boot.enable_generational_cc"
03-15 00:27:47.470 25049 25049 D ICU     : Time zone APEX file found: /apex/com.android.tzdata/etc/icu/icu_tzdata.dat
03-15 00:27:47.477 25049 25049 W app_process: Unexpected CPU variant for X86 using defaults: x86
03-15 00:27:47.478 25049 25049 I app_process: The ClassLoaderContext is a special shared library.
03-15 00:27:47.532 25049 25049 W app_process: JNI RegisterNativeMethods: attempt to register 0 native methods for android.media.AudioAttributes
03-15 00:27:47.540 23669 25000 I PostListingFragment: Successfully precached https://oauth.reddit.com/comments/fioxd1/.json?sort=confidence
03-15 00:27:47.541 25049 25049 D AndroidRuntime: Calling main entry com.android.commands.input.Input
03-15 00:27:47.566 23669 24981 I PostListingFragment: Successfully precached https://oauth.reddit.com/comments/finq8v/.json?sort=confidence
03-15 00:27:47.572 23669 24981 I PostListingFragment: Successfully precached https://i.redd.it/lc9tsocjtom41.jpg
03-15 00:27:47.579 23669 24981 I PostListingFragment: Successfully precached https://oauth.reddit.com/comments/fioxd1/.json?sort=confidence
03-15 00:27:47.591 23669 24837 D OK      : calling: https://i.redd.it/jw8boot7kom41.jpg
03-15 00:27:47.595 23669 25087 D OK      : calling: https://i.redd.it/jw8boot7kom41.jpg
03-15 00:27:47.605 23669 25089 D OK      : calling: https://i.redd.it/6t1bj7jrwqm41.jpg
03-15 00:27:47.616 23669 25092 D OK      : calling: https://v.redd.it/f1hxmw8jgpm41/DASHPlaylist.mpd
03-15 00:27:47.620 23669 25090 D OK      : calling: https://i.redd.it/6t1bj7jrwqm41.jpg
03-15 00:27:47.622  1748 25088 E ResolverController: No valid NAT64 prefix (100, <unspecified>/0)
03-15 00:27:47.623  1748 25091 E ResolverController: No valid NAT64 prefix (100, <unspecified>/0)
03-15 00:27:47.623  1748 25086 E ResolverController: No valid NAT64 prefix (100, <unspecified>/0)
03-15 00:27:47.635  1748 25093 E ResolverController: No valid NAT64 prefix (100, <unspecified>/0)
03-15 00:27:47.645  1748 25094 E ResolverController: No valid NAT64 prefix (100, <unspecified>/0)
03-15 00:27:47.745 25049 25049 D AndroidRuntime: Shutting down VM
03-15 00:27:47.756  1757  3626 W audio_hw_generic: Not supplying enough data to HAL, expected position 73270537 , only wrote 73270528
03-15 00:27:47.868 23669 25095 D OK      : calling: https://v.redd.it/f1hxmw8jgpm41/DASHPlaylist.mpd
03-15 00:27:48.009 23669 25098 D OK      : calling: https://oauth.reddit.com/hot/.json?after=t3_fit3ng
03-15 00:27:48.057  1748 25103 E ResolverController: No valid NAT64 prefix (100, <unspecified>/0)
03-15 00:27:48.240 23669 25087 D OK      : request got status: 200
03-15 00:27:48.259  1766  2316 E GnssHAL_GnssInterface: gnssSvStatusCb: a: input svInfo.flags is 8
03-15 00:27:48.259  1766  2316 E GnssHAL_GnssInterface: gnssSvStatusCb: b: input svInfo.flags is 8
03-15 00:27:48.341 23669 25089 D OK      : request got status: 200
03-15 00:27:48.364  1767 23050 D gralloc_ranchu: gralloc_alloc: Creating ashmem region of size 2527232
03-15 00:27:48.408  1767 23050 I chatty  : uid=1000(system) HwBinder:1767_3 identical 1 line
03-15 00:27:48.413  1767 23050 D gralloc_ranchu: gralloc_alloc: Creating ashmem region of size 2527232
03-15 00:27:48.472 23669 25113 D OK      : calling: https://i.redd.it/gof34xogpqm41.jpg
03-15 00:27:48.520 23669 25087 I PostListingFragment: Successfully precached https://i.redd.it/jw8boot7kom41.jpg
03-15 00:27:48.528 23669 23728 D EGL_emulation: eglMakeCurrent: 0xe1320440: ver 3 0 (tinfo 0xe1322860)
03-15 00:27:48.553 23669 23728 D EGL_emulation: eglMakeCurrent: 0xe1320440: ver 3 0 (tinfo 0xe1322860)
03-15 00:27:48.662 23669 24837 D OK      : request got status: 200
03-15 00:27:48.710 23669 23728 D EGL_emulation: eglMakeCurrent: 0xe1320440: ver 3 0 (tinfo 0xe1322860)
03-15 00:27:48.727 23669 25090 D OK      : request got status: 200
03-15 00:27:48.744  3717 23222 W GmsLocationProvider: Error removing location updates: 16
03-15 00:27:48.815 23669 23728 D EGL_emulation: eglMakeCurrent: 0xe1320440: ver 3 0 (tinfo 0xe1322860)
03-15 00:27:48.836 23669 23728 D EGL_emulation: eglMakeCurrent: 0xe1320440: ver 3 0 (tinfo 0xe1322860)
03-15 00:27:48.864 23669 24837 I PostListingFragment: Successfully precached https://i.redd.it/jw8boot7kom41.jpg
03-15 00:27:48.904 23669 25089 I PostListingFragment: Successfully precached https://i.redd.it/6t1bj7jrwqm41.jpg
03-15 00:27:49.030 23669 25113 D OK      : request got status: 200
03-15 00:27:49.075 23669 25087 D OK      : calling: https://i.redd.it/gof34xogpqm41.jpg
03-15 00:27:49.106 23669 25113 I PostListingFragment: Successfully precached https://i.redd.it/gof34xogpqm41.jpg
03-15 00:27:49.163 23669 25087 D OK      : request got status: 200
03-15 00:27:49.240 23669 25090 I PostListingFragment: Successfully precached https://i.redd.it/6t1bj7jrwqm41.jpg
03-15 00:27:49.260  1766  2316 E GnssHAL_GnssInterface: gnssSvStatusCb: a: input svInfo.flags is 8
03-15 00:27:49.260  1766  2316 E GnssHAL_GnssInterface: gnssSvStatusCb: b: input svInfo.flags is 8
03-15 00:27:49.297 23669 25136 D OK      : calling: https://oauth.reddit.com/comments/firmst/.json?sort=confidence
03-15 00:27:49.316 23669 25098 D OK      : request got status: 200
03-15 00:27:49.377 23336 23352 I mit.droidbotap: Background young concurrent copying GC freed 17370(1006KB) AllocSpace objects, 23(624KB) LOS objects, 52% free, 1313KB/2792KB, paused 1.223ms total 103.913ms
03-15 00:27:49.419 23669 24653 I PostListingFragment: Precaching images: ON
03-15 00:27:49.419 23669 24653 I PostListingFragment: Precaching comments: ON
03-15 00:27:49.436 23669 25087 I PostListingFragment: Successfully precached https://i.redd.it/gof34xogpqm41.jpg
03-15 00:27:49.505 23669 25092 D OK      : request got status: 200
03-15 00:27:49.550 23669 25113 D OK      : calling: https://i.redd.it/lgju3h5j6rm41.jpg
03-15 00:27:49.557 23336 23352 I mit.droidbotap: Background concurrent copying GC freed 21481(921KB) AllocSpace objects, 32(1216KB) LOS objects, 49% free, 3376KB/6752KB, paused 20us total 121.326ms
03-15 00:27:49.614 23669 25113 D OK      : request got status: 200
03-15 00:27:49.656 23669 25175 D OK      : calling: https://b.thumbs.redditmedia.com/YDrNlL_xhwL72Xaz-zVP2LzeudSX_OP4Az2xxjtizFM.jpg
03-15 00:27:49.663 23669 25095 D OK      : request got status: 200
03-15 00:27:49.687  1748 25176 E ResolverController: No valid NAT64 prefix (100, <unspecified>/0)
03-15 00:27:49.710 23669 25113 I PostListingFragment: Successfully precached https://i.redd.it/lgju3h5j6rm41.jpg
03-15 00:27:49.724 23669 25092 I RedditVideosAPI: For 'https://v.redd.it/f1hxmw8jgpm41/DASHPlaylist.mpd', got video stream 'https://v.redd.it/f1hxmw8jgpm41/DASH_480' and audio stream 'https://v.redd.it/f1hxmw8jgpm41/audio'
03-15 00:27:49.730 23669 25175 D OK      : request got status: 200
03-15 00:27:49.734 23669 23687 I adger.redreade: Background young concurrent copying GC freed 54776(3575KB) AllocSpace objects, 37(1268KB) LOS objects, 26% free, 9089KB/12MB, paused 63.890ms total 505.435ms
03-15 00:27:49.739 23669 23689 W System  : A resource failed to call close. 
03-15 00:27:49.746 23669 23689 I chatty  : uid=10149(org.quantumbadger.redreader) FinalizerDaemon identical 24 lines
03-15 00:27:49.746 23669 23689 W System  : A resource failed to call close. 
03-15 00:27:49.757 23669 25095 I RedditVideosAPI: For 'https://v.redd.it/f1hxmw8jgpm41/DASHPlaylist.mpd', got video stream 'https://v.redd.it/f1hxmw8jgpm41/DASH_480' and audio stream 'https://v.redd.it/f1hxmw8jgpm41/audio'
03-15 00:27:49.764 23669 25181 D OK      : calling: https://b.thumbs.redditmedia.com/X4S9CMJ3yMz2zMFoOAn5qtVlgtwe7dYQIs4Xh-kJmFU.jpg
03-15 00:27:49.772 23669 25184 D OK      : calling: https://b.thumbs.redditmedia.com/0WyyMYP-7CbHk9LqF5x-bmIvpWTTO8Rqfcw4tnvnjoM.jpg
03-15 00:27:49.797 23669 24653 I getImgurImageInfo: Image KcIVfEP: trying API v3 with auth
03-15 00:27:49.818 23669 25184 D OK      : request got status: 200
03-15 00:27:49.898 23669 23728 D EGL_emulation: eglMakeCurrent: 0xe1320440: ver 3 0 (tinfo 0xe1322860)
03-15 00:27:49.921 23669 23728 D EGL_emulation: eglMakeCurrent: 0xe1320440: ver 3 0 (tinfo 0xe1322860)
03-15 00:27:49.861 23669 25181 D OK      : request got status: 200
03-15 00:27:50.208 23669 23728 D EGL_emulation: eglMakeCurrent: 0xe1320440: ver 3 0 (tinfo 0xe1322860)
03-15 00:27:50.227 23669 24653 I getImgurImageInfo: Image kLVYLvE: trying API v3 with auth
03-15 00:27:50.261  1766  2316 E GnssHAL_GnssInterface: gnssSvStatusCb: a: input svInfo.flags is 8
03-15 00:27:50.261  1766  2316 E GnssHAL_GnssInterface: gnssSvStatusCb: b: input svInfo.flags is 8
03-15 00:27:50.298 23669 24653 I getImgurImageInfo: Image cpVGMFY: trying API v3 with auth
03-15 00:27:50.398 23669 25203 D OK      : calling: https://oauth.reddit.com/comments/firmst/.json?sort=confidence
03-15 00:27:50.400 23669 25136 D OK      : request got status: 200
03-15 00:27:50.420  1748 25205 E ResolverController: No valid NAT64 prefix (100, <unspecified>/0)
03-15 00:27:50.453 23669 25200 D OK      : calling: https://b.thumbs.redditmedia.com/yEx1Pb97p79nVlw00-RLvvU65_EKBwdcuFLB9QpB9Hw.jpg
03-15 00:27:50.498 23669 25215 D OK      : calling: https://b.thumbs.redditmedia.com/mgxxzfr7iwp783yxlDihY0lWFo62sBhfcOyJpUlss7o.jpg
03-15 00:27:50.571 23669 25200 D OK      : request got status: 200
03-15 00:27:50.584 23669 25215 D OK      : request got status: 200
03-15 00:27:50.588 23669 25136 I PostListingFragment: Successfully precached https://oauth.reddit.com/comments/firmst/.json?sort=confidence
03-15 00:27:50.610 23669 25218 D OK      : calling: https://b.thumbs.redditmedia.com/55QznUKcBhKEqwDUSDPGC-Dk7srvzITm3guiTHwDlSU.jpg
03-15 00:27:50.675 23669 25232 D OK      : calling: https://b.thumbs.redditmedia.com/G81pvMc3AfZP2LH2Z2BwXebNMXK7VYKDXvGOY-JR6FI.jpg
03-15 00:27:50.737 23669 25218 D OK      : request got status: 200
03-15 00:27:50.748 23669 25232 D OK      : request got status: 200
03-15 00:27:50.790 23669 25238 D OK      : calling: https://b.thumbs.redditmedia.com/qTW0Vj-jv026koPwP7u8naRU66tajSemVxoqO1YNH0k.jpg
03-15 00:27:50.843 23669 25241 D OK      : calling: https://b.thumbs.redditmedia.com/Nf5HCBVe2lhVbo_lOHuddkEirVQ890EBRQjAinuacdw.jpg
03-15 00:27:50.858 23669 25238 D OK      : request got status: 200
03-15 00:27:50.875 23669 25241 D OK      : request got status: 200
03-15 00:27:50.876 23669 25245 D OK      : calling: https://b.thumbs.redditmedia.com/MM279OPr-bBzUh_IE_xCzRnmTmW7YrQqcpRJn1mMI1U.jpg
03-15 00:27:50.904 23669 25248 D OK      : calling: https://a.thumbs.redditmedia.com/s2151R_krYci3IgP_W6IUkdCjOWwdzPAxafoK50L3q4.jpg
03-15 00:27:50.908 23669 25245 D OK      : request got status: 200
03-15 00:27:50.920  1757  1757 W audio_hw_generic: Not supplying enough data to HAL, expected position 73547783 , only wrote 73409999
03-15 00:27:50.924 23669 23687 I adger.redreade: Background concurrent copying GC freed 72671(3117KB) AllocSpace objects, 63(3712KB) LOS objects, 49% free, 5956KB/11MB, paused 2.439ms total 191.177ms
03-15 00:27:50.927 23669 23689 W System  : A resource failed to call close. 
03-15 00:27:50.927 23669 23689 I chatty  : uid=10149(org.quantumbadger.redreader) FinalizerDaemon identical 4 lines
03-15 00:27:50.927 23669 23689 W System  : A resource failed to call close. 
03-15 00:27:50.927 23669 23689 W System  : A resource failed to call end. 
03-15 00:27:50.927 23669 23689 W System  : A resource failed to call close. 
03-15 00:27:50.927 23669 23689 W System  : A resource failed to call close. 
03-15 00:27:50.928 23669 23689 W System  : A resource failed to call end. 
03-15 00:27:50.928 23669 23689 I chatty  : uid=10149(org.quantumbadger.redreader) FinalizerDaemon identical 2 lines
03-15 00:27:50.928 23669 23689 W System  : A resource failed to call end. 
03-15 00:27:50.930  1748 25251 E ResolverController: No valid NAT64 prefix (100, <unspecified>/0)
03-15 00:27:50.941 23669 23728 D EGL_emulation: eglMakeCurrent: 0xe1320440: ver 3 0 (tinfo 0xe1322860)
03-15 00:27:50.944  2024  2375 W InputReader: Device has associated, but no associated display id.
03-15 00:27:50.944  2024  2375 I chatty  : uid=1000(system) Binder:2024_8 identical 8 lines
03-15 00:27:50.944  2024  2375 W InputReader: Device has associated, but no associated display id.
03-15 00:27:50.974 23669 25248 D OK      : request got status: 200
03-15 00:27:50.984  1757  3626 W audio_hw_generic: Not supplying enough data to HAL, expected position 73410058 , only wrote 73409999
03-15 00:27:50.995  2024  3252 W InputReader: Device has associated, but no associated display id.
03-15 00:27:51.000  2024  3252 I chatty  : uid=1000(system) Binder:2024_13 identical 28 lines
03-15 00:27:51.000  2024  3252 W InputReader: Device has associated, but no associated display id.
03-15 00:27:51.052  1767 23050 D gralloc_ranchu: gralloc_alloc: Creating ashmem region of size 8298496
03-15 00:27:51.064  1767 23050 D gralloc_ranchu: gralloc_alloc: Creating ashmem region of size 8298496
03-15 00:27:51.069  1767  1957 D gralloc_ranchu: gralloc_alloc: Creating ashmem region of size 8298496
03-15 00:27:51.080 23669 23728 D EGL_emulation: eglMakeCurrent: 0xe1320440: ver 3 0 (tinfo 0xe1322860)
03-15 00:27:51.083 23669 25253 D OK      : calling: https://a.thumbs.redditmedia.com/oS8Kh3U0yfOX3ZuGuKvu1kwsSG1ZAiD_bX8U08EryA0.jpg
03-15 00:27:51.101  2024  2048 W InputReader: Device has associated, but no associated display id.
03-15 00:27:51.104  2024  2048 I chatty  : uid=1000(system) android.anim identical 18 lines
03-15 00:27:51.104  2024  2048 W InputReader: Device has associated, but no associated display id.
03-15 00:27:51.127 23669 23728 D EGL_emulation: eglMakeCurrent: 0xe1320440: ver 3 0 (tinfo 0xe1322860)
03-15 00:27:51.149 23669 23728 D EGL_emulation: eglMakeCurrent: 0xe1320440: ver 3 0 (tinfo 0xe1322860)
03-15 00:27:51.160 23669 25257 D OK      : calling: https://a.thumbs.redditmedia.com/-ka98qsU-OL1mgsZg9n0ZIKACEXSMpTHS4NsgpcijW4.jpg
03-15 00:27:51.264  1766  2316 E GnssHAL_GnssInterface: gnssSvStatusCb: a: input svInfo.flags is 8
03-15 00:27:51.264  1766  2316 E GnssHAL_GnssInterface: gnssSvStatusCb: b: input svInfo.flags is 8
03-15 00:27:51.285 23669 25257 D OK      : request got status: 200
03-15 00:27:51.350 23669 25253 D OK      : request got status: 200
03-15 00:27:51.415 23669 25263 D OK      : calling: https://b.thumbs.redditmedia.com/hkfrgLzTzCOt5faVlNTN2-yI7tl6IRI5y2_Cv_QtkEA.jpg
03-15 00:27:51.424 23669 25203 D OK      : request got status: 200
03-15 00:27:51.524 23669 25273 D OK      : calling: https://a.thumbs.redditmedia.com/9BIceo_yZE6w98Z1zvhh82nHbkJJbMsjQgwyT7b91w4.jpg
03-15 00:27:51.529 23669 25263 D OK      : request got status: 200
03-15 00:27:51.614 23336 23352 I mit.droidbotap: Background concurrent copying GC freed 35701(1443KB) AllocSpace objects, 38(1952KB) LOS objects, 49% free, 2801KB/5602KB, paused 13us total 117.742ms
03-15 00:27:51.665 23669 25277 D OK      : calling: https://b.thumbs.redditmedia.com/ltmWnVYhtfRxekYTnupsItiQBtmB-kowCdBzpticwBc.jpg
03-15 00:27:51.696 23669 25283 D OK      : calling: https://oauth.reddit.com/comments/fimtpj/.json?sort=confidence
03-15 00:27:51.747 23669 25273 D OK      : request got status: 200
03-15 00:27:51.780  1748 25289 E ResolverController: No valid NAT64 prefix (100, <unspecified>/0)
03-15 00:27:51.911 23669 25294 D OK      : calling: https://b.thumbs.redditmedia.com/_Gb-tTYfKnMo4gScu9-ab9cTB-lDCDHAq6s77n1lkzE.jpg
03-15 00:27:51.925 23669 25277 D OK      : request got status: 200
03-15 00:27:51.928 23669 25294 D OK      : request got status: 200
03-15 00:27:52.084 23669 25312 D OK      : calling: https://b.thumbs.redditmedia.com/G__wYQt7t3x-V2JzMgYDW9oEC-JWO0YEIqXU0qgnSTo.jpg
03-15 00:27:52.108 23669 25312 D OK      : request got status: 200
03-15 00:27:52.247 23669 25324 D OK      : calling: https://b.thumbs.redditmedia.com/cHPm1SU3e8dlCxEYQop-eEbV2EoP-sbs2cH3yuix_8U.jpg
03-15 00:27:52.260 23669 25324 D OK      : request got status: 200
03-15 00:27:52.268  1766  2316 E GnssHAL_GnssInterface: gnssSvStatusCb: a: input svInfo.flags is 8
03-15 00:27:52.269  1766  2316 E GnssHAL_GnssInterface: gnssSvStatusCb: b: input svInfo.flags is 8
03-15 00:27:52.313 23669 25203 I PostListingFragment: Successfully precached https://oauth.reddit.com/comments/firmst/.json?sort=confidence
03-15 00:27:52.317 23669 25327 D OK      : calling: https://b.thumbs.redditmedia.com/tA2QOKqJSkSTroUZragcLgYP2zO51Bo06PhXrfUNlNI.jpg
03-15 00:27:52.334 23669 25327 D OK      : request got status: 200
03-15 00:27:52.349 23669 24152 W System  : A resource failed to call response.body().close(). 
03-15 00:27:52.350 23669 24152 I chatty  : uid=10149(org.quantumbadger.redreader) OkHttp Connecti identical 34 lines
03-15 00:27:52.350 23669 24152 W System  : A resource failed to call response.body().close(). 
03-15 00:27:52.369 23669 25328 D OK      : calling: https://b.thumbs.redditmedia.com/pPjt6VPPWiV35eKB3uvadtbDhua7kep1ZBFQ0MKAC2Y.jpg
03-15 00:27:52.395 23669 25113 D OK      : calling: https://v.redd.it/f1hxmw8jgpm41/DASH_480
03-15 00:27:52.414  2024  2452 I ActivityTaskManager: START u0 {dat=https://oauth.reddit.com/... cmp=org.quantumbadger.redreader/.activities.PostListingActivity} from uid 10149
03-15 00:27:52.414  1748 25329 E ResolverController: No valid NAT64 prefix (100, <unspecified>/0)
03-15 00:27:52.420  2024  2375 W InputReader: Device has associated, but no associated display id.
03-15 00:27:52.422  2024  2375 I chatty  : uid=1000(system) Binder:2024_8 identical 48 lines
03-15 00:27:52.422  2024  2375 W InputReader: Device has associated, but no associated display id.
03-15 00:27:52.424 23669 23669 W ActivityThread: handleWindowVisibility: no activity for token android.os.BinderProxy@3619c60
03-15 00:27:52.467 23669 23669 I AppCompatViewInflater: app:theme is now deprecated. Please move to using android:theme instead.
03-15 00:27:52.513 23669 25113 D OK      : request got status: 200
03-15 00:27:52.607  1767  1957 D gralloc_ranchu: gralloc_alloc: Creating ashmem region of size 8298496
03-15 00:27:52.617  1767  1957 D gralloc_ranchu: gralloc_alloc: Creating ashmem region of size 8298496
03-15 00:27:52.625  1767 23050 D gralloc_ranchu: gralloc_alloc: Creating ashmem region of size 8298496
03-15 00:27:52.633 23669 23728 D EGL_emulation: eglMakeCurrent: 0xe1320440: ver 3 0 (tinfo 0xe1322860)
03-15 00:27:52.657  2024  2048 W InputReader: Device has associated, but no associated display id.
03-15 00:27:52.689  2024  2048 I chatty  : uid=1000(system) android.anim identical 18 lines
03-15 00:27:52.689  2024  2048 W InputReader: Device has associated, but no associated display id.
03-15 00:27:52.853 23669 25337 D OK      : calling: https://v.redd.it/f1hxmw8jgpm41/audio
03-15 00:27:52.980 23669 25328 D OK      : request got status: 200
03-15 00:27:53.120 23669 25348 D OK      : calling: https://oauth.reddit.com/comments/fimtpj/.json?sort=confidence
03-15 00:27:53.131 23669 25283 D OK      : request got status: 200
03-15 00:27:53.147 25325 25325 D AndroidRuntime: >>>>>> START com.android.internal.os.RuntimeInit uid 2000 <<<<<<
03-15 00:27:53.147 25325 25325 W app_process: type=1400 audit(0.0:2280): avc: denied { read } for name="u:object_r:device_config_runtime_native_boot_prop:s0" dev="tmpfs" ino=6815 scontext=u:r:shell:s0 tcontext=u:object_r:device_config_runtime_native_boot_prop:s0 tclass=file permissive=0
03-15 00:27:53.167 25325 25325 W app_process: type=1400 audit(0.0:2281): avc: denied { read } for name="u:object_r:device_config_runtime_native_boot_prop:s0" dev="tmpfs" ino=6815 scontext=u:r:shell:s0 tcontext=u:object_r:device_config_runtime_native_boot_prop:s0 tclass=file permissive=0
03-15 00:27:53.176 25325 25325 E libc    : Access denied finding property "persist.device_config.runtime_native_boot.enable_apex_image"
03-15 00:27:53.176 25325 25325 I AndroidRuntime: Using default boot image
03-15 00:27:53.183 25325 25325 E libc    : Access denied finding property "persist.device_config.runtime_native_boot.disable_lock_profiling"
03-15 00:27:53.183 25325 25325 I AndroidRuntime: Leaving lock profiling enabled
03-15 00:27:53.177 25325 25325 W app_process: type=1400 audit(0.0:2282): avc: denied { read } for name="u:object_r:device_config_runtime_native_boot_prop:s0" dev="tmpfs" ino=6815 scontext=u:r:shell:s0 tcontext=u:object_r:device_config_runtime_native_boot_prop:s0 tclass=file permissive=0
03-15 00:27:53.188 23669 25349 D OK      : calling: https://v.redd.it/f1hxmw8jgpm41/DASH_480
03-15 00:27:53.197  1859  1859 E netmgr  : Failed to open QEMU pipe 'qemud:network': Invalid argument
03-15 00:27:53.197 25325 25325 E libc    : Access denied finding property "persist.device_config.runtime_native_boot.enable_generational_cc"
03-15 00:27:53.227 25325 25325 W app_process: Could not reserve sentinel fault page
