03-15 00:50:37.177  6318  6318 I chatty  : uid=2000(shell) app_process identical 1 line
03-15 00:50:37.177  6318  6318 W app_process: type=1400 audit(0.0:2505): avc: denied { read } for name="u:object_r:device_config_runtime_native_boot_prop:s0" dev="tmpfs" ino=6815 scontext=u:r:shell:s0 tcontext=u:object_r:device_config_runtime_native_boot_prop:s0 tclass=file permissive=0
03-15 00:50:37.180  6318  6318 D AndroidRuntime: >>>>>> START com.android.internal.os.RuntimeInit uid 2000 <<<<<<
03-15 00:50:37.183  6318  6318 E libc    : Access denied finding property "persist.device_config.runtime_native_boot.enable_apex_image"
03-15 00:50:37.183  6318  6318 I AndroidRuntime: Using default boot image
03-15 00:50:37.183  6318  6318 E libc    : Access denied finding property "persist.device_config.runtime_native_boot.disable_lock_profiling"
03-15 00:50:37.183  6318  6318 I AndroidRuntime: Leaving lock profiling enabled
03-15 00:50:37.183  6318  6318 E libc    : Access denied finding property "persist.device_config.runtime_native_boot.enable_generational_cc"
03-15 00:50:37.242  6318  6318 D ICU     : Time zone APEX file found: /apex/com.android.tzdata/etc/icu/icu_tzdata.dat
03-15 00:50:37.247  6318  6318 W app_process: Unexpected CPU variant for X86 using defaults: x86
03-15 00:50:37.249  6318  6318 I app_process: The ClassLoaderContext is a special shared library.
03-15 00:50:37.261  6318  6318 W app_process: JNI RegisterNativeMethods: attempt to register 0 native methods for android.media.AudioAttributes
03-15 00:50:37.264  6318  6318 D AndroidRuntime: Calling main entry com.android.commands.input.Input
03-15 00:50:37.470  6318  6318 D AndroidRuntime: Shutting down VM
03-15 00:50:37.475  2024  2375 I ActivityTaskManager: START u0 {dat=https://oauth.reddit.com/... cmp=org.quantumbadger.redreader/.activities.PostListingActivity} from uid 10153
03-15 00:50:37.482  1757  3626 W audio_hw_generic: Not supplying enough data to HAL, expected position 82628978 , only wrote 82628966
03-15 00:50:37.483  2024  2038 W InputReader: Device has associated, but no associated display id.
03-15 00:50:37.484  2024  2038 I chatty  : uid=1000(system) Binder:2024_1 identical 48 lines
03-15 00:50:37.484  2024  2038 W InputReader: Device has associated, but no associated display id.
03-15 00:50:37.509  5975  5975 W ActivityThread: handleWindowVisibility: no activity for token android.os.BinderProxy@4f04c24
03-15 00:50:37.660  5975  5975 I AppCompatViewInflater: app:theme is now deprecated. Please move to using android:theme instead.
03-15 00:50:37.802  5975  6345 I RawObjectDB query string: CREATE TABLE objects(RawObjectDB_id TEXT PRIMARY KEY ON CONFLICT REPLACE,RawObjectDB_timestamp INTEGER,accounts_active INTEGER,created INTEGER,created_utc INTEGER,description TEXT,description_html TEXT,display_name TEXT,header_img TEXT,header_title TEXT,id TEXT,name TEXT,over18 INTEGER,public_description TEXT,subscribers INTEGER,title TEXT,url TEXT)
03-15 00:50:37.826  1767  1767 D gralloc_ranchu: gralloc_alloc: Creating ashmem region of size 8298496
03-15 00:50:37.846  1767  1767 D gralloc_ranchu: gralloc_alloc: Creating ashmem region of size 8298496
03-15 00:50:37.868  1767  1957 D gralloc_ranchu: gralloc_alloc: Creating ashmem region of size 8298496
03-15 00:50:37.877  5975  6026 D EGL_emulation: eglMakeCurrent: 0xe132b900: ver 3 0 (tinfo 0xe1322af0)
03-15 00:50:37.953  2024  2048 W InputReader: Device has associated, but no associated display id.
03-15 00:50:37.960  2024  2048 I chatty  : uid=1000(system) android.anim identical 18 lines
03-15 00:50:37.960  2024  2048 W InputReader: Device has associated, but no associated display id.
03-15 00:50:38.024  1766  2316 E GnssHAL_GnssInterface: gnssSvStatusCb: a: input svInfo.flags is 8
03-15 00:50:38.024  1766  2316 E GnssHAL_GnssInterface: gnssSvStatusCb: b: input svInfo.flags is 8
03-15 00:50:38.123  5975  6018 W adger.redreade: Verification of okhttp3.OkHttpClient$Builder okhttp3.OkHttpClient$Builder.protocols(java.util.List) took 111.364ms
03-15 00:50:38.195  5670  5683 I mit.droidbotap: Background young concurrent copying GC freed 10816(499KB) AllocSpace objects, 15(772KB) LOS objects, 51% free, 1364KB/2792KB, paused 520us total 144.457ms
03-15 00:50:38.612  5975  6018 D NetworkSecurityConfig: No Network Security Config specified, using platform default
03-15 00:50:38.947  5975  6018 W adger.redreade: Accessing hidden method Ldalvik/system/CloseGuard;->get()Ldalvik/system/CloseGuard; (greylist,core-platform-api, reflection, allowed)
03-15 00:50:38.947  5975  6018 W adger.redreade: Accessing hidden method Ldalvik/system/CloseGuard;->open(Ljava/lang/String;)V (greylist,core-platform-api, reflection, allowed)
03-15 00:50:38.947  5975  6018 W adger.redreade: Accessing hidden method Ldalvik/system/CloseGuard;->warnIfOpen()V (greylist,core-platform-api, reflection, allowed)
03-15 00:50:39.020  1766  2316 E GnssHAL_GnssInterface: gnssSvStatusCb: a: input svInfo.flags is 8
03-15 00:50:39.020  1766  2316 E GnssHAL_GnssInterface: gnssSvStatusCb: b: input svInfo.flags is 8
03-15 00:50:39.302  2024  3263 W AppOps  : Noting op not finished: uid 10098 pkg com.google.android.gms code 79 time=1584251413508 duration=0
03-15 00:50:39.308  2024  2038 W AppOps  : Noting op not finished: uid 10098 pkg com.google.android.gms code 79 time=1584251439302 duration=0
03-15 00:50:39.635  5975  6391 D OK      : calling: https://www.reddit.com/api/v1/access_token
03-15 00:50:39.668  1748  6401 E ResolverController: No valid NAT64 prefix (100, <unspecified>/0)
03-15 00:50:39.968  2918  5591 I Places  : ?: PlacesBleScanner stop()
03-15 00:50:39.974  2918  2918 I BeaconBle: Scan : No clients left, canceling alarm.
03-15 00:50:39.981  2918  2918 I BeaconBle: Scan canceled successfully.
03-15 00:50:39.992  2918  5591 I PlaceInferenceEngine: [anon] Changed inference mode: 0
03-15 00:50:39.998  2918  3533 W GCoreFlp: No location to return for getLastLocation()
03-15 00:50:40.030  1766  2316 E GnssHAL_GnssInterface: gnssSvStatusCb: a: input svInfo.flags is 8
03-15 00:50:40.031  1766  2316 E GnssHAL_GnssInterface: gnssSvStatusCb: b: input svInfo.flags is 8
03-15 00:50:40.106  5975  6391 W adger.redreade: Verification of long okio.RealBufferedSource.readDecimalLong() took 243.041ms
03-15 00:50:40.115  2024  2757 W AppOps  : Noting op not finished: uid 10098 pkg com.google.android.gms code 79 time=1584251439308 duration=0
03-15 00:50:40.258  2024  2034 I system_server: Background young concurrent copying GC freed 47458(4389KB) AllocSpace objects, 64(1696KB) LOS objects, 29% free, 13MB/19MB, paused 43us total 406.746ms
03-15 00:50:40.302  2024  2757 W AppOps  : Noting op not finished: uid 10098 pkg com.google.android.gms code 79 time=1584251440115 duration=0
03-15 00:50:40.315  2024  2053 E memtrack: Couldn't load memtrack module
03-15 00:50:40.315  2024  2053 W android.os.Debug: failed to get memory consumption info: -1
03-15 00:50:40.401  5975  6391 W adger.redreade: Verification of int com.android.org.conscrypt.ExternalSession.getPacketBufferSize() took 235.780ms
03-15 00:50:40.427  2918  2918 I GeofencerStateMachine: removeGeofences: removeRequest=RemoveGeofencingRequest[REMOVE_BY_PENDING_INTENT pendingIntent=PendingIntent[creatorPackage=com.google.android.gms], packageName=com.google.android.gms]
03-15 00:50:40.471  2024  2757 W InputReader: Device has associated, but no associated display id.
03-15 00:50:40.471  2024  2757 I chatty  : uid=1000(system) Binder:2024_C identical 8 lines
03-15 00:50:40.471  2024  2757 W InputReader: Device has associated, but no associated display id.
03-15 00:50:40.522  2024  2375 W InputReader: Device has associated, but no associated display id.
03-15 00:50:40.523  2024  2375 I chatty  : uid=1000(system) Binder:2024_8 identical 28 lines
03-15 00:50:40.523  2024  2375 W InputReader: Device has associated, but no associated display id.
03-15 00:50:40.605  5975  6391 W adger.redreade: Verification of int com.android.org.conscrypt.NativeSsl.writeDirectByteBuffer(long, int) took 199.403ms
03-15 00:50:40.665  5975  6391 W adger.redreade: Accessing hidden method Lcom/android/org/conscrypt/ConscryptFileDescriptorSocket;->setUseSessionTickets(Z)V (greylist,core-platform-api, reflection, allowed)
03-15 00:50:40.709  5975  6391 W adger.redreade: Accessing hidden method Lcom/android/org/conscrypt/ConscryptFileDescriptorSocket;->setHostname(Ljava/lang/String;)V (greylist,core-platform-api, reflection, allowed)
03-15 00:50:40.710  5975  6391 W adger.redreade: Accessing hidden method Lcom/android/org/conscrypt/OpenSSLSocketImpl;->setAlpnProtocols([B)V (greylist,core-platform-api, reflection, allowed)
03-15 00:50:40.742  2024  2375 W InputReader: Device has associated, but no associated display id.
03-15 00:50:40.749  2024  2375 I chatty  : uid=1000(system) Binder:2024_8 identical 18 lines
03-15 00:50:40.749  2024  2375 W InputReader: Device has associated, but no associated display id.
03-15 00:50:40.774  1767  1957 D gralloc_ranchu: gralloc_alloc: Creating ashmem region of size 8298496
03-15 00:50:40.788  5975  6026 D EGL_emulation: eglMakeCurrent: 0xe132b900: ver 3 0 (tinfo 0xe1322af0)
03-15 00:50:40.794  1767  1957 D gralloc_ranchu: gralloc_alloc: Creating ashmem region of size 8298496
03-15 00:50:40.814  5975  6026 D EGL_emulation: eglMakeCurrent: 0xe132b900: ver 3 0 (tinfo 0xe1322af0)
03-15 00:50:40.838  1767  1957 D gralloc_ranchu: gralloc_alloc: Creating ashmem region of size 8298496
03-15 00:50:40.899  5975  6391 W adger.redreade: Verification of void okio.Segment.compact() took 187.760ms
03-15 00:50:40.969  5975  6026 D EGL_emulation: eglMakeCurrent: 0xe132b900: ver 3 0 (tinfo 0xe1322af0)
03-15 00:50:41.029  1766  2316 E GnssHAL_GnssInterface: gnssSvStatusCb: a: input svInfo.flags is 8
03-15 00:50:41.029  1766  2316 E GnssHAL_GnssInterface: gnssSvStatusCb: b: input svInfo.flags is 8
03-15 00:50:41.063  5975  6026 D EGL_emulation: eglMakeCurrent: 0xe132b900: ver 3 0 (tinfo 0xe1322af0)
03-15 00:50:41.129  1757  3626 W audio_hw_generic: Not supplying enough data to HAL, expected position 82789781 , only wrote 82789589
03-15 00:50:41.130  1757  3626 W audio_hw_generic: Not supplying enough data to HAL, expected position 82789624 , only wrote 82789589
03-15 00:50:41.147  1757  3626 W audio_hw_generic: Not supplying enough data to HAL, expected position 82790364 , only wrote 82790250
03-15 00:50:41.280  5975  6026 D EGL_emulation: eglMakeCurrent: 0xe132b900: ver 3 0 (tinfo 0xe1322af0)
03-15 00:50:41.338  2024  2053 E memtrack: Couldn't load memtrack module
03-15 00:50:41.338  2024  2053 W android.os.Debug: failed to get memory consumption info: -1
03-15 00:50:41.418  1757  3626 W audio_hw_generic: Not supplying enough data to HAL, expected position 82802200 , only wrote 82802148
03-15 00:50:41.470  5975  6391 W adger.redreade: Verification of java.util.List com.android.org.conscrypt.TrustManagerImpl.verifyChain(java.util.List, java.util.List, java.lang.String, boolean, byte[], byte[]) took 163.151ms
03-15 00:50:41.744  5670  5683 I mit.droidbotap: Background concurrent copying GC freed 18058(834KB) AllocSpace objects, 33(864KB) LOS objects, 49% free, 1846KB/3692KB, paused 25.082ms total 201.956ms
03-15 00:50:42.033  1766  2316 E GnssHAL_GnssInterface: gnssSvStatusCb: a: input svInfo.flags is 8
03-15 00:50:42.034  1766  2316 E GnssHAL_GnssInterface: gnssSvStatusCb: b: input svInfo.flags is 8
03-15 00:50:42.089  5975  6026 D EGL_emulation: eglMakeCurrent: 0xe132b900: ver 3 0 (tinfo 0xe1322af0)
03-15 00:50:42.100  2024  3265 I ActivityTaskManager: START u0 {dat=https://oauth.reddit.com/... cmp=org.quantumbadger.redreader/.activities.PostListingActivity} from uid 10153
03-15 00:50:42.123  2024  2379 W InputReader: Device has associated, but no associated display id.
03-15 00:50:42.129  2024  2379 I chatty  : uid=1000(system) Binder:2024_9 identical 48 lines
03-15 00:50:42.129  2024  2379 W InputReader: Device has associated, but no associated display id.
03-15 00:50:42.134  5975  5975 W ActivityThread: handleWindowVisibility: no activity for token android.os.BinderProxy@81f0fae
03-15 00:50:42.234  5975  5975 I AppCompatViewInflater: app:theme is now deprecated. Please move to using android:theme instead.
03-15 00:50:42.371  1767  1957 D gralloc_ranchu: gralloc_alloc: Creating ashmem region of size 8298496
03-15 00:50:42.396  1767  1957 D gralloc_ranchu: gralloc_alloc: Creating ashmem region of size 8298496
03-15 00:50:42.407  1767  1767 D gralloc_ranchu: gralloc_alloc: Creating ashmem region of size 8298496
03-15 00:50:42.473  5975  6026 D EGL_emulation: eglMakeCurrent: 0xe132b900: ver 3 0 (tinfo 0xe1322af0)
03-15 00:50:42.490  5975  6026 D EGL_emulation: eglMakeCurrent: 0xe132b900: ver 3 0 (tinfo 0xe1322af0)
03-15 00:50:42.504  2024  2048 W InputReader: Device has associated, but no associated display id.
03-15 00:50:42.508  2024  2048 I chatty  : uid=1000(system) android.anim identical 18 lines
03-15 00:50:42.508  2024  2048 W InputReader: Device has associated, but no associated display id.
03-15 00:50:42.547  5975  6026 D EGL_emulation: eglMakeCurrent: 0xe132b900: ver 3 0 (tinfo 0xe1322af0)
03-15 00:50:42.685  5975  6492 D OK      : calling: https://www.reddit.com/api/v1/access_token
03-15 00:50:42.759  5975  6391 W adger.redreade: Verification of java.security.spec.KeySpec com.android.org.conscrypt.OpenSSLRSAKeyFactory.engineGetKeySpec(java.security.Key, java.lang.Class) took 266.661ms
03-15 00:50:42.988  1748  6506 E ResolverController: No valid NAT64 prefix (100, <unspecified>/0)
03-15 00:50:43.025  5975  5991 I adger.redreade: Background young concurrent copying GC freed 19451(967KB) AllocSpace objects, 0(0B) LOS objects, 26% free, 2473KB/3354KB, paused 54.338ms total 697.283ms
03-15 00:50:43.037  1766  2316 E GnssHAL_GnssInterface: gnssSvStatusCb: a: input svInfo.flags is 8
03-15 00:50:43.037  1766  2316 E GnssHAL_GnssInterface: gnssSvStatusCb: b: input svInfo.flags is 8
03-15 00:50:43.744  1757  3626 W audio_hw_generic: Not supplying enough data to HAL, expected position 82904709 , only wrote 82904603
03-15 00:50:43.745  1757  3626 W audio_hw_generic: Not supplying enough data to HAL, expected position 82904649 , only wrote 82904603
03-15 00:50:43.762  1757  3626 W audio_hw_generic: Not supplying enough data to HAL, expected position 82905294 , only wrote 82905264
03-15 00:50:43.771  5975  6391 W adger.redreade: Accessing hidden method Lcom/android/org/conscrypt/OpenSSLSocketImpl;->getAlpnSelectedProtocol()[B (greylist,core-platform-api, reflection, allowed)
03-15 00:50:44.040  1766  2316 E GnssHAL_GnssInterface: gnssSvStatusCb: a: input svInfo.flags is 8
03-15 00:50:44.040  1766  2316 E GnssHAL_GnssInterface: gnssSvStatusCb: b: input svInfo.flags is 8
03-15 00:50:44.060  3717  3741 W earchbox:searc: Suspending all threads took: 27.857ms
03-15 00:50:44.440  1757  3626 W audio_hw_generic: Not supplying enough data to HAL, expected position 82935226 , only wrote 82935009
03-15 00:50:44.441  1757  3626 W audio_hw_generic: Not supplying enough data to HAL, expected position 82935070 , only wrote 82935009
03-15 00:50:44.459  1757  3626 W audio_hw_generic: Not supplying enough data to HAL, expected position 82935779 , only wrote 82935670
03-15 00:50:45.046  1766  2316 E GnssHAL_GnssInterface: gnssSvStatusCb: a: input svInfo.flags is 8
03-15 00:50:45.046  1766  2316 E GnssHAL_GnssInterface: gnssSvStatusCb: b: input svInfo.flags is 8
03-15 00:50:45.073  2918  2918 I BeaconBle: Scan : No clients left, canceling alarm.
03-15 00:50:45.125  1757  3626 W audio_hw_generic: Not supplying enough data to HAL, expected position 82965035 , only wrote 82964754
03-15 00:50:45.125  1757  3626 W audio_hw_generic: Not supplying enough data to HAL, expected position 82964784 , only wrote 82964754
03-15 00:50:45.246  1757 14465 W audio_hw_generic: Not supplying enough data to HAL, expected position 82974552 , only wrote 82970042
03-15 00:50:45.690  5975  5991 I adger.redreade: Background concurrent copying GC freed 20434(814KB) AllocSpace objects, 0(0B) LOS objects, 49% free, 2476KB/4953KB, paused 24us total 403.359ms
03-15 00:50:46.055  1766  2316 E GnssHAL_GnssInterface: gnssSvStatusCb: a: input svInfo.flags is 8
03-15 00:50:46.055  1766  2316 E GnssHAL_GnssInterface: gnssSvStatusCb: b: input svInfo.flags is 8
03-15 00:50:46.136  3717  3860 I WorkerManager: dispose()
03-15 00:50:46.139  3717  3860 W ThreadPoolDumper: Queue length for executor EventBus is now 11. Perhaps some tasks are too long, or the pool is too small.
03-15 00:50:46.559  6590  6590 D AndroidRuntime: >>>>>> START com.android.internal.os.RuntimeInit uid 2000 <<<<<<
03-15 00:50:46.597  6590  6590 W app_process: type=1400 audit(0.0:2506): avc: denied { read } for name="u:object_r:device_config_runtime_native_boot_prop:s0" dev="tmpfs" ino=6815 scontext=u:r:shell:s0 tcontext=u:object_r:device_config_runtime_native_boot_prop:s0 tclass=file permissive=0
03-15 00:50:46.605  6590  6590 E libc    : Access denied finding property "persist.device_config.runtime_native_boot.enable_apex_image"
03-15 00:50:46.605  6590  6590 I AndroidRuntime: Using default boot image
03-15 00:50:46.605  6590  6590 E libc    : Access denied finding property "persist.device_config.runtime_native_boot.disable_lock_profiling"
03-15 00:50:46.605  6590  6590 I AndroidRuntime: Leaving lock profiling enabled
03-15 00:50:46.605  6590  6590 E libc    : Access denied finding property "persist.device_config.runtime_native_boot.enable_generational_cc"
03-15 00:50:46.774  2490  3062 E ActivityThread: Failed to find provider info for com.google.android.apps.wellbeing.api
03-15 00:50:47.041  6590  6590 D ICU     : Time zone APEX file found: /apex/com.android.tzdata/etc/icu/icu_tzdata.dat
03-15 00:50:47.056  1766  2316 E GnssHAL_GnssInterface: gnssSvStatusCb: a: input svInfo.flags is 8
03-15 00:50:47.057  1766  2316 E GnssHAL_GnssInterface: gnssSvStatusCb: b: input svInfo.flags is 8
03-15 00:50:47.104  6590  6590 W app_process: Unexpected CPU variant for X86 using defaults: x86
03-15 00:50:47.115  6590  6590 I app_process: The ClassLoaderContext is a special shared library.
03-15 00:50:47.182  6590  6590 W app_process: JNI RegisterNativeMethods: attempt to register 0 native methods for android.media.AudioAttributes
03-15 00:50:47.210  6590  6590 D AndroidRuntime: Calling main entry com.android.commands.input.Input
03-15 00:50:47.506  6590  6590 D AndroidRuntime: Shutting down VM
03-15 00:50:47.578  1757  3626 W audio_hw_generic: Not supplying enough data to HAL, expected position 82970055 , only wrote 82970042
03-15 00:50:47.650  5975  5975 W adger.redreade: Accessing hidden method Landroid/widget/PopupWindow;->setClipToScreenEnabled(Z)V (greylist, reflection, allowed)
03-15 00:50:47.901  1757  3626 W audio_hw_generic: Not supplying enough data to HAL, expected position 82984296 , only wrote 82983923
03-15 00:50:47.918  1757  3626 W audio_hw_generic: Not supplying enough data to HAL, expected position 82984670 , only wrote 82984584
03-15 00:50:48.031  1757  3626 W audio_hw_generic: Not supplying enough data to HAL, expected position 82989573 , only wrote 82989211
03-15 00:50:48.091  1757  3626 W audio_hw_generic: Not supplying enough data to HAL, expected position 82991830 , only wrote 82991194
03-15 00:50:48.091  1757  3626 W audio_hw_generic: Not supplying enough data to HAL, expected position 82991205 , only wrote 82991194
03-15 00:50:48.091  1757  3626 W audio_hw_generic: Hardware backing HAL too slow, could only write 0 of 661 frames
03-15 00:50:48.091  1766  2316 E GnssHAL_GnssInterface: gnssSvStatusCb: a: input svInfo.flags is 8
03-15 00:50:48.091  1766  2316 E GnssHAL_GnssInterface: gnssSvStatusCb: b: input svInfo.flags is 8
03-15 00:50:48.109  1757  3626 W audio_hw_generic: Not supplying enough data to HAL, expected position 82991985 , only wrote 82991855
03-15 00:50:48.245  1757  3626 W audio_hw_generic: Not supplying enough data to HAL, expected position 82997868 , only wrote 82997804
03-15 00:50:48.248  1757  3626 W audio_hw_generic: Not supplying enough data to HAL, expected position 82997918 , only wrote 82997804
03-15 00:50:48.260  5975  5975 W adger.redreade: Accessing hidden field Landroid/widget/AbsListView;->mIsChildViewEnabled:Z (greylist, reflection, allowed)
03-15 00:50:48.264  1757  3626 W audio_hw_generic: Not supplying enough data to HAL, expected position 82998534 , only wrote 82998465
03-15 00:50:48.385  5975  5975 I Choreographer: Skipped 47 frames!  The application may be doing too much work on its main thread.
03-15 00:50:48.415  1767  1957 D gralloc_ranchu: gralloc_alloc: Creating ashmem region of size 2527232
03-15 00:50:48.443  1767  1957 D gralloc_ranchu: gralloc_alloc: Creating ashmem region of size 2527232
03-15 00:50:48.450  1767  1767 D gralloc_ranchu: gralloc_alloc: Creating ashmem region of size 2527232
03-15 00:50:48.552  5975  5991 I adger.redreade: Background young concurrent copying GC freed 20603(1278KB) AllocSpace objects, 4(240KB) LOS objects, 29% free, 3473KB/4953KB, paused 14us total 230.963ms
03-15 00:50:48.584  5975  6026 D EGL_emulation: eglMakeCurrent: 0xe132b900: ver 3 0 (tinfo 0xe1322af0)
03-15 00:50:48.619  5975  6026 I OpenGLRenderer: Davey! duration=1022ms; Flags=1, IntendedVsync=4753149271476, Vsync=4753932604778, OldestInputEvent=9223372036854775807, NewestInputEvent=0, HandleInputStart=4753942647696, AnimationStart=4753942711271, PerformTraversalsStart=4753945550302, DrawStart=4754133684997, SyncQueued=4754140512019, SyncStart=4754141660677, IssueDrawCommandsStart=4754141978057, SwapBuffers=4754146510108, FrameCompleted=4754172984883, DequeueBufferDuration=911000, QueueBufferDuration=20090000, 
03-15 00:50:48.646  5975  6026 D EGL_emulation: eglMakeCurrent: 0xe132b900: ver 3 0 (tinfo 0xe1322af0)
03-15 00:50:48.779  5975  6026 I chatty  : uid=10153(org.quantumbadger.redreader) RenderThread identical 4 lines
03-15 00:50:48.790  5975  6026 D EGL_emulation: eglMakeCurrent: 0xe132b900: ver 3 0 (tinfo 0xe1322af0)
03-15 00:50:48.994  1757  3626 W audio_hw_generic: Not supplying enough data to HAL, expected position 83030630 , only wrote 83024244
03-15 00:50:49.054  1757  3626 W audio_hw_generic: Not supplying enough data to HAL, expected position 83026891 , only wrote 83026227
03-15 00:50:49.054  1757  3626 W audio_hw_generic: Hardware backing HAL too slow, could only write 0 of 661 frames
03-15 00:50:49.060  1766  2316 E GnssHAL_GnssInterface: gnssSvStatusCb: a: input svInfo.flags is 8
03-15 00:50:49.060  1766  2316 E GnssHAL_GnssInterface: gnssSvStatusCb: b: input svInfo.flags is 8
03-15 00:50:49.080  5975  6026 D EGL_emulation: eglMakeCurrent: 0xe132b900: ver 3 0 (tinfo 0xe1322af0)
03-15 00:50:49.105  5975  6026 I chatty  : uid=10153(org.quantumbadger.redreader) RenderThread identical 1 line
03-15 00:50:49.115  5975  6026 D EGL_emulation: eglMakeCurrent: 0xe132b900: ver 3 0 (tinfo 0xe1322af0)
03-15 00:50:49.725  5975  5991 I adger.redreade: Background young concurrent copying GC freed 10569(545KB) AllocSpace objects, 4(240KB) LOS objects, 12% free, 4336KB/4953KB, paused 35us total 316.622ms
03-15 00:50:50.066  1766  2316 E GnssHAL_GnssInterface: gnssSvStatusCb: a: input svInfo.flags is 8
03-15 00:50:50.066  1766  2316 E GnssHAL_GnssInterface: gnssSvStatusCb: b: input svInfo.flags is 8
03-15 00:50:50.269  1757  3626 W audio_hw_generic: Not supplying enough data to HAL, expected position 83079802 , only wrote 83079768
03-15 00:50:50.269  1757  3626 W audio_hw_generic: Not supplying enough data to HAL, expected position 83079795 , only wrote 83079768
03-15 00:50:50.284  1757  3626 W audio_hw_generic: Not supplying enough data to HAL, expected position 83080439 , only wrote 83080429
03-15 00:50:50.515  5975  5991 I adger.redreade: Background concurrent copying GC freed 14428(527KB) AllocSpace objects, 3(116KB) LOS objects, 49% free, 4321KB/8642KB, paused 22us total 308.747ms
03-15 00:50:50.531  5975  6026 D EGL_emulation: eglMakeCurrent: 0xe132b900: ver 3 0 (tinfo 0xe1322af0)
03-15 00:50:50.552  5975  6026 I chatty  : uid=10153(org.quantumbadger.redreader) RenderThread identical 1 line
03-15 00:50:50.600  5975  6026 D EGL_emulation: eglMakeCurrent: 0xe132b900: ver 3 0 (tinfo 0xe1322af0)
03-15 00:50:50.671  1757 14465 W audio_hw_generic: Not supplying enough data to HAL, expected position 83097453 , only wrote 83096954
03-15 00:50:50.675  5975  6026 D EGL_emulation: eglMakeCurrent: 0xe132b900: ver 3 0 (tinfo 0xe1322af0)
03-15 00:50:50.880  5975  6026 I chatty  : uid=10153(org.quantumbadger.redreader) RenderThread identical 5 lines
03-15 00:50:50.912  5975  6026 D EGL_emulation: eglMakeCurrent: 0xe132b900: ver 3 0 (tinfo 0xe1322af0)
03-15 00:50:51.068  1766  2316 E GnssHAL_GnssInterface: gnssSvStatusCb: a: input svInfo.flags is 8
03-15 00:50:51.068  1766  2316 E GnssHAL_GnssInterface: gnssSvStatusCb: b: input svInfo.flags is 8
03-15 00:50:51.591  2024  2034 I system_server: Background concurrent copying GC freed 54992(4672KB) AllocSpace objects, 76(2276KB) LOS objects, 30% free, 13MB/19MB, paused 231us total 1.000s
03-15 00:50:51.177  5975  6391 W adger.redreade: Verification of void okio.InflaterSource.releaseInflatedBytes() took 137.188ms
03-15 00:50:51.852  5975  6492 D OK      : request got status: 200
03-15 00:50:51.901  5975  6391 D OK      : request got status: 200
03-15 00:50:52.085  1766  2316 E GnssHAL_GnssInterface: gnssSvStatusCb: a: input svInfo.flags is 8
03-15 00:50:52.085  1766  2316 E GnssHAL_GnssInterface: gnssSvStatusCb: b: input svInfo.flags is 8
03-15 00:50:52.105  2024  2047 W ActivityTaskManager: Launch timeout has expired, giving up wake lock!
03-15 00:50:52.121  2024  2053 E memtrack: Couldn't load memtrack module
03-15 00:50:52.121  2024  2053 W android.os.Debug: failed to get memory consumption info: -1
03-15 00:50:52.169  5975  6492 W adger.redreade: Verification of void org.quantumbadger.redreader.jsonwrap.JsonValue.<init>(byte[]) took 206.179ms
03-15 00:50:52.353  5975  6492 W adger.redreade: Verification of com.fasterxml.jackson.core.JsonParser com.fasterxml.jackson.core.JsonFactory._createParser(java.io.DataInput, com.fasterxml.jackson.core.io.IOContext) took 182.717ms
03-15 00:50:52.771  5975  5975 I Choreographer: Skipped 32 frames!  The application may be doing too much work on its main thread.
03-15 00:50:52.803  5975  6492 W adger.redreade: Verification of com.fasterxml.jackson.core.sym.CharsToNameCanonicalizer$TableInfo com.fasterxml.jackson.core.sym.CharsToNameCanonicalizer$TableInfo.createInitial(int) took 445.938ms
03-15 00:50:53.018  5975  6391 D OK      : calling: https://oauth.reddit.com/r/diy/about.json
03-15 00:50:53.074  5975  6492 D OK      : calling: https://oauth.reddit.com/hot/.json
03-15 00:50:53.078  1766  2316 E GnssHAL_GnssInterface: gnssSvStatusCb: a: input svInfo.flags is 8
03-15 00:50:53.078  1766  2316 E GnssHAL_GnssInterface: gnssSvStatusCb: b: input svInfo.flags is 8
03-15 00:50:53.120  1748  6764 E ResolverController: No valid NAT64 prefix (100, <unspecified>/0)
03-15 00:50:53.120  1748  6765 E ResolverController: No valid NAT64 prefix (100, <unspecified>/0)
03-15 00:50:53.917  5975  6391 D OK      : request got status: 200
03-15 00:50:53.985  5975  6492 D OK      : request got status: 200
03-15 00:50:54.081  1766  2316 E GnssHAL_GnssInterface: gnssSvStatusCb: a: input svInfo.flags is 8
03-15 00:50:54.081  1766  2316 E GnssHAL_GnssInterface: gnssSvStatusCb: b: input svInfo.flags is 8
03-15 00:50:54.099  1859  1859 E netmgr  : Failed to open QEMU pipe 'qemud:network': Invalid argument
03-15 00:50:54.167  2024  2039 W system_server: JNI critical lock held for 31.968ms on Thread[11,tid=2039,Runnable,Thread*=0xd5d4d200,peer=0x13e80448,"Binder:2024_2"]
03-15 00:50:54.487  5975  6391 W adger.redreade: Verification of void org.quantumbadger.redreader.jsonwrap.JsonBufferedArray.<init>() took 180.237ms
03-15 00:50:54.608  5975  6796 I PostListingFragment: Precaching images: ON
03-15 00:50:54.608  5975  6796 I PostListingFragment: Precaching comments: ON
03-15 00:50:54.644  1863  1863 E wifi_forwarder: RemoteConnection failed to initialize: RemoteConnection failed to open pipe
03-15 00:50:55.018  5975  6820 D OK      : calling: https://oauth.reddit.com/r/diy/hot/.json
03-15 00:50:55.085  1766  2316 E GnssHAL_GnssInterface: gnssSvStatusCb: a: input svInfo.flags is 8
03-15 00:50:55.085  1766  2316 E GnssHAL_GnssInterface: gnssSvStatusCb: b: input svInfo.flags is 8
03-15 00:50:55.691  5975  6820 D OK      : request got status: 200
03-15 00:50:55.826  5975  6796 W adger.redreade: Verification of org.joda.time.MutablePeriod org.joda.time.base.AbstractPeriod.toMutablePeriod() took 173.150ms
03-15 00:50:56.081  5975  6845 D OK      : calling: https://a.thumbs.redditmedia.com/MXf4_f1UEwygd6Dh1odCQECHJUG3nJONl6vpmqtblp4.jpg
03-15 00:50:56.088  1766  2316 E GnssHAL_GnssInterface: gnssSvStatusCb: a: input svInfo.flags is 8
03-15 00:50:56.088  1766  2316 E GnssHAL_GnssInterface: gnssSvStatusCb: b: input svInfo.flags is 8
03-15 00:50:56.096  5975  6846 D OK      : calling: https://b.thumbs.redditmedia.com/h_uaFQM4q_J6a2Z_-wMVeAd9xNgALgrH6OO1q2KjOWk.jpg
03-15 00:50:56.111  1748  6848 E ResolverController: No valid NAT64 prefix (100, <unspecified>/0)
03-15 00:50:56.122  5975  6849 D OK      : calling: https://a.thumbs.redditmedia.com/a89WNjVYbBkA4vto0BkN16D9-rzJAKWiRMYQQXg9tz0.jpg
03-15 00:50:56.149  1748  6851 E ResolverController: No valid NAT64 prefix (100, <unspecified>/0)
03-15 00:50:56.155  5975  6849 D OK      : request got status: 200
03-15 00:50:56.191  5975  6845 D OK      : request got status: 200
03-15 00:50:56.217  5975  6846 D OK      : request got status: 200
03-15 00:50:56.393  5975  6791 I PostListingFragment: Precaching images: ON
03-15 00:50:56.393  5975  6791 I PostListingFragment: Precaching comments: ON
03-15 00:50:56.431  5975  6861 D OK      : calling: https://oauth.reddit.com/comments/fiqscd/.json?sort=confidence
03-15 00:50:56.481  5975  6860 D OK      : calling: https://b.thumbs.redditmedia.com/tM44Ip2K_PHZa5ATJJHN160lPE2VgM5ZKhIQYx3ThUI.jpg
03-15 00:50:56.761  5975  6860 D OK      : request got status: 200
03-15 00:50:56.770  1748  6869 E ResolverController: No valid NAT64 prefix (100, <unspecified>/0)
03-15 00:50:57.091  1766  2316 E GnssHAL_GnssInterface: gnssSvStatusCb: a: input svInfo.flags is 8
03-15 00:50:57.091  1766  2316 E GnssHAL_GnssInterface: gnssSvStatusCb: b: input svInfo.flags is 8
03-15 00:50:57.046  5975  6877 D OK      : calling: https://b.thumbs.redditmedia.com/sDYslBWH6Hd1wBibVGD4cOO7BQyIV9yWS4zix3FlQ7c.jpg
03-15 00:50:57.895  5975  6890 D OK      : calling: https://a.thumbs.redditmedia.com/HAs-Dim-qa2qQUZjnJ06cw9aVwsWZvpUutaQU7cOh54.jpg
03-15 00:50:57.950  5975  6892 D OK      : calling: https://oauth.reddit.com/comments/finq8v/.json?sort=confidence
03-15 00:50:57.960  6876  6876 D AndroidRuntime: >>>>>> START com.android.internal.os.RuntimeInit uid 2000 <<<<<<
03-15 00:50:57.963  6876  6876 E libc    : Access denied finding property "persist.device_config.runtime_native_boot.enable_apex_image"
03-15 00:50:57.963  6876  6876 I AndroidRuntime: Using default boot image
03-15 00:50:57.947  6876  6876 W app_process: type=1400 audit(0.0:2509): avc: denied { read } for name="u:object_r:device_config_runtime_native_boot_prop:s0" dev="tmpfs" ino=6815 scontext=u:r:shell:s0 tcontext=u:object_r:device_config_runtime_native_boot_prop:s0 tclass=file permissive=0
03-15 00:50:57.963  6876  6876 E libc    : Access denied finding property "persist.device_config.runtime_native_boot.disable_lock_profiling"
03-15 00:50:57.963  6876  6876 I AndroidRuntime: Leaving lock profiling enabled
03-15 00:50:57.963  6876  6876 E libc    : Access denied finding property "persist.device_config.runtime_native_boot.enable_generational_cc"
03-15 00:50:57.947  6876  6876 W app_process: type=1400 audit(0.0:2510): avc: denied { read } for name="u:object_r:device_config_runtime_native_boot_prop:s0" dev="tmpfs" ino=6815 scontext=u:r:shell:s0 tcontext=u:object_r:device_config_runtime_native_boot_prop:s0 tclass=file permissive=0
03-15 00:50:58.031  5975  6894 D OK      : calling: https://a.thumbs.redditmedia.com/SV8xZbY9sOfP7m0KK3EggWBaBawQo-2JWkeYrguHPn4.jpg
03-15 00:50:58.090  5975  6890 D OK      : request got status: 200
03-15 00:50:58.102  1766  2316 E GnssHAL_GnssInterface: gnssSvStatusCb: a: input svInfo.flags is 8
03-15 00:50:58.102  1766  2316 E GnssHAL_GnssInterface: gnssSvStatusCb: b: input svInfo.flags is 8
03-15 00:50:58.160  5975  6877 D OK      : request got status: 200
03-15 00:50:58.298  5975  6898 D OK      : calling: https://b.thumbs.redditmedia.com/YhxNlZr470O63GyaTJ9xVQ_xKXcnxQx2QATb03oU6ZE.jpg
03-15 00:50:58.394  5975  6894 D OK      : request got status: 200
03-15 00:50:58.420  5975  6904 D OK      : calling: https://b.thumbs.redditmedia.com/Igg_Wonz89cg6dqjfHFO9YkLZvYiHNnOdpvdIiDRxoY.jpg
03-15 00:50:58.477  6876  6876 D ICU     : Time zone APEX file found: /apex/com.android.tzdata/etc/icu/icu_tzdata.dat
03-15 00:50:58.514  6876  6876 W app_process: Unexpected CPU variant for X86 using defaults: x86
03-15 00:50:58.524  1748  6911 E ResolverController: No valid NAT64 prefix (100, <unspecified>/0)
03-15 00:50:58.533  6876  6876 I app_process: The ClassLoaderContext is a special shared library.
03-15 00:50:58.634  6876  6876 W app_process: JNI RegisterNativeMethods: attempt to register 0 native methods for android.media.AudioAttributes
03-15 00:50:58.649  6876  6876 D AndroidRuntime: Calling main entry com.android.commands.input.Input
03-15 00:50:58.670  5975  6861 D OK      : request got status: 200
03-15 00:50:58.774  5975  6898 D OK      : request got status: 200
03-15 00:50:58.840  5975  6920 D OK      : calling: https://b.thumbs.redditmedia.com/gn5KaQsR7OpwUP4Hi4QiNBsaqmNPSP5viV3B-1Pzh0A.jpg
03-15 00:50:58.856  5975  6920 D OK      : request got status: 200
03-15 00:50:58.914  5975  6904 D OK      : request got status: 200
03-15 00:50:58.939  6876  6876 D AndroidRuntime: Shutting down VM
03-15 00:50:58.995  5975  6026 D EGL_emulation: eglMakeCurrent: 0xe132b900: ver 3 0 (tinfo 0xe1322af0)
03-15 00:50:59.013  5975  6026 D EGL_emulation: eglMakeCurrent: 0xe132b900: ver 3 0 (tinfo 0xe1322af0)
03-15 00:50:59.027  1757  3626 W audio_hw_generic: Not supplying enough data to HAL, expected position 83096996 , only wrote 83096954
03-15 00:50:59.083  5975  6026 D EGL_emulation: eglMakeCurrent: 0xe132b900: ver 3 0 (tinfo 0xe1322af0)
03-15 00:50:59.099  1766  2316 E GnssHAL_GnssInterface: gnssSvStatusCb: a: input svInfo.flags is 8
03-15 00:50:59.099  1766  2316 E GnssHAL_GnssInterface: gnssSvStatusCb: b: input svInfo.flags is 8
03-15 00:50:59.187  5670  5683 I mit.droidbotap: Background young concurrent copying GC freed 15356(620KB) AllocSpace objects, 25(936KB) LOS objects, 53% free, 1241KB/2693KB, paused 12us total 174.099ms
03-15 00:50:59.290  5975  6026 D EGL_emulation: eglMakeCurrent: 0xe132b900: ver 3 0 (tinfo 0xe1322af0)
03-15 00:50:59.327  5975  6026 D EGL_emulation: eglMakeCurrent: 0xe132b900: ver 3 0 (tinfo 0xe1322af0)
03-15 00:50:59.352  1767  1767 D gralloc_ranchu: gralloc_alloc: Creating ashmem region of size 3072000
03-15 00:50:59.383  1767  1767 I chatty  : uid=1000(system) allocator@2.0-s identical 1 line
03-15 00:50:59.396  1767  1767 D gralloc_ranchu: gralloc_alloc: Creating ashmem region of size 3072000
03-15 00:50:59.506  5975  6026 D EGL_emulation: eglMakeCurrent: 0xe132b900: ver 3 0 (tinfo 0xe1322af0)
03-15 00:50:59.550  5975  6026 D EGL_emulation: eglMakeCurrent: 0xe132b900: ver 3 0 (tinfo 0xe1322af0)
03-15 00:50:59.660  5975  6892 D OK      : request got status: 200
03-15 00:50:59.686  5975  6026 D EGL_emulation: eglMakeCurrent: 0xe132b900: ver 3 0 (tinfo 0xe1322af0)
03-15 00:50:59.714  5975  6941 D OK      : calling: https://b.thumbs.redditmedia.com/EsqfpXlXjm8CR1gmIqg3IsMMHpLlLyW4HwT4OiZoh3M.jpg
03-15 00:50:59.908  5975  6026 D EGL_emulation: eglMakeCurrent: 0xe132b900: ver 3 0 (tinfo 0xe1322af0)
03-15 00:50:59.976  5975  5975 E adger.redreade: Invalid ID 0x00000000.
03-15 00:50:59.976  5975  5975 E adger.redreade: Invalid ID 0x00000000.
03-15 00:50:59.992  5975  5975 I AssistStructure: Flattened final assist data: 4996 bytes, containing 3 windows, 38 views
03-15 00:51:00.000  5975  6941 D OK      : request got status: 200
03-15 00:51:00.045  5975  6796 I getImgurImageInfo: Image DEimSTf: trying API v3 with auth
03-15 00:51:00.098  5975  6951 D OK      : calling: https://b.thumbs.redditmedia.com/lnfmgJYTWZv0zUeGO8p0ZfQtzhMXy1NXeL6DGsqp6sE.jpg
03-15 00:51:00.104  1766  2316 E GnssHAL_GnssInterface: gnssSvStatusCb: a: input svInfo.flags is 8
03-15 00:51:00.104  1766  2316 E GnssHAL_GnssInterface: gnssSvStatusCb: b: input svInfo.flags is 8
03-15 00:51:00.112  5975  6026 D EGL_emulation: eglMakeCurrent: 0xe132b900: ver 3 0 (tinfo 0xe1322af0)
03-15 00:51:00.140  2454  2454 W GInputConnectionWrapper: IPC IC_GET_TEXT_BEFORE_CURSOR_AND_FIX_SELECTION_INDICES took 538 ms
03-15 00:51:00.148  3727  3846 D EGL_emulation: eglMakeCurrent: 0xd921a420: ver 3 0 (tinfo 0xd920fb60)
03-15 00:51:00.255  5975  5991 I adger.redreade: Background young concurrent copying GC freed 36699(1918KB) AllocSpace objects, 14(692KB) LOS objects, 0% free, 9410KB/9410KB, paused 16.731ms total 2.196s
03-15 00:51:00.301  5975  6583 W System  : A resource failed to call response.body().close(). 
03-15 00:51:00.301  5975  6583 W System  : A resource failed to call response.body().close(). 
03-15 00:51:00.310  5975  6026 D EGL_emulation: eglMakeCurrent: 0xe132b900: ver 3 0 (tinfo 0xe1322af0)
03-15 00:51:00.320  5975  5993 W System  : A resource failed to call close. 
03-15 00:51:00.320  5975  5993 I chatty  : uid=10153(org.quantumbadger.redreader) FinalizerDaemon identical 3 lines
03-15 00:51:00.320  5975  5993 W System  : A resource failed to call close. 
03-15 00:51:00.320  5975  5993 W System  : A resource failed to call end. 
03-15 00:51:00.324  5975  6026 D EGL_emulation: eglMakeCurrent: 0xe132b900: ver 3 0 (tinfo 0xe1322af0)
03-15 00:51:00.422  2454  2454 W GInputConnectionWrapper: IPC IC_GET_TEXT_AFTER_CURSOR took 109 ms
03-15 00:51:00.423  2454  2454 I KeyboardViewUtil: systemKeyboardHeightRatio:1.000000; userKeyboardHeightRatio:1.000000.
03-15 00:51:00.424  2454  2454 I AndroidIME: LatinIme.onActivate() : EditorInfo = Package = org.quantumbadger.redreader : Type = Text : Learning = Disable : Suggestion = Hide : AutoCorrection = Disable : Microphone = Show : NoPersonalizedLearning = Disable
03-15 00:51:00.523  2024  2053 E memtrack: Couldn't load memtrack module
03-15 00:51:00.523  2024  2053 W android.os.Debug: failed to get memory consumption info: -1
03-15 00:51:00.540  2454  2454 I Conv2QueryExtension: Current locale: en_US, config allows these locales: de,en,es,fr,it,ms,pt,ta
03-15 00:51:00.541  2454  2454 I Conv2QueryExtension: Conv2Query not enabled due to current app [org.quantumbadger.redreader] not in whitelist
03-15 00:51:00.541  2454  2454 I Conv2QueryExtension: onActivate() : Disabled by unsupported host app
03-15 00:51:00.552  2454  2454 I Choreographer: Skipped 56 frames!  The application may be doing too much work on its main thread.
03-15 00:51:00.556  3727  3846 D EGL_emulation: eglMakeCurrent: 0xd921a420: ver 3 0 (tinfo 0xd920fb60)
03-15 00:51:00.576  1767  1767 D gralloc_ranchu: gralloc_alloc: Creating ashmem region of size 8024064
03-15 00:51:00.613  1767  1767 D gralloc_ranchu: gralloc_alloc: Creating ashmem region of size 8024064
03-15 00:51:00.648  2454  6204 D EGL_emulation: eglMakeCurrent: 0xd921b1a0: ver 3 0 (tinfo 0xd920f870)
03-15 00:51:00.724  1767  1957 D gralloc_ranchu: gralloc_alloc: Creating ashmem region of size 8024064
03-15 00:51:00.760  2454  6204 I OpenGLRenderer: Davey! duration=1112ms; Flags=1, IntendedVsync=4765166673484, Vsync=4766100006780, OldestInputEvent=9223372036854775807, NewestInputEvent=0, HandleInputStart=4766109615685, AnimationStart=4766109667532, PerformTraversalsStart=4766109668943, DrawStart=4766159247864, SyncQueued=4766203209552, SyncStart=4766206263613, IssueDrawCommandsStart=4766206433214, SwapBuffers=4766244398893, FrameCompleted=4766281898929, DequeueBufferDuration=236000, QueueBufferDuration=850000, 
03-15 00:51:01.045  5975  6861 I PostListingFragment: Successfully precached https://oauth.reddit.com/comments/fiqscd/.json?sort=confidence
03-15 00:51:01.103  5975  6026 D EGL_emulation: eglMakeCurrent: 0xe132b900: ver 3 0 (tinfo 0xe1322af0)
03-15 00:51:01.108  1766  2316 E GnssHAL_GnssInterface: gnssSvStatusCb: a: input svInfo.flags is 8
03-15 00:51:01.108  1766  2316 E GnssHAL_GnssInterface: gnssSvStatusCb: b: input svInfo.flags is 8
03-15 00:51:01.536  5975  6026 D EGL_emulation: eglMakeCurrent: 0xe132b900: ver 3 0 (tinfo 0xe1322af0)
03-15 00:51:01.570  5975  6026 I chatty  : uid=10153(org.quantumbadger.redreader) RenderThread identical 1 line
03-15 00:51:01.588  5975  6026 D EGL_emulation: eglMakeCurrent: 0xe132b900: ver 3 0 (tinfo 0xe1322af0)
03-15 00:51:01.608  5975  7008 D OK      : calling: https://b.thumbs.redditmedia.com/fISLc1hmRd06DyFJqGKmI2N3nonSzjWQcS3WfARBY8U.jpg
03-15 00:51:01.628  5975  6026 D EGL_emulation: eglMakeCurrent: 0xe132b900: ver 3 0 (tinfo 0xe1322af0)
03-15 00:51:01.644  5975  6026 D EGL_emulation: eglMakeCurrent: 0xe132b900: ver 3 0 (tinfo 0xe1322af0)
03-15 00:51:01.673  1748  7010 E ResolverController: No valid NAT64 prefix (100, <unspecified>/0)
03-15 00:51:01.747  1757  3626 W audio_hw_generic: Not supplying enough data to HAL, expected position 83216903 , only wrote 83216595
03-15 00:51:01.748  1757  3626 W audio_hw_generic: Not supplying enough data to HAL, expected position 83216644 , only wrote 83216595
03-15 00:51:01.765  1757  3626 W audio_hw_generic: Not supplying enough data to HAL, expected position 83217373 , only wrote 83217256
03-15 00:51:01.897  1757  3626 W audio_hw_generic: Not supplying enough data to HAL, expected position 83223063 , only wrote 83222544
03-15 00:51:01.910  5975  6892 I PostListingFragment: Successfully precached https://oauth.reddit.com/comments/finq8v/.json?sort=confidence
03-15 00:51:02.113  1766  2316 E GnssHAL_GnssInterface: gnssSvStatusCb: a: input svInfo.flags is 8
03-15 00:51:02.113  1766  2316 E GnssHAL_GnssInterface: gnssSvStatusCb: b: input svInfo.flags is 8
03-15 00:51:02.139  1757 14465 W audio_hw_generic: Not supplying enough data to HAL, expected position 83243378 , only wrote 83233120
03-15 00:51:02.192  5975  6026 D EGL_emulation: eglMakeCurrent: 0xe132b900: ver 3 0 (tinfo 0xe1322af0)
03-15 00:51:02.343  5975  7034 D OK      : calling: https://b.thumbs.redditmedia.com/uDIf4Ot8u02IgqviEx4HrO3Gz2FF_GM2crIpHACWuKY.jpg
03-15 00:51:02.393  5975  5991 I adger.redreade: Background concurrent copying GC freed 42358(1963KB) AllocSpace objects, 28(1736KB) LOS objects, 46% free, 7048KB/12MB, paused 2.785ms total 2.126s
03-15 00:51:02.420  5975  5993 W System  : A resource failed to call close. 
03-15 00:51:02.421  5975  5993 I chatty  : uid=10153(org.quantumbadger.redreader) FinalizerDaemon identical 6 lines
03-15 00:51:02.421  5975  5993 W System  : A resource failed to call close. 
03-15 00:51:02.421  5975  5993 W System  : A resource failed to call end. 
03-15 00:51:02.432  5975  6951 D OK      : request got status: 200
03-15 00:51:02.487  5975  7034 D OK      : request got status: 200
03-15 00:51:02.507  2024  2034 I system_server: Background young concurrent copying GC freed 48786(4444KB) AllocSpace objects, 66(1752KB) LOS objects, 30% free, 13MB/19MB, paused 77us total 153.193ms
03-15 00:51:02.635  5975  7063 D OK      : calling: https://b.thumbs.redditmedia.com/IEOSYVh5b6LGIMGNXDae5Go2TzYBzAW_k5RQ_grUC8A.jpg
03-15 00:51:02.779  5975  7008 D OK      : request got status: 200
03-15 00:51:02.779  5975  7063 D OK      : request got status: 200
03-15 00:51:02.782  5975  7074 D OK      : calling: https://b.thumbs.redditmedia.com/mgxxzfr7iwp783yxlDihY0lWFo62sBhfcOyJpUlss7o.jpg
03-15 00:51:02.796  5975  7075 D OK      : calling: https://b.thumbs.redditmedia.com/2htMfeunUbK0_oOy4ZoAjI09lvuL8J8FSQ95FZHiyTY.jpg
03-15 00:51:02.802  5975  7074 D OK      : request got status: 200
03-15 00:51:02.820  5975  7075 D OK      : request got status: 200
03-15 00:51:02.845  5975  7078 D OK      : calling: https://b.thumbs.redditmedia.com/flVbbXPYiasEGU7YyjWnw2x694q4mchEjUYkv-3cZ_U.jpg
03-15 00:51:02.883  5975  7078 D OK      : request got status: 200
03-15 00:51:02.905  5975  7086 D OK      : calling: https://b.thumbs.redditmedia.com/U5ir5rCbv99A9fniuatz8nff8xudAgSHAsya8s2KvTs.jpg
03-15 00:51:02.925  5975  7086 D OK      : request got status: 200
03-15 00:51:03.021  5975  7099 D OK      : calling: https://b.thumbs.redditmedia.com/1zdiTXV2ieaOY-GawNjZ5TRlOky6X1WGkpvgm6PD-Oo.jpg
03-15 00:51:03.031  5975  7099 D OK      : request got status: 200
03-15 00:51:03.038  5975  7101 D OK      : calling: https://b.thumbs.redditmedia.com/Mr2CIQtkwDctEN2yi2dE-lLap26VPPlcAJexIHojpfg.jpg
03-15 00:51:03.041  5975  7103 D OK      : calling: https://b.thumbs.redditmedia.com/YDrNlL_xhwL72Xaz-zVP2LzeudSX_OP4Az2xxjtizFM.jpg
03-15 00:51:03.050  5975  7101 D OK      : request got status: 200
03-15 00:51:03.054  5975  7103 D OK      : request got status: 200
03-15 00:51:03.117  1766  2316 E GnssHAL_GnssInterface: gnssSvStatusCb: a: input svInfo.flags is 8
03-15 00:51:03.117  1766  2316 E GnssHAL_GnssInterface: gnssSvStatusCb: b: input svInfo.flags is 8
03-15 00:51:03.118  5975  7107 D OK      : calling: https://b.thumbs.redditmedia.com/aUvdI1NE5JKXYrT7dLZAArYzDruyO2EZ_e8_uRsy9kE.jpg
03-15 00:51:03.131  5975  7108 D OK      : calling: https://b.thumbs.redditmedia.com/oHtsM5_AGEkKKh6rQCXEbVKAAlaVIS6dU9LtwduSQMI.jpg
03-15 00:51:03.133  5975  7107 D OK      : request got status: 200
03-15 00:51:03.142  5975  7111 D OK      : calling: https://b.thumbs.redditmedia.com/55QznUKcBhKEqwDUSDPGC-Dk7srvzITm3guiTHwDlSU.jpg
03-15 00:51:03.147  5975  7108 D OK      : request got status: 200
03-15 00:51:03.152  5975  7112 D OK      : calling: https://b.thumbs.redditmedia.com/9CSsAPIeTzm_xmZG7ZEd5W3C9dxFn203Yv79dWk1yuo.jpg
03-15 00:51:03.166  5975  7111 D OK      : request got status: 200
03-15 00:51:03.169  5975  7112 D OK      : request got status: 200
03-15 00:51:03.334  5975  7125 D OK      : calling: https://oauth.reddit.com/comments/ffds35/.json?sort=confidence
03-15 00:51:03.339  1748  7128 E ResolverController: No valid NAT64 prefix (100, <unspecified>/0)
03-15 00:51:03.414  5975  7139 D OK      : calling: https://i.redd.it/lc9tsocjtom41.jpg
03-15 00:51:03.437  1748  7141 E ResolverController: No valid NAT64 prefix (100, <unspecified>/0)
03-15 00:51:03.450  5975  7139 D OK      : request got status: 200
03-15 00:51:03.463  5975  7142 D OK      : calling: https://i.redd.it/6t1bj7jrwqm41.jpg
03-15 00:51:03.495  5975  7143 D OK      : calling: https://i.redd.it/lgju3h5j6rm41.jpg
03-15 00:51:03.549  5975  7151 D OK      : calling: https://i.redd.it/gof34xogpqm41.jpg
03-15 00:51:03.574  5975  7154 D OK      : calling: https://i.redd.it/jw8boot7kom41.jpg
03-15 00:51:03.584  5975  7142 D OK      : request got status: 200
03-15 00:51:03.663  5975  7143 D OK      : request got status: 200
03-15 00:51:03.755  5975  7151 D OK      : request got status: 200
03-15 00:51:03.773  5975  7154 D OK      : request got status: 200
03-15 00:51:03.833  5975  7151 I PostListingFragment: Successfully precached https://i.redd.it/gof34xogpqm41.jpg
03-15 00:51:03.882  5975  7143 I PostListingFragment: Successfully precached https://i.redd.it/lgju3h5j6rm41.jpg
03-15 00:51:03.934  5975  7139 I PostListingFragment: Successfully precached https://i.redd.it/lc9tsocjtom41.jpg
03-15 00:51:03.948  5975  7154 I PostListingFragment: Successfully precached https://i.redd.it/jw8boot7kom41.jpg
03-15 00:51:03.978  5975  7157 D OK      : calling: https://v.redd.it/f1hxmw8jgpm41/DASHPlaylist.mpd
03-15 00:51:03.983  5975  5993 W System  : A resource failed to call close. 
03-15 00:51:03.988  5975  5993 I chatty  : uid=10153(org.quantumbadger.redreader) FinalizerDaemon identical 37 lines
03-15 00:51:03.988  5975  5993 W System  : A resource failed to call close. 
03-15 00:51:03.998  1748  7158 E ResolverController: No valid NAT64 prefix (100, <unspecified>/0)
03-15 00:51:04.003  5975  7142 I PostListingFragment: Successfully precached https://i.redd.it/6t1bj7jrwqm41.jpg
03-15 00:51:04.012  5975  7157 D OK      : request got status: 200
03-15 00:51:04.013  7152  7152 D AndroidRuntime: >>>>>> START com.android.internal.os.RuntimeInit uid 2000 <<<<<<
03-15 00:51:04.007  7152  7152 W app_process: type=1400 audit(0.0:2512): avc: denied { read } for name="u:object_r:device_config_runtime_native_boot_prop:s0" dev="tmpfs" ino=6815 scontext=u:r:shell:s0 tcontext=u:object_r:device_config_runtime_native_boot_prop:s0 tclass=file permissive=0
03-15 00:51:04.018  7152  7152 E libc    : Access denied finding property "persist.device_config.runtime_native_boot.enable_apex_image"
03-15 00:51:04.019  7152  7152 I AndroidRuntime: Using default boot image
03-15 00:51:04.007  7152  7152 W app_process: type=1400 audit(0.0:2513): avc: denied { read } for name="u:object_r:device_config_runtime_native_boot_prop:s0" dev="tmpfs" ino=6815 scontext=u:r:shell:s0 tcontext=u:object_r:device_config_runtime_native_boot_prop:s0 tclass=file permissive=0
03-15 00:51:04.020  7152  7152 E libc    : Access denied finding property "persist.device_config.runtime_native_boot.enable_generational_cc"
03-15 00:51:04.025  7152  7152 W app_process: Could not reserve sentinel fault page
03-15 00:51:04.032  5975  7157 I RedditVideosAPI: For 'https://v.redd.it/f1hxmw8jgpm41/DASHPlaylist.mpd', got video stream 'https://v.redd.it/f1hxmw8jgpm41/DASH_480' and audio stream 'https://v.redd.it/f1hxmw8jgpm41/audio'
03-15 00:51:04.037  5975  7151 D OK      : calling: https://v.redd.it/f1hxmw8jgpm41/DASH_480
03-15 00:51:04.051  5975  7151 D OK      : request got status: 200
03-15 00:51:04.083  5975  7159 D OK      : calling: https://v.redd.it/f1hxmw8jgpm41/audio
03-15 00:51:04.098  5975  7160 D OK      : calling: https://i.redd.it/kmt13rkm7qm41.jpg
