03-15 00:52:27.548  2024  3265 I chatty  : uid=1000(system) Binder:2024_1A identical 18 lines
03-15 00:52:27.548  2024  3265 W InputReader: Device has associated, but no associated display id.
03-15 00:52:27.563  1767  1957 D gralloc_ranchu: gralloc_alloc: Creating ashmem region of size 8298496
03-15 00:52:27.574  5975  6026 D EGL_emulation: eglMakeCurrent: 0xe132b900: ver 3 0 (tinfo 0xe1322af0)
03-15 00:52:27.576  1767  1767 D gralloc_ranchu: gralloc_alloc: Creating ashmem region of size 8298496
03-15 00:52:27.593  1767  1957 D gralloc_ranchu: gralloc_alloc: Creating ashmem region of size 8298496
03-15 00:52:27.601  5975  6026 D EGL_emulation: eglMakeCurrent: 0xe132b900: ver 3 0 (tinfo 0xe1322af0)
03-15 00:52:27.733  5975  6026 D EGL_emulation: eglMakeCurrent: 0xe132b900: ver 3 0 (tinfo 0xe1322af0)
03-15 00:52:27.734  5975  8550 D OK      : request got status: 200
03-15 00:52:27.761  5975  6026 D EGL_emulation: eglMakeCurrent: 0xe132b900: ver 3 0 (tinfo 0xe1322af0)
03-15 00:52:27.913  5975  9887 D OK      : calling: https://oauth.reddit.com/comments/fimbls/.json?sort=confidence
03-15 00:52:28.206  5975  6026 D EGL_emulation: eglMakeCurrent: 0xe132b900: ver 3 0 (tinfo 0xe1322af0)
03-15 00:52:28.318  5975  8550 I PostListingFragment: Successfully precached https://v.redd.it/0a5qtgqsbpm41/audio
03-15 00:52:28.452  1766  2316 E GnssHAL_GnssInterface: gnssSvStatusCb: a: input svInfo.flags is 8
03-15 00:52:28.452  1766  2316 E GnssHAL_GnssInterface: gnssSvStatusCb: b: input svInfo.flags is 8
03-15 00:52:28.554  2024  2034 I system_server: Background concurrent copying GC freed 52692(4671KB) AllocSpace objects, 71(1956KB) LOS objects, 30% free, 13MB/19MB, paused 400us total 2.112s
03-15 00:52:28.606  5975  9858 D OK      : request got status: 200
03-15 00:52:28.661  5975  5991 I adger.redreade: ThreadFlipBegin blocked for 17.201ms
03-15 00:52:28.674  5975  5975 I adger.redreade: IncrementDisableThreadFlip blocked for 29.202ms
03-15 00:52:28.712  5975  9825 D OK      : request got status: 200
03-15 00:52:28.808  5975  9887 D OK      : request got status: 200
03-15 00:52:28.927  5670  5683 I mit.droidbotap: Background concurrent copying GC freed 13848(525KB) AllocSpace objects, 13(860KB) LOS objects, 49% free, 3957KB/7914KB, paused 355us total 184.577ms
03-15 00:52:28.977  5975  9822 I PostListingFragment: Precaching images: ON
03-15 00:52:28.978  5975  9822 I PostListingFragment: Precaching comments: ON
03-15 00:52:29.112  5975  9936 D OK      : calling: https://oauth.reddit.com/comments/fitson/.json?sort=confidence
03-15 00:52:29.316  5670  5683 I mit.droidbotap: Background young concurrent copying GC freed 49330(1870KB) AllocSpace objects, 47(3120KB) LOS objects, 40% free, 4710KB/7914KB, paused 2.905ms total 171.543ms
03-15 00:52:29.367  5975  9887 I PostListingFragment: Successfully precached https://oauth.reddit.com/comments/fimbls/.json?sort=confidence
03-15 00:52:29.370  5975  6026 D EGL_emulation: eglMakeCurrent: 0xe132b900: ver 3 0 (tinfo 0xe1322af0)
03-15 00:52:29.457  1766  2316 E GnssHAL_GnssInterface: gnssSvStatusCb: a: input svInfo.flags is 8
03-15 00:52:29.457  1766  2316 E GnssHAL_GnssInterface: gnssSvStatusCb: b: input svInfo.flags is 8
03-15 00:52:29.697  5975  6015 I adger.redreade: Waiting for a blocking GC ProfileSaver
03-15 00:52:29.769  1767  1767 D gralloc_ranchu: gralloc_alloc: Creating ashmem region of size 1495040
03-15 00:52:29.794  1767  1767 I chatty  : uid=1000(system) allocator@2.0-s identical 1 line
03-15 00:52:29.801  1767  1767 D gralloc_ranchu: gralloc_alloc: Creating ashmem region of size 1495040
03-15 00:52:29.921  5975  6026 D EGL_emulation: eglMakeCurrent: 0xe132b900: ver 3 0 (tinfo 0xe1322af0)
03-15 00:52:29.965  5975  5991 I adger.redreade: Background young concurrent copying GC freed 24798(4995KB) AllocSpace objects, 24(1632KB) LOS objects, 21% free, 10MB/13MB, paused 12.506ms total 2.920s
03-15 00:52:29.965  5975  6015 I adger.redreade: WaitForGcToComplete blocked ProfileSaver on HeapTrim for 268.505ms
03-15 00:52:30.053  5975  9960 D OK      : calling: https://b.thumbs.redditmedia.com/2A5JIJebATtws4-WZ1bhGg1cIWxDOEBPN-LuVyRJ9Yg.jpg
03-15 00:52:30.093  5975  9822 I getImgurImageInfo: Image SNtEeAz: trying API v3 with auth
03-15 00:52:30.149  5975  5993 W System  : A resource failed to call end. 
03-15 00:52:30.157  5975  5993 I chatty  : uid=10153(org.quantumbadger.redreader) FinalizerDaemon identical 1 line
03-15 00:52:30.157  5975  5993 W System  : A resource failed to call end. 
03-15 00:52:30.167  1748  9962 E ResolverController: No valid NAT64 prefix (100, <unspecified>/0)
03-15 00:52:30.381  5975  9968 D OK      : calling: https://oauth.reddit.com/comments/fihd1d/.json?sort=confidence
03-15 00:52:30.445  5975  6026 D EGL_emulation: eglMakeCurrent: 0xe132b900: ver 3 0 (tinfo 0xe1322af0)
03-15 00:52:30.458  5975  6026 D EGL_emulation: eglMakeCurrent: 0xe132b900: ver 3 0 (tinfo 0xe1322af0)
03-15 00:52:30.461  1766  2316 E GnssHAL_GnssInterface: gnssSvStatusCb: a: input svInfo.flags is 8
03-15 00:52:30.461  1766  2316 E GnssHAL_GnssInterface: gnssSvStatusCb: b: input svInfo.flags is 8
03-15 00:52:30.543  5975  9936 D OK      : request got status: 200
03-15 00:52:30.574  5975  9960 D OK      : request got status: 200
03-15 00:52:30.791  5975  9776 I PostListingFragment: Successfully precached https://oauth.reddit.com/comments/filjgj/.json?sort=confidence
03-15 00:52:30.802  5975  8549 I PostListingFragment: Successfully precached https://v.redd.it/0a5qtgqsbpm41/DASH_480
03-15 00:52:30.945  5975  9968 D OK      : request got status: 200
03-15 00:52:31.205  5975  9996 D OK      : calling: https://b.thumbs.redditmedia.com/q8o2ZoOd88HSfstC_XnUUpw8YN1if6ZvijXXxbCd7FM.jpg
03-15 00:52:31.255  5975 10016 D OK      : calling: https://a.thumbs.redditmedia.com/VGJRnOzPhL3UklA8vmFaV4_p8p-3EliI8N1kwmksf50.jpg
03-15 00:52:31.315  1748 10020 E ResolverController: No valid NAT64 prefix (100, <unspecified>/0)
03-15 00:52:31.384  5670  5683 I mit.droidbotap: Background concurrent copying GC freed 14881(741KB) AllocSpace objects, 43(928KB) LOS objects, 49% free, 1590KB/3181KB, paused 695us total 200.166ms
03-15 00:52:31.444  5975  9996 D OK      : request got status: 200
03-15 00:52:31.465  1766  2316 E GnssHAL_GnssInterface: gnssSvStatusCb: a: input svInfo.flags is 8
03-15 00:52:31.465  1766  2316 E GnssHAL_GnssInterface: gnssSvStatusCb: b: input svInfo.flags is 8
03-15 00:52:31.514  5975 10027 D OK      : calling: https://oauth.reddit.com/comments/fft5zy/.json?sort=confidence
03-15 00:52:31.554  5975 10016 D OK      : request got status: 200
03-15 00:52:31.682  5975  9968 I PostListingFragment: Successfully precached https://oauth.reddit.com/comments/fihd1d/.json?sort=confidence
03-15 00:52:32.050  5975  9825 I PostListingFragment: Successfully precached https://oauth.reddit.com/comments/fiqyhu/.json?sort=confidence
03-15 00:52:32.195  5975 10031 D OK      : calling: https://b.thumbs.redditmedia.com/gs8pLKfAbOGTaEUmYMYjC-EU2meFS-nJxoh9cSgG9qI.jpg
03-15 00:52:32.257  5975  5975 I Choreographer: Skipped 30 frames!  The application may be doing too much work on its main thread.
03-15 00:52:32.263  1748 10036 E ResolverController: No valid NAT64 prefix (100, <unspecified>/0)
03-15 00:52:32.355  1767  1767 D gralloc_ranchu: gralloc_alloc: Creating ashmem region of size 3674112
03-15 00:52:32.371  1767  1767 D gralloc_ranchu: gralloc_alloc: Creating ashmem region of size 3674112
03-15 00:52:32.374  1767  1957 D gralloc_ranchu: gralloc_alloc: Creating ashmem region of size 3674112
03-15 00:52:32.389  5975  6026 D EGL_emulation: eglMakeCurrent: 0xe132b900: ver 3 0 (tinfo 0xe1322af0)
03-15 00:52:32.449  5975  6026 I chatty  : uid=10153(org.quantumbadger.redreader) RenderThread identical 1 line
03-15 00:52:32.457  5975  6026 D EGL_emulation: eglMakeCurrent: 0xe132b900: ver 3 0 (tinfo 0xe1322af0)
03-15 00:52:32.471  1766  2316 E GnssHAL_GnssInterface: gnssSvStatusCb: a: input svInfo.flags is 8
03-15 00:52:32.471  1766  2316 E GnssHAL_GnssInterface: gnssSvStatusCb: b: input svInfo.flags is 8
03-15 00:52:32.474  5975  6026 D EGL_emulation: eglMakeCurrent: 0xe132b900: ver 3 0 (tinfo 0xe1322af0)
03-15 00:52:32.525 10007 10007 D AndroidRuntime: >>>>>> START com.android.internal.os.RuntimeInit uid 2000 <<<<<<
03-15 00:52:32.569  5975 10027 D OK      : request got status: 200
03-15 00:52:32.567 10007 10007 W app_process: type=1400 audit(0.0:2551): avc: denied { read } for name="u:object_r:device_config_runtime_native_boot_prop:s0" dev="tmpfs" ino=6815 scontext=u:r:shell:s0 tcontext=u:object_r:device_config_runtime_native_boot_prop:s0 tclass=file permissive=0
03-15 00:52:32.587 10007 10007 W app_process: type=1400 audit(0.0:2552): avc: denied { read } for name="u:object_r:device_config_runtime_native_boot_prop:s0" dev="tmpfs" ino=6815 scontext=u:r:shell:s0 tcontext=u:object_r:device_config_runtime_native_boot_prop:s0 tclass=file permissive=0
03-15 00:52:32.595 10007 10007 E libc    : Access denied finding property "persist.device_config.runtime_native_boot.enable_apex_image"
03-15 00:52:32.595 10007 10007 I AndroidRuntime: Using default boot image
03-15 00:52:32.597 10007 10007 E libc    : Access denied finding property "persist.device_config.runtime_native_boot.disable_lock_profiling"
03-15 00:52:32.597 10007 10007 I AndroidRuntime: Leaving lock profiling enabled
03-15 00:52:32.587 10007 10007 W app_process: type=1400 audit(0.0:2553): avc: denied { read } for name="u:object_r:device_config_runtime_native_boot_prop:s0" dev="tmpfs" ino=6815 scontext=u:r:shell:s0 tcontext=u:object_r:device_config_runtime_native_boot_prop:s0 tclass=file permissive=0
03-15 00:52:32.597 10007 10007 E libc    : Access denied finding property "persist.device_config.runtime_native_boot.enable_generational_cc"
03-15 00:52:32.726  5975 10044 D OK      : calling: https://oauth.reddit.com/comments/fikkx6/.json?sort=confidence
03-15 00:52:32.739  5975  6026 D EGL_emulation: eglMakeCurrent: 0xe132b900: ver 3 0 (tinfo 0xe1322af0)
03-15 00:52:32.757  5975  6026 I chatty  : uid=10153(org.quantumbadger.redreader) RenderThread identical 1 line
03-15 00:52:32.763  5975  6026 D EGL_emulation: eglMakeCurrent: 0xe132b900: ver 3 0 (tinfo 0xe1322af0)
03-15 00:52:33.006  5670  5683 I mit.droidbotap: Background young concurrent copying GC freed 10959(618KB) AllocSpace objects, 25(516KB) LOS objects, 30% free, 2200KB/3181KB, paused 20us total 135.285ms
03-15 00:52:33.051  5975 10031 D OK      : request got status: 200
03-15 00:52:33.247  5670  5683 I mit.droidbotap: Background concurrent copying GC freed 10555(673KB) AllocSpace objects, 21(428KB) LOS objects, 49% free, 2711KB/5423KB, paused 17us total 158.013ms
03-15 00:52:33.304  5975  5991 I adger.redreade: Background concurrent copying GC freed 59369(5473KB) AllocSpace objects, 23(1372KB) LOS objects, 40% free, 8996KB/14MB, paused 2.387ms total 2.326s
03-15 00:52:33.329  5975 10044 D OK      : request got status: 200
03-15 00:52:33.351  5975  5993 W System  : A resource failed to call close. 
03-15 00:52:33.354  5975  5993 W System  : A resource failed to call close. 
03-15 00:52:33.355  5975  5993 W System  : A resource failed to call end. 
03-15 00:52:33.355  5975  5993 W System  : A resource failed to call close. 
03-15 00:52:33.355  5975  5993 W System  : A resource failed to call close. 
03-15 00:52:33.356  5975  5993 W System  : A resource failed to call end. 
03-15 00:52:33.356  5975  5993 I chatty  : uid=10153(org.quantumbadger.redreader) FinalizerDaemon identical 2 lines
03-15 00:52:33.356  5975  5993 W System  : A resource failed to call end. 
03-15 00:52:33.357  5975 10063 D OK      : calling: https://b.thumbs.redditmedia.com/Bq1ZvihL5vI6Ks2aSnU5kPeU5d4LnLyO1OW1B6MVdXI.jpg
03-15 00:52:33.402  5975 10072 D OK      : calling: https://b.thumbs.redditmedia.com/YXiQ4CEilj8rQ9Mc-JxjXmBJVi3hTu4xdpE8V6SJcjQ.jpg
03-15 00:52:33.443  5975 10027 I PostListingFragment: Successfully precached https://oauth.reddit.com/comments/fft5zy/.json?sort=confidence
03-15 00:52:33.473  1766  2316 E GnssHAL_GnssInterface: gnssSvStatusCb: a: input svInfo.flags is 8
03-15 00:52:33.473  1766  2316 E GnssHAL_GnssInterface: gnssSvStatusCb: b: input svInfo.flags is 8
03-15 00:52:33.537 10007 10007 D ICU     : Time zone APEX file found: /apex/com.android.tzdata/etc/icu/icu_tzdata.dat
03-15 00:52:33.575  5975  7941 I PostListingFragment: Successfully precached https://v.redd.it/8kph2yj3sqm41/DASH_480
03-15 00:52:33.579 10007 10007 W app_process: Unexpected CPU variant for X86 using defaults: x86
03-15 00:52:33.602 10007 10007 I app_process: The ClassLoaderContext is a special shared library.
03-15 00:52:33.621  5975 10086 D OK      : calling: https://b.thumbs.redditmedia.com/50WTA6qjvNNiZh7smahz9CrpT8Pv8krUO078XOiZ-IA.jpg
03-15 00:52:33.677  5975 10044 I PostListingFragment: Successfully precached https://oauth.reddit.com/comments/fikkx6/.json?sort=confidence
03-15 00:52:33.732 10007 10007 W app_process: JNI RegisterNativeMethods: attempt to register 0 native methods for android.media.AudioAttributes
03-15 00:52:33.737  5975 10063 D OK      : request got status: 200
03-15 00:52:33.737  5975 10072 D OK      : request got status: 200
03-15 00:52:33.747 10007 10007 D AndroidRuntime: Calling main entry com.android.commands.input.Input
03-15 00:52:33.798  5975 10097 D OK      : calling: https://b.thumbs.redditmedia.com/1YmXX1gZ7jRwMo1OFMWD_s49Lj8-GzI19WbDzvDyc2U.jpg
03-15 00:52:33.856  5975  6026 D EGL_emulation: eglMakeCurrent: 0xe132b900: ver 3 0 (tinfo 0xe1322af0)
03-15 00:52:33.917  5975 10099 D OK      : calling: https://oauth.reddit.com/comments/fikwwd/.json?sort=confidence
03-15 00:52:33.988  5975 10086 D OK      : request got status: 200
03-15 00:52:34.088  5975  9936 I PostListingFragment: Successfully precached https://oauth.reddit.com/comments/fitson/.json?sort=confidence
03-15 00:52:34.094  5975  6583 W System  : A resource failed to call response.body().close(). 
03-15 00:52:34.097  5975  6583 I chatty  : uid=10153(org.quantumbadger.redreader) OkHttp Connecti identical 58 lines
03-15 00:52:34.097  5975  6583 W System  : A resource failed to call response.body().close(). 
03-15 00:52:34.102  5975  6026 D EGL_emulation: eglMakeCurrent: 0xe132b900: ver 3 0 (tinfo 0xe1322af0)
03-15 00:52:34.102  5975 10097 D OK      : request got status: 200
03-15 00:52:34.135 10007 10007 D AndroidRuntime: Shutting down VM
03-15 00:52:34.142  5975  5975 W InputEventReceiver: Attempted to finish an input event but the input event receiver has already been disposed.
03-15 00:52:34.153  5975  6026 D EGL_emulation: eglMakeCurrent: 0xe132b900: ver 3 0 (tinfo 0xe1322af0)
03-15 00:52:34.393  5975 10102 D OK      : calling: https://a.thumbs.redditmedia.com/wxbZ30uTJtgRt5sqwQ8mnA2V38Ie5BP7CIGS5cu7Xq0.jpg
03-15 00:52:34.445  1748 10105 E ResolverController: No valid NAT64 prefix (100, <unspecified>/0)
03-15 00:52:34.476  1766  2316 E GnssHAL_GnssInterface: gnssSvStatusCb: a: input svInfo.flags is 8
03-15 00:52:34.476  1766  2316 E GnssHAL_GnssInterface: gnssSvStatusCb: b: input svInfo.flags is 8
03-15 00:52:34.496  5670  5683 I mit.droidbotap: Background young concurrent copying GC freed 31927(1665KB) AllocSpace objects, 42(1472KB) LOS objects, 23% free, 4170KB/5423KB, paused 19us total 187.802ms
03-15 00:52:34.630  2024  2375 I ActivityTaskManager: START u0 {dat=https://oauth.reddit.com/... cmp=org.quantumbadger.redreader/.activities.PostListingActivity} from uid 10153
03-15 00:52:34.647  2024  2452 W InputReader: Device has associated, but no associated display id.
03-15 00:52:34.664  2024  2452 I chatty  : uid=1000(system) Binder:2024_A identical 48 lines
03-15 00:52:34.664  2024  2452 W InputReader: Device has associated, but no associated display id.
03-15 00:52:34.672  5975  5975 W ActivityThread: handleWindowVisibility: no activity for token android.os.BinderProxy@45f7748
03-15 00:52:34.711  5670  5683 I mit.droidbotap: Background concurrent copying GC freed 41628(1556KB) AllocSpace objects, 30(2076KB) LOS objects, 49% free, 2438KB/4876KB, paused 16us total 154.546ms
03-15 00:52:34.741  5975  5975 I AppCompatViewInflater: app:theme is now deprecated. Please move to using android:theme instead.
03-15 00:52:34.902  1767  1767 D gralloc_ranchu: gralloc_alloc: Creating ashmem region of size 8298496
03-15 00:52:34.911  1767  1767 D gralloc_ranchu: gralloc_alloc: Creating ashmem region of size 8298496
03-15 00:52:34.917  1767  1957 D gralloc_ranchu: gralloc_alloc: Creating ashmem region of size 8298496
03-15 00:52:34.938  5975  6026 D EGL_emulation: eglMakeCurrent: 0xe132b900: ver 3 0 (tinfo 0xe1322af0)
03-15 00:52:34.955  5975  6026 D EGL_emulation: eglMakeCurrent: 0xe132b900: ver 3 0 (tinfo 0xe1322af0)
03-15 00:52:34.964  2024  2048 W InputReader: Device has associated, but no associated display id.
03-15 00:52:34.966  2024  2048 I chatty  : uid=1000(system) android.anim identical 18 lines
03-15 00:52:34.966  2024  2048 W InputReader: Device has associated, but no associated display id.
03-15 00:52:34.991  5975  6026 D EGL_emulation: eglMakeCurrent: 0xe132b900: ver 3 0 (tinfo 0xe1322af0)
03-15 00:52:35.266  5975 10099 D OK      : request got status: 200
03-15 00:52:35.268  5975 10124 D OK      : calling: https://oauth.reddit.com/comments/fiqs5w/.json?sort=confidence
03-15 00:52:35.356  1748 10125 E ResolverController: No valid NAT64 prefix (100, <unspecified>/0)
03-15 00:52:35.481  1766  2316 E GnssHAL_GnssInterface: gnssSvStatusCb: a: input svInfo.flags is 8
03-15 00:52:35.481  1766  2316 E GnssHAL_GnssInterface: gnssSvStatusCb: b: input svInfo.flags is 8
03-15 00:52:35.780  1757  3626 W audio_hw_generic: Not supplying enough data to HAL, expected position 85487832 , only wrote 85487791
03-15 00:52:35.781  1757  3626 W audio_hw_generic: Not supplying enough data to HAL, expected position 85487834 , only wrote 85487791
03-15 00:52:35.796  1757  3626 W audio_hw_generic: Not supplying enough data to HAL, expected position 85488455 , only wrote 85488452
03-15 00:52:35.887  1757  3626 W audio_hw_generic: Not supplying enough data to HAL, expected position 85492466 , only wrote 85491096
03-15 00:52:35.893  1757  3626 W audio_hw_generic: Not supplying enough data to HAL, expected position 85491386 , only wrote 85491096
03-15 00:52:35.911  1757  3626 W audio_hw_generic: Not supplying enough data to HAL, expected position 85491857 , only wrote 85491757
03-15 00:52:35.911  5975 10137 D OK      : calling: https://b.thumbs.redditmedia.com/mX4LtC2Bvp12d73i7BdkNbcagyGZym1AcUFcCRUm7Pg.jpg
03-15 00:52:35.993  1757  3626 W audio_hw_generic: Not supplying enough data to HAL, expected position 85495414 , only wrote 85495062
03-15 00:52:36.012  1757  3626 W audio_hw_generic: Not supplying enough data to HAL, expected position 85495878 , only wrote 85495723
03-15 00:52:36.156  1757  3626 W audio_hw_generic: Not supplying enough data to HAL, expected position 85502071 , only wrote 85501672
03-15 00:52:36.156  1757  3626 W audio_hw_generic: Hardware backing HAL too slow, could only write 0 of 661 frames
03-15 00:52:36.193  1757  3626 W audio_hw_generic: Not supplying enough data to HAL, expected position 85503325 , only wrote 85502333
03-15 00:52:36.194  1757  3626 W audio_hw_generic: Hardware backing HAL too slow, could only write 0 of 661 frames
03-15 00:52:36.211  1757  3626 W audio_hw_generic: Hardware backing HAL too slow, could only write 0 of 661 frames
03-15 00:52:36.485  1766  2316 E GnssHAL_GnssInterface: gnssSvStatusCb: a: input svInfo.flags is 8
03-15 00:52:36.485  1766  2316 E GnssHAL_GnssInterface: gnssSvStatusCb: b: input svInfo.flags is 8
03-15 00:52:36.577  5670  5683 I mit.droidbotap: Background young concurrent copying GC freed 24412(1290KB) AllocSpace objects, 37(1248KB) LOS objects, 51% free, 2352KB/4876KB, paused 154us total 106.461ms
03-15 00:52:36.628  1748 10157 E ResolverController: No valid NAT64 prefix (100, <unspecified>/0)
03-15 00:52:36.705  5975 10158 D OK      : calling: https://oauth.reddit.com/r/explainlikeimfive/about.json
03-15 00:52:36.718  5975  8548 I PostListingFragment: Successfully precached https://i.redd.it/wq7uv5aogqm41.jpg
03-15 00:52:36.866  5975 10159 D OK      : calling: https://b.thumbs.redditmedia.com/yQiXfyGxUj7hEbW8KGgYVOQRYmF9b41_y7nOHKUD-Jg.jpg
03-15 00:52:37.295  5975 10172 D OK      : calling: https://a.thumbs.redditmedia.com/y06rv5iTiMmg7ynU5-_NupRFrJksSmK3p5grApXjWy0.jpg
03-15 00:52:37.398  5975 10124 D OK      : request got status: 200
03-15 00:52:37.401  5975 10159 D OK      : request got status: 200
03-15 00:52:37.416  5975 10137 D OK      : request got status: 200
03-15 00:52:37.494  1766  2316 E GnssHAL_GnssInterface: gnssSvStatusCb: a: input svInfo.flags is 8
03-15 00:52:37.494  1766  2316 E GnssHAL_GnssInterface: gnssSvStatusCb: b: input svInfo.flags is 8
03-15 00:52:37.635  5975 10196 D OK      : calling: https://b.thumbs.redditmedia.com/CwhzXwcCPmO-PkGAX0iV1K58dsAAn1mCiF-ac3KjS3s.jpg
03-15 00:52:37.708  1757 14465 W audio_hw_generic: Not supplying enough data to HAL, expected position 85635227 , only wrote 85569094
03-15 00:52:37.793  1748 10201 E ResolverController: No valid NAT64 prefix (100, <unspecified>/0)
03-15 00:52:37.878  5975 10172 D OK      : request got status: 200
03-15 00:52:37.891  5975 10206 D OK      : calling: https://oauth.reddit.com/comments/fir304/.json?sort=confidence
03-15 00:52:37.894  5975 10124 I PostListingFragment: Successfully precached https://oauth.reddit.com/comments/fiqs5w/.json?sort=confidence
03-15 00:52:37.948  5975 10196 D OK      : request got status: 200
03-15 00:52:38.065  2024  3259 W InputReader: Device has associated, but no associated display id.
03-15 00:52:38.065  2024  3259 I chatty  : uid=1000(system) Binder:2024_15 identical 8 lines
03-15 00:52:38.065  2024  3259 W InputReader: Device has associated, but no associated display id.
03-15 00:52:38.074  1757  3626 W audio_hw_generic: Not supplying enough data to HAL, expected position 85569103 , only wrote 85569094
03-15 00:52:38.168  2024  2375 W InputReader: Device has associated, but no associated display id.
03-15 00:52:38.170  2024  2375 I chatty  : uid=1000(system) Binder:2024_8 identical 28 lines
03-15 00:52:38.170  2024  2375 W InputReader: Device has associated, but no associated display id.
03-15 00:52:38.191  5975 10102 D OK      : request got status: 200
03-15 00:52:38.295  5975 10158 D OK      : request got status: 200
03-15 00:52:38.346  2024  4671 W InputReader: Device has associated, but no associated display id.
03-15 00:52:38.351  2024  4671 I chatty  : uid=1000(system) Binder:2024_1E identical 18 lines
03-15 00:52:38.351  2024  4671 W InputReader: Device has associated, but no associated display id.
03-15 00:52:38.372  1767  1957 D gralloc_ranchu: gralloc_alloc: Creating ashmem region of size 8298496
03-15 00:52:38.384  1767  1957 D gralloc_ranchu: gralloc_alloc: Creating ashmem region of size 8298496
03-15 00:52:38.389  5975  6026 D EGL_emulation: eglMakeCurrent: 0xe132b900: ver 3 0 (tinfo 0xe1322af0)
03-15 00:52:38.391  1767  1767 D gralloc_ranchu: gralloc_alloc: Creating ashmem region of size 8298496
03-15 00:52:38.406  5975  6026 D EGL_emulation: eglMakeCurrent: 0xe132b900: ver 3 0 (tinfo 0xe1322af0)
03-15 00:52:38.467  5975 10224 D OK      : calling: https://a.thumbs.redditmedia.com/R6TADRTmXTrLSPwZnYM0W1qGdnhZAWTnaw9bB9U1s90.jpg
03-15 00:52:38.492  1766  2316 E GnssHAL_GnssInterface: gnssSvStatusCb: a: input svInfo.flags is 8
03-15 00:52:38.493  1766  2316 E GnssHAL_GnssInterface: gnssSvStatusCb: b: input svInfo.flags is 8
03-15 00:52:38.547  5975  6026 D EGL_emulation: eglMakeCurrent: 0xe132b900: ver 3 0 (tinfo 0xe1322af0)
03-15 00:52:38.627  5975  6026 D EGL_emulation: eglMakeCurrent: 0xe132b900: ver 3 0 (tinfo 0xe1322af0)
03-15 00:52:38.684  5975 10224 D OK      : request got status: 200
03-15 00:52:39.118  5975  6026 D EGL_emulation: eglMakeCurrent: 0xe132b900: ver 3 0 (tinfo 0xe1322af0)
03-15 00:52:39.131  5975 10250 D OK      : calling: https://oauth.reddit.com/comments/fium97/.json?sort=confidence
03-15 00:52:39.372  5975 10206 D OK      : request got status: 200
03-15 00:52:39.384  5670  5683 I mit.droidbotap: Background young concurrent copying GC freed 12450(578KB) AllocSpace objects, 19(808KB) LOS objects, 0% free, 3493KB/3493KB, paused 17us total 165.849ms
03-15 00:52:39.497  1766  2316 E GnssHAL_GnssInterface: gnssSvStatusCb: a: input svInfo.flags is 8
03-15 00:52:39.497  1766  2316 E GnssHAL_GnssInterface: gnssSvStatusCb: b: input svInfo.flags is 8
03-15 00:52:39.542  5975 10261 D OK      : calling: https://b.thumbs.redditmedia.com/_B5gdZfnlBmZoRHIWAl-OTqyM16oxvMxVHvIXJpPbmo.jpg
03-15 00:52:39.619  5975 10250 D OK      : request got status: 200
03-15 00:52:39.637  2918  2933 I .gms.persisten: Background young concurrent copying GC freed 116763(5274KB) AllocSpace objects, 2(104KB) LOS objects, 39% free, 8674KB/14MB, paused 1.455ms total 132.969ms
03-15 00:52:39.658  5975  5991 I adger.redreade: Background young concurrent copying GC freed 36933(4334KB) AllocSpace objects, 31(1388KB) LOS objects, 33% free, 10034KB/14MB, paused 60.941ms total 1.182s
03-15 00:52:39.664  5975 10261 D OK      : request got status: 200
03-15 00:52:39.675  5975  5993 W System  : A resource failed to call close. 
03-15 00:52:39.676  5975  5993 W System  : A resource failed to call end. 
03-15 00:52:39.677  5975  5993 W System  : A resource failed to call close. 
03-15 00:52:39.733  5975  5993 I chatty  : uid=10153(org.quantumbadger.redreader) FinalizerDaemon identical 10 lines
03-15 00:52:39.733  5975  5993 W System  : A resource failed to call close. 
03-15 00:52:39.733  5975  5993 W System  : A resource failed to call end. 
03-15 00:52:39.733  5975  5993 W System  : A resource failed to call close. 
03-15 00:52:39.748  5975  5993 W System  : A resource failed to call close. 
03-15 00:52:39.748  5975  5993 W System  : A resource failed to call end. 
03-15 00:52:39.824  5975  6026 D EGL_emulation: eglMakeCurrent: 0xe132b900: ver 3 0 (tinfo 0xe1322af0)
03-15 00:52:39.898  5975 10099 I PostListingFragment: Successfully precached https://oauth.reddit.com/comments/fikwwd/.json?sort=confidence
03-15 00:52:39.938  5670  5683 I mit.droidbotap: Background concurrent copying GC freed 26859(1064KB) AllocSpace objects, 31(1828KB) LOS objects, 49% free, 1856KB/3712KB, paused 12us total 141.403ms
03-15 00:52:40.158  1767  1957 D gralloc_ranchu: gralloc_alloc: Creating ashmem region of size 1495040
03-15 00:52:40.167  1767  1957 D gralloc_ranchu: gralloc_alloc: Creating ashmem region of size 1495040
03-15 00:52:40.170  1767  1767 D gralloc_ranchu: gralloc_alloc: Creating ashmem region of size 1495040
03-15 00:52:40.202  5975  6026 D EGL_emulation: eglMakeCurrent: 0xe132b900: ver 3 0 (tinfo 0xe1322af0)
03-15 00:52:40.301  5975  6026 I chatty  : uid=10153(org.quantumbadger.redreader) RenderThread identical 2 lines
03-15 00:52:40.322  5975  6026 D EGL_emulation: eglMakeCurrent: 0xe132b900: ver 3 0 (tinfo 0xe1322af0)
03-15 00:52:40.333  5975 10305 D OK      : calling: https://oauth.reddit.com/r/explainlikeimfive/hot/.json
03-15 00:52:40.362  5975  6026 D EGL_emulation: eglMakeCurrent: 0xe132b900: ver 3 0 (tinfo 0xe1322af0)
03-15 00:52:40.392  5975  6026 I chatty  : uid=10153(org.quantumbadger.redreader) RenderThread identical 1 line
03-15 00:52:40.440  5975  6026 D EGL_emulation: eglMakeCurrent: 0xe132b900: ver 3 0 (tinfo 0xe1322af0)
03-15 00:52:40.452  2024  2034 I system_server: Background young concurrent copying GC freed 49286(4231KB) AllocSpace objects, 73(2088KB) LOS objects, 30% free, 13MB/19MB, paused 31us total 597.524ms
03-15 00:52:40.502  1766  2316 E GnssHAL_GnssInterface: gnssSvStatusCb: a: input svInfo.flags is 8
03-15 00:52:40.502  1766  2316 E GnssHAL_GnssInterface: gnssSvStatusCb: b: input svInfo.flags is 8
03-15 00:52:40.530  5975 10250 I PostListingFragment: Successfully precached https://oauth.reddit.com/comments/fium97/.json?sort=confidence
03-15 00:52:40.753  5975 10206 I PostListingFragment: Successfully precached https://oauth.reddit.com/comments/fir304/.json?sort=confidence
03-15 00:52:40.782  5670  5683 I mit.droidbotap: Background concurrent copying GC freed 19981(1149KB) AllocSpace objects, 26(532KB) LOS objects, 49% free, 3081KB/6162KB, paused 15us total 114.960ms
03-15 00:52:40.808  5975 10305 D OK      : request got status: 200
03-15 00:52:40.844  5975 10348 D OK      : calling: https://b.thumbs.redditmedia.com/5tXs2iF6Pv0qxYRMHpaKBjzU9TsLz0u3jI6UPgPyi4o.jpg
03-15 00:52:40.848  5975  9822 I PostListingFragment: Precaching images: ON
03-15 00:52:40.848  5975  9822 I PostListingFragment: Precaching comments: ON
03-15 00:52:40.875  5975 10348 D OK      : request got status: 200
03-15 00:52:40.887  5975  8504 I PostListingFragment: Successfully precached https://i.redd.it/uogur0fmwpm41.gif
03-15 00:52:40.938  5975 10357 D OK      : calling: https://b.thumbs.redditmedia.com/w9QPXu5bcUjpB2Rx2uTQZ2H9btcHWrttIDaX-8mQApA.jpg
03-15 00:52:41.025  5975 10365 D OK      : calling: https://a.thumbs.redditmedia.com/65BkwMy-76ibUUlhfKDyNYizRLw264KxVZWs5-buee8.jpg
03-15 00:52:41.051  5975 10365 D OK      : request got status: 200
03-15 00:52:41.061  5975 10357 D OK      : request got status: 200
03-15 00:52:41.103  5975 10370 D OK      : calling: https://b.thumbs.redditmedia.com/oyBSzQRO2VKTCA2x3JeW9vFAt9Eli_5sHCl0y4dUFEM.jpg
03-15 00:52:41.112  5975 10370 D OK      : request got status: 200
03-15 00:52:41.152  5975 10371 D OK      : calling: https://b.thumbs.redditmedia.com/UlsVVT83VCkPIrpLlKiO4g0gSZwajFYcQnABf1xPxKc.jpg
03-15 00:52:41.193  5975 10371 D OK      : request got status: 200
03-15 00:52:41.217  5975 10372 D OK      : calling: https://b.thumbs.redditmedia.com/S4ppTj6546nVOdJk__TnpGTR5jsC0bJL92bKkApzAfI.jpg
03-15 00:52:41.254  5975 10373 D OK      : calling: https://b.thumbs.redditmedia.com/VuLVi-CPIrs3IYgk3tGr7xCLfPUH_prBXsxSvW0G8tY.jpg
03-15 00:52:41.265  5975 10372 D OK      : request got status: 200
03-15 00:52:41.287  5975 10373 D OK      : request got status: 200
03-15 00:52:41.311  5975 10374 D OK      : calling: https://a.thumbs.redditmedia.com/oipJ3ok1i9PirTZFhMdabhPmGxZEQGO5zknZqREeHT4.jpg
03-15 00:52:41.324 10366 10366 D AndroidRuntime: >>>>>> START com.android.internal.os.RuntimeInit uid 2000 <<<<<<
03-15 00:52:41.317 10366 10366 W app_process: type=1400 audit(0.0:2554): avc: denied { read } for name="u:object_r:device_config_runtime_native_boot_prop:s0" dev="tmpfs" ino=6815 scontext=u:r:shell:s0 tcontext=u:object_r:device_config_runtime_native_boot_prop:s0 tclass=file permissive=0
03-15 00:52:41.327 10366 10366 E libc    : Access denied finding property "persist.device_config.runtime_native_boot.enable_apex_image"
03-15 00:52:41.327 10366 10366 I AndroidRuntime: Using default boot image
03-15 00:52:41.317 10366 10366 W app_process: type=1400 audit(0.0:2555): avc: denied { read } for name="u:object_r:device_config_runtime_native_boot_prop:s0" dev="tmpfs" ino=6815 scontext=u:r:shell:s0 tcontext=u:object_r:device_config_runtime_native_boot_prop:s0 tclass=file permissive=0
03-15 00:52:41.328 10366 10366 E libc    : Access denied finding property "persist.device_config.runtime_native_boot.disable_lock_profiling"
03-15 00:52:41.328 10366 10366 I AndroidRuntime: Leaving lock profiling enabled
03-15 00:52:41.317 10366 10366 W app_process: type=1400 audit(0.0:2556): avc: denied { read } for name="u:object_r:device_config_runtime_native_boot_prop:s0" dev="tmpfs" ino=6815 scontext=u:r:shell:s0 tcontext=u:object_r:device_config_runtime_native_boot_prop:s0 tclass=file permissive=0
03-15 00:52:41.328 10366 10366 E libc    : Access denied finding property "persist.device_config.runtime_native_boot.enable_generational_cc"
03-15 00:52:41.338  5975 10374 D OK      : request got status: 200
03-15 00:52:41.356  5975 10375 D OK      : calling: https://b.thumbs.redditmedia.com/4VXt-P4h6uElFNxM4qRgJcc0LLvqx0pJ4pb_-7NY10w.jpg
03-15 00:52:41.399  5975 10375 D OK      : request got status: 200
03-15 00:52:41.486 10366 10366 D ICU     : Time zone APEX file found: /apex/com.android.tzdata/etc/icu/icu_tzdata.dat
03-15 00:52:41.492 10366 10366 W app_process: Unexpected CPU variant for X86 using defaults: x86
03-15 00:52:41.493 10366 10366 I app_process: The ClassLoaderContext is a special shared library.
03-15 00:52:41.505  1766  2316 E GnssHAL_GnssInterface: gnssSvStatusCb: a: input svInfo.flags is 8
03-15 00:52:41.505  1766  2316 E GnssHAL_GnssInterface: gnssSvStatusCb: b: input svInfo.flags is 8
03-15 00:52:41.527  5975 10384 D OK      : calling: https://oauth.reddit.com/comments/eysgf3/.json?sort=confidence
03-15 00:52:41.532 10366 10366 W app_process: JNI RegisterNativeMethods: attempt to register 0 native methods for android.media.AudioAttributes
03-15 00:52:41.538 10366 10366 D AndroidRuntime: Calling main entry com.android.commands.input.Input
03-15 00:52:41.595  5975  9946 I PostListingFragment: Successfully precached https://i.redd.it/gof34xogpqm41.jpg
03-15 00:52:41.611  5975  9946 I PostListingFragment: Successfully precached https://oauth.reddit.com/comments/fitjll/.json?sort=confidence
03-15 00:52:41.620  5975  8550 D OK      : calling: https://i.redd.it/oc9c8w9ompm41.jpg
03-15 00:52:41.639  1748 10387 E ResolverController: No valid NAT64 prefix (100, <unspecified>/0)
03-15 00:52:41.654  5975  8550 D OK      : request got status: 200
03-15 00:52:41.681  5975  8550 I PostListingFragment: Successfully precached https://i.redd.it/oc9c8w9ompm41.jpg
03-15 00:52:41.682  5975 10390 D OK      : calling: https://i.redd.it/q7hjvgddmqm41.jpg
03-15 00:52:41.694  5975  5991 I adger.redreade: Background concurrent copying GC freed 67762(3578KB) AllocSpace objects, 89(4612KB) LOS objects, 47% free, 6785KB/12MB, paused 20us total 106.158ms
03-15 00:52:41.707  5975 10390 D OK      : request got status: 200
03-15 00:52:41.795 10366 10366 D AndroidRuntime: Shutting down VM
03-15 00:52:41.802  5975  5993 W System  : A resource failed to call close. 
03-15 00:52:41.803  5975  5993 I chatty  : uid=10153(org.quantumbadger.redreader) FinalizerDaemon identical 22 lines
03-15 00:52:41.803  5975  5993 W System  : A resource failed to call close. 
03-15 00:52:41.803  5975  5993 W System  : A resource failed to call end. 
03-15 00:52:41.805  5975  5993 W System  : A resource failed to call close. 
03-15 00:52:41.805  5975  5993 I chatty  : uid=10153(org.quantumbadger.redreader) FinalizerDaemon identical 2 lines
03-15 00:52:41.805  5975  5993 W System  : A resource failed to call close. 
03-15 00:52:41.805  5975  5993 W System  : A resource failed to call end. 
03-15 00:52:41.805  5975  5993 W System  : A resource failed to call close. 
03-15 00:52:41.812  5975  5993 W System  : A resource failed to call end. 
03-15 00:52:41.812  5975  5993 W System  : A resource failed to call close. 
03-15 00:52:41.812  5975  5993 W System  : A resource failed to call close. 
03-15 00:52:41.812  5975  5993 W System  : A resource failed to call end. 
03-15 00:52:41.812  5975  5993 W System  : A resource failed to call end. 
03-15 00:52:41.905  5975  6026 D EGL_emulation: eglMakeCurrent: 0xe132b900: ver 3 0 (tinfo 0xe1322af0)
03-15 00:52:41.926  5975  6026 D EGL_emulation: eglMakeCurrent: 0xe132b900: ver 3 0 (tinfo 0xe1322af0)
03-15 00:52:41.929  5975  5993 W System  : A resource failed to call end. 
03-15 00:52:41.934  5975  5993 W System  : A resource failed to call end. 
03-15 00:52:42.024  5975 10390 I PostListingFragment: Successfully precached https://i.redd.it/q7hjvgddmqm41.jpg
03-15 00:52:42.118  5975  8550 D OK      : calling: https://i.redd.it/6mp03xg8jqm41.jpg
03-15 00:52:42.135  5975  8550 D OK      : request got status: 200
03-15 00:52:42.213  5975 10396 D OK      : calling: https://i.redd.it/j8c8y3cyrqm41.jpg
03-15 00:52:42.228  5975 10396 D OK      : request got status: 200
03-15 00:52:42.248  5975 10398 D OK      : calling: https://i.redd.it/4867rrfirom41.jpg
03-15 00:52:42.263  5975  6026 D EGL_emulation: eglMakeCurrent: 0xe132b900: ver 3 0 (tinfo 0xe1322af0)
03-15 00:52:42.280  5975 10384 D OK      : request got status: 200
03-15 00:52:42.283  5975 10398 D OK      : request got status: 200
03-15 00:52:42.296  5975  8550 I PostListingFragment: Successfully precached https://i.redd.it/6mp03xg8jqm41.jpg
03-15 00:52:42.325  5975 10396 I PostListingFragment: Successfully precached https://i.redd.it/j8c8y3cyrqm41.jpg
03-15 00:52:42.462  5975 10398 I PostListingFragment: Successfully precached https://i.redd.it/4867rrfirom41.jpg
03-15 00:52:42.510  1766  2316 E GnssHAL_GnssInterface: gnssSvStatusCb: a: input svInfo.flags is 8
03-15 00:52:42.510  1766  2316 E GnssHAL_GnssInterface: gnssSvStatusCb: b: input svInfo.flags is 8
03-15 00:52:42.527  5975 10384 I PostListingFragment: Successfully precached https://oauth.reddit.com/comments/eysgf3/.json?sort=confidence
03-15 00:52:42.534  5975  8550 D OK      : calling: https://i.redd.it/76gfjnoqfrm41.jpg
03-15 00:52:42.546  5975  8550 D OK      : request got status: 200
03-15 00:52:42.613  5975 10416 D OK      : calling: https://i.redd.it/iva6sywzqpm41.jpg
03-15 00:52:42.624  5975  8550 I PostListingFragment: Successfully precached https://i.redd.it/76gfjnoqfrm41.jpg
03-15 00:52:42.629  5975  8550 D OK      : calling: https://i.redd.it/mdmheftgkqm41.png
03-15 00:52:42.638  5975 10416 D OK      : request got status: 200
03-15 00:52:42.646  5975 10418 D OK      : calling: https://api.imgur.com/3/image/SNtEeAz
03-15 00:52:42.652  5975 10420 D OK      : calling: https://i.redd.it/t71boziilnm41.jpg
03-15 00:52:42.662  5975 10421 D OK      : calling: https://i.redd.it/8rs7j7umarm41.gif
03-15 00:52:42.669  5975 10422 D OK      : calling: https://i.redd.it/gsrhg1j4vqm41.jpg
03-15 00:52:42.702  1748 10419 E ResolverController: No valid NAT64 prefix (100, <unspecified>/0)
03-15 00:52:42.728  5975 10423 D OK      : calling: https://oauth.reddit.com/comments/fi8yqz/.json?sort=confidence
03-15 00:52:42.738  5975  8550 D OK      : request got status: 200
03-15 00:52:42.741  5975 10421 D OK      : request got status: 200
03-15 00:52:42.742  5975 10422 D OK      : request got status: 200
03-15 00:52:42.743  5975 10420 D OK      : request got status: 200
03-15 00:52:42.753  5975 10424 D OK      : calling: https://api.gfycat.com/v1/gfycats/showydirecteuropeanpolecat
03-15 00:52:42.825  1748 10425 E ResolverController: No valid NAT64 prefix (100, <unspecified>/0)
03-15 00:52:42.841  5975 10422 I PostListingFragment: Successfully precached https://i.redd.it/gsrhg1j4vqm41.jpg
03-15 00:52:42.841  5975 10422 D OK      : calling: https://i.redd.it/0pd7nr3ccpm41.jpg
03-15 00:52:42.984  5975 10422 D OK      : request got status: 200
03-15 00:52:43.055  5975 10418 D OK      : request got status: 200
03-15 00:52:43.069  5975 10422 I PostListingFragment: Successfully precached https://i.redd.it/0pd7nr3ccpm41.jpg
03-15 00:52:43.071  5975 10422 D OK      : calling: https://i.redd.it/6xqpspd8onm41.png
03-15 00:52:43.171  5975 10416 I PostListingFragment: Successfully precached https://i.redd.it/iva6sywzqpm41.jpg
03-15 00:52:43.177  5975 10416 D OK      : calling: https://i.imgur.com/SNtEeAz.jpg
03-15 00:52:43.200  5975 10422 D OK      : request got status: 200
03-15 00:52:43.245  1748 10435 E ResolverController: No valid NAT64 prefix (100, <unspecified>/0)
03-15 00:52:43.255  5975 10424 D OK      : request got status: 200
03-15 00:52:43.273  5975  6583 W System  : A resource failed to call response.body().close(). 
03-15 00:52:43.274  5975  6583 I chatty  : uid=10153(org.quantumbadger.redreader) OkHttp Connecti identical 33 lines
03-15 00:52:43.274  5975  6583 W System  : A resource failed to call response.body().close(). 
03-15 00:52:43.362  5975 10416 D OK      : request got status: 200
03-15 00:52:43.437  5975  8550 I PostListingFragment: Successfully precached https://i.redd.it/mdmheftgkqm41.png
03-15 00:52:43.438  5975  8550 D OK      : calling: https://i.redd.it/26davcpmhmm41.jpg
03-15 00:52:43.512  1766  2316 E GnssHAL_GnssInterface: gnssSvStatusCb: a: input svInfo.flags is 8
03-15 00:52:43.512  1766  2316 E GnssHAL_GnssInterface: gnssSvStatusCb: b: input svInfo.flags is 8
03-15 00:52:43.604  5975  8550 D OK      : request got status: 200
03-15 00:52:43.658  5975 10422 I PostListingFragment: Successfully precached https://i.redd.it/6xqpspd8onm41.png
03-15 00:52:43.658  5975 10422 D OK      : calling: https://i.redd.it/bq3wxchg3nm41.jpg
03-15 00:52:43.692  5975  6026 D EGL_emulation: eglMakeCurrent: 0xe132b900: ver 3 0 (tinfo 0xe1322af0)
03-15 00:52:43.873  5975 10422 D OK      : request got status: 200
03-15 00:52:43.992  5975 10420 I PostListingFragment: Successfully precached https://i.redd.it/t71boziilnm41.jpg
03-15 00:52:43.993  5975 10420 D OK      : calling: https://i.redd.it/60xb2kmyjrm41.jpg
03-15 00:52:44.005  5975 10416 I PostListingFragment: Successfully precached https://i.imgur.com/SNtEeAz.jpg
03-15 00:52:44.005  5975 10416 D OK      : calling: https://i.redd.it/mub2zpp6nqm41.jpg
03-15 00:52:44.010  5975 10459 D OK      : calling: https://oauth.reddit.com/comments/fiuy8x/.json?sort=confidence
03-15 00:52:44.028  1767  1957 D gralloc_ranchu: gralloc_alloc: Creating ashmem region of size 1495040
03-15 00:52:44.035  1767  1957 D gralloc_ranchu: gralloc_alloc: Creating ashmem region of size 1495040
03-15 00:52:44.037  5975  6026 D EGL_emulation: eglMakeCurrent: 0xe132b900: ver 3 0 (tinfo 0xe1322af0)
03-15 00:52:44.038  1767  1957 D gralloc_ranchu: gralloc_alloc: Creating ashmem region of size 1495040
03-15 00:52:44.052  5975 10420 D OK      : request got status: 200
03-15 00:52:44.086  5975  6026 D EGL_emulation: eglMakeCurrent: 0xe132b900: ver 3 0 (tinfo 0xe1322af0)
03-15 00:52:44.097  5975 10416 D OK      : request got status: 200
03-15 00:52:44.111  5975  6026 D EGL_emulation: eglMakeCurrent: 0xe132b900: ver 3 0 (tinfo 0xe1322af0)
03-15 00:52:44.135  5975 10422 I PostListingFragment: Successfully precached https://i.redd.it/bq3wxchg3nm41.jpg
03-15 00:52:44.135  5975 10422 D OK      : calling: https://i.redd.it/wcymma3rwmm41.jpg
03-15 00:52:44.162  5975 10422 D OK      : request got status: 200
03-15 00:52:44.187  1748 10462 E ResolverController: No valid NAT64 prefix (100, <unspecified>/0)
03-15 00:52:44.189  5975  8550 I PostListingFragment: Successfully precached https://i.redd.it/26davcpmhmm41.jpg
03-15 00:52:44.189  5975  8550 D OK      : calling: https://giant.gfycat.com/ShowyDirectEuropeanpolecat.mp4
03-15 00:52:44.282  5975  6026 D EGL_emulation: eglMakeCurrent: 0xe132b900: ver 3 0 (tinfo 0xe1322af0)
03-15 00:52:44.290  5975  6026 D EGL_emulation: eglMakeCurrent: 0xe132b900: ver 3 0 (tinfo 0xe1322af0)
03-15 00:52:44.432  5975 10420 I PostListingFragment: Successfully precached https://i.redd.it/60xb2kmyjrm41.jpg
03-15 00:52:44.432  5975 10420 D OK      : calling: https://i.redd.it/88ub9q2zgqm41.jpg
03-15 00:52:44.438  5975  8550 D OK      : request got status: 200
03-15 00:52:44.445  5975 10416 I PostListingFragment: Successfully precached https://i.redd.it/mub2zpp6nqm41.jpg
03-15 00:52:44.446  5975 10416 D OK      : calling: https://i.redd.it/d99tqqo6eqm41.jpg
03-15 00:52:44.498  5975 10416 D OK      : request got status: 200
03-15 00:52:44.506  5975  6026 D EGL_emulation: eglMakeCurrent: 0xe132b900: ver 3 0 (tinfo 0xe1322af0)
03-15 00:52:44.519  1766  2316 E GnssHAL_GnssInterface: gnssSvStatusCb: a: input svInfo.flags is 8
03-15 00:52:44.519  1766  2316 E GnssHAL_GnssInterface: gnssSvStatusCb: b: input svInfo.flags is 8
03-15 00:52:44.523  5975  6026 D EGL_emulation: eglMakeCurrent: 0xe132b900: ver 3 0 (tinfo 0xe1322af0)
03-15 00:52:44.533  5975 10422 I PostListingFragment: Successfully precached https://i.redd.it/wcymma3rwmm41.jpg
03-15 00:52:44.533  5975 10422 D OK      : calling: https://i.redd.it/2nn940o7kmm41.jpg
03-15 00:52:44.625  5975 10420 D OK      : request got status: 200
03-15 00:52:44.740  5975 10416 I PostListingFragment: Successfully precached https://i.redd.it/d99tqqo6eqm41.jpg
03-15 00:52:44.745  5670  5683 I mit.droidbotap: Background young concurrent copying GC freed 26490(1304KB) AllocSpace objects, 40(1904KB) LOS objects, 38% free, 3724KB/6096KB, paused 20us total 214.879ms
03-15 00:52:44.815  5975 10422 D OK      : request got status: 200
03-15 00:52:44.951  5975 10422 I PostListingFragment: Successfully precached https://i.redd.it/2nn940o7kmm41.jpg
03-15 00:52:44.966  5975 10423 D OK      : request got status: 200
03-15 00:52:45.061  5670  5683 I mit.droidbotap: Background concurrent copying GC freed 41593(1936KB) AllocSpace objects, 88(2444KB) LOS objects, 49% free, 1748KB/3496KB, paused 18us total 183.692ms
03-15 00:52:45.076  5975 10459 D OK      : request got status: 200
03-15 00:52:45.175  5975 10501 D OK      : calling: https://oauth.reddit.com/comments/fiptfu/.json?sort=confidence
03-15 00:52:45.521  1766  2316 E GnssHAL_GnssInterface: gnssSvStatusCb: a: input svInfo.flags is 8
03-15 00:52:45.521  1766  2316 E GnssHAL_GnssInterface: gnssSvStatusCb: b: input svInfo.flags is 8
03-15 00:52:45.679  5975  5991 I adger.redreade: Background young concurrent copying GC freed 38068(2780KB) AllocSpace objects, 42(2856KB) LOS objects, 23% free, 9871KB/12MB, paused 8.937ms total 1.183s
03-15 00:52:45.705  5975  5993 W System  : A resource failed to call end. 
03-15 00:52:45.705  5975  5993 I chatty  : uid=10153(org.quantumbadger.redreader) FinalizerDaemon identical 1 line
03-15 00:52:45.706  5975  5993 W System  : A resource failed to call end. 
03-15 00:52:45.757  5975 10459 I PostListingFragment: Successfully precached https://oauth.reddit.com/comments/fiuy8x/.json?sort=confidence
03-15 00:52:45.847  5975 10501 D OK      : request got status: 200
03-15 00:52:45.867  5975 10420 I PostListingFragment: Successfully precached https://i.redd.it/88ub9q2zgqm41.jpg
03-15 00:52:45.878  1767  1957 D gralloc_ranchu: gralloc_alloc: Creating ashmem region of size 3674112
03-15 00:52:45.886  1767  1957 D gralloc_ranchu: gralloc_alloc: Creating ashmem region of size 3674112
03-15 00:52:45.892  1767  1767 D gralloc_ranchu: gralloc_alloc: Creating ashmem region of size 3674112
03-15 00:52:45.895  5975  6026 D EGL_emulation: eglMakeCurrent: 0xe132b900: ver 3 0 (tinfo 0xe1322af0)
03-15 00:52:46.144  5975  6026 I chatty  : uid=10153(org.quantumbadger.redreader) RenderThread identical 5 lines
03-15 00:52:46.153  5975  6026 D EGL_emulation: eglMakeCurrent: 0xe132b900: ver 3 0 (tinfo 0xe1322af0)
03-15 00:52:46.345  5975 10550 D OK      : calling: https://oauth.reddit.com/comments/fiqbp0/.json?sort=confidence
03-15 00:52:46.511  5975 10501 I PostListingFragment: Successfully precached https://oauth.reddit.com/comments/fiptfu/.json?sort=confidence
03-15 00:52:46.524  1766  2316 E GnssHAL_GnssInterface: gnssSvStatusCb: a: input svInfo.flags is 8
03-15 00:52:46.524  1766  2316 E GnssHAL_GnssInterface: gnssSvStatusCb: b: input svInfo.flags is 8
03-15 00:52:46.567  5975 10423 I PostListingFragment: Successfully precached https://oauth.reddit.com/comments/fi8yqz/.json?sort=confidence
03-15 00:52:47.124  5975 10550 D OK      : request got status: 200
03-15 00:52:47.324  5975 10550 I PostListingFragment: Successfully precached https://oauth.reddit.com/comments/fiqbp0/.json?sort=confidence
03-15 00:52:47.340  5975  6026 D EGL_emulation: eglMakeCurrent: 0xe132b900: ver 3 0 (tinfo 0xe1322af0)
03-15 00:52:47.528  1766  2316 E GnssHAL_GnssInterface: gnssSvStatusCb: a: input svInfo.flags is 8
03-15 00:52:47.528  1766  2316 E GnssHAL_GnssInterface: gnssSvStatusCb: b: input svInfo.flags is 8
03-15 00:52:47.557  5975 10598 D OK      : calling: https://oauth.reddit.com/comments/fitanf/.json?sort=confidence
03-15 00:52:47.573  1748 10599 E ResolverController: No valid NAT64 prefix (100, <unspecified>/0)
03-15 00:52:47.694 10594 10594 D AndroidRuntime: >>>>>> START com.android.internal.os.RuntimeInit uid 2000 <<<<<<
03-15 00:52:47.687 10594 10594 W app_process: type=1400 audit(0.0:2557): avc: denied { read } for name="u:object_r:device_config_runtime_native_boot_prop:s0" dev="tmpfs" ino=6815 scontext=u:r:shell:s0 tcontext=u:object_r:device_config_runtime_native_boot_prop:s0 tclass=file permissive=0
03-15 00:52:47.697 10594 10594 W app_process: type=1400 audit(0.0:2558): avc: denied { read } for name="u:object_r:device_config_runtime_native_boot_prop:s0" dev="tmpfs" ino=6815 scontext=u:r:shell:s0 tcontext=u:object_r:device_config_runtime_native_boot_prop:s0 tclass=file permissive=0
03-15 00:52:47.707 10594 10594 E libc    : Access denied finding property "persist.device_config.runtime_native_boot.enable_apex_image"
03-15 00:52:47.708 10594 10594 I AndroidRuntime: Using default boot image
03-15 00:52:47.715 10594 10594 E libc    : Access denied finding property "persist.device_config.runtime_native_boot.disable_lock_profiling"
03-15 00:52:47.715 10594 10594 I AndroidRuntime: Leaving lock profiling enabled
03-15 00:52:47.707 10594 10594 W app_process: type=1400 audit(0.0:2559): avc: denied { read } for name="u:object_r:device_config_runtime_native_boot_prop:s0" dev="tmpfs" ino=6815 scontext=u:r:shell:s0 tcontext=u:object_r:device_config_runtime_native_boot_prop:s0 tclass=file permissive=0
03-15 00:52:47.715 10594 10594 E libc    : Access denied finding property "persist.device_config.runtime_native_boot.enable_generational_cc"
03-15 00:52:48.075  5975 10598 D OK      : request got status: 200
03-15 00:52:48.080 10594 10594 D ICU     : Time zone APEX file found: /apex/com.android.tzdata/etc/icu/icu_tzdata.dat
03-15 00:52:48.115 10594 10594 W app_process: Unexpected CPU variant for X86 using defaults: x86
03-15 00:52:48.116 10594 10594 I app_process: The ClassLoaderContext is a special shared library.
03-15 00:52:48.184 10594 10594 W app_process: JNI RegisterNativeMethods: attempt to register 0 native methods for android.media.AudioAttributes
03-15 00:52:48.191  5975 10598 I PostListingFragment: Successfully precached https://oauth.reddit.com/comments/fitanf/.json?sort=confidence
03-15 00:52:48.215 10594 10594 D AndroidRuntime: Calling main entry com.android.commands.input.Input
