03-15 00:21:00.536  1766  2316 E GnssHAL_GnssInterface: gnssSvStatusCb: b: input svInfo.flags is 8
03-15 00:21:00.546  8124 11444 D OK      : request got status: 200
03-15 00:21:00.588  2024  3260 W InputReader: Device has associated, but no associated display id.
03-15 00:21:00.595  2024  3260 I chatty  : uid=1000(system) Binder:2024_16 identical 18 lines
03-15 00:21:00.595  2024  3260 W InputReader: Device has associated, but no associated display id.
03-15 00:21:00.604  1767  1857 D gralloc_ranchu: gralloc_alloc: Creating ashmem region of size 8298496
03-15 00:21:00.615  1767 23050 D gralloc_ranchu: gralloc_alloc: Creating ashmem region of size 8298496
03-15 00:21:00.620  8124  8177 D EGL_emulation: eglMakeCurrent: 0xd921a120: ver 3 0 (tinfo 0xd920f390)
03-15 00:21:00.634  1767  1857 D gralloc_ranchu: gralloc_alloc: Creating ashmem region of size 8298496
03-15 00:21:00.659  8124  8177 D EGL_emulation: eglMakeCurrent: 0xd921a120: ver 3 0 (tinfo 0xd920f390)
03-15 00:21:00.681  8124  8177 I chatty  : uid=10147(org.quantumbadger.redreader) RenderThread identical 1 line
03-15 00:21:00.717  8124  8177 D EGL_emulation: eglMakeCurrent: 0xd921a120: ver 3 0 (tinfo 0xd920f390)
03-15 00:21:00.854  8124 10130 I PostListingFragment: Precaching images: ON
03-15 00:21:00.854  8124 10130 I PostListingFragment: Precaching comments: ON
03-15 00:21:01.047  8124  8177 D EGL_emulation: eglMakeCurrent: 0xd921a120: ver 3 0 (tinfo 0xd920f390)
03-15 00:21:01.239  8124 10130 I getImgurImageInfo: Image wNM7TIc: trying API v3 with auth
03-15 00:21:01.354  7822  7836 I mit.droidbotap: Background concurrent copying GC freed 15602(643KB) AllocSpace objects, 16(1748KB) LOS objects, 49% free, 3030KB/6061KB, paused 2.244ms total 102.262ms
03-15 00:21:01.501  8124 10130 I getImgurImageInfo: Image guCfqoD: trying API v3 with auth
03-15 00:21:01.541  1766  2316 E GnssHAL_GnssInterface: gnssSvStatusCb: a: input svInfo.flags is 8
03-15 00:21:01.541  1766  2316 E GnssHAL_GnssInterface: gnssSvStatusCb: b: input svInfo.flags is 8
03-15 00:21:01.584  8124 11444 I PostListingFragment: Successfully precached https://oauth.reddit.com/comments/fiqwkk/.json?sort=confidence
03-15 00:21:01.602  8124 11546 D OK      : calling: https://oauth.reddit.com/comments/fiuu6g/.json?sort=confidence
03-15 00:21:01.639  8124 11495 D OK      : request got status: 200
03-15 00:21:01.750  8124  8177 D EGL_emulation: eglMakeCurrent: 0xd921a120: ver 3 0 (tinfo 0xd920f390)
03-15 00:21:01.998  1767  1857 D gralloc_ranchu: gralloc_alloc: Creating ashmem region of size 1495040
03-15 00:21:02.019  1767  1857 D gralloc_ranchu: gralloc_alloc: Creating ashmem region of size 1495040
03-15 00:21:02.037  1767 23050 D gralloc_ranchu: gralloc_alloc: Creating ashmem region of size 1495040
03-15 00:21:02.055  8124  8177 D EGL_emulation: eglMakeCurrent: 0xd921a120: ver 3 0 (tinfo 0xd920f390)
03-15 00:21:02.257  8124  8177 I chatty  : uid=10147(org.quantumbadger.redreader) RenderThread identical 5 lines
03-15 00:21:02.285  8124  8177 D EGL_emulation: eglMakeCurrent: 0xd921a120: ver 3 0 (tinfo 0xd920f390)
03-15 00:21:02.450  8124 11546 D OK      : request got status: 200
03-15 00:21:02.494  8124 11495 I PostListingFragment: Successfully precached https://oauth.reddit.com/comments/fisqr9/.json?sort=confidence
03-15 00:21:02.766  1766  2316 E GnssHAL_GnssInterface: gnssSvStatusCb: a: input svInfo.flags is 8
03-15 00:21:02.766  1766  2316 E GnssHAL_GnssInterface: gnssSvStatusCb: b: input svInfo.flags is 8
03-15 00:21:02.767  1757  3626 W audio_hw_generic: Not supplying enough data to HAL, expected position 63058221 , only wrote 63047502
03-15 00:21:02.974  1757  3626 W audio_hw_generic: Not supplying enough data to HAL, expected position 63056639 , only wrote 63048163
03-15 00:21:02.996  8124 11588 D OK      : calling: https://oauth.reddit.com/comments/fhykic/.json?sort=confidence
03-15 00:21:03.229  2024  3260 I ActivityTaskManager: START u0 {cmp=org.quantumbadger.redreader/.settings.SettingsActivity} from uid 10147
03-15 00:21:03.278  2024  3260 W InputReader: Device has associated, but no associated display id.
03-15 00:21:03.307  2024  3260 I chatty  : uid=1000(system) Binder:2024_16 identical 48 lines
03-15 00:21:03.307  2024  3260 W InputReader: Device has associated, but no associated display id.
03-15 00:21:03.322  8124  8124 W ActivityThread: handleWindowVisibility: no activity for token android.os.BinderProxy@bd66373
03-15 00:21:03.549  1766  2316 E GnssHAL_GnssInterface: gnssSvStatusCb: a: input svInfo.flags is 8
03-15 00:21:03.549  1766  2316 E GnssHAL_GnssInterface: gnssSvStatusCb: b: input svInfo.flags is 8
03-15 00:21:03.645  8124  8177 D EGL_emulation: eglMakeCurrent: 0xd921a120: ver 3 0 (tinfo 0xd920f390)
03-15 00:21:03.667  8124  8177 D EGL_emulation: eglMakeCurrent: 0xd921a120: ver 3 0 (tinfo 0xd920f390)
03-15 00:21:03.667  8124  8140 I adger.redreade: Background concurrent copying GC freed 106098(4665KB) AllocSpace objects, 53(1640KB) LOS objects, 48% free, 6632KB/12MB, paused 1.138ms total 1.447s
03-15 00:21:03.708  8124  8142 W System  : A resource failed to call close. 
03-15 00:21:03.713  8124  8142 I chatty  : uid=10147(org.quantumbadger.redreader) FinalizerDaemon identical 12 lines
03-15 00:21:03.713  8124  8142 W System  : A resource failed to call close. 
03-15 00:21:03.717  1767  1857 D gralloc_ranchu: gralloc_alloc: Creating ashmem region of size 8298496
03-15 00:21:03.737  1767 23050 D gralloc_ranchu: gralloc_alloc: Creating ashmem region of size 8298496
03-15 00:21:03.744  1767 23050 D gralloc_ranchu: gralloc_alloc: Creating ashmem region of size 8298496
03-15 00:21:03.751  8124  8142 W System  : A resource failed to call close. 
03-15 00:21:03.754  8124  8142 I chatty  : uid=10147(org.quantumbadger.redreader) FinalizerDaemon identical 4 lines
03-15 00:21:03.754  8124  8142 W System  : A resource failed to call close. 
03-15 00:21:03.754  8124  8142 W System  : A resource failed to call end. 
03-15 00:21:03.754  8124  8142 W System  : A resource failed to call close. 
03-15 00:21:03.754  8124  8142 I chatty  : uid=10147(org.quantumbadger.redreader) FinalizerDaemon identical 5 lines
03-15 00:21:03.754  8124  8142 W System  : A resource failed to call close. 
03-15 00:21:03.754  8124  8142 W System  : A resource failed to call end. 
03-15 00:21:03.754  8124  8142 W System  : A resource failed to call close. 
03-15 00:21:03.755  8124  8142 I chatty  : uid=10147(org.quantumbadger.redreader) FinalizerDaemon identical 12 lines
03-15 00:21:03.755  8124  8142 W System  : A resource failed to call close. 
03-15 00:21:03.755  8124  8142 W System  : A resource failed to call end. 
03-15 00:21:03.762  8124  8177 D EGL_emulation: eglMakeCurrent: 0xd921a120: ver 3 0 (tinfo 0xd920f390)
03-15 00:21:03.779  2024  2048 W InputReader: Device has associated, but no associated display id.
03-15 00:21:03.791  2024  2048 I chatty  : uid=1000(system) android.anim identical 18 lines
03-15 00:21:03.791  2024  2048 W InputReader: Device has associated, but no associated display id.
03-15 00:21:03.818  8124  8177 D EGL_emulation: eglMakeCurrent: 0xd921a120: ver 3 0 (tinfo 0xd920f390)
03-15 00:21:03.869  8124  8177 D EGL_emulation: eglMakeCurrent: 0xd921a120: ver 3 0 (tinfo 0xd920f390)
03-15 00:21:03.978 11580 11580 D AndroidRuntime: >>>>>> START com.android.internal.os.RuntimeInit uid 2000 <<<<<<
03-15 00:21:04.007 11580 11580 E libc    : Access denied finding property "persist.device_config.runtime_native_boot.enable_apex_image"
03-15 00:21:04.007 11580 11580 I AndroidRuntime: Using default boot image
03-15 00:21:04.007 11580 11580 E libc    : Access denied finding property "persist.device_config.runtime_native_boot.disable_lock_profiling"
03-15 00:21:04.007 11580 11580 I AndroidRuntime: Leaving lock profiling enabled
03-15 00:21:04.007 11580 11580 E libc    : Access denied finding property "persist.device_config.runtime_native_boot.enable_generational_cc"
03-15 00:21:04.133  2024  2128 W system_server: JNI critical lock held for 230.478ms on Thread[37,tid=2128,Runnable,Thread*=0xbd4d0e00,peer=0x132c1988,"Binder:2024_4"]
03-15 00:21:03.997 11580 11580 W app_process: type=1400 audit(0.0:2036): avc: denied { read } for name="u:object_r:device_config_runtime_native_boot_prop:s0" dev="tmpfs" ino=6815 scontext=u:r:shell:s0 tcontext=u:object_r:device_config_runtime_native_boot_prop:s0 tclass=file permissive=0
03-15 00:21:04.206  8124 11640 D OK      : calling: https://oauth.reddit.com/comments/fitzly/.json?sort=confidence
03-15 00:21:03.997 11580 11580 W app_process: type=1400 audit(0.0:2037): avc: denied { read } for name="u:object_r:device_config_runtime_native_boot_prop:s0" dev="tmpfs" ino=6815 scontext=u:r:shell:s0 tcontext=u:object_r:device_config_runtime_native_boot_prop:s0 tclass=file permissive=0
03-15 00:21:04.433  8124 11588 D OK      : request got status: 200
03-15 00:21:04.443 11580 11580 D ICU     : Time zone APEX file found: /apex/com.android.tzdata/etc/icu/icu_tzdata.dat
03-15 00:21:04.448 11580 11580 W app_process: Unexpected CPU variant for X86 using defaults: x86
03-15 00:21:04.448 11580 11580 I app_process: The ClassLoaderContext is a special shared library.
03-15 00:21:04.488 11580 11580 W app_process: JNI RegisterNativeMethods: attempt to register 0 native methods for android.media.AudioAttributes
03-15 00:21:04.492 11580 11580 D AndroidRuntime: Calling main entry com.android.commands.input.Input
03-15 00:21:04.519  8124 11546 I PostListingFragment: Successfully precached https://oauth.reddit.com/comments/fiuu6g/.json?sort=confidence
03-15 00:21:04.551  8124 11588 I PostListingFragment: Successfully precached https://oauth.reddit.com/comments/fhykic/.json?sort=confidence
03-15 00:21:04.553  1766  2316 E GnssHAL_GnssInterface: gnssSvStatusCb: a: input svInfo.flags is 8
03-15 00:21:04.553  1766  2316 E GnssHAL_GnssInterface: gnssSvStatusCb: b: input svInfo.flags is 8
03-15 00:21:04.598  8124 11429 I PostListingFragment: Successfully precached https://oauth.reddit.com/comments/fiu3wg/.json?sort=confidence
03-15 00:21:04.605  8124 11666 I PostListingFragment: Successfully precached https://i.redd.it/6t1bj7jrwqm41.jpg
03-15 00:21:04.609  8124 11666 I PostListingFragment: Successfully precached https://i.redd.it/gof34xogpqm41.jpg
03-15 00:21:04.613  8124 11666 I PostListingFragment: Successfully precached https://oauth.reddit.com/comments/fitjll/.json?sort=confidence
03-15 00:21:04.617  8124 11666 I PostListingFragment: Successfully precached https://oauth.reddit.com/comments/fisbpw/.json?sort=confidence
03-15 00:21:04.619  8124 11666 I PostListingFragment: Successfully precached https://oauth.reddit.com/comments/fis797/.json?sort=confidence
03-15 00:21:04.624  8124 11666 I PostListingFragment: Successfully precached https://i.redd.it/kmt13rkm7qm41.jpg
03-15 00:21:04.627  8124 11666 I PostListingFragment: Successfully precached https://oauth.reddit.com/comments/fiuu6g/.json?sort=confidence
03-15 00:21:04.632  8124 11666 I PostListingFragment: Successfully precached https://i.redd.it/lgju3h5j6rm41.jpg
03-15 00:21:04.635  8124 11666 I PostListingFragment: Successfully precached https://oauth.reddit.com/comments/fisqr9/.json?sort=confidence
03-15 00:21:04.640  8124 11666 I PostListingFragment: Successfully precached https://oauth.reddit.com/comments/fiu836/.json?sort=confidence
03-15 00:21:04.643  8124 11666 I PostListingFragment: Successfully precached https://oauth.reddit.com/comments/fit3ng/.json?sort=confidence
03-15 00:21:04.648  8124 11666 I PostListingFragment: Successfully precached https://i.imgur.com/tOOcVij.jpg
03-15 00:21:04.655  8124 11666 I PostListingFragment: Successfully precached https://oauth.reddit.com/comments/fisl07/.json?sort=confidence
03-15 00:21:04.658  8124 11666 I PostListingFragment: Successfully precached https://i.imgur.com/DEimSTf.mp4
03-15 00:21:04.661  8124 11666 I PostListingFragment: Successfully precached https://i.redd.it/so65ebckdqm41.png
03-15 00:21:04.663  8124 11666 I PostListingFragment: Successfully precached https://oauth.reddit.com/comments/fisvi6/.json?sort=confidence
03-15 00:21:04.668  8124 11666 I PostListingFragment: Successfully precached https://i.redd.it/d87r8phygqm41.jpg
03-15 00:21:04.672  8124 11666 I PostListingFragment: Successfully precached https://oauth.reddit.com/comments/fis2ud/.json?sort=confidence
03-15 00:21:04.676  8124 11666 I PostListingFragment: Successfully precached https://i.redd.it/y7qp0eff7qm41.jpg
03-15 00:21:04.678  8124 11666 I PostListingFragment: Successfully precached https://oauth.reddit.com/comments/fit30h/.json?sort=confidence
03-15 00:21:04.685  8124 11666 I PostListingFragment: Successfully precached https://i.redd.it/g364u5bpjqm41.jpg
03-15 00:21:04.692  8124 11666 I PostListingFragment: Successfully precached https://oauth.reddit.com/comments/fitcvf/.json?sort=confidence
03-15 00:21:04.697  8124 11666 I RedditVideosAPI: For 'https://v.redd.it/5bvcs92evpm41/DASHPlaylist.mpd', got video stream 'https://v.redd.it/5bvcs92evpm41/DASH_480' and audio stream 'https://v.redd.it/5bvcs92evpm41/audio'
03-15 00:21:04.704 11580 11580 D AndroidRuntime: Shutting down VM
03-15 00:21:04.710  8124 11666 I PostListingFragment: Successfully precached https://giant.gfycat.com/FaroffHighlevelFlee.mp4
03-15 00:21:04.714  8124 11666 I PostListingFragment: Successfully precached https://oauth.reddit.com/comments/fir304/.json?sort=confidence
03-15 00:21:04.723  8124 11666 I PostListingFragment: Successfully precached https://v.redd.it/5bvcs92evpm41/DASH_480
03-15 00:21:04.741  8124 11666 I PostListingFragment: Successfully precached https://v.redd.it/5bvcs92evpm41/audio
03-15 00:21:04.769  8124 11666 I RedditVideosAPI: For 'https://v.redd.it/a3x758z4xpm41/DASHPlaylist.mpd', got video stream 'https://v.redd.it/a3x758z4xpm41/DASH_480' and audio stream 'https://v.redd.it/a3x758z4xpm41/audio'
03-15 00:21:04.778  8124 11666 I PostListingFragment: Successfully precached https://oauth.reddit.com/comments/fir8cg/.json?sort=confidence
03-15 00:21:04.804  8124 11666 I PostListingFragment: Successfully precached https://v.redd.it/a3x758z4xpm41/DASH_480
03-15 00:21:04.808  8124 11666 I PostListingFragment: Successfully precached https://v.redd.it/a3x758z4xpm41/audio
03-15 00:21:04.812  8124 11666 I PostListingFragment: Successfully precached https://oauth.reddit.com/comments/fiqyhu/.json?sort=confidence
03-15 00:21:04.816  8124 11666 I PostListingFragment: Successfully precached https://oauth.reddit.com/comments/fiu3wz/.json?sort=confidence
03-15 00:21:04.819  8124 11666 I PostListingFragment: Successfully precached https://oauth.reddit.com/comments/fiqwkk/.json?sort=confidence
03-15 00:21:04.825  8124 11666 I PostListingFragment: Successfully precached https://i.redd.it/ycnpiysatpm41.jpg
03-15 00:21:04.844  8124 11666 I PostListingFragment: Successfully precached https://i.redd.it/1qq6rv70opm41.jpg
03-15 00:21:04.850  8124 11666 I PostListingFragment: Successfully precached https://i.redd.it/5ojxtesbopm41.jpg
03-15 00:21:04.857  8124 11666 I PostListingFragment: Successfully precached https://i.redd.it/d5i7myyvtpm41.jpg
03-15 00:21:04.866  8124 11666 I PostListingFragment: Successfully precached https://i.redd.it/8sgyjj1t0rm41.jpg
03-15 00:21:04.869  8124 11666 I PostListingFragment: Successfully precached https://i.redd.it/uz8blvemupm41.jpg
03-15 00:21:04.886  8124 11666 I RedditVideosAPI: For 'https://v.redd.it/hmez9tmizpm41/DASHPlaylist.mpd', got video stream 'https://v.redd.it/hmez9tmizpm41/DASH_480' and audio stream 'null'
03-15 00:21:04.891  8124 11666 I PostListingFragment: Successfully precached https://v.redd.it/hmez9tmizpm41/DASH_480
03-15 00:21:04.902  8124 11666 I PostListingFragment: Successfully precached https://i.imgur.com/wNM7TIc.jpg
03-15 00:21:04.909  8124 11666 I RedditVideosAPI: For 'https://v.redd.it/v6jy3zl9wpm41/DASHPlaylist.mpd', got video stream 'https://v.redd.it/v6jy3zl9wpm41/DASH_480' and audio stream 'null'
03-15 00:21:04.913  8124 11666 I PostListingFragment: Successfully precached https://v.redd.it/v6jy3zl9wpm41/DASH_480
03-15 00:21:04.915  8124 11666 I PostListingFragment: Successfully precached https://i.redd.it/2re87yhkkpm41.jpg
03-15 00:21:04.918  8124 11666 I PostListingFragment: Successfully precached https://limitlane.com/wp-content/uploads/photo-gallery/imported_from_media_libray/This-Gorgeous-Cake.jpg
03-15 00:21:04.928  8124 11666 I PostListingFragment: Successfully precached https://i.redd.it/cunge15qnpm41.jpg
03-15 00:21:04.939  8124 11666 I PostListingFragment: Successfully precached https://i.redd.it/6eoixgw1qpm41.jpg
03-15 00:21:04.942  8124 11666 I PostListingFragment: Successfully precached https://i.redd.it/8qbvct3tepm41.jpg
03-15 00:21:04.953  8124 11666 I RedditVideosAPI: For 'https://v.redd.it/fqd7o5p7rpm41/DASHPlaylist.mpd', got video stream 'https://v.redd.it/fqd7o5p7rpm41/DASH_480' and audio stream 'null'
03-15 00:21:04.956  8124 11666 I RedditVideosAPI: For 'https://v.redd.it/6e9gnxyhupm41/DASHPlaylist.mpd', got video stream 'https://v.redd.it/6e9gnxyhupm41/DASH_480' and audio stream 'https://v.redd.it/6e9gnxyhupm41/audio'
03-15 00:21:04.957  8124 11666 I PostListingFragment: Successfully precached https://v.redd.it/fqd7o5p7rpm41/DASH_480
03-15 00:21:04.963  8124 11666 I PostListingFragment: Successfully precached https://v.redd.it/6e9gnxyhupm41/DASH_480
03-15 00:21:04.967  8124 11666 I PostListingFragment: Successfully precached https://v.redd.it/6e9gnxyhupm41/audio
03-15 00:21:04.989  8124 11666 I RedditVideosAPI: For 'https://v.redd.it/0a5qtgqsbpm41/DASHPlaylist.mpd', got video stream 'https://v.redd.it/0a5qtgqsbpm41/DASH_480' and audio stream 'https://v.redd.it/0a5qtgqsbpm41/audio'
03-15 00:21:04.998  8124 11669 I PostListingFragment: Successfully precached https://i.imgur.com/guCfqoD.mp4
03-15 00:21:05.002  8124 11669 I PostListingFragment: Successfully precached https://v.redd.it/0a5qtgqsbpm41/DASH_480
03-15 00:21:05.005  8124 11669 I PostListingFragment: Successfully precached https://v.redd.it/0a5qtgqsbpm41/audio
03-15 00:21:05.010  8124 11669 I RedditVideosAPI: For 'https://v.redd.it/5g1pit76pqm41/DASHPlaylist.mpd', got video stream 'https://v.redd.it/5g1pit76pqm41/DASH_480' and audio stream 'null'
03-15 00:21:05.016  8124 11669 I PostListingFragment: Successfully precached https://v.redd.it/5g1pit76pqm41/DASH_480
03-15 00:21:05.019  8124 11669 I PostListingFragment: Successfully precached https://i.redd.it/usn6njnsxpm41.jpg
03-15 00:21:05.031  8124 11669 I RedditVideosAPI: For 'https://v.redd.it/f1hxmw8jgpm41/DASHPlaylist.mpd', got video stream 'https://v.redd.it/f1hxmw8jgpm41/DASH_480' and audio stream 'https://v.redd.it/f1hxmw8jgpm41/audio'
03-15 00:21:05.038  8124 11669 I PostListingFragment: Successfully precached https://oauth.reddit.com/comments/fipsc4/.json?sort=confidence
03-15 00:21:05.042  8124 11669 I PostListingFragment: Successfully precached https://v.redd.it/f1hxmw8jgpm41/DASH_480
03-15 00:21:05.045  8124 11669 I PostListingFragment: Successfully precached https://v.redd.it/f1hxmw8jgpm41/audio
03-15 00:21:05.048  8124 11669 I PostListingFragment: Successfully precached https://i.redd.it/ctcf83z05pm41.jpg
03-15 00:21:05.055  8124 11669 I PostListingFragment: Successfully precached https://i.redd.it/gyepqo98kpm41.jpg
03-15 00:21:05.059  8124 11669 I PostListingFragment: Successfully precached https://oauth.reddit.com/comments/fiqscd/.json?sort=confidence
03-15 00:21:05.063  8124 11669 I RedditVideosAPI: For 'https://v.redd.it/ankz7vgpdpm41/DASHPlaylist.mpd', got video stream 'https://v.redd.it/ankz7vgpdpm41/DASH_360' and audio stream 'https://v.redd.it/ankz7vgpdpm41/audio'
03-15 00:21:05.071  8124 11669 I PostListingFragment: Successfully precached https://v.redd.it/ankz7vgpdpm41/DASH_360
03-15 00:21:05.076  8124 11669 I PostListingFragment: Successfully precached https://v.redd.it/ankz7vgpdpm41/audio
03-15 00:21:05.080  8124 11669 I RedditVideosAPI: For 'https://v.redd.it/9ye9wm157qm41/DASHPlaylist.mpd', got video stream 'https://v.redd.it/9ye9wm157qm41/DASH_480' and audio stream 'https://v.redd.it/9ye9wm157qm41/audio'
03-15 00:21:05.088  8124 11669 I PostListingFragment: Successfully precached https://v.redd.it/9ye9wm157qm41/DASH_480
03-15 00:21:05.091  8124 11669 I PostListingFragment: Successfully precached https://v.redd.it/9ye9wm157qm41/audio
03-15 00:21:05.094  8124 11669 I PostListingFragment: Successfully precached https://oauth.reddit.com/comments/firmst/.json?sort=confidence
03-15 00:21:05.415  8124 11671 D OK      : calling: https://oauth.reddit.com/comments/fitzly/.json?sort=confidence
03-15 00:21:05.560  1766  2316 E GnssHAL_GnssInterface: gnssSvStatusCb: a: input svInfo.flags is 8
03-15 00:21:05.560  1766  2316 E GnssHAL_GnssInterface: gnssSvStatusCb: b: input svInfo.flags is 8
03-15 00:21:06.562  1766  2316 E GnssHAL_GnssInterface: gnssSvStatusCb: a: input svInfo.flags is 8
03-15 00:21:06.562  1766  2316 E GnssHAL_GnssInterface: gnssSvStatusCb: b: input svInfo.flags is 8
03-15 00:21:06.584  8124 11748 D OK      : calling: https://oauth.reddit.com/comments/fiqu7n/.json?sort=confidence
03-15 00:21:06.807  8124  8647 W System  : A resource failed to call response.body().close(). 
03-15 00:21:06.808  8124  8647 I chatty  : uid=10147(org.quantumbadger.redreader) OkHttp Connecti identical 12 lines
03-15 00:21:06.808  8124  8647 W System  : A resource failed to call response.body().close(). 
03-15 00:21:07.203 11783 11783 D AndroidRuntime: >>>>>> START com.android.internal.os.RuntimeInit uid 2000 <<<<<<
03-15 00:21:07.210 11783 11783 E libc    : Access denied finding property "persist.device_config.runtime_native_boot.enable_apex_image"
03-15 00:21:07.210 11783 11783 I AndroidRuntime: Using default boot image
03-15 00:21:07.211 11783 11783 E libc    : Access denied finding property "persist.device_config.runtime_native_boot.disable_lock_profiling"
03-15 00:21:07.211 11783 11783 I AndroidRuntime: Leaving lock profiling enabled
03-15 00:21:07.197 11783 11783 W app_process: type=1400 audit(0.0:2039): avc: denied { read } for name="u:object_r:device_config_runtime_native_boot_prop:s0" dev="tmpfs" ino=6815 scontext=u:r:shell:s0 tcontext=u:object_r:device_config_runtime_native_boot_prop:s0 tclass=file permissive=0
03-15 00:21:07.197 11783 11783 I chatty  : uid=2000(shell) app_process identical 1 line
03-15 00:21:07.197 11783 11783 W app_process: type=1400 audit(0.0:2041): avc: denied { read } for name="u:object_r:device_config_runtime_native_boot_prop:s0" dev="tmpfs" ino=6815 scontext=u:r:shell:s0 tcontext=u:object_r:device_config_runtime_native_boot_prop:s0 tclass=file permissive=0
03-15 00:21:07.211 11783 11783 E libc    : Access denied finding property "persist.device_config.runtime_native_boot.enable_generational_cc"
03-15 00:21:07.291 11783 11783 D ICU     : Time zone APEX file found: /apex/com.android.tzdata/etc/icu/icu_tzdata.dat
03-15 00:21:07.297 11783 11783 W app_process: Unexpected CPU variant for X86 using defaults: x86
03-15 00:21:07.302 11783 11783 I app_process: The ClassLoaderContext is a special shared library.
03-15 00:21:07.318 11783 11783 W app_process: JNI RegisterNativeMethods: attempt to register 0 native methods for android.media.AudioAttributes
03-15 00:21:07.323 11783 11783 D AndroidRuntime: Calling main entry com.android.commands.input.Input
03-15 00:21:07.495  1757  3626 W audio_hw_generic: Not supplying enough data to HAL, expected position 63247549 , only wrote 63247124
03-15 00:21:07.496  1757  3626 W audio_hw_generic: Not supplying enough data to HAL, expected position 63247152 , only wrote 63247124
03-15 00:21:07.511  1757  3626 W audio_hw_generic: Not supplying enough data to HAL, expected position 63247803 , only wrote 63247785
03-15 00:21:07.570  1766  2316 E GnssHAL_GnssInterface: gnssSvStatusCb: a: input svInfo.flags is 8
03-15 00:21:07.570  1766  2316 E GnssHAL_GnssInterface: gnssSvStatusCb: b: input svInfo.flags is 8
03-15 00:21:07.761 11783 11783 D AndroidRuntime: Shutting down VM
03-15 00:21:07.800  8124 11812 D OK      : calling: https://oauth.reddit.com/comments/fikats/.json?sort=confidence
03-15 00:21:07.857  1757  3626 W audio_hw_generic: Not supplying enough data to HAL, expected position 63263029 , only wrote 63262988
03-15 00:21:07.857  1757  3626 W audio_hw_generic: Not supplying enough data to HAL, expected position 63263016 , only wrote 63262988
03-15 00:21:07.866  8124 11748 D OK      : request got status: 200
03-15 00:21:07.873  1757  3626 W audio_hw_generic: Not supplying enough data to HAL, expected position 63263663 , only wrote 63263649
03-15 00:21:08.047  1767 23050 D gralloc_ranchu: gralloc_alloc: Creating ashmem region of size 9056256
03-15 00:21:08.083  1767  1857 D gralloc_ranchu: gralloc_alloc: Creating ashmem region of size 9056256
03-15 00:21:08.101  1767 23050 D gralloc_ranchu: gralloc_alloc: Creating ashmem region of size 9056256
03-15 00:21:08.160  1757  3626 W audio_hw_generic: Not supplying enough data to HAL, expected position 63276317 , only wrote 63276208
03-15 00:21:08.161  1757  3626 W audio_hw_generic: Not supplying enough data to HAL, expected position 63276238 , only wrote 63276208
03-15 00:21:08.176  1757  3626 W audio_hw_generic: Not supplying enough data to HAL, expected position 63276900 , only wrote 63276869
03-15 00:21:08.189  8124  8177 D EGL_emulation: eglMakeCurrent: 0xd921a120: ver 3 0 (tinfo 0xd920f390)
03-15 00:21:08.231  1748 11813 E ResolverController: No valid NAT64 prefix (100, <unspecified>/0)
03-15 00:21:08.280  8124 11640 D OK      : request got status: 200
03-15 00:21:08.308  8124  8177 I OpenGLRenderer: Davey! duration=709ms; Flags=1, IntendedVsync=2973153935943, Vsync=2973303935937, OldestInputEvent=9223372036854775807, NewestInputEvent=0, HandleInputStart=2973313901080, AnimationStart=2973313912674, PerformTraversalsStart=2973314002234, DrawStart=2973725157218, SyncQueued=2973745208922, SyncStart=2973746390293, IssueDrawCommandsStart=2973746473606, SwapBuffers=2973837060332, FrameCompleted=2973864985585, DequeueBufferDuration=73000, QueueBufferDuration=378000, 
03-15 00:21:08.309  8124  8177 D EGL_emulation: eglMakeCurrent: 0xd921a120: ver 3 0 (tinfo 0xd920f390)
03-15 00:21:08.330  8124  8124 I Choreographer: Skipped 33 frames!  The application may be doing too much work on its main thread.
03-15 00:21:08.389  1790  1790 E SurfaceFlinger: [org.quantumbadger.redreader/org.quantumbadger.redreader.settings.SettingsActivity#1] rejecting buffer: bufWidth=1192, bufHeight=1899, front.active_legacy.{w=1192, h=1898}
03-15 00:21:08.468  1767 23050 D gralloc_ranchu: gralloc_alloc: Creating ashmem region of size 9052160
03-15 00:21:08.476  1757  3626 W audio_hw_generic: Not supplying enough data to HAL, expected position 63290095 , only wrote 63290089
03-15 00:21:08.506  8124  8177 D EGL_emulation: eglMakeCurrent: 0xd921a120: ver 3 0 (tinfo 0xd920f390)
03-15 00:21:08.519  1767 23050 D gralloc_ranchu: gralloc_alloc: Creating ashmem region of size 9052160
03-15 00:21:08.529  8124  8177 D EGL_emulation: eglMakeCurrent: 0xd921a120: ver 3 0 (tinfo 0xd920f390)
03-15 00:21:08.571  1766  2316 E GnssHAL_GnssInterface: gnssSvStatusCb: a: input svInfo.flags is 8
03-15 00:21:08.571  1766  2316 E GnssHAL_GnssInterface: gnssSvStatusCb: b: input svInfo.flags is 8
03-15 00:21:08.658  8124  8177 D EGL_emulation: eglMakeCurrent: 0xd921a120: ver 3 0 (tinfo 0xd920f390)
03-15 00:21:08.675  1767 23050 D gralloc_ranchu: gralloc_alloc: Creating ashmem region of size 9052160
03-15 00:21:08.695  7822  7836 I mit.droidbotap: Background young concurrent copying GC freed 12067(544KB) AllocSpace objects, 16(1056KB) LOS objects, 35% free, 2130KB/3286KB, paused 12us total 150.527ms
03-15 00:21:08.698  8124  8177 D EGL_emulation: eglMakeCurrent: 0xd921a120: ver 3 0 (tinfo 0xd920f390)
03-15 00:21:08.795  1757  3626 W audio_hw_generic: Not supplying enough data to HAL, expected position 63304139 , only wrote 63303970
03-15 00:21:08.795  1757  3626 W audio_hw_generic: Not supplying enough data to HAL, expected position 63303991 , only wrote 63303970
03-15 00:21:08.797  2024  2044 W Looper  : Slow dispatch took 113ms android.fg h=android.os.Handler c=com.android.server.Watchdog$HandlerChecker@c2dd50f m=0
03-15 00:21:08.798  8124  8177 D EGL_emulation: eglMakeCurrent: 0xd921a120: ver 3 0 (tinfo 0xd920f390)
03-15 00:21:08.812  1757  3626 W audio_hw_generic: Not supplying enough data to HAL, expected position 63304690 , only wrote 63304631
03-15 00:21:08.839  8124  8177 D EGL_emulation: eglMakeCurrent: 0xd921a120: ver 3 0 (tinfo 0xd920f390)
03-15 00:21:08.848  8124  8177 D EGL_emulation: eglMakeCurrent: 0xd921a120: ver 3 0 (tinfo 0xd920f390)
03-15 00:21:08.915  8124 11671 D OK      : request got status: 200
03-15 00:21:08.927  8124  8177 D EGL_emulation: eglMakeCurrent: 0xd921a120: ver 3 0 (tinfo 0xd920f390)
03-15 00:21:09.022  8124 11828 D OK      : calling: https://oauth.reddit.com/comments/fiqu7n/.json?sort=confidence
03-15 00:21:09.254  8124  8140 I adger.redreade: Background young concurrent copying GC freed 55991(3314KB) AllocSpace objects, 53(1796KB) LOS objects, 34% free, 8352KB/12MB, paused 16.172ms total 1.463s
03-15 00:21:09.256  8124  8142 W System  : A resource failed to call close. 
03-15 00:21:09.265  8124  8142 I chatty  : uid=10147(org.quantumbadger.redreader) FinalizerDaemon identical 31 lines
03-15 00:21:09.265  8124  8142 W System  : A resource failed to call close. 
03-15 00:21:09.265  8124  8142 W System  : A resource failed to call end. 
03-15 00:21:09.265  8124  8142 W System  : A resource failed to call close. 
03-15 00:21:09.265  8124  8142 I chatty  : uid=10147(org.quantumbadger.redreader) FinalizerDaemon identical 6 lines
03-15 00:21:09.265  8124  8142 W System  : A resource failed to call close. 
03-15 00:21:09.369  8124  8177 D EGL_emulation: eglMakeCurrent: 0xd921a120: ver 3 0 (tinfo 0xd920f390)
03-15 00:21:09.456  8124 11812 D OK      : request got status: 200
03-15 00:21:09.576  1766  2316 E GnssHAL_GnssInterface: gnssSvStatusCb: a: input svInfo.flags is 8
03-15 00:21:09.576  1766  2316 E GnssHAL_GnssInterface: gnssSvStatusCb: b: input svInfo.flags is 8
03-15 00:21:09.637  1757  3626 W audio_hw_generic: Not supplying enough data to HAL, expected position 63341021 , only wrote 63340986
03-15 00:21:09.640  1757  3626 W audio_hw_generic: Not supplying enough data to HAL, expected position 63341110 , only wrote 63340986
03-15 00:21:09.655  1757  3626 W audio_hw_generic: Not supplying enough data to HAL, expected position 63341652 , only wrote 63341647
03-15 00:21:10.004  8124 11812 I PostListingFragment: Successfully precached https://oauth.reddit.com/comments/fikats/.json?sort=confidence
03-15 00:21:10.091  7822  7836 I mit.droidbotap: Background concurrent copying GC freed 24179(1253KB) AllocSpace objects, 37(960KB) LOS objects, 49% free, 1830KB/3661KB, paused 3.522ms total 150.805ms
03-15 00:21:10.184  1757  3626 W audio_hw_generic: Not supplying enough data to HAL, expected position 63364987 , only wrote 63364782
03-15 00:21:10.184  1757  3626 W audio_hw_generic: Not supplying enough data to HAL, expected position 63364786 , only wrote 63364782
03-15 00:21:10.195  8124 11885 D OK      : calling: https://oauth.reddit.com/comments/fihtfr/.json?sort=confidence
03-15 00:21:10.210  1757  3626 W audio_hw_generic: Not supplying enough data to HAL, expected position 63365923 , only wrote 63365443
03-15 00:21:10.254  1757  3626 W audio_hw_generic: Not supplying enough data to HAL, expected position 63367402 , only wrote 63366765
03-15 00:21:10.275  8124 11748 I PostListingFragment: Successfully precached https://oauth.reddit.com/comments/fiqu7n/.json?sort=confidence
03-15 00:21:10.473  1757  3626 W audio_hw_generic: Not supplying enough data to HAL, expected position 63376384 , only wrote 63376019
03-15 00:21:10.494  1757  3626 W audio_hw_generic: Not supplying enough data to HAL, expected position 63376965 , only wrote 63376680
03-15 00:21:10.516  8124 11828 D OK      : request got status: 200
03-15 00:21:10.518  8124 11671 I PostListingFragment: Successfully precached https://oauth.reddit.com/comments/fitzly/.json?sort=confidence
03-15 00:21:10.524  1757  3626 W audio_hw_generic: Not supplying enough data to HAL, expected position 63378008 , only wrote 63378002
03-15 00:21:10.571  8124 11640 I PostListingFragment: Successfully precached https://oauth.reddit.com/comments/fitzly/.json?sort=confidence
03-15 00:21:10.589  1766  2316 E GnssHAL_GnssInterface: gnssSvStatusCb: a: input svInfo.flags is 8
03-15 00:21:10.589  1766  2316 E GnssHAL_GnssInterface: gnssSvStatusCb: b: input svInfo.flags is 8
03-15 00:21:10.663  1757  3626 W audio_hw_generic: Not supplying enough data to HAL, expected position 63384114 , only wrote 63383951
03-15 00:21:10.726  1757  1757 W audio_hw_generic: Not supplying enough data to HAL, expected position 63388670 , only wrote 63385934
03-15 00:21:11.088  8124 11828 I PostListingFragment: Successfully precached https://oauth.reddit.com/comments/fiqu7n/.json?sort=confidence
03-15 00:21:11.395  8124 11935 D OK      : calling: https://oauth.reddit.com/comments/fisj0k/.json?sort=confidence
03-15 00:21:11.540  8124 11885 D OK      : request got status: 200
03-15 00:21:11.582  1766  2316 E GnssHAL_GnssInterface: gnssSvStatusCb: a: input svInfo.flags is 8
03-15 00:21:11.582  1766  2316 E GnssHAL_GnssInterface: gnssSvStatusCb: b: input svInfo.flags is 8
03-15 00:21:11.667  8124 11885 I PostListingFragment: Successfully precached https://oauth.reddit.com/comments/fihtfr/.json?sort=confidence
03-15 00:21:12.035 11972 11972 D AndroidRuntime: >>>>>> START com.android.internal.os.RuntimeInit uid 2000 <<<<<<
03-15 00:21:12.027 11972 11972 W app_process: type=1400 audit(0.0:2042): avc: denied { read } for name="u:object_r:device_config_runtime_native_boot_prop:s0" dev="tmpfs" ino=6815 scontext=u:r:shell:s0 tcontext=u:object_r:device_config_runtime_native_boot_prop:s0 tclass=file permissive=0
03-15 00:21:12.027 11972 11972 W app_process: type=1400 audit(0.0:2043): avc: denied { read } for name="u:object_r:device_config_runtime_native_boot_prop:s0" dev="tmpfs" ino=6815 scontext=u:r:shell:s0 tcontext=u:object_r:device_config_runtime_native_boot_prop:s0 tclass=file permissive=0
03-15 00:21:12.038 11972 11972 E libc    : Access denied finding property "persist.device_config.runtime_native_boot.enable_apex_image"
03-15 00:21:12.038 11972 11972 I AndroidRuntime: Using default boot image
03-15 00:21:12.038 11972 11972 E libc    : Access denied finding property "persist.device_config.runtime_native_boot.disable_lock_profiling"
03-15 00:21:12.038 11972 11972 I AndroidRuntime: Leaving lock profiling enabled
03-15 00:21:12.027 11972 11972 W app_process: type=1400 audit(0.0:2044): avc: denied { read } for name="u:object_r:device_config_runtime_native_boot_prop:s0" dev="tmpfs" ino=6815 scontext=u:r:shell:s0 tcontext=u:object_r:device_config_runtime_native_boot_prop:s0 tclass=file permissive=0
03-15 00:21:12.038 11972 11972 E libc    : Access denied finding property "persist.device_config.runtime_native_boot.enable_generational_cc"
03-15 00:21:12.042 11972 11972 W app_process: Could not reserve sentinel fault page
03-15 00:21:12.121 11972 11972 D ICU     : Time zone APEX file found: /apex/com.android.tzdata/etc/icu/icu_tzdata.dat
03-15 00:21:12.128 11972 11972 W app_process: Unexpected CPU variant for X86 using defaults: x86
03-15 00:21:12.136 11972 11972 I app_process: The ClassLoaderContext is a special shared library.
03-15 00:21:12.155 11972 11972 W app_process: JNI RegisterNativeMethods: attempt to register 0 native methods for android.media.AudioAttributes
03-15 00:21:12.159 11972 11972 D AndroidRuntime: Calling main entry com.android.commands.input.Input
03-15 00:21:12.383 11972 11972 D AndroidRuntime: Shutting down VM
03-15 00:21:12.397  1757  3626 W audio_hw_generic: Not supplying enough data to HAL, expected position 63386022 , only wrote 63385934
03-15 00:21:12.426  8124  8177 D EGL_emulation: eglMakeCurrent: 0xd921a120: ver 3 0 (tinfo 0xd920f390)
03-15 00:21:12.428  8124  8177 D OpenGLRenderer: endAllActiveAnimators on 0xc1ae7880 (RippleDrawable) with handle 0xbf695940
03-15 00:21:12.470  8124  8177 D EGL_emulation: eglMakeCurrent: 0xd921a120: ver 3 0 (tinfo 0xd920f390)
03-15 00:21:12.587  1766  2316 E GnssHAL_GnssInterface: gnssSvStatusCb: a: input svInfo.flags is 8
03-15 00:21:12.587  1766  2316 E GnssHAL_GnssInterface: gnssSvStatusCb: b: input svInfo.flags is 8
03-15 00:21:12.655  8124 11989 D OK      : calling: https://oauth.reddit.com/comments/fisa7w/.json?sort=confidence
03-15 00:21:13.023  7822  7836 I mit.droidbotap: Background concurrent copying GC freed 29049(1150KB) AllocSpace objects, 34(1720KB) LOS objects, 49% free, 2693KB/5387KB, paused 378us total 162.212ms
03-15 00:21:13.044  8124 11935 D OK      : request got status: 200
03-15 00:21:13.166  8124 11935 I PostListingFragment: Successfully precached https://oauth.reddit.com/comments/fisj0k/.json?sort=confidence
03-15 00:21:13.593  1766  2316 E GnssHAL_GnssInterface: gnssSvStatusCb: a: input svInfo.flags is 8
03-15 00:21:13.593  1766  2316 E GnssHAL_GnssInterface: gnssSvStatusCb: b: input svInfo.flags is 8
03-15 00:21:13.778  1757  3626 W audio_hw_generic: Not supplying enough data to HAL, expected position 63446815 , only wrote 63446746
03-15 00:21:13.836  8124 11989 D OK      : request got status: 200
03-15 00:21:13.837  8124 12019 D OK      : calling: https://oauth.reddit.com/comments/fisa7w/.json?sort=confidence
03-15 00:21:14.597  1766  2316 E GnssHAL_GnssInterface: gnssSvStatusCb: a: input svInfo.flags is 8
03-15 00:21:14.597  1766  2316 E GnssHAL_GnssInterface: gnssSvStatusCb: b: input svInfo.flags is 8
03-15 00:21:14.627  8124 11989 I PostListingFragment: Successfully precached https://oauth.reddit.com/comments/fisa7w/.json?sort=confidence
03-15 00:21:15.008  8124 12089 D OK      : calling: https://oauth.reddit.com/comments/fiubs8/.json?sort=confidence
03-15 00:21:15.169  8124 12019 D OK      : request got status: 200
03-15 00:21:15.209  8124 12089 D OK      : request got status: 200
03-15 00:21:15.518  1757 14465 W audio_hw_generic: Not supplying enough data to HAL, expected position 63599572 , only wrote 63523422
03-15 00:21:15.550  8124 12089 I PostListingFragment: Successfully precached https://oauth.reddit.com/comments/fiubs8/.json?sort=confidence
03-15 00:21:15.605  1766  2316 E GnssHAL_GnssInterface: gnssSvStatusCb: a: input svInfo.flags is 8
03-15 00:21:15.605  1766  2316 E GnssHAL_GnssInterface: gnssSvStatusCb: b: input svInfo.flags is 8
03-15 00:21:15.924  8124 12019 I PostListingFragment: Successfully precached https://oauth.reddit.com/comments/fisa7w/.json?sort=confidence
03-15 00:21:16.098  7822  7836 I mit.droidbotap: Background young concurrent copying GC freed 52494(1997KB) AllocSpace objects, 52(3204KB) LOS objects, 64% free, 2766KB/7735KB, paused 248us total 124.934ms
03-15 00:21:16.222  8124 12139 D OK      : calling: https://oauth.reddit.com/comments/fiqfvi/.json?sort=confidence
03-15 00:21:16.603  1766  2316 E GnssHAL_GnssInterface: gnssSvStatusCb: a: input svInfo.flags is 8
03-15 00:21:16.603  1766  2316 E GnssHAL_GnssInterface: gnssSvStatusCb: b: input svInfo.flags is 8
03-15 00:21:16.894 12148 12148 D AndroidRuntime: >>>>>> START com.android.internal.os.RuntimeInit uid 2000 <<<<<<
03-15 00:21:16.897 12148 12148 E libc    : Access denied finding property "persist.device_config.runtime_native_boot.enable_apex_image"
03-15 00:21:16.897 12148 12148 I AndroidRuntime: Using default boot image
03-15 00:21:16.898 12148 12148 E libc    : Access denied finding property "persist.device_config.runtime_native_boot.disable_lock_profiling"
03-15 00:21:16.898 12148 12148 I AndroidRuntime: Leaving lock profiling enabled
03-15 00:21:16.887 12148 12148 W app_process: type=1400 audit(0.0:2045): avc: denied { read } for name="u:object_r:device_config_runtime_native_boot_prop:s0" dev="tmpfs" ino=6815 scontext=u:r:shell:s0 tcontext=u:object_r:device_config_runtime_native_boot_prop:s0 tclass=file permissive=0
03-15 00:21:16.887 12148 12148 W app_process: type=1400 audit(0.0:2046): avc: denied { read } for name="u:object_r:device_config_runtime_native_boot_prop:s0" dev="tmpfs" ino=6815 scontext=u:r:shell:s0 tcontext=u:object_r:device_config_runtime_native_boot_prop:s0 tclass=file permissive=0
03-15 00:21:16.898 12148 12148 E libc    : Access denied finding property "persist.device_config.runtime_native_boot.enable_generational_cc"
03-15 00:21:16.887 12148 12148 W app_process: type=1400 audit(0.0:2047): avc: denied { read } for name="u:object_r:device_config_runtime_native_boot_prop:s0" dev="tmpfs" ino=6815 scontext=u:r:shell:s0 tcontext=u:object_r:device_config_runtime_native_boot_prop:s0 tclass=file permissive=0
03-15 00:21:16.906 12148 12148 W app_process: Could not reserve sentinel fault page
03-15 00:21:16.978 12148 12148 D ICU     : Time zone APEX file found: /apex/com.android.tzdata/etc/icu/icu_tzdata.dat
03-15 00:21:16.987 12148 12148 W app_process: Unexpected CPU variant for X86 using defaults: x86
03-15 00:21:16.990 12148 12148 I app_process: The ClassLoaderContext is a special shared library.
03-15 00:21:17.007 12148 12148 W app_process: JNI RegisterNativeMethods: attempt to register 0 native methods for android.media.AudioAttributes
03-15 00:21:17.011 12148 12148 D AndroidRuntime: Calling main entry com.android.commands.input.Input
03-15 00:21:17.239 12148 12148 D AndroidRuntime: Shutting down VM
03-15 00:21:17.268  1757  3626 W audio_hw_generic: Not supplying enough data to HAL, expected position 63523497 , only wrote 63523422
03-15 00:21:17.328  8124 12139 D OK      : request got status: 200
03-15 00:21:17.419  8124 12181 D OK      : calling: https://oauth.reddit.com/comments/fiqfvi/.json?sort=confidence
03-15 00:21:17.609  1766  2316 E GnssHAL_GnssInterface: gnssSvStatusCb: a: input svInfo.flags is 8
03-15 00:21:17.609  1766  2316 E GnssHAL_GnssInterface: gnssSvStatusCb: b: input svInfo.flags is 8
03-15 00:21:17.939  8124 12139 I PostListingFragment: Successfully precached https://oauth.reddit.com/comments/fiqfvi/.json?sort=confidence
03-15 00:21:18.559  8124 12181 D OK      : request got status: 200
03-15 00:21:18.600  8124 12181 I PostListingFragment: Successfully precached https://oauth.reddit.com/comments/fiqfvi/.json?sort=confidence
03-15 00:21:18.611  1766  2316 E GnssHAL_GnssInterface: gnssSvStatusCb: a: input svInfo.flags is 8
03-15 00:21:18.611  1766  2316 E GnssHAL_GnssInterface: gnssSvStatusCb: b: input svInfo.flags is 8
03-15 00:21:18.622  8124 12214 D OK      : calling: https://oauth.reddit.com/comments/fisl07/.json?sort=confidence
03-15 00:21:19.615  1766  2316 E GnssHAL_GnssInterface: gnssSvStatusCb: a: input svInfo.flags is 8
03-15 00:21:19.615  1766  2316 E GnssHAL_GnssInterface: gnssSvStatusCb: b: input svInfo.flags is 8
03-15 00:21:19.637  8124 12214 D OK      : request got status: 200
03-15 00:21:19.676  8124 12214 I PostListingFragment: Successfully precached https://oauth.reddit.com/comments/fisl07/.json?sort=confidence
03-15 00:21:19.819  8124 12305 D OK      : calling: https://oauth.reddit.com/comments/fiik3c/.json?sort=confidence
03-15 00:21:19.905 12303 12303 D AndroidRuntime: >>>>>> START com.android.internal.os.RuntimeInit uid 2000 <<<<<<
03-15 00:21:19.909 12303 12303 E libc    : Access denied finding property "persist.device_config.runtime_native_boot.enable_apex_image"
03-15 00:21:19.909 12303 12303 I AndroidRuntime: Using default boot image
03-15 00:21:19.909 12303 12303 E libc    : Access denied finding property "persist.device_config.runtime_native_boot.disable_lock_profiling"
03-15 00:21:19.909 12303 12303 I AndroidRuntime: Leaving lock profiling enabled
03-15 00:21:19.897 12303 12303 W app_process: type=1400 audit(0.0:2048): avc: denied { read } for name="u:object_r:device_config_runtime_native_boot_prop:s0" dev="tmpfs" ino=6815 scontext=u:r:shell:s0 tcontext=u:object_r:device_config_runtime_native_boot_prop:s0 tclass=file permissive=0
03-15 00:21:19.909 12303 12303 E libc    : Access denied finding property "persist.device_config.runtime_native_boot.enable_generational_cc"
03-15 00:21:19.974 12303 12303 D ICU     : Time zone APEX file found: /apex/com.android.tzdata/etc/icu/icu_tzdata.dat
03-15 00:21:19.979 12303 12303 W app_process: Unexpected CPU variant for X86 using defaults: x86
03-15 00:21:19.980 12303 12303 I app_process: The ClassLoaderContext is a special shared library.
03-15 00:21:19.994 12303 12303 W app_process: JNI RegisterNativeMethods: attempt to register 0 native methods for android.media.AudioAttributes
03-15 00:21:19.998 12303 12303 D AndroidRuntime: Calling main entry com.android.commands.input.Input
03-15 00:21:20.043  8124 12305 D OK      : request got status: 200
03-15 00:21:20.058  8124 12305 I PostListingFragment: Successfully precached https://oauth.reddit.com/comments/fiik3c/.json?sort=confidence
03-15 00:21:20.208 12303 12303 D AndroidRuntime: Shutting down VM
03-15 00:21:20.619  1766  2316 E GnssHAL_GnssInterface: gnssSvStatusCb: a: input svInfo.flags is 8
03-15 00:21:20.619  1766  2316 E GnssHAL_GnssInterface: gnssSvStatusCb: b: input svInfo.flags is 8
03-15 00:21:21.020  8124 12337 D OK      : calling: https://oauth.reddit.com/comments/fioqao/.json?sort=confidence
03-15 00:21:21.179  2024  2816 W InputReader: Device has associated, but no associated display id.
03-15 00:21:21.179  2024  2816 I chatty  : uid=1000(system) Binder:2024_E identical 8 lines
03-15 00:21:21.179  2024  2816 W InputReader: Device has associated, but no associated display id.
03-15 00:21:21.185  2024  2128 W InputReader: Device has associated, but no associated display id.
03-15 00:21:21.187  2024  2128 I chatty  : uid=1000(system) Binder:2024_4 identical 28 lines
03-15 00:21:21.187  2024  2128 W InputReader: Device has associated, but no associated display id.
03-15 00:21:21.266  2024  2816 W InputReader: Device has associated, but no associated display id.
03-15 00:21:21.274  2024  2816 I ActivityTaskManager: START u0 {act=android.intent.action.MAIN cat=[android.intent.category.LAUNCHER] flg=0x10010000 cmp=org.quantumbadger.redreader/.activities.MainActivity} from uid 10147
03-15 00:21:21.266  2024  2816 I chatty  : uid=1000(system) Binder:2024_E identical 8 lines
03-15 00:21:21.266  2024  2816 W InputReader: Device has associated, but no associated display id.
03-15 00:21:21.338  2024  2048 E system_server: Invalid ID 0x00000000.
03-15 00:21:21.445  1757  3626 W audio_hw_generic: Not supplying enough data to HAL, expected position 63707651 , only wrote 63707180
03-15 00:21:21.446  1757  3626 W audio_hw_generic: Not supplying enough data to HAL, expected position 63707196 , only wrote 63707180
03-15 00:21:21.450  1767 23050 D gralloc_ranchu: gralloc_alloc: Creating ashmem region of size 8298496
03-15 00:21:21.463  1757  3626 W audio_hw_generic: Not supplying enough data to HAL, expected position 63707934 , only wrote 63707841
03-15 00:21:21.565  8124 12337 D OK      : request got status: 200
03-15 00:21:21.594  2024  2128 W InputReader: Device has associated, but no associated display id.
03-15 00:21:21.605  2024  2128 I chatty  : uid=1000(system) Binder:2024_4 identical 58 lines
03-15 00:21:21.605  2024  2128 W InputReader: Device has associated, but no associated display id.
03-15 00:21:21.606  1767 23050 D gralloc_ranchu: gralloc_alloc: Creating ashmem region of size 5312512
03-15 00:21:21.624  1766  2316 E GnssHAL_GnssInterface: gnssSvStatusCb: a: input svInfo.flags is 8
03-15 00:21:21.624  1766  2316 E GnssHAL_GnssInterface: gnssSvStatusCb: b: input svInfo.flags is 8
03-15 00:21:21.704  8124  8124 W ActivityThread: handleWindowVisibility: no activity for token android.os.BinderProxy@cfd2a63
03-15 00:21:21.748  8124  8124 I AppCompatViewInflater: app:theme is now deprecated. Please move to using android:theme instead.
03-15 00:21:21.851  7822  7836 I mit.droidbotap: Background concurrent copying GC freed 16677(687KB) AllocSpace objects, 21(1028KB) LOS objects, 49% free, 1808KB/3617KB, paused 12us total 137.878ms
03-15 00:21:21.859  2490  2506 I s.nexuslaunche: NativeAlloc concurrent copying GC freed 22219(1059KB) AllocSpace objects, 2(176KB) LOS objects, 49% free, 2890KB/5780KB, paused 21us total 179.986ms
03-15 00:21:21.859  2024  2743 D HostConnection: HostConnection::get() New Host Connection established 0xbbd2e220, tid 2743
03-15 00:21:21.859  2024  2743 D HostConnection: HostComposition ext ANDROID_EMU_CHECKSUM_HELPER_v1 ANDROID_EMU_native_sync_v2 ANDROID_EMU_native_sync_v3 ANDROID_EMU_native_sync_v4 ANDROID_EMU_dma_v1 ANDROID_EMU_direct_mem ANDROID_EMU_host_composition_v1 ANDROID_EMU_host_composition_v2 ANDROID_EMU_YUV420_888_to_NV21 ANDROID_EMU_YUV_Cache ANDROID_EMU_async_unmap_buffer GL_OES_EGL_image_external_essl3 GL_OES_vertex_array_object GL_KHR_texture_compression_astc_ldr ANDROID_EMU_gles_max_version_3_0 
03-15 00:21:21.860  2024  2743 W OpenGLRenderer: Failed to choose config with EGL_SWAP_BEHAVIOR_PRESERVED, retrying without...
03-15 00:21:21.862  2024  2743 D eglCodecCommon: setVertexArrayObject: set vao to 0 (0) 0 0
03-15 00:21:21.862  2024  2743 D EGL_emulation: eglCreateContext: 0xe13cfb00: maj 3 min 0 rcv 3
03-15 00:21:21.890  3727  3737 I ndroid.systemu: NativeAlloc concurrent copying GC freed 81801(1993KB) AllocSpace objects, 0(0B) LOS objects, 49% free, 5364KB/10MB, paused 40us total 210.459ms
03-15 00:21:21.897  2024  2743 D EGL_emulation: eglMakeCurrent: 0xe13cfb00: ver 3 0 (tinfo 0xbd5706e0)
03-15 00:21:21.921  8124 12337 I PostListingFragment: Successfully precached https://oauth.reddit.com/comments/fioqao/.json?sort=confidence
03-15 00:21:21.961  2024  2743 D eglCodecCommon: setVertexArrayObject: set vao to 0 (0) 1 0
03-15 00:21:22.095  8124  8177 D EGL_emulation: eglMakeCurrent: 0xd921a120: ver 3 0 (tinfo 0xd920f390)
03-15 00:21:22.268  1767 23050 D gralloc_ranchu: gralloc_alloc: Creating ashmem region of size 9056256
03-15 00:21:22.284  1767 23050 D gralloc_ranchu: gralloc_alloc: Creating ashmem region of size 9056256
