03-15 00:20:38.817  8124  9582 D OK      : request got status: 200
03-15 00:20:38.994  8124  9585 D OK      : request got status: 200
03-15 00:20:39.240  8124  9585 I PostListingFragment: Successfully precached https://limitlane.com/wp-content/uploads/photo-gallery/imported_from_media_libray/This-Gorgeous-Cake.jpg
03-15 00:20:39.240  8124  9585 D OK      : calling: https://i.redd.it/cunge15qnpm41.jpg
03-15 00:20:39.304 10655 10655 D AndroidRuntime: >>>>>> START com.android.internal.os.RuntimeInit uid 2000 <<<<<<
03-15 00:20:39.297 10655 10655 W app_process: type=1400 audit(0.0:2021): avc: denied { read } for name="u:object_r:device_config_runtime_native_boot_prop:s0" dev="tmpfs" ino=6815 scontext=u:r:shell:s0 tcontext=u:object_r:device_config_runtime_native_boot_prop:s0 tclass=file permissive=0
03-15 00:20:39.313 10655 10655 E libc    : Access denied finding property "persist.device_config.runtime_native_boot.enable_generational_cc"
03-15 00:20:39.425  8124  9585 D OK      : request got status: 200
03-15 00:20:39.450  1766  2316 E GnssHAL_GnssInterface: gnssSvStatusCb: a: input svInfo.flags is 8
03-15 00:20:39.450  1766  2316 E GnssHAL_GnssInterface: gnssSvStatusCb: b: input svInfo.flags is 8
03-15 00:20:39.475 10655 10655 D ICU     : Time zone APEX file found: /apex/com.android.tzdata/etc/icu/icu_tzdata.dat
03-15 00:20:39.490 10655 10655 W app_process: Unexpected CPU variant for X86 using defaults: x86
03-15 00:20:39.493 10655 10655 I app_process: The ClassLoaderContext is a special shared library.
03-15 00:20:39.516 10655 10655 W app_process: JNI RegisterNativeMethods: attempt to register 0 native methods for android.media.AudioAttributes
03-15 00:20:39.523  8124  9585 I PostListingFragment: Successfully precached https://i.redd.it/cunge15qnpm41.jpg
03-15 00:20:39.523  8124  9585 D OK      : calling: https://i.redd.it/6eoixgw1qpm41.jpg
03-15 00:20:39.525 10655 10655 D AndroidRuntime: Calling main entry com.android.commands.input.Input
03-15 00:20:39.545  8124  8177 D EGL_emulation: eglMakeCurrent: 0xd921a120: ver 3 0 (tinfo 0xd920f390)
03-15 00:20:39.622  8124  8124 I RRChoreographer: Using modern Choreographer
03-15 00:20:39.627  2024  2993 W InputManager: Input event injection from pid 10655 failed.
03-15 00:20:39.655  2024  2128 W InputReader: Device has associated, but no associated display id.
03-15 00:20:39.655  2024  2128 I chatty  : uid=1000(system) Binder:2024_4 identical 8 lines
03-15 00:20:39.655  2024  2128 W InputReader: Device has associated, but no associated display id.
03-15 00:20:39.657  1757  3626 W audio_hw_generic: Not supplying enough data to HAL, expected position 62176978 , only wrote 62176965
03-15 00:20:39.686  2024  2128 W InputReader: Device has associated, but no associated display id.
03-15 00:20:39.693  2024  2993 I chatty  : uid=1000(system) Binder:2024_F identical 7 lines
03-15 00:20:39.694  2024  2993 W InputManager: Input event injection from pid 10655 failed.
03-15 00:20:39.695  2024  3028 W InputManager: Input event injection from pid 10655 failed.
03-15 00:20:39.696  2024  2128 W InputManager: Input event injection from pid 10655 failed.
03-15 00:20:39.698  2024  2128 I chatty  : uid=1000(system) Binder:2024_4 identical 2 lines
03-15 00:20:39.699  2024  2128 W InputManager: Input event injection from pid 10655 failed.
03-15 00:20:39.701  2024  3028 W InputManager: Input event injection from pid 10655 failed.
03-15 00:20:39.703  2024  3028 I chatty  : uid=1000(system) Binder:2024_10 identical 3 lines
03-15 00:20:39.710  2024  3028 W InputManager: Input event injection from pid 10655 failed.
03-15 00:20:39.721  2024  2993 W InputManager: Input event injection from pid 10655 failed.
03-15 00:20:39.692  2024  2128 I chatty  : uid=1000(system) Binder:2024_4 identical 28 lines
03-15 00:20:39.692  2024  2128 W InputReader: Device has associated, but no associated display id.
03-15 00:20:39.738  1787  1986 D AF::Track: interceptBuffer: took 228us to intercept 0 tracks
03-15 00:20:39.739 10655 10655 D AndroidRuntime: Shutting down VM
03-15 00:20:39.753  1767  1857 D gralloc_ranchu: gralloc_alloc: Creating ashmem region of size 8298496
03-15 00:20:39.762  1767  1857 D gralloc_ranchu: gralloc_alloc: Creating ashmem region of size 8298496
03-15 00:20:39.769  8124  8177 D EGL_emulation: eglMakeCurrent: 0xd921a120: ver 3 0 (tinfo 0xd920f390)
03-15 00:20:39.783  1767 23050 D gralloc_ranchu: gralloc_alloc: Creating ashmem region of size 8298496
03-15 00:20:39.795  2024  2048 W InputReader: Device has associated, but no associated display id.
03-15 00:20:39.797  2024  2048 I chatty  : uid=1000(system) android.anim identical 18 lines
03-15 00:20:39.797  2024  2048 W InputReader: Device has associated, but no associated display id.
03-15 00:20:39.806  8124  8177 D EGL_emulation: eglMakeCurrent: 0xd921a120: ver 3 0 (tinfo 0xd920f390)
03-15 00:20:39.857  8124  8177 D EGL_emulation: eglMakeCurrent: 0xd921a120: ver 3 0 (tinfo 0xd920f390)
03-15 00:20:39.971  8124  9585 D OK      : request got status: 200
03-15 00:20:39.986  8124 10671 D OK      : calling: https://oauth.reddit.com/comments/fis2ud/.json?sort=confidence
03-15 00:20:40.157  7822  7836 I mit.droidbotap: Background young concurrent copying GC freed 10881(428KB) AllocSpace objects, 6(344KB) LOS objects, 0% free, 3721KB/3721KB, paused 18us total 128.999ms
03-15 00:20:40.353  8124 10650 D OK      : request got status: 200
03-15 00:20:40.385  8124  9585 I PostListingFragment: Successfully precached https://i.redd.it/6eoixgw1qpm41.jpg
03-15 00:20:40.385  8124  9585 D OK      : calling: https://i.redd.it/8qbvct3tepm41.jpg
03-15 00:20:40.455  1766  2316 E GnssHAL_GnssInterface: gnssSvStatusCb: a: input svInfo.flags is 8
03-15 00:20:40.455  1766  2316 E GnssHAL_GnssInterface: gnssSvStatusCb: b: input svInfo.flags is 8
03-15 00:20:40.470  8124  9582 I PostListingFragment: Successfully precached https://v.redd.it/hmez9tmizpm41/DASH_480
03-15 00:20:40.471  8124  9582 D OK      : calling: https://v.redd.it/fqd7o5p7rpm41/DASH_480
03-15 00:20:40.536  7822  7836 I mit.droidbotap: Background concurrent copying GC freed 34465(1296KB) AllocSpace objects, 29(3084KB) LOS objects, 49% free, 3613KB/7227KB, paused 17us total 352.873ms
03-15 00:20:40.588  8124  9585 D OK      : request got status: 200
03-15 00:20:40.647  8124  9585 I PostListingFragment: Successfully precached https://i.redd.it/8qbvct3tepm41.jpg
03-15 00:20:40.647  8124  9585 D OK      : calling: https://v.redd.it/6e9gnxyhupm41/DASH_480
03-15 00:20:40.658  8124  9582 D OK      : request got status: 200
03-15 00:20:40.669  1748 10693 E ResolverController: No valid NAT64 prefix (100, <unspecified>/0)
03-15 00:20:40.802  8124 10650 I PostListingFragment: Successfully precached https://oauth.reddit.com/comments/fisvi6/.json?sort=confidence
03-15 00:20:40.827  8124  9585 D OK      : request got status: 200
03-15 00:20:40.944  8124  8140 I adger.redreade: Background young concurrent copying GC freed 40020(3454KB) AllocSpace objects, 58(2696KB) LOS objects, 35% free, 10MB/16MB, paused 18us total 112.220ms
03-15 00:20:40.944  8124  8142 W System  : A resource failed to call end. 
03-15 00:20:40.947  8124  8142 W System  : A resource failed to call close. 
03-15 00:20:40.947  8124  8142 W System  : A resource failed to call close. 
03-15 00:20:40.947  8124  8142 W System  : A resource failed to call end. 
03-15 00:20:40.947  8124  8142 W System  : A resource failed to call close. 
03-15 00:20:40.948  8124  8142 I chatty  : uid=10147(org.quantumbadger.redreader) FinalizerDaemon identical 16 lines
03-15 00:20:40.948  8124  8142 W System  : A resource failed to call close. 
03-15 00:20:40.948  8124  8142 W System  : A resource failed to call end. 
03-15 00:20:40.948  8124  8142 W System  : A resource failed to call close. 
03-15 00:20:40.959  8124  8142 I chatty  : uid=10147(org.quantumbadger.redreader) FinalizerDaemon identical 4 lines
03-15 00:20:40.959  8124  8142 W System  : A resource failed to call close. 
03-15 00:20:41.111  8124 10707 D OK      : calling: https://oauth.reddit.com/comments/fit30h/.json?sort=confidence
03-15 00:20:41.125  1748 10709 E ResolverController: No valid NAT64 prefix (100, <unspecified>/0)
03-15 00:20:41.280  8124 10671 D OK      : request got status: 200
03-15 00:20:41.463  1766  2316 E GnssHAL_GnssInterface: gnssSvStatusCb: a: input svInfo.flags is 8
03-15 00:20:41.463  1766  2316 E GnssHAL_GnssInterface: gnssSvStatusCb: b: input svInfo.flags is 8
03-15 00:20:41.499  8124 10671 I PostListingFragment: Successfully precached https://oauth.reddit.com/comments/fis2ud/.json?sort=confidence
03-15 00:20:41.536  8124 10296 I PostListingFragment: Successfully precached https://v.redd.it/v6jy3zl9wpm41/DASH_480
03-15 00:20:41.536  8124 10296 D OK      : calling: https://v.redd.it/6e9gnxyhupm41/audio
03-15 00:20:41.647  8124 10296 D OK      : request got status: 200
03-15 00:20:41.655  8124 10707 D OK      : request got status: 200
03-15 00:20:41.706  8124 10707 I PostListingFragment: Successfully precached https://oauth.reddit.com/comments/fit30h/.json?sort=confidence
03-15 00:20:41.724  8124  8647 W System  : A resource failed to call response.body().close(). 
03-15 00:20:41.726  8124  8647 I chatty  : uid=10147(org.quantumbadger.redreader) OkHttp Connecti identical 19 lines
03-15 00:20:41.726  8124  8647 W System  : A resource failed to call response.body().close(). 
03-15 00:20:41.857  8124  9582 I PostListingFragment: Successfully precached https://v.redd.it/fqd7o5p7rpm41/DASH_480
03-15 00:20:41.857  8124  9582 D OK      : calling: https://i.imgur.com/guCfqoD.mp4
03-15 00:20:41.893  1748 10743 E ResolverController: No valid NAT64 prefix (100, <unspecified>/0)
03-15 00:20:42.006  8124 10296 I PostListingFragment: Successfully precached https://v.redd.it/6e9gnxyhupm41/audio
03-15 00:20:42.007  8124 10296 D OK      : calling: https://v.redd.it/mt3cxvy0knm41/audio
03-15 00:20:42.089  8124 10296 D OK      : request got status: 200
03-15 00:20:42.123  8124  9582 D OK      : request got status: 200
03-15 00:20:42.312  8124 10768 D OK      : calling: https://oauth.reddit.com/comments/fitcvf/.json?sort=confidence
03-15 00:20:42.325  8124 10296 I PostListingFragment: Successfully precached https://v.redd.it/mt3cxvy0knm41/audio
03-15 00:20:42.325  8124 10296 D OK      : calling: https://v.redd.it/0a5qtgqsbpm41/DASH_480
03-15 00:20:42.399  8124 10296 D OK      : request got status: 200
03-15 00:20:42.462  1766  2316 E GnssHAL_GnssInterface: gnssSvStatusCb: a: input svInfo.flags is 8
03-15 00:20:42.462  1766  2316 E GnssHAL_GnssInterface: gnssSvStatusCb: b: input svInfo.flags is 8
03-15 00:20:42.856  1767 23050 D gralloc_ranchu: gralloc_alloc: Creating ashmem region of size 1495040
03-15 00:20:42.862  1767 23050 I chatty  : uid=1000(system) HwBinder:1767_3 identical 1 line
03-15 00:20:42.866  1767 23050 D gralloc_ranchu: gralloc_alloc: Creating ashmem region of size 1495040
03-15 00:20:42.959  8124  8177 D EGL_emulation: eglMakeCurrent: 0xd921a120: ver 3 0 (tinfo 0xd920f390)
03-15 00:20:43.239  8124  8177 I chatty  : uid=10147(org.quantumbadger.redreader) RenderThread identical 5 lines
03-15 00:20:43.305  8124  8177 D EGL_emulation: eglMakeCurrent: 0xd921a120: ver 3 0 (tinfo 0xd920f390)
03-15 00:20:43.466  1766  2316 E GnssHAL_GnssInterface: gnssSvStatusCb: a: input svInfo.flags is 8
03-15 00:20:43.466  1766  2316 E GnssHAL_GnssInterface: gnssSvStatusCb: b: input svInfo.flags is 8
03-15 00:20:43.576  8124 10809 D OK      : calling: https://oauth.reddit.com/comments/fir304/.json?sort=confidence
03-15 00:20:43.597  1748 10813 E ResolverController: No valid NAT64 prefix (100, <unspecified>/0)
03-15 00:20:43.747  8124 10768 D OK      : request got status: 200
03-15 00:20:43.872  8124  9585 I PostListingFragment: Successfully precached https://v.redd.it/6e9gnxyhupm41/DASH_480
03-15 00:20:43.873  8124  9585 D OK      : calling: https://v.redd.it/0a5qtgqsbpm41/audio
03-15 00:20:43.924  8124  9585 D OK      : request got status: 200
03-15 00:20:43.949  8124 10296 I PostListingFragment: Successfully precached https://v.redd.it/0a5qtgqsbpm41/DASH_480
03-15 00:20:43.956  8124 10296 D OK      : calling: https://v.redd.it/5g1pit76pqm41/DASH_480
03-15 00:20:43.985  8124 10768 I PostListingFragment: Successfully precached https://oauth.reddit.com/comments/fitcvf/.json?sort=confidence
03-15 00:20:44.008  8124 10296 D OK      : request got status: 200
03-15 00:20:44.055  8124  9585 I PostListingFragment: Successfully precached https://v.redd.it/0a5qtgqsbpm41/audio
03-15 00:20:44.055  8124  9585 D OK      : calling: https://i.redd.it/usn6njnsxpm41.jpg
03-15 00:20:44.060  1748 10841 E ResolverController: No valid NAT64 prefix (100, <unspecified>/0)
03-15 00:20:44.226  8124  9585 D OK      : request got status: 200
03-15 00:20:44.311  8124  9585 I PostListingFragment: Successfully precached https://i.redd.it/usn6njnsxpm41.jpg
03-15 00:20:44.311  8124  9585 D OK      : calling: https://i.imgur.com/cpVGMFY.jpg
03-15 00:20:44.326  1748 10849 E ResolverController: No valid NAT64 prefix (100, <unspecified>/0)
03-15 00:20:44.474  1766  2316 E GnssHAL_GnssInterface: gnssSvStatusCb: a: input svInfo.flags is 8
03-15 00:20:44.474  1766  2316 E GnssHAL_GnssInterface: gnssSvStatusCb: b: input svInfo.flags is 8
03-15 00:20:44.543  1767 23050 D gralloc_ranchu: gralloc_alloc: Creating ashmem region of size 7372800
03-15 00:20:44.565  1767 23050 D gralloc_ranchu: gralloc_alloc: Creating ashmem region of size 7372800
03-15 00:20:44.586  1767  1857 D gralloc_ranchu: gralloc_alloc: Creating ashmem region of size 7372800
03-15 00:20:44.717  8124 10857 D OK      : calling: https://oauth.reddit.com/comments/fiok4j/.json?sort=confidence
03-15 00:20:44.778  8124  8177 D EGL_emulation: eglMakeCurrent: 0xd921a120: ver 3 0 (tinfo 0xd920f390)
03-15 00:20:44.820  8124  8177 D EGL_emulation: eglMakeCurrent: 0xd921a120: ver 3 0 (tinfo 0xd920f390)
03-15 00:20:44.869  8124  8124 I Choreographer: Skipped 35 frames!  The application may be doing too much work on its main thread.
03-15 00:20:44.915  8124  8177 D EGL_emulation: eglMakeCurrent: 0xd921a120: ver 3 0 (tinfo 0xd920f390)
03-15 00:20:44.910  8124 10809 D OK      : request got status: 200
03-15 00:20:44.995  8124  8177 I OpenGLRenderer: Davey! duration=716ms; Flags=0, IntendedVsync=2949834726392, Vsync=2950418059702, OldestInputEvent=9223372036854775807, NewestInputEvent=0, HandleInputStart=2950426448542, AnimationStart=2950426477377, PerformTraversalsStart=2950435608627, DrawStart=2950456823299, SyncQueued=2950472000761, SyncStart=2950473130095, IssueDrawCommandsStart=2950473561159, SwapBuffers=2950474539325, FrameCompleted=2950552134802, DequeueBufferDuration=1146000, QueueBufferDuration=66347000, 
03-15 00:20:45.045  8124  9585 D OK      : request got status: 200
03-15 00:20:45.123  8124  8177 D EGL_emulation: eglMakeCurrent: 0xd921a120: ver 3 0 (tinfo 0xd920f390)
03-15 00:20:45.132  8124  8177 I chatty  : uid=10147(org.quantumbadger.redreader) RenderThread identical 1 line
03-15 00:20:45.177  8124  8177 D EGL_emulation: eglMakeCurrent: 0xd921a120: ver 3 0 (tinfo 0xd920f390)
03-15 00:20:45.177  8124 10296 I PostListingFragment: Successfully precached https://v.redd.it/5g1pit76pqm41/DASH_480
03-15 00:20:45.178  8124 10296 D OK      : calling: https://i.redd.it/2oqjxxoccpm41.jpg
03-15 00:20:45.200  8124 10296 D OK      : request got status: 200
03-15 00:20:45.260  8124  8177 D EGL_emulation: eglMakeCurrent: 0xd921a120: ver 3 0 (tinfo 0xd920f390)
03-15 00:20:45.300  8124 10296 I PostListingFragment: Successfully precached https://i.redd.it/2oqjxxoccpm41.jpg
03-15 00:20:45.300  8124 10296 D OK      : calling: https://i.redd.it/ctcf83z05pm41.jpg
03-15 00:20:45.369  8124 10296 D OK      : request got status: 200
03-15 00:20:45.486  1766  2316 E GnssHAL_GnssInterface: gnssSvStatusCb: a: input svInfo.flags is 8
03-15 00:20:45.486  1766  2316 E GnssHAL_GnssInterface: gnssSvStatusCb: b: input svInfo.flags is 8
03-15 00:20:45.533  1757  3626 W audio_hw_generic: Not supplying enough data to HAL, expected position 62436129 , only wrote 62436077
03-15 00:20:45.548  1757  3626 W audio_hw_generic: Not supplying enough data to HAL, expected position 62436748 , only wrote 62436738
03-15 00:20:45.562  7822  7836 I mit.droidbotap: Background young concurrent copying GC freed 17449(879KB) AllocSpace objects, 35(824KB) LOS objects, 42% free, 1693KB/2928KB, paused 29.612ms total 126.078ms
03-15 00:20:45.576  8124 10296 I PostListingFragment: Successfully precached https://i.redd.it/ctcf83z05pm41.jpg
03-15 00:20:45.576  8124 10296 D OK      : calling: https://i.redd.it/gyepqo98kpm41.jpg
03-15 00:20:45.634  8124 10296 D OK      : request got status: 200
03-15 00:20:45.683 10842 10842 D AndroidRuntime: >>>>>> START com.android.internal.os.RuntimeInit uid 2000 <<<<<<
03-15 00:20:45.694  8124 10296 I PostListingFragment: Successfully precached https://i.redd.it/gyepqo98kpm41.jpg
03-15 00:20:45.694  8124 10296 D OK      : calling: https://i.redd.it/gu02v3db1nm41.jpg
03-15 00:20:45.705  8124 10296 D OK      : request got status: 200
03-15 00:20:45.707 10842 10842 W app_process: type=1400 audit(0.0:2024): avc: denied { read } for name="u:object_r:device_config_runtime_native_boot_prop:s0" dev="tmpfs" ino=6815 scontext=u:r:shell:s0 tcontext=u:object_r:device_config_runtime_native_boot_prop:s0 tclass=file permissive=0
03-15 00:20:45.723 10842 10842 E libc    : Access denied finding property "persist.device_config.runtime_native_boot.enable_apex_image"
03-15 00:20:45.723 10842 10842 I AndroidRuntime: Using default boot image
03-15 00:20:45.725 10842 10842 E libc    : Access denied finding property "persist.device_config.runtime_native_boot.disable_lock_profiling"
03-15 00:20:45.725 10842 10842 I AndroidRuntime: Leaving lock profiling enabled
03-15 00:20:45.725 10842 10842 E libc    : Access denied finding property "persist.device_config.runtime_native_boot.enable_generational_cc"
03-15 00:20:45.717 10842 10842 W app_process: type=1400 audit(0.0:2025): avc: denied { read } for name="u:object_r:device_config_runtime_native_boot_prop:s0" dev="tmpfs" ino=6815 scontext=u:r:shell:s0 tcontext=u:object_r:device_config_runtime_native_boot_prop:s0 tclass=file permissive=0
03-15 00:20:45.746  7822  7836 I mit.droidbotap: Background concurrent copying GC freed 19756(997KB) AllocSpace objects, 38(860KB) LOS objects, 49% free, 1800KB/3600KB, paused 3.919ms total 144.254ms
03-15 00:20:45.779  8124 10296 I PostListingFragment: Successfully precached https://i.redd.it/gu02v3db1nm41.jpg
03-15 00:20:45.779  8124 10296 D OK      : calling: https://i.redd.it/ctcf83z05pm41.jpg
03-15 00:20:45.789  8124 10296 D OK      : request got status: 200
03-15 00:20:45.804  8124  8140 I adger.redreade: Background young concurrent copying GC freed 25354(3773KB) AllocSpace objects, 20(1360KB) LOS objects, 25% free, 12MB/16MB, paused 5.518ms total 378.756ms
03-15 00:20:45.805  8124  8142 W System  : A resource failed to call end. 
03-15 00:20:45.809  8124  8142 I chatty  : uid=10147(org.quantumbadger.redreader) FinalizerDaemon identical 1 line
03-15 00:20:45.809  8124  8142 W System  : A resource failed to call end. 
03-15 00:20:45.837  8124 10809 I PostListingFragment: Successfully precached https://oauth.reddit.com/comments/fir304/.json?sort=confidence
03-15 00:20:45.860  8124 10296 I PostListingFragment: Successfully precached https://i.redd.it/ctcf83z05pm41.jpg
03-15 00:20:45.860  8124 10296 D OK      : calling: https://v.redd.it/ankz7vgpdpm41/audio
03-15 00:20:45.887 10842 10842 D ICU     : Time zone APEX file found: /apex/com.android.tzdata/etc/icu/icu_tzdata.dat
03-15 00:20:45.893 10842 10842 W app_process: Unexpected CPU variant for X86 using defaults: x86
03-15 00:20:45.896 10842 10842 I app_process: The ClassLoaderContext is a special shared library.
03-15 00:20:45.907  8124 10296 D OK      : request got status: 200
03-15 00:20:45.923  8124 10895 D OK      : calling: https://oauth.reddit.com/comments/fikg3k/.json?sort=confidence
03-15 00:20:45.929 10842 10842 W app_process: JNI RegisterNativeMethods: attempt to register 0 native methods for android.media.AudioAttributes
03-15 00:20:45.934 10842 10842 D AndroidRuntime: Calling main entry com.android.commands.input.Input
03-15 00:20:45.940  1748 10898 E ResolverController: No valid NAT64 prefix (100, <unspecified>/0)
03-15 00:20:45.999  8124 10857 D OK      : request got status: 200
03-15 00:20:46.144 10842 10842 D AndroidRuntime: Shutting down VM
03-15 00:20:46.153  8124  8124 W InputEventReceiver: Attempted to finish an input event but the input event receiver has already been disposed.
03-15 00:20:46.161  8124  8177 D EGL_emulation: eglMakeCurrent: 0xd921a120: ver 3 0 (tinfo 0xd920f390)
03-15 00:20:46.161  2024  3252 E InputDispatcher: Window handle Window{25086e2 u0 org.quantumbadger.redreader/org.quantumbadger.redreader.activities.MainActivity} has no registered input channel
03-15 00:20:46.260  8124 10895 D OK      : request got status: 200
03-15 00:20:46.283  7822  7862 I mit.droidbotap: Waiting for a blocking GC ProfileSaver
03-15 00:20:46.298  8124 10857 I PostListingFragment: Successfully precached https://oauth.reddit.com/comments/fiok4j/.json?sort=confidence
03-15 00:20:46.306  8124 10296 I PostListingFragment: Successfully precached https://v.redd.it/ankz7vgpdpm41/audio
03-15 00:20:46.306  8124 10296 D OK      : calling: https://v.redd.it/ankz7vgpdpm41/DASH_360
03-15 00:20:46.327  7822  7862 I mit.droidbotap: WaitForGcToComplete blocked ProfileSaver on HeapTrim for 43.783ms
03-15 00:20:46.337  8124 10296 D OK      : request got status: 200
03-15 00:20:46.463  7822  7836 I mit.droidbotap: Background concurrent copying GC freed 22753(869KB) AllocSpace objects, 31(1328KB) LOS objects, 49% free, 3238KB/6476KB, paused 58us total 109.737ms
03-15 00:20:46.498  1766  2316 E GnssHAL_GnssInterface: gnssSvStatusCb: a: input svInfo.flags is 8
03-15 00:20:46.504  1766  2316 E GnssHAL_GnssInterface: gnssSvStatusCb: b: input svInfo.flags is 8
03-15 00:20:46.714  8124  9585 I PostListingFragment: Successfully precached https://i.imgur.com/cpVGMFY.jpg
03-15 00:20:46.714  8124  9585 D OK      : calling: https://v.redd.it/9ye9wm157qm41/DASH_480
03-15 00:20:46.738  8124 10895 I PostListingFragment: Successfully precached https://oauth.reddit.com/comments/fikg3k/.json?sort=confidence
03-15 00:20:46.812  8124  9585 D OK      : request got status: 200
03-15 00:20:47.118  8124 10925 D OK      : calling: https://oauth.reddit.com/comments/fidlaq/.json?sort=confidence
03-15 00:20:47.333  1757 14465 W audio_hw_generic: Not supplying enough data to HAL, expected position 62593329 , only wrote 62515397
03-15 00:20:47.482  1766  2316 E GnssHAL_GnssInterface: gnssSvStatusCb: a: input svInfo.flags is 8
03-15 00:20:47.482  1766  2316 E GnssHAL_GnssInterface: gnssSvStatusCb: b: input svInfo.flags is 8
03-15 00:20:47.678  8124  9585 I PostListingFragment: Successfully precached https://v.redd.it/9ye9wm157qm41/DASH_480
03-15 00:20:47.678  8124  9585 D OK      : calling: https://v.redd.it/9ye9wm157qm41/audio
03-15 00:20:47.735  8124 10925 D OK      : request got status: 200
03-15 00:20:47.787  8124 10925 I PostListingFragment: Successfully precached https://oauth.reddit.com/comments/fidlaq/.json?sort=confidence
03-15 00:20:47.813  8124  9585 D OK      : request got status: 200
03-15 00:20:47.913  8124  9585 I PostListingFragment: Successfully precached https://v.redd.it/9ye9wm157qm41/audio
03-15 00:20:48.325  8124 10992 D OK      : calling: https://oauth.reddit.com/comments/fikwwd/.json?sort=confidence
03-15 00:20:48.328  1748 10994 E ResolverController: No valid NAT64 prefix (100, <unspecified>/0)
03-15 00:20:48.486  1766  2316 E GnssHAL_GnssInterface: gnssSvStatusCb: a: input svInfo.flags is 8
03-15 00:20:48.486  1766  2316 E GnssHAL_GnssInterface: gnssSvStatusCb: b: input svInfo.flags is 8
03-15 00:20:48.728 11015 11015 D AndroidRuntime: >>>>>> START com.android.internal.os.RuntimeInit uid 2000 <<<<<<
03-15 00:20:48.717 11015 11015 W app_process: type=1400 audit(0.0:2027): avc: denied { read } for name="u:object_r:device_config_runtime_native_boot_prop:s0" dev="tmpfs" ino=6815 scontext=u:r:shell:s0 tcontext=u:object_r:device_config_runtime_native_boot_prop:s0 tclass=file permissive=0
03-15 00:20:48.732 11015 11015 E libc    : Access denied finding property "persist.device_config.runtime_native_boot.enable_apex_image"
03-15 00:20:48.733 11015 11015 I AndroidRuntime: Using default boot image
03-15 00:20:48.733 11015 11015 E libc    : Access denied finding property "persist.device_config.runtime_native_boot.disable_lock_profiling"
03-15 00:20:48.733 11015 11015 I AndroidRuntime: Leaving lock profiling enabled
03-15 00:20:48.733 11015 11015 E libc    : Access denied finding property "persist.device_config.runtime_native_boot.enable_generational_cc"
03-15 00:20:48.717 11015 11015 W app_process: type=1400 audit(0.0:2028): avc: denied { read } for name="u:object_r:device_config_runtime_native_boot_prop:s0" dev="tmpfs" ino=6815 scontext=u:r:shell:s0 tcontext=u:object_r:device_config_runtime_native_boot_prop:s0 tclass=file permissive=0
03-15 00:20:48.727 11015 11015 W app_process: type=1400 audit(0.0:2029): avc: denied { read } for name="u:object_r:device_config_runtime_native_boot_prop:s0" dev="tmpfs" ino=6815 scontext=u:r:shell:s0 tcontext=u:object_r:device_config_runtime_native_boot_prop:s0 tclass=file permissive=0
03-15 00:20:48.827 11015 11015 D ICU     : Time zone APEX file found: /apex/com.android.tzdata/etc/icu/icu_tzdata.dat
03-15 00:20:48.836 11015 11015 W app_process: Unexpected CPU variant for X86 using defaults: x86
03-15 00:20:48.837 11015 11015 I app_process: The ClassLoaderContext is a special shared library.
03-15 00:20:48.857 11015 11015 W app_process: JNI RegisterNativeMethods: attempt to register 0 native methods for android.media.AudioAttributes
03-15 00:20:48.862 11015 11015 D AndroidRuntime: Calling main entry com.android.commands.input.Input
03-15 00:20:49.082 11015 11015 D AndroidRuntime: Shutting down VM
03-15 00:20:49.091  1757  3626 W audio_hw_generic: Not supplying enough data to HAL, expected position 62515527 , only wrote 62515397
03-15 00:20:49.489  1766  2316 E GnssHAL_GnssInterface: gnssSvStatusCb: a: input svInfo.flags is 8
03-15 00:20:49.490  1766  2316 E GnssHAL_GnssInterface: gnssSvStatusCb: b: input svInfo.flags is 8
03-15 00:20:49.569  8124 11030 D OK      : calling: https://oauth.reddit.com/comments/fir8cg/.json?sort=confidence
03-15 00:20:49.653  8124  8159 I adger.redreade: Waiting for a blocking GC ProfileSaver
03-15 00:20:49.726  8124 10992 D OK      : request got status: 200
03-15 00:20:49.868  8124 10296 I PostListingFragment: Successfully precached https://v.redd.it/ankz7vgpdpm41/DASH_360
03-15 00:20:49.882  1767  1857 D gralloc_ranchu: gralloc_alloc: Creating ashmem region of size 1495040
03-15 00:20:49.896  1767  1857 I chatty  : uid=1000(system) HwBinder:1767_1 identical 1 line
03-15 00:20:49.914  1767  1857 D gralloc_ranchu: gralloc_alloc: Creating ashmem region of size 1495040
03-15 00:20:49.917  8124  8177 D EGL_emulation: eglMakeCurrent: 0xd921a120: ver 3 0 (tinfo 0xd920f390)
03-15 00:20:50.020  8124  8177 I chatty  : uid=10147(org.quantumbadger.redreader) RenderThread identical 5 lines
03-15 00:20:50.044  8124  8177 D EGL_emulation: eglMakeCurrent: 0xd921a120: ver 3 0 (tinfo 0xd920f390)
03-15 00:20:50.058  7822  7836 I mit.droidbotap: Background young concurrent copying GC freed 50638(1917KB) AllocSpace objects, 44(2624KB) LOS objects, 67% free, 2093KB/6476KB, paused 36us total 105.414ms
03-15 00:20:50.135  8124  8177 D EGL_emulation: eglMakeCurrent: 0xd921a120: ver 3 0 (tinfo 0xd920f390)
03-15 00:20:50.147  8124  8177 D EGL_emulation: eglMakeCurrent: 0xd921a120: ver 3 0 (tinfo 0xd920f390)
03-15 00:20:50.493  1766  2316 E GnssHAL_GnssInterface: gnssSvStatusCb: a: input svInfo.flags is 8
03-15 00:20:50.493  1766  2316 E GnssHAL_GnssInterface: gnssSvStatusCb: b: input svInfo.flags is 8
03-15 00:20:50.585  3727  3737 I ndroid.systemu: Background young concurrent copying GC freed 220018(5209KB) AllocSpace objects, 0(0B) LOS objects, 49% free, 5419KB/10MB, paused 54us total 318.274ms
03-15 00:20:50.758  8124 11088 D OK      : calling: https://oauth.reddit.com/comments/fitddg/.json?sort=confidence
03-15 00:20:50.759  8124  8140 I adger.redreade: Background concurrent copying GC freed 43226(4830KB) AllocSpace objects, 90(6120KB) LOS objects, 47% free, 6666KB/12MB, paused 156us total 1.212s
03-15 00:20:50.759  8124  8159 I adger.redreade: WaitForGcToComplete blocked ProfileSaver on HeapTrim for 1.105s
03-15 00:20:50.765  8124  8142 W System  : A resource failed to call end. 
03-15 00:20:50.770  8124  8142 I chatty  : uid=10147(org.quantumbadger.redreader) FinalizerDaemon identical 6 lines
03-15 00:20:50.770  8124  8142 W System  : A resource failed to call end. 
03-15 00:20:50.782  1748 11091 E ResolverController: No valid NAT64 prefix (100, <unspecified>/0)
03-15 00:20:50.829  8124 10992 I PostListingFragment: Successfully precached https://oauth.reddit.com/comments/fikwwd/.json?sort=confidence
03-15 00:20:51.066  8124 11088 D OK      : request got status: 200
03-15 00:20:51.069  8124 11030 D OK      : request got status: 200
03-15 00:20:51.070  8124  9590 I PostListingFragment: Successfully precached https://giant.gfycat.com/FaroffHighlevelFlee.mp4
03-15 00:20:51.198  8124 11088 I PostListingFragment: Successfully precached https://oauth.reddit.com/comments/fitddg/.json?sort=confidence
03-15 00:20:51.249  8124 11030 I PostListingFragment: Successfully precached https://oauth.reddit.com/comments/fir8cg/.json?sort=confidence
03-15 00:20:51.497  1766  2316 E GnssHAL_GnssInterface: gnssSvStatusCb: a: input svInfo.flags is 8
03-15 00:20:51.497  1766  2316 E GnssHAL_GnssInterface: gnssSvStatusCb: b: input svInfo.flags is 8
03-15 00:20:51.739  8124  8647 W System  : A resource failed to call response.body().close(). 
03-15 00:20:51.746  8124  8647 I chatty  : uid=10147(org.quantumbadger.redreader) OkHttp Connecti identical 62 lines
03-15 00:20:51.746  8124  8647 W System  : A resource failed to call response.body().close(). 
03-15 00:20:51.959  8124 11136 D OK      : calling: https://oauth.reddit.com/comments/fioaim/.json?sort=confidence
03-15 00:20:52.287  8124  9582 I PostListingFragment: Successfully precached https://i.imgur.com/guCfqoD.mp4
03-15 00:20:52.424  1767  1857 D gralloc_ranchu: gralloc_alloc: Creating ashmem region of size 3674112
03-15 00:20:52.445  1767  1857 D gralloc_ranchu: gralloc_alloc: Creating ashmem region of size 3674112
03-15 00:20:52.448  1767 23050 D gralloc_ranchu: gralloc_alloc: Creating ashmem region of size 3674112
03-15 00:20:52.460  8124  8177 D EGL_emulation: eglMakeCurrent: 0xd921a120: ver 3 0 (tinfo 0xd920f390)
03-15 00:20:52.502  1766  2316 E GnssHAL_GnssInterface: gnssSvStatusCb: a: input svInfo.flags is 8
03-15 00:20:52.502  1766  2316 E GnssHAL_GnssInterface: gnssSvStatusCb: b: input svInfo.flags is 8
03-15 00:20:52.554  8124  8177 D EGL_emulation: eglMakeCurrent: 0xd921a120: ver 3 0 (tinfo 0xd920f390)
03-15 00:20:52.646  8124  8177 I chatty  : uid=10147(org.quantumbadger.redreader) RenderThread identical 3 lines
03-15 00:20:52.662  8124  8177 D EGL_emulation: eglMakeCurrent: 0xd921a120: ver 3 0 (tinfo 0xd920f390)
03-15 00:20:52.867  1859  1859 E netmgr  : Failed to open QEMU pipe 'qemud:network': Invalid argument
03-15 00:20:53.150  8124 11203 D OK      : calling: https://oauth.reddit.com/comments/fiqyhu/.json?sort=confidence
03-15 00:20:53.353  1863  1863 E wifi_forwarder: RemoteConnection failed to initialize: RemoteConnection failed to open pipe
03-15 00:20:53.506  1766  2316 E GnssHAL_GnssInterface: gnssSvStatusCb: a: input svInfo.flags is 8
03-15 00:20:53.506  1766  2316 E GnssHAL_GnssInterface: gnssSvStatusCb: b: input svInfo.flags is 8
03-15 00:20:53.615 11227 11227 D AndroidRuntime: >>>>>> START com.android.internal.os.RuntimeInit uid 2000 <<<<<<
03-15 00:20:53.619 11227 11227 E libc    : Access denied finding property "persist.device_config.runtime_native_boot.enable_apex_image"
03-15 00:20:53.619 11227 11227 I AndroidRuntime: Using default boot image
03-15 00:20:53.607 11227 11227 W app_process: type=1400 audit(0.0:2030): avc: denied { read } for name="u:object_r:device_config_runtime_native_boot_prop:s0" dev="tmpfs" ino=6815 scontext=u:r:shell:s0 tcontext=u:object_r:device_config_runtime_native_boot_prop:s0 tclass=file permissive=0
03-15 00:20:53.619 11227 11227 E libc    : Access denied finding property "persist.device_config.runtime_native_boot.disable_lock_profiling"
03-15 00:20:53.619 11227 11227 I AndroidRuntime: Leaving lock profiling enabled
03-15 00:20:53.620 11227 11227 E libc    : Access denied finding property "persist.device_config.runtime_native_boot.enable_generational_cc"
03-15 00:20:53.626 11227 11227 W app_process: Could not reserve sentinel fault page
03-15 00:20:53.719 11227 11227 D ICU     : Time zone APEX file found: /apex/com.android.tzdata/etc/icu/icu_tzdata.dat
03-15 00:20:53.730 11227 11227 W app_process: Unexpected CPU variant for X86 using defaults: x86
03-15 00:20:53.737 11227 11227 I app_process: The ClassLoaderContext is a special shared library.
03-15 00:20:53.765 11227 11227 W app_process: JNI RegisterNativeMethods: attempt to register 0 native methods for android.media.AudioAttributes
03-15 00:20:53.768 11227 11227 D AndroidRuntime: Calling main entry com.android.commands.input.Input
03-15 00:20:53.795  8124 11136 D OK      : request got status: 200
03-15 00:20:53.857  8124  8177 D EGL_emulation: eglMakeCurrent: 0xd921a120: ver 3 0 (tinfo 0xd920f390)
03-15 00:20:53.985  8124 11136 I PostListingFragment: Successfully precached https://oauth.reddit.com/comments/fioaim/.json?sort=confidence
03-15 00:20:54.221  8124  8177 D EGL_emulation: eglMakeCurrent: 0xd921a120: ver 3 0 (tinfo 0xd920f390)
03-15 00:20:54.247 11227 11227 D AndroidRuntime: Shutting down VM
03-15 00:20:54.256  8124  8124 W InputEventReceiver: Attempted to finish an input event but the input event receiver has already been disposed.
03-15 00:20:54.267  8124  8177 D EGL_emulation: eglMakeCurrent: 0xd921a120: ver 3 0 (tinfo 0xd920f390)
03-15 00:20:54.354  8124 11248 D OK      : calling: https://oauth.reddit.com/comments/fijec5/.json?sort=confidence
03-15 00:20:54.512  1766  2316 E GnssHAL_GnssInterface: gnssSvStatusCb: a: input svInfo.flags is 8
03-15 00:20:54.512  1766  2316 E GnssHAL_GnssInterface: gnssSvStatusCb: b: input svInfo.flags is 8
03-15 00:20:54.651  8124 11203 D OK      : request got status: 200
03-15 00:20:54.715  7822  7836 I mit.droidbotap: Background concurrent copying GC freed 23809(924KB) AllocSpace objects, 17(916KB) LOS objects, 49% free, 3074KB/6148KB, paused 8.836ms total 205.053ms
03-15 00:20:54.796  8124 11203 I PostListingFragment: Successfully precached https://oauth.reddit.com/comments/fiqyhu/.json?sort=confidence
03-15 00:20:55.088  1757 14465 W audio_hw_generic: Not supplying enough data to HAL, expected position 63043499 , only wrote 62779797
03-15 00:20:55.516  1766  2316 E GnssHAL_GnssInterface: gnssSvStatusCb: a: input svInfo.flags is 8
03-15 00:20:55.516  1766  2316 E GnssHAL_GnssInterface: gnssSvStatusCb: b: input svInfo.flags is 8
03-15 00:20:55.557  8124 11266 D OK      : calling: https://oauth.reddit.com/comments/fikykq/.json?sort=confidence
03-15 00:20:55.642  8124 11248 D OK      : request got status: 200
03-15 00:20:55.697  8124 10300 I PostListingFragment: Successfully precached https://giant.gfycat.com/FaroffHighlevelFlee.mp4
03-15 00:20:55.750  8124 11248 I PostListingFragment: Successfully precached https://oauth.reddit.com/comments/fijec5/.json?sort=confidence
03-15 00:20:55.777  8124 11266 D OK      : request got status: 200
03-15 00:20:55.798  8124 11266 I PostListingFragment: Successfully precached https://oauth.reddit.com/comments/fikykq/.json?sort=confidence
03-15 00:20:56.453  1757  3626 W audio_hw_generic: Not supplying enough data to HAL, expected position 62779902 , only wrote 62779797
03-15 00:20:56.525  1766  2316 E GnssHAL_GnssInterface: gnssSvStatusCb: a: input svInfo.flags is 8
03-15 00:20:56.525  1766  2316 E GnssHAL_GnssInterface: gnssSvStatusCb: b: input svInfo.flags is 8
03-15 00:20:56.715  1767 23050 D gralloc_ranchu: gralloc_alloc: Creating ashmem region of size 1495040
03-15 00:20:56.729  1767 23050 D gralloc_ranchu: gralloc_alloc: Creating ashmem region of size 1495040
03-15 00:20:56.731  8124  8177 D EGL_emulation: eglMakeCurrent: 0xd921a120: ver 3 0 (tinfo 0xd920f390)
03-15 00:20:56.743  1767 23050 D gralloc_ranchu: gralloc_alloc: Creating ashmem region of size 1495040
03-15 00:20:56.795  8124  8177 D EGL_emulation: eglMakeCurrent: 0xd921a120: ver 3 0 (tinfo 0xd920f390)
03-15 00:20:56.805  8124  8177 D EGL_emulation: eglMakeCurrent: 0xd921a120: ver 3 0 (tinfo 0xd920f390)
03-15 00:20:56.818  8124 11349 D OK      : calling: https://oauth.reddit.com/comments/fiu3wz/.json?sort=confidence
03-15 00:20:56.842  8124  8177 D EGL_emulation: eglMakeCurrent: 0xd921a120: ver 3 0 (tinfo 0xd920f390)
03-15 00:20:56.983  8124  8177 I chatty  : uid=10147(org.quantumbadger.redreader) RenderThread identical 4 lines
03-15 00:20:57.000  8124  8177 D EGL_emulation: eglMakeCurrent: 0xd921a120: ver 3 0 (tinfo 0xd920f390)
03-15 00:20:57.256  7822  7836 I mit.droidbotap: Background young concurrent copying GC freed 34944(1714KB) AllocSpace objects, 57(1820KB) LOS objects, 46% free, 3260KB/6148KB, paused 7.348ms total 72.328ms
03-15 00:20:57.378 11360 11360 D AndroidRuntime: >>>>>> START com.android.internal.os.RuntimeInit uid 2000 <<<<<<
03-15 00:20:57.382 11360 11360 E libc    : Access denied finding property "persist.device_config.runtime_native_boot.enable_apex_image"
03-15 00:20:57.382 11360 11360 I AndroidRuntime: Using default boot image
03-15 00:20:57.382 11360 11360 E libc    : Access denied finding property "persist.device_config.runtime_native_boot.disable_lock_profiling"
03-15 00:20:57.382 11360 11360 I AndroidRuntime: Leaving lock profiling enabled
03-15 00:20:57.383 11360 11360 E libc    : Access denied finding property "persist.device_config.runtime_native_boot.enable_generational_cc"
03-15 00:20:57.367 11360 11360 W app_process: type=1400 audit(0.0:2033): avc: denied { read } for name="u:object_r:device_config_runtime_native_boot_prop:s0" dev="tmpfs" ino=6815 scontext=u:r:shell:s0 tcontext=u:object_r:device_config_runtime_native_boot_prop:s0 tclass=file permissive=0
03-15 00:20:57.432  8124 11349 D OK      : request got status: 200
03-15 00:20:57.463  8124 11349 I PostListingFragment: Successfully precached https://oauth.reddit.com/comments/fiu3wz/.json?sort=confidence
03-15 00:20:57.479 11360 11360 D ICU     : Time zone APEX file found: /apex/com.android.tzdata/etc/icu/icu_tzdata.dat
03-15 00:20:57.486 11360 11360 W app_process: Unexpected CPU variant for X86 using defaults: x86
03-15 00:20:57.491 11360 11360 I app_process: The ClassLoaderContext is a special shared library.
03-15 00:20:57.509 11360 11360 W app_process: JNI RegisterNativeMethods: attempt to register 0 native methods for android.media.AudioAttributes
03-15 00:20:57.515 11360 11360 D AndroidRuntime: Calling main entry com.android.commands.input.Input
03-15 00:20:57.524  1766  2316 E GnssHAL_GnssInterface: gnssSvStatusCb: a: input svInfo.flags is 8
03-15 00:20:57.524  1766  2316 E GnssHAL_GnssInterface: gnssSvStatusCb: b: input svInfo.flags is 8
03-15 00:20:57.603  8124  8177 D EGL_emulation: eglMakeCurrent: 0xd921a120: ver 3 0 (tinfo 0xd920f390)
03-15 00:20:39.726  2024  2993 I chatty  : uid=1000(system) Binder:2024_F identical 2 lines
03-15 00:20:39.729  2024  2993 W InputManager: Input event injection from pid 10655 failed.
03-15 00:20:57.919  2024  2128 W InputManager: Input event injection from pid 11360 failed.
03-15 00:20:57.930  2024  2128 I chatty  : uid=1000(system) Binder:2024_4 identical 3 lines
03-15 00:20:57.941  2024  2128 W InputManager: Input event injection from pid 11360 failed.
03-15 00:20:57.941  2024  3260 W InputManager: Input event injection from pid 11360 failed.
03-15 00:20:57.950  2024  3260 I chatty  : uid=1000(system) Binder:2024_16 identical 25 lines
03-15 00:20:57.951  2024  3260 W InputManager: Input event injection from pid 11360 failed.
03-15 00:20:57.953  2024  2128 W InputManager: Input event injection from pid 11360 failed.
03-15 00:20:57.954  2024  2128 I chatty  : uid=1000(system) Binder:2024_4 identical 2 lines
03-15 00:20:57.957  2024  2128 W InputManager: Input event injection from pid 11360 failed.
03-15 00:20:57.968  2024  2128 W InputManager: Input event injection from pid 11360 permission denied.
03-15 00:20:57.616  8124  8177 I chatty  : uid=10147(org.quantumbadger.redreader) RenderThread identical 1 line
03-15 00:20:57.895  8124  8177 D EGL_emulation: eglMakeCurrent: 0xd921a120: ver 3 0 (tinfo 0xd920f390)
03-15 00:20:57.987 11360 11360 I app_process: System.exit called, status: 1
03-15 00:20:57.987 11360 11360 I AndroidRuntime: VM exiting with result code 1.
03-15 00:20:58.000  8124 11399 D OK      : calling: https://oauth.reddit.com/comments/fimmum/.json?sort=confidence
03-15 00:20:58.012  8124  8177 D EGL_emulation: eglMakeCurrent: 0xd921a120: ver 3 0 (tinfo 0xd920f390)
03-15 00:20:58.029  2024  2816 I ActivityTaskManager: START u0 {dat=https://oauth.reddit.com/... cmp=org.quantumbadger.redreader/.activities.PostListingActivity} from uid 10147
03-15 00:20:58.051  2024  3260 W InputReader: Device has associated, but no associated display id.
03-15 00:20:58.055  2024  3260 I chatty  : uid=1000(system) Binder:2024_16 identical 48 lines
03-15 00:20:58.055  2024  3260 W InputReader: Device has associated, but no associated display id.
03-15 00:20:58.062  8124  8124 W ActivityThread: handleWindowVisibility: no activity for token android.os.BinderProxy@df46fc3
03-15 00:20:58.115  8124  8124 I AppCompatViewInflater: app:theme is now deprecated. Please move to using android:theme instead.
03-15 00:20:58.146  2024  2053 E memtrack: Couldn't load memtrack module
03-15 00:20:58.146  2024  2053 W android.os.Debug: failed to get memory consumption info: -1
03-15 00:20:58.189  2024  2034 I system_server: Background young concurrent copying GC freed 46287(4398KB) AllocSpace objects, 60(1544KB) LOS objects, 29% free, 13MB/18MB, paused 27us total 345.469ms
03-15 00:20:58.324  1767 23050 D gralloc_ranchu: gralloc_alloc: Creating ashmem region of size 8298496
03-15 00:20:58.335  1767 23050 D gralloc_ranchu: gralloc_alloc: Creating ashmem region of size 8298496
03-15 00:20:58.342  1767  1857 D gralloc_ranchu: gralloc_alloc: Creating ashmem region of size 8298496
03-15 00:20:58.360  8124  8177 D EGL_emulation: eglMakeCurrent: 0xd921a120: ver 3 0 (tinfo 0xd920f390)
03-15 00:20:58.383  8124 11399 D OK      : request got status: 200
03-15 00:20:58.452  2024  2048 W InputReader: Device has associated, but no associated display id.
03-15 00:20:58.454  2024  2048 I chatty  : uid=1000(system) android.anim identical 18 lines
03-15 00:20:58.454  2024  2048 W InputReader: Device has associated, but no associated display id.
03-15 00:20:58.495  8124  8177 D EGL_emulation: eglMakeCurrent: 0xd921a120: ver 3 0 (tinfo 0xd920f390)
03-15 00:20:58.509  8124  8177 D EGL_emulation: eglMakeCurrent: 0xd921a120: ver 3 0 (tinfo 0xd920f390)
03-15 00:20:58.528  1766  2316 E GnssHAL_GnssInterface: gnssSvStatusCb: a: input svInfo.flags is 8
03-15 00:20:58.528  1766  2316 E GnssHAL_GnssInterface: gnssSvStatusCb: b: input svInfo.flags is 8
03-15 00:20:58.604  8124 10130 I PostListingFragment: Precaching images: ON
03-15 00:20:58.604  8124 10130 I PostListingFragment: Precaching comments: ON
03-15 00:20:58.767  8124 11399 I PostListingFragment: Successfully precached https://oauth.reddit.com/comments/fimmum/.json?sort=confidence
03-15 00:20:58.989  8124 10130 I getImgurImageInfo: Image tOOcVij: trying API v3 with auth
03-15 00:20:59.163  8124 10130 I getImgurImageInfo: Image DEimSTf: trying API v3 with auth
03-15 00:20:59.186  8124 11444 D OK      : calling: https://oauth.reddit.com/comments/fiqwkk/.json?sort=confidence
03-15 00:20:59.533  1766  2316 E GnssHAL_GnssInterface: gnssSvStatusCb: a: input svInfo.flags is 8
03-15 00:20:59.537  1766  2316 E GnssHAL_GnssInterface: gnssSvStatusCb: b: input svInfo.flags is 8
03-15 00:20:59.919  8124  8140 I adger.redreade: Background young concurrent copying GC freed 43782(3431KB) AllocSpace objects, 27(1308KB) LOS objects, 37% free, 8067KB/12MB, paused 16.974ms total 568.960ms
03-15 00:21:00.035  8124  8142 W System  : A resource failed to call close. 
03-15 00:21:00.035  8124  8142 I chatty  : uid=10147(org.quantumbadger.redreader) FinalizerDaemon identical 7 lines
03-15 00:21:00.035  8124  8142 W System  : A resource failed to call close. 
03-15 00:21:00.041  3727  3846 D EGL_emulation: eglMakeCurrent: 0xd921a420: ver 3 0 (tinfo 0xd920fb60)
03-15 00:21:00.045  8124  8142 W System  : A resource failed to call end. 
03-15 00:21:00.064  8124  8142 I chatty  : uid=10147(org.quantumbadger.redreader) FinalizerDaemon identical 6 lines
03-15 00:21:00.065  8124  8142 W System  : A resource failed to call end. 
03-15 00:21:00.350  8124  8124 W RecyclerView: Cannot call this method in a scroll callback. Scroll callbacks mightbe run during a measure & layout pass where you cannot change theRecyclerView data. Any method call that might change the structureof the RecyclerView or the adapter contents should be postponed tothe next frame.
03-15 00:21:00.350  8124  8124 W RecyclerView: java.lang.IllegalStateException:  android.support.v7.widget.RecyclerView{7fbcea0 VFED..... .F....ID 0,0-1080,1605 #7f0900c7 app:id/scrollbar_recyclerview_recyclerview}, adapter:org.quantumbadger.redreader.adapters.GroupedRecyclerViewAdapter@363d163, layout:android.support.v7.widget.LinearLayoutManager@de8160, context:org.quantumbadger.redreader.activities.PostListingActivity@ef33040
03-15 00:21:00.350  8124  8124 W RecyclerView: 	at android.support.v7.widget.RecyclerView.assertNotInLayoutOrScroll(RecyclerView.java:2890)
03-15 00:21:00.350  8124  8124 W RecyclerView: 	at android.support.v7.widget.RecyclerView$RecyclerViewDataObserver.onItemRangeInserted(RecyclerView.java:5300)
03-15 00:21:00.350  8124  8124 W RecyclerView: 	at android.support.v7.widget.RecyclerView$AdapterDataObservable.notifyItemRangeInserted(RecyclerView.java:12022)
03-15 00:21:00.350  8124  8124 W RecyclerView: 	at android.support.v7.widget.RecyclerView$Adapter.notifyItemInserted(RecyclerView.java:7180)
03-15 00:21:00.350  8124  8124 W RecyclerView: 	at org.quantumbadger.redreader.adapters.GroupedRecyclerViewAdapter.updateHiddenStatus(GroupedRecyclerViewAdapter.java:279)
03-15 00:21:00.350  8124  8124 W RecyclerView: 	at org.quantumbadger.redreader.adapters.RedditListingManager.setLoadingVisible(RedditListingManager.java:125)
03-15 00:21:00.350  8124  8124 W RecyclerView: 	at org.quantumbadger.redreader.fragments.PostListingFragment.onLoadMoreItemsCheck(PostListingFragment.java:465)
03-15 00:21:00.350  8124  8124 W RecyclerView: 	at org.quantumbadger.redreader.fragments.PostListingFragment.access$000(PostListingFragment.java:98)
03-15 00:21:00.350  8124  8124 W RecyclerView: 	at org.quantumbadger.redreader.fragments.PostListingFragment$2.onScrolled(PostListingFragment.java:215)
03-15 00:21:00.350  8124  8124 W RecyclerView: 	at android.support.v7.widget.RecyclerView.dispatchOnScrolled(RecyclerView.java:4961)
03-15 00:21:00.350  8124  8124 W RecyclerView: 	at android.support.v7.widget.RecyclerView.dispatchLayoutStep3(RecyclerView.java:4021)
03-15 00:21:00.350  8124  8124 W RecyclerView: 	at android.support.v7.widget.RecyclerView.dispatchLayout(RecyclerView.java:3652)
03-15 00:21:00.350  8124  8124 W RecyclerView: 	at android.support.v7.widget.RecyclerView.consumePendingUpdateOperations(RecyclerView.java:1888)
03-15 00:21:00.350  8124  8124 W RecyclerView: 	at android.support.v7.widget.RecyclerView$1.run(RecyclerView.java:407)
03-15 00:21:00.350  8124  8124 W RecyclerView: 	at android.view.Choreographer$CallbackRecord.run(Choreographer.java:966)
03-15 00:21:00.350  8124  8124 W RecyclerView: 	at android.view.Choreographer.doCallbacks(Choreographer.java:790)
03-15 00:21:00.350  8124  8124 W RecyclerView: 	at android.view.Choreographer.doFrame(Choreographer.java:721)
03-15 00:21:00.350  8124  8124 W RecyclerView: 	at android.view.Choreographer$FrameDisplayEventReceiver.run(Choreographer.java:951)
03-15 00:21:00.350  8124  8124 W RecyclerView: 	at android.os.Handler.handleCallback(Handler.java:883)
03-15 00:21:00.350  8124  8124 W RecyclerView: 	at android.os.Handler.dispatchMessage(Handler.java:100)
03-15 00:21:00.350  8124  8124 W RecyclerView: 	at android.os.Looper.loop(Looper.java:214)
03-15 00:21:00.350  8124  8124 W RecyclerView: 	at android.app.ActivityThread.main(ActivityThread.java:7356)
03-15 00:21:00.350  8124  8124 W RecyclerView: 	at java.lang.reflect.Method.invoke(Native Method)
03-15 00:21:00.350  8124  8124 W RecyclerView: 	at com.android.internal.os.RuntimeInit$MethodAndArgsCaller.run(RuntimeInit.java:492)
03-15 00:21:00.350  8124  8124 W RecyclerView: 	at com.android.internal.os.ZygoteInit.main(ZygoteInit.java:930)
03-15 00:21:00.438  8124 11495 D OK      : calling: https://oauth.reddit.com/comments/fisqr9/.json?sort=confidence
03-15 00:21:00.438  2024  3028 W InputReader: Device has associated, but no associated display id.
03-15 00:21:00.438  2024  3028 I chatty  : uid=1000(system) Binder:2024_10 identical 8 lines
03-15 00:21:00.438  2024  3028 W InputReader: Device has associated, but no associated display id.
03-15 00:21:00.452  2024  3260 W InputReader: Device has associated, but no associated display id.
03-15 00:21:00.454  2024  3260 I chatty  : uid=1000(system) Binder:2024_16 identical 28 lines
03-15 00:21:00.454  2024  3260 W InputReader: Device has associated, but no associated display id.
03-15 00:21:00.536  1766  2316 E GnssHAL_GnssInterface: gnssSvStatusCb: a: input svInfo.flags is 8
