03-15 00:21:22.290  1767  1857 D gralloc_ranchu: gralloc_alloc: Creating ashmem region of size 9056256
03-15 00:21:22.316  8124 12367 D OK      : calling: https://oauth.reddit.com/comments/fiqhkp/.json?sort=confidence
03-15 00:21:22.396  8124  8177 D EGL_emulation: eglMakeCurrent: 0xd921a120: ver 3 0 (tinfo 0xd920f390)
03-15 00:21:22.420  8124  8177 I OpenGLRenderer: Davey! duration=730ms; Flags=1, IntendedVsync=2987230169216, Vsync=2987680169198, OldestInputEvent=9223372036854775807, NewestInputEvent=0, HandleInputStart=2987695929784, AnimationStart=2987695952547, PerformTraversalsStart=2987696081313, DrawStart=2987884210415, SyncQueued=2987937313363, SyncStart=2987953973810, IssueDrawCommandsStart=2987954446638, SwapBuffers=2987958831684, FrameCompleted=2987977296647, DequeueBufferDuration=399000, QueueBufferDuration=7920000, 
03-15 00:21:22.460  1767  1857 D gralloc_ranchu: gralloc_alloc: Creating ashmem region of size 8298496
03-15 00:21:22.502  1767  1857 D gralloc_ranchu: gralloc_alloc: Creating ashmem region of size 8298496
03-15 00:21:22.543  1767 23050 D gralloc_ranchu: gralloc_alloc: Creating ashmem region of size 8298496
03-15 00:21:22.554  8124  8177 D EGL_emulation: eglMakeCurrent: 0xd921a120: ver 3 0 (tinfo 0xd920f390)
03-15 00:21:22.601  8124  8177 I OpenGLRenderer: Davey! duration=890ms; Flags=1, IntendedVsync=2987230169216, Vsync=2987680169198, OldestInputEvent=9223372036854775807, NewestInputEvent=0, HandleInputStart=2987695929784, AnimationStart=2987695952547, PerformTraversalsStart=2987696081313, DrawStart=2988097879606, SyncQueued=2988107011951, SyncStart=2988115493044, IssueDrawCommandsStart=2988116667520, SwapBuffers=2988118750259, FrameCompleted=2988128810091, DequeueBufferDuration=203000, QueueBufferDuration=1483000, 
03-15 00:21:22.627  8124  8140 I adger.redreade: Background concurrent copying GC freed 59005(2599KB) AllocSpace objects, 37(2420KB) LOS objects, 40% free, 8883KB/14MB, paused 11.640ms total 781.313ms
03-15 00:21:22.629  1766  2316 E GnssHAL_GnssInterface: gnssSvStatusCb: a: input svInfo.flags is 8
03-15 00:21:22.629  1766  2316 E GnssHAL_GnssInterface: gnssSvStatusCb: b: input svInfo.flags is 8
03-15 00:21:22.660  8124  8142 W System  : A resource failed to call end. 
03-15 00:21:22.668  8124  8142 I chatty  : uid=10147(org.quantumbadger.redreader) FinalizerDaemon identical 12 lines
03-15 00:21:22.668  8124  8142 W System  : A resource failed to call end. 
03-15 00:21:22.702  8124  8124 I Choreographer: Skipped 32 frames!  The application may be doing too much work on its main thread.
03-15 00:21:22.838  8124  8177 D EGL_emulation: eglMakeCurrent: 0xd921a120: ver 3 0 (tinfo 0xd920f390)
03-15 00:21:22.889  8124  8177 I OpenGLRenderer: Davey! duration=726ms; Flags=0, IntendedVsync=2987719140346, Vsync=2988252473658, OldestInputEvent=9223372036854775807, NewestInputEvent=0, HandleInputStart=2988259776122, AnimationStart=2988259793146, PerformTraversalsStart=2988394089708, DrawStart=2988394134853, SyncQueued=2988394289132, SyncStart=2988395709245, IssueDrawCommandsStart=2988395859071, SwapBuffers=2988396839559, FrameCompleted=2988446794012, DequeueBufferDuration=261000, QueueBufferDuration=306000, 
03-15 00:21:22.894  8124  8177 D EGL_emulation: eglMakeCurrent: 0xd921a120: ver 3 0 (tinfo 0xd920f390)
03-15 00:21:22.918  8124  8177 I OpenGLRenderer: Davey! duration=755ms; Flags=0, IntendedVsync=2987719140346, Vsync=2988252473658, OldestInputEvent=9223372036854775807, NewestInputEvent=0, HandleInputStart=2988259776122, AnimationStart=2988259793146, PerformTraversalsStart=2988394089708, DrawStart=2988395983365, SyncQueued=2988451204942, SyncStart=2988452119792, IssueDrawCommandsStart=2988452291780, SwapBuffers=2988452920981, FrameCompleted=2988475562882, DequeueBufferDuration=1861000, QueueBufferDuration=3599000, 
03-15 00:21:23.006  1767 23050 D gralloc_ranchu: gralloc_alloc: Creating ashmem region of size 9052160
03-15 00:21:23.020  8124  8177 D EGL_emulation: eglMakeCurrent: 0xd921a120: ver 3 0 (tinfo 0xd920f390)
03-15 00:21:23.050  1767 23050 D gralloc_ranchu: gralloc_alloc: Creating ashmem region of size 9052160
03-15 00:21:23.054  8124  8142 W System  : A resource failed to call end. 
03-15 00:21:23.055  8124  8142 W System  : A resource failed to call end. 
03-15 00:21:23.063  2024  2034 I system_server: NativeAlloc concurrent copying GC freed 41678(3270KB) AllocSpace objects, 40(1016KB) LOS objects, 31% free, 13MB/19MB, paused 66us total 859.089ms
03-15 00:21:23.067  8124  8177 D EGL_emulation: eglMakeCurrent: 0xd921a120: ver 3 0 (tinfo 0xd920f390)
03-15 00:21:23.449  8124 12402 D OK      : calling: https://oauth.reddit.com/comments/fimlb2/.json?sort=confidence
03-15 00:21:23.630  8124 12367 D OK      : request got status: 200
03-15 00:21:23.633  1766  2316 E GnssHAL_GnssInterface: gnssSvStatusCb: a: input svInfo.flags is 8
03-15 00:21:23.633  1766  2316 E GnssHAL_GnssInterface: gnssSvStatusCb: b: input svInfo.flags is 8
03-15 00:21:23.739  8124  8177 D EGL_emulation: eglMakeCurrent: 0xd921a120: ver 3 0 (tinfo 0xd920f390)
03-15 00:21:23.756  1767 23050 D gralloc_ranchu: gralloc_alloc: Creating ashmem region of size 9052160
03-15 00:21:23.834  8124 12367 I PostListingFragment: Successfully precached https://oauth.reddit.com/comments/fiqhkp/.json?sort=confidence
03-15 00:21:24.297  1757 14465 W audio_hw_generic: Not supplying enough data to HAL, expected position 63957182 , only wrote 63832770
03-15 00:21:24.636  1766  2316 E GnssHAL_GnssInterface: gnssSvStatusCb: a: input svInfo.flags is 8
03-15 00:21:24.636  1766  2316 E GnssHAL_GnssInterface: gnssSvStatusCb: b: input svInfo.flags is 8
03-15 00:21:24.641  8124 12459 D OK      : calling: https://oauth.reddit.com/comments/fiqhkp/.json?sort=confidence
03-15 00:21:24.847  8124 12402 D OK      : request got status: 200
03-15 00:21:25.006  8124 12402 I PostListingFragment: Successfully precached https://oauth.reddit.com/comments/fimlb2/.json?sort=confidence
03-15 00:21:25.642  1766  2316 E GnssHAL_GnssInterface: gnssSvStatusCb: a: input svInfo.flags is 8
03-15 00:21:25.642  1766  2316 E GnssHAL_GnssInterface: gnssSvStatusCb: b: input svInfo.flags is 8
03-15 00:21:25.703  8124 12459 D OK      : request got status: 200
03-15 00:21:25.746 12512 12512 D AndroidRuntime: >>>>>> START com.android.internal.os.RuntimeInit uid 2000 <<<<<<
03-15 00:21:25.747 12512 12512 W app_process: type=1400 audit(0.0:2051): avc: denied { read } for name="u:object_r:device_config_runtime_native_boot_prop:s0" dev="tmpfs" ino=6815 scontext=u:r:shell:s0 tcontext=u:object_r:device_config_runtime_native_boot_prop:s0 tclass=file permissive=0
03-15 00:21:25.761 12512 12512 E libc    : Access denied finding property "persist.device_config.runtime_native_boot.enable_apex_image"
03-15 00:21:25.761 12512 12512 I AndroidRuntime: Using default boot image
03-15 00:21:25.747 12512 12512 W app_process: type=1400 audit(0.0:2052): avc: denied { read } for name="u:object_r:device_config_runtime_native_boot_prop:s0" dev="tmpfs" ino=6815 scontext=u:r:shell:s0 tcontext=u:object_r:device_config_runtime_native_boot_prop:s0 tclass=file permissive=0
03-15 00:21:25.762 12512 12512 E libc    : Access denied finding property "persist.device_config.runtime_native_boot.disable_lock_profiling"
03-15 00:21:25.762 12512 12512 I AndroidRuntime: Leaving lock profiling enabled
03-15 00:21:25.747 12512 12512 W app_process: type=1400 audit(0.0:2053): avc: denied { read } for name="u:object_r:device_config_runtime_native_boot_prop:s0" dev="tmpfs" ino=6815 scontext=u:r:shell:s0 tcontext=u:object_r:device_config_runtime_native_boot_prop:s0 tclass=file permissive=0
03-15 00:21:25.762 12512 12512 E libc    : Access denied finding property "persist.device_config.runtime_native_boot.enable_generational_cc"
03-15 00:21:25.765 12512 12512 W app_process: Could not reserve sentinel fault page
03-15 00:21:25.792  8124 12459 I PostListingFragment: Successfully precached https://oauth.reddit.com/comments/fiqhkp/.json?sort=confidence
03-15 00:21:25.848  8124 12518 D OK      : calling: https://oauth.reddit.com/comments/firsbp/.json?sort=confidence
03-15 00:21:25.923 12512 12512 D ICU     : Time zone APEX file found: /apex/com.android.tzdata/etc/icu/icu_tzdata.dat
03-15 00:21:25.938 12512 12512 W app_process: Unexpected CPU variant for X86 using defaults: x86
03-15 00:21:25.943 12512 12512 I app_process: The ClassLoaderContext is a special shared library.
03-15 00:21:25.965 12512 12512 W app_process: JNI RegisterNativeMethods: attempt to register 0 native methods for android.media.AudioAttributes
03-15 00:21:25.978 12512 12512 D AndroidRuntime: Calling main entry com.android.commands.input.Input
03-15 00:21:26.198 12512 12512 D AndroidRuntime: Shutting down VM
03-15 00:21:26.209  1757  3626 W audio_hw_generic: Not supplying enough data to HAL, expected position 63832884 , only wrote 63832770
03-15 00:21:26.296  8124  8177 D EGL_emulation: eglMakeCurrent: 0xd921a120: ver 3 0 (tinfo 0xd920f390)
03-15 00:21:26.297  8124  8177 D OpenGLRenderer: endAllActiveAnimators on 0xc1b7db80 (RippleDrawable) with handle 0xbf594ba0
03-15 00:21:26.338  8124  8177 D EGL_emulation: eglMakeCurrent: 0xd921a120: ver 3 0 (tinfo 0xd920f390)
03-15 00:21:26.644  1766  2316 E GnssHAL_GnssInterface: gnssSvStatusCb: a: input svInfo.flags is 8
03-15 00:21:26.644  1766  2316 E GnssHAL_GnssInterface: gnssSvStatusCb: b: input svInfo.flags is 8
03-15 00:21:26.820  8124  8647 W System  : A resource failed to call response.body().close(). 
03-15 00:21:26.820  8124  8647 I chatty  : uid=10147(org.quantumbadger.redreader) OkHttp Connecti identical 15 lines
03-15 00:21:26.820  8124  8647 W System  : A resource failed to call response.body().close(). 
03-15 00:21:26.917  8124 12518 D OK      : request got status: 200
03-15 00:21:26.960  8124 12518 I PostListingFragment: Successfully precached https://oauth.reddit.com/comments/firsbp/.json?sort=confidence
03-15 00:21:27.043  8124 12562 D OK      : calling: https://oauth.reddit.com/comments/firsbp/.json?sort=confidence
03-15 00:21:27.059  1748 12563 E ResolverController: No valid NAT64 prefix (100, <unspecified>/0)
03-15 00:21:27.647  1766  2316 E GnssHAL_GnssInterface: gnssSvStatusCb: a: input svInfo.flags is 8
03-15 00:21:27.647  1766  2316 E GnssHAL_GnssInterface: gnssSvStatusCb: b: input svInfo.flags is 8
03-15 00:21:28.045  8124 12562 D OK      : request got status: 200
03-15 00:21:28.101  8124 12562 I PostListingFragment: Successfully precached https://oauth.reddit.com/comments/firsbp/.json?sort=confidence
03-15 00:21:28.245  8124 12661 D OK      : calling: https://oauth.reddit.com/comments/fivhem/.json?sort=confidence
03-15 00:21:28.428  8124 12661 D OK      : request got status: 200
03-15 00:21:28.589  1767 23050 D gralloc_ranchu: gralloc_alloc: Creating ashmem region of size 1495040
03-15 00:21:28.602  1767  1857 D gralloc_ranchu: gralloc_alloc: Creating ashmem region of size 1495040
03-15 00:21:28.616  1767  1857 D gralloc_ranchu: gralloc_alloc: Creating ashmem region of size 1495040
03-15 00:21:28.630  8124  8177 D EGL_emulation: eglMakeCurrent: 0xd921a120: ver 3 0 (tinfo 0xd920f390)
03-15 00:21:28.653  1766  2316 E GnssHAL_GnssInterface: gnssSvStatusCb: a: input svInfo.flags is 8
03-15 00:21:28.653  1766  2316 E GnssHAL_GnssInterface: gnssSvStatusCb: b: input svInfo.flags is 8
03-15 00:21:28.678  8124  8177 D EGL_emulation: eglMakeCurrent: 0xd921a120: ver 3 0 (tinfo 0xd920f390)
03-15 00:21:28.694  8124  8177 I chatty  : uid=10147(org.quantumbadger.redreader) RenderThread identical 1 line
03-15 00:21:28.765  8124  8177 D EGL_emulation: eglMakeCurrent: 0xd921a120: ver 3 0 (tinfo 0xd920f390)
03-15 00:21:28.831  8124 12661 I PostListingFragment: Successfully precached https://oauth.reddit.com/comments/fivhem/.json?sort=confidence
03-15 00:21:28.866  8124  8177 D EGL_emulation: eglMakeCurrent: 0xd921a120: ver 3 0 (tinfo 0xd920f390)
03-15 00:21:28.876  8124  8177 I chatty  : uid=10147(org.quantumbadger.redreader) RenderThread identical 1 line
03-15 00:21:28.915  8124  8177 D EGL_emulation: eglMakeCurrent: 0xd921a120: ver 3 0 (tinfo 0xd920f390)
03-15 00:21:29.059 12668 12668 D AndroidRuntime: >>>>>> START com.android.internal.os.RuntimeInit uid 2000 <<<<<<
03-15 00:21:29.065 12668 12668 E libc    : Access denied finding property "persist.device_config.runtime_native_boot.enable_apex_image"
03-15 00:21:29.065 12668 12668 I AndroidRuntime: Using default boot image
03-15 00:21:29.065 12668 12668 E libc    : Access denied finding property "persist.device_config.runtime_native_boot.disable_lock_profiling"
03-15 00:21:29.066 12668 12668 I AndroidRuntime: Leaving lock profiling enabled
03-15 00:21:29.066 12668 12668 E libc    : Access denied finding property "persist.device_config.runtime_native_boot.enable_generational_cc"
03-15 00:21:29.057 12668 12668 W app_process: type=1400 audit(0.0:2054): avc: denied { read } for name="u:object_r:device_config_runtime_native_boot_prop:s0" dev="tmpfs" ino=6815 scontext=u:r:shell:s0 tcontext=u:object_r:device_config_runtime_native_boot_prop:s0 tclass=file permissive=0
03-15 00:21:29.248 12668 12668 D ICU     : Time zone APEX file found: /apex/com.android.tzdata/etc/icu/icu_tzdata.dat
03-15 00:21:29.257 12668 12668 W app_process: Unexpected CPU variant for X86 using defaults: x86
03-15 00:21:29.258 12668 12668 I app_process: The ClassLoaderContext is a special shared library.
03-15 00:21:29.275 12668 12668 W app_process: JNI RegisterNativeMethods: attempt to register 0 native methods for android.media.AudioAttributes
03-15 00:21:29.279 12668 12668 D AndroidRuntime: Calling main entry com.android.commands.input.Input
03-15 00:21:29.368  8124  8177 D EGL_emulation: eglMakeCurrent: 0xd921a120: ver 3 0 (tinfo 0xd920f390)
03-15 00:21:29.387  8124  8177 D EGL_emulation: eglMakeCurrent: 0xd921a120: ver 3 0 (tinfo 0xd920f390)
03-15 00:21:29.453  8124 12713 D OK      : calling: https://oauth.reddit.com/comments/fiouxh/.json?sort=confidence
03-15 00:21:29.656  1766  2316 E GnssHAL_GnssInterface: gnssSvStatusCb: a: input svInfo.flags is 8
03-15 00:21:29.657  8124  8177 D EGL_emulation: eglMakeCurrent: 0xd921a120: ver 3 0 (tinfo 0xd920f390)
03-15 00:21:29.656  1766  2316 E GnssHAL_GnssInterface: gnssSvStatusCb: b: input svInfo.flags is 8
03-15 00:21:29.680  2024  2816 W InputManager: Input event injection from pid 12668 failed.
03-15 00:21:29.681  2024  2816 I chatty  : uid=1000(system) Binder:2024_E identical 1 line
03-15 00:21:29.683  2024  2816 W InputManager: Input event injection from pid 12668 failed.
03-15 00:21:29.684  2024  3252 W InputManager: Input event injection from pid 12668 failed.
03-15 00:21:29.686  2024  2816 W InputManager: Input event injection from pid 12668 failed.
03-15 00:21:29.688  2024  3252 W InputManager: Input event injection from pid 12668 failed.
03-15 00:21:29.689  2024  3252 I chatty  : uid=1000(system) Binder:2024_13 identical 1 line
03-15 00:21:29.690  2024  3252 W InputManager: Input event injection from pid 12668 failed.
03-15 00:21:29.709  2024  2993 W InputManager: Input event injection from pid 12668 failed.
03-15 00:21:29.731  2024  2993 I chatty  : uid=1000(system) Binder:2024_F identical 4 lines
03-15 00:21:29.734  2024  2993 W InputManager: Input event injection from pid 12668 failed.
03-15 00:21:29.737  2024  2816 W InputManager: Input event injection from pid 12668 failed.
03-15 00:21:29.749  2024  2816 I chatty  : uid=1000(system) Binder:2024_E identical 6 lines
03-15 00:21:29.756  2024  2816 W InputManager: Input event injection from pid 12668 failed.
03-15 00:21:29.774  2024  2993 W InputManager: Input event injection from pid 12668 failed.
03-15 00:21:29.775  2024  2816 W InputManager: Input event injection from pid 12668 failed.
03-15 00:21:29.776  2024  2993 W InputManager: Input event injection from pid 12668 failed.
03-15 00:21:29.776  2024  2993 I chatty  : uid=1000(system) Binder:2024_F identical 1 line
03-15 00:21:29.777  2024  2993 W InputManager: Input event injection from pid 12668 failed.
03-15 00:21:29.777  2024  3252 W InputManager: Input event injection from pid 12668 failed.
03-15 00:21:29.785 12668 12668 D AndroidRuntime: Shutting down VM
03-15 00:21:30.623  8124 12713 D OK      : request got status: 200
03-15 00:21:30.649  8124 12738 D OK      : calling: https://oauth.reddit.com/comments/fiqybd/.json?sort=confidence
03-15 00:21:30.652  8124  8177 D EGL_emulation: eglMakeCurrent: 0xd921a120: ver 3 0 (tinfo 0xd920f390)
03-15 00:21:30.660  1766  2316 E GnssHAL_GnssInterface: gnssSvStatusCb: a: input svInfo.flags is 8
03-15 00:21:30.660  1766  2316 E GnssHAL_GnssInterface: gnssSvStatusCb: b: input svInfo.flags is 8
03-15 00:21:30.753  8124 12713 I PostListingFragment: Successfully precached https://oauth.reddit.com/comments/fiouxh/.json?sort=confidence
03-15 00:21:30.789  1767  1857 D gralloc_ranchu: gralloc_alloc: Creating ashmem region of size 1495040
03-15 00:21:30.810  1767  1857 I chatty  : uid=1000(system) HwBinder:1767_1 identical 1 line
03-15 00:21:30.819  1767  1857 D gralloc_ranchu: gralloc_alloc: Creating ashmem region of size 1495040
03-15 00:21:30.900  8124  8177 D EGL_emulation: eglMakeCurrent: 0xd921a120: ver 3 0 (tinfo 0xd920f390)
03-15 00:21:31.157  8124  8177 I chatty  : uid=10147(org.quantumbadger.redreader) RenderThread identical 7 lines
03-15 00:21:31.180  8124  8177 D EGL_emulation: eglMakeCurrent: 0xd921a120: ver 3 0 (tinfo 0xd920f390)
03-15 00:21:31.664  1766  2316 E GnssHAL_GnssInterface: gnssSvStatusCb: a: input svInfo.flags is 8
03-15 00:21:31.664  1766  2316 E GnssHAL_GnssInterface: gnssSvStatusCb: b: input svInfo.flags is 8
03-15 00:21:31.665  8124 12738 D OK      : request got status: 200
03-15 00:21:31.708  8124 12738 I PostListingFragment: Successfully precached https://oauth.reddit.com/comments/fiqybd/.json?sort=confidence
03-15 00:21:31.848  8124 12805 D OK      : calling: https://oauth.reddit.com/comments/fiv9ol/.json?sort=confidence
03-15 00:21:32.033  8124 12805 D OK      : request got status: 200
03-15 00:21:29.784  2024  3252 I chatty  : uid=1000(system) Binder:2024_13 identical 3 lines
03-15 00:21:29.785  2024  3252 W InputManager: Input event injection from pid 12668 failed.
03-15 00:21:32.103  2024  2993 I ActivityTaskManager: START u0 {cmp=org.quantumbadger.redreader/.settings.SettingsActivity} from uid 10147
03-15 00:21:32.147  2024  2993 W InputReader: Device has associated, but no associated display id.
03-15 00:21:32.148  2024  2993 I chatty  : uid=1000(system) Binder:2024_F identical 48 lines
03-15 00:21:32.148  2024  2993 W InputReader: Device has associated, but no associated display id.
03-15 00:21:32.167  2024  2053 E memtrack: Couldn't load memtrack module
03-15 00:21:32.168  2024  2053 W android.os.Debug: failed to get memory consumption info: -1
03-15 00:21:32.170  8124  8124 W ActivityThread: handleWindowVisibility: no activity for token android.os.BinderProxy@e287bac
03-15 00:21:32.232  8124  8177 D EGL_emulation: eglMakeCurrent: 0xd921a120: ver 3 0 (tinfo 0xd920f390)
03-15 00:21:32.247  8124  8177 D EGL_emulation: eglMakeCurrent: 0xd921a120: ver 3 0 (tinfo 0xd920f390)
03-15 00:21:32.264  8124 12805 I PostListingFragment: Successfully precached https://oauth.reddit.com/comments/fiv9ol/.json?sort=confidence
03-15 00:21:32.292  1767  1857 D gralloc_ranchu: gralloc_alloc: Creating ashmem region of size 8298496
03-15 00:21:32.302  1767  1857 D gralloc_ranchu: gralloc_alloc: Creating ashmem region of size 8298496
03-15 00:21:32.341  1767 23050 D gralloc_ranchu: gralloc_alloc: Creating ashmem region of size 8298496
03-15 00:21:32.401  8124  8177 D EGL_emulation: eglMakeCurrent: 0xd921a120: ver 3 0 (tinfo 0xd920f390)
03-15 00:21:32.422  8124  8177 D EGL_emulation: eglMakeCurrent: 0xd921a120: ver 3 0 (tinfo 0xd920f390)
03-15 00:21:32.503  2024  2048 W InputReader: Device has associated, but no associated display id.
03-15 00:21:32.503  2024  2048 I chatty  : uid=1000(system) android.anim identical 8 lines
03-15 00:21:32.503  2024  2048 W InputReader: Device has associated, but no associated display id.
03-15 00:21:32.509  8124  8177 D EGL_emulation: eglMakeCurrent: 0xd921a120: ver 3 0 (tinfo 0xd920f390)
03-15 00:21:32.513  2024  2048 W InputReader: Device has associated, but no associated display id.
03-15 00:21:32.513  2024  2048 I chatty  : uid=1000(system) android.anim identical 8 lines
03-15 00:21:32.513  2024  2048 W InputReader: Device has associated, but no associated display id.
03-15 00:21:32.521  8124  8177 D OpenGLRenderer: endAllActiveAnimators on 0xbc6fef80 (MenuPopupWindow$MenuDropDownListView) with handle 0xbd3264e0
03-15 00:21:32.538  8124  8177 D EGL_emulation: eglMakeCurrent: 0xd921a120: ver 3 0 (tinfo 0xd920f390)
03-15 00:21:32.579  8124  8177 I chatty  : uid=10147(org.quantumbadger.redreader) RenderThread identical 1 line
03-15 00:21:32.599  8124  8177 D EGL_emulation: eglMakeCurrent: 0xd921a120: ver 3 0 (tinfo 0xd920f390)
03-15 00:21:32.669  1766  2316 E GnssHAL_GnssInterface: gnssSvStatusCb: a: input svInfo.flags is 8
03-15 00:21:32.669  1766  2316 E GnssHAL_GnssInterface: gnssSvStatusCb: b: input svInfo.flags is 8
03-15 00:21:32.805  7822  7836 I mit.droidbotap: Background young concurrent copying GC freed 15563(712KB) AllocSpace objects, 31(800KB) LOS objects, 37% free, 2093KB/3323KB, paused 6.158ms total 41.525ms
03-15 00:21:33.015  7822  7836 I mit.droidbotap: Background young concurrent copying GC freed 12839(552KB) AllocSpace objects, 19(776KB) LOS objects, 14% free, 3135KB/3670KB, paused 11us total 117.225ms
03-15 00:21:33.068  8124 12890 D OK      : calling: https://oauth.reddit.com/comments/fit3ng/.json?sort=confidence
03-15 00:21:33.291 12902 12902 D AndroidRuntime: >>>>>> START com.android.internal.os.RuntimeInit uid 2000 <<<<<<
03-15 00:21:33.287 12902 12902 W app_process: type=1400 audit(0.0:2057): avc: denied { read } for name="u:object_r:device_config_runtime_native_boot_prop:s0" dev="tmpfs" ino=6815 scontext=u:r:shell:s0 tcontext=u:object_r:device_config_runtime_native_boot_prop:s0 tclass=file permissive=0
03-15 00:21:33.295 12902 12902 E libc    : Access denied finding property "persist.device_config.runtime_native_boot.enable_apex_image"
03-15 00:21:33.296 12902 12902 I AndroidRuntime: Using default boot image
03-15 00:21:33.287 12902 12902 W app_process: type=1400 audit(0.0:2058): avc: denied { read } for name="u:object_r:device_config_runtime_native_boot_prop:s0" dev="tmpfs" ino=6815 scontext=u:r:shell:s0 tcontext=u:object_r:device_config_runtime_native_boot_prop:s0 tclass=file permissive=0
03-15 00:21:33.296 12902 12902 E libc    : Access denied finding property "persist.device_config.runtime_native_boot.disable_lock_profiling"
03-15 00:21:33.296 12902 12902 I AndroidRuntime: Leaving lock profiling enabled
03-15 00:21:33.287 12902 12902 W app_process: type=1400 audit(0.0:2059): avc: denied { read } for name="u:object_r:device_config_runtime_native_boot_prop:s0" dev="tmpfs" ino=6815 scontext=u:r:shell:s0 tcontext=u:object_r:device_config_runtime_native_boot_prop:s0 tclass=file permissive=0
03-15 00:21:33.297 12902 12902 E libc    : Access denied finding property "persist.device_config.runtime_native_boot.enable_generational_cc"
03-15 00:21:33.301 12902 12902 W app_process: Could not reserve sentinel fault page
03-15 00:21:33.373 12902 12902 D ICU     : Time zone APEX file found: /apex/com.android.tzdata/etc/icu/icu_tzdata.dat
03-15 00:21:33.387 12902 12902 W app_process: Unexpected CPU variant for X86 using defaults: x86
03-15 00:21:33.388 12902 12902 I app_process: The ClassLoaderContext is a special shared library.
03-15 00:21:33.405 12902 12902 W app_process: JNI RegisterNativeMethods: attempt to register 0 native methods for android.media.AudioAttributes
03-15 00:21:33.408 12902 12902 D AndroidRuntime: Calling main entry com.android.commands.input.Input
03-15 00:21:33.639 12902 12902 D AndroidRuntime: Shutting down VM
03-15 00:21:33.674  1766  2316 E GnssHAL_GnssInterface: gnssSvStatusCb: a: input svInfo.flags is 8
03-15 00:21:33.674  1766  2316 E GnssHAL_GnssInterface: gnssSvStatusCb: b: input svInfo.flags is 8
03-15 00:21:33.697  8124 12890 D OK      : request got status: 200
03-15 00:21:34.089  1757  3626 W audio_hw_generic: Not supplying enough data to HAL, expected position 64180267 , only wrote 64179134
03-15 00:21:34.105  1757  3626 W audio_hw_generic: Not supplying enough data to HAL, expected position 64179838 , only wrote 64179795
03-15 00:21:34.256  8124 12929 D OK      : calling: https://oauth.reddit.com/comments/fiqybd/.json?sort=confidence
03-15 00:21:34.385  8124 12890 I PostListingFragment: Successfully precached https://oauth.reddit.com/comments/fit3ng/.json?sort=confidence
03-15 00:21:34.676  1766  2316 E GnssHAL_GnssInterface: gnssSvStatusCb: a: input svInfo.flags is 8
03-15 00:21:34.676  1766  2316 E GnssHAL_GnssInterface: gnssSvStatusCb: b: input svInfo.flags is 8
03-15 00:21:35.087  8124 12929 D OK      : request got status: 200
03-15 00:21:35.123  8124 12929 I PostListingFragment: Successfully precached https://oauth.reddit.com/comments/fiqybd/.json?sort=confidence
03-15 00:21:35.453  8124 13043 D OK      : calling: https://oauth.reddit.com/comments/fisvi6/.json?sort=confidence
03-15 00:21:35.680  1766  2316 E GnssHAL_GnssInterface: gnssSvStatusCb: a: input svInfo.flags is 8
03-15 00:21:35.680  1766  2316 E GnssHAL_GnssInterface: gnssSvStatusCb: b: input svInfo.flags is 8
03-15 00:21:36.461  8124 13043 D OK      : request got status: 200
03-15 00:21:36.679  8124 13084 D OK      : calling: https://oauth.reddit.com/comments/fikeof/.json?sort=confidence
03-15 00:21:36.683  1766  2316 E GnssHAL_GnssInterface: gnssSvStatusCb: a: input svInfo.flags is 8
03-15 00:21:36.683  1766  2316 E GnssHAL_GnssInterface: gnssSvStatusCb: b: input svInfo.flags is 8
03-15 00:21:36.744  1757 14465 W audio_hw_generic: Not supplying enough data to HAL, expected position 64412444 , only wrote 64296131
03-15 00:21:36.914  8124 13084 D OK      : request got status: 200
03-15 00:21:36.997  7822  7836 I mit.droidbotap: Background concurrent copying GC freed 18923(767KB) AllocSpace objects, 24(1436KB) LOS objects, 49% free, 1775KB/3551KB, paused 12us total 107.373ms
03-15 00:21:37.035  8124 13043 I adger.redreade: IncrementDisableThreadFlip blocked for 13.208ms
03-15 00:21:37.370  8124 13084 I PostListingFragment: Successfully precached https://oauth.reddit.com/comments/fikeof/.json?sort=confidence
03-15 00:21:37.606  7822  7836 I mit.droidbotap: Background concurrent copying GC freed 24167(917KB) AllocSpace objects, 24(1396KB) LOS objects, 49% free, 5589KB/10MB, paused 87us total 201.269ms
03-15 00:21:37.647  8124  8140 I adger.redreade: Background young concurrent copying GC freed 84064(3055KB) AllocSpace objects, 27(1660KB) LOS objects, 33% free, 9998KB/14MB, paused 278us total 680.266ms
03-15 00:21:37.688  1766  2316 E GnssHAL_GnssInterface: gnssSvStatusCb: a: input svInfo.flags is 8
03-15 00:21:37.688  1766  2316 E GnssHAL_GnssInterface: gnssSvStatusCb: b: input svInfo.flags is 8
03-15 00:21:37.726  8124  8142 W System  : A resource failed to call end. 
03-15 00:21:37.804  8124  8142 I chatty  : uid=10147(org.quantumbadger.redreader) FinalizerDaemon identical 9 lines
03-15 00:21:37.805  8124  8142 W System  : A resource failed to call end. 
03-15 00:21:37.859  8124 13136 D OK      : calling: https://oauth.reddit.com/comments/fiuex8/.json?sort=confidence
03-15 00:21:37.867 13090 13090 D AndroidRuntime: >>>>>> START com.android.internal.os.RuntimeInit uid 2000 <<<<<<
03-15 00:21:37.857 13090 13090 W app_process: type=1400 audit(0.0:2060): avc: denied { read } for name="u:object_r:device_config_runtime_native_boot_prop:s0" dev="tmpfs" ino=6815 scontext=u:r:shell:s0 tcontext=u:object_r:device_config_runtime_native_boot_prop:s0 tclass=file permissive=0
03-15 00:21:37.870 13090 13090 E libc    : Access denied finding property "persist.device_config.runtime_native_boot.enable_apex_image"
03-15 00:21:37.870 13090 13090 I AndroidRuntime: Using default boot image
03-15 00:21:37.870 13090 13090 E libc    : Access denied finding property "persist.device_config.runtime_native_boot.disable_lock_profiling"
03-15 00:21:37.870 13090 13090 I AndroidRuntime: Leaving lock profiling enabled
03-15 00:21:37.870 13090 13090 E libc    : Access denied finding property "persist.device_config.runtime_native_boot.enable_generational_cc"
03-15 00:21:37.919  8124 13043 I PostListingFragment: Successfully precached https://oauth.reddit.com/comments/fisvi6/.json?sort=confidence
03-15 00:21:38.001 13090 13090 D ICU     : Time zone APEX file found: /apex/com.android.tzdata/etc/icu/icu_tzdata.dat
03-15 00:21:38.013 13090 13090 W app_process: Unexpected CPU variant for X86 using defaults: x86
03-15 00:21:38.018 13090 13090 I app_process: The ClassLoaderContext is a special shared library.
03-15 00:21:38.042 13090 13090 W app_process: JNI RegisterNativeMethods: attempt to register 0 native methods for android.media.AudioAttributes
03-15 00:21:38.047 13090 13090 D AndroidRuntime: Calling main entry com.android.commands.input.Input
03-15 00:21:38.327  1757  3626 W audio_hw_generic: Not supplying enough data to HAL, expected position 64296142 , only wrote 64296131
03-15 00:21:38.414 13090 13090 D AndroidRuntime: Shutting down VM
03-15 00:21:38.455  8124 13136 D OK      : request got status: 200
03-15 00:21:38.507  1767 23050 D gralloc_ranchu: gralloc_alloc: Creating ashmem region of size 4374528
03-15 00:21:38.534  1767 23050 D gralloc_ranchu: gralloc_alloc: Creating ashmem region of size 4374528
03-15 00:21:38.544  1767  1857 D gralloc_ranchu: gralloc_alloc: Creating ashmem region of size 4374528
03-15 00:21:38.544  8124  8177 D EGL_emulation: eglMakeCurrent: 0xd921a120: ver 3 0 (tinfo 0xd920f390)
03-15 00:21:38.575  8124  8177 I chatty  : uid=10147(org.quantumbadger.redreader) RenderThread identical 1 line
03-15 00:21:38.674  8124  8177 D EGL_emulation: eglMakeCurrent: 0xd921a120: ver 3 0 (tinfo 0xd920f390)
03-15 00:21:38.698  1766  2316 E GnssHAL_GnssInterface: gnssSvStatusCb: a: input svInfo.flags is 8
03-15 00:21:38.698  1766  2316 E GnssHAL_GnssInterface: gnssSvStatusCb: b: input svInfo.flags is 8
03-15 00:21:38.716  8124  8177 D EGL_emulation: eglMakeCurrent: 0xd921a120: ver 3 0 (tinfo 0xd920f390)
03-15 00:21:38.809  8124  8177 I chatty  : uid=10147(org.quantumbadger.redreader) RenderThread identical 2 lines
03-15 00:21:38.850  8124  8177 D EGL_emulation: eglMakeCurrent: 0xd921a120: ver 3 0 (tinfo 0xd920f390)
03-15 00:21:39.066  8124 13194 D OK      : calling: https://oauth.reddit.com/comments/fiuex8/.json?sort=confidence
03-15 00:21:39.079  8124 13136 I PostListingFragment: Successfully precached https://oauth.reddit.com/comments/fiuex8/.json?sort=confidence
03-15 00:21:39.696  1766  2316 E GnssHAL_GnssInterface: gnssSvStatusCb: a: input svInfo.flags is 8
03-15 00:21:39.696  1766  2316 E GnssHAL_GnssInterface: gnssSvStatusCb: b: input svInfo.flags is 8
03-15 00:21:39.706  8124 13194 D OK      : request got status: 200
03-15 00:21:39.737  8124 13194 I PostListingFragment: Successfully precached https://oauth.reddit.com/comments/fiuex8/.json?sort=confidence
03-15 00:21:39.769  8124  8177 D EGL_emulation: eglMakeCurrent: 0xd921a120: ver 3 0 (tinfo 0xd920f390)
03-15 00:21:40.247  8124  8177 D EGL_emulation: eglMakeCurrent: 0xd921a120: ver 3 0 (tinfo 0xd920f390)
03-15 00:21:40.278  8124 13234 D OK      : calling: https://oauth.reddit.com/comments/fis2ud/.json?sort=confidence
03-15 00:21:40.709  1766  2316 E GnssHAL_GnssInterface: gnssSvStatusCb: a: input svInfo.flags is 8
03-15 00:21:40.709  1766  2316 E GnssHAL_GnssInterface: gnssSvStatusCb: b: input svInfo.flags is 8
03-15 00:21:41.272  8124 13234 D OK      : request got status: 200
03-15 00:21:41.315  8124 13234 I PostListingFragment: Successfully precached https://oauth.reddit.com/comments/fis2ud/.json?sort=confidence
03-15 00:21:41.343 13308 13308 D AndroidRuntime: >>>>>> START com.android.internal.os.RuntimeInit uid 2000 <<<<<<
03-15 00:21:41.337 13308 13308 W app_process: type=1400 audit(0.0:2063): avc: denied { read } for name="u:object_r:device_config_runtime_native_boot_prop:s0" dev="tmpfs" ino=6815 scontext=u:r:shell:s0 tcontext=u:object_r:device_config_runtime_native_boot_prop:s0 tclass=file permissive=0
03-15 00:21:41.346 13308 13308 E libc    : Access denied finding property "persist.device_config.runtime_native_boot.enable_apex_image"
03-15 00:21:41.346 13308 13308 I AndroidRuntime: Using default boot image
03-15 00:21:41.346 13308 13308 E libc    : Access denied finding property "persist.device_config.runtime_native_boot.disable_lock_profiling"
03-15 00:21:41.346 13308 13308 I AndroidRuntime: Leaving lock profiling enabled
03-15 00:21:41.346 13308 13308 E libc    : Access denied finding property "persist.device_config.runtime_native_boot.enable_generational_cc"
03-15 00:21:41.408 13308 13308 D ICU     : Time zone APEX file found: /apex/com.android.tzdata/etc/icu/icu_tzdata.dat
03-15 00:21:41.414 13308 13308 W app_process: Unexpected CPU variant for X86 using defaults: x86
03-15 00:21:41.422 13308 13308 I app_process: The ClassLoaderContext is a special shared library.
03-15 00:21:41.444 13308 13308 W app_process: JNI RegisterNativeMethods: attempt to register 0 native methods for android.media.AudioAttributes
03-15 00:21:41.447 13308 13308 D AndroidRuntime: Calling main entry com.android.commands.input.Input
03-15 00:21:41.459  8124 13322 D OK      : calling: https://oauth.reddit.com/comments/fir0la/.json?sort=confidence
03-15 00:21:41.460  1757 14465 W audio_hw_generic: Not supplying enough data to HAL, expected position 64571559 , only wrote 64434280
03-15 00:21:41.691 13308 13308 D AndroidRuntime: Shutting down VM
03-15 00:21:41.703  1766  2316 E GnssHAL_GnssInterface: gnssSvStatusCb: a: input svInfo.flags is 8
03-15 00:21:41.703  1766  2316 E GnssHAL_GnssInterface: gnssSvStatusCb: b: input svInfo.flags is 8
03-15 00:21:41.706  1757  3626 W audio_hw_generic: Not supplying enough data to HAL, expected position 64434382 , only wrote 64434280
03-15 00:21:41.736  8124  8177 D EGL_emulation: eglMakeCurrent: 0xd921a120: ver 3 0 (tinfo 0xd920f390)
03-15 00:21:41.737  8124  8177 D OpenGLRenderer: endAllActiveAnimators on 0xbc700800 (RippleDrawable) with handle 0xc198daf0
03-15 00:21:41.800  8124  8177 D EGL_emulation: eglMakeCurrent: 0xd921a120: ver 3 0 (tinfo 0xd920f390)
03-15 00:21:42.047  8124 13322 D OK      : request got status: 200
03-15 00:21:42.060  7822  7836 I mit.droidbotap: Background concurrent copying GC freed 74194(3609KB) AllocSpace objects, 108(3980KB) LOS objects, 49% free, 5770KB/11MB, paused 96us total 197.472ms
03-15 00:21:42.117  8124 13322 I PostListingFragment: Successfully precached https://oauth.reddit.com/comments/fir0la/.json?sort=confidence
03-15 00:21:42.661  8124 13349 D OK      : calling: https://oauth.reddit.com/comments/fifehs/.json?sort=confidence
03-15 00:21:42.707  1766  2316 E GnssHAL_GnssInterface: gnssSvStatusCb: a: input svInfo.flags is 8
03-15 00:21:42.708  1766  2316 E GnssHAL_GnssInterface: gnssSvStatusCb: b: input svInfo.flags is 8
03-15 00:21:42.925  8124 13349 D OK      : request got status: 200
03-15 00:21:42.944  8124 13349 I PostListingFragment: Successfully precached https://oauth.reddit.com/comments/fifehs/.json?sort=confidence
03-15 00:21:43.725  1766  2316 E GnssHAL_GnssInterface: gnssSvStatusCb: a: input svInfo.flags is 8
03-15 00:21:43.725  1766  2316 E GnssHAL_GnssInterface: gnssSvStatusCb: b: input svInfo.flags is 8
03-15 00:21:43.879  8124 13442 D OK      : calling: https://oauth.reddit.com/comments/fir0la/.json?sort=confidence
03-15 00:21:44.539  8124 13442 D OK      : request got status: 200
03-15 00:21:44.611  7822  7836 I mit.droidbotap: Background young concurrent copying GC freed 87280(3318KB) AllocSpace objects, 111(5912KB) LOS objects, 60% free, 3995KB/10139KB, paused 18us total 129.152ms
03-15 00:21:44.716  1766  2316 E GnssHAL_GnssInterface: gnssSvStatusCb: a: input svInfo.flags is 8
03-15 00:21:44.716  1766  2316 E GnssHAL_GnssInterface: gnssSvStatusCb: b: input svInfo.flags is 8
03-15 00:21:44.854  1757 14465 W audio_hw_generic: Not supplying enough data to HAL, expected position 64710152 , only wrote 64573090
03-15 00:21:44.856 13445 13445 D AndroidRuntime: >>>>>> START com.android.internal.os.RuntimeInit uid 2000 <<<<<<
03-15 00:21:44.847 13445 13445 W app_process: type=1400 audit(0.0:2066): avc: denied { read } for name="u:object_r:device_config_runtime_native_boot_prop:s0" dev="tmpfs" ino=6815 scontext=u:r:shell:s0 tcontext=u:object_r:device_config_runtime_native_boot_prop:s0 tclass=file permissive=0
03-15 00:21:44.863 13445 13445 E libc    : Access denied finding property "persist.device_config.runtime_native_boot.enable_apex_image"
03-15 00:21:44.863 13445 13445 I AndroidRuntime: Using default boot image
03-15 00:21:44.847 13445 13445 W app_process: type=1400 audit(0.0:2067): avc: denied { read } for name="u:object_r:device_config_runtime_native_boot_prop:s0" dev="tmpfs" ino=6815 scontext=u:r:shell:s0 tcontext=u:object_r:device_config_runtime_native_boot_prop:s0 tclass=file permissive=0
03-15 00:21:44.865 13445 13445 E libc    : Access denied finding property "persist.device_config.runtime_native_boot.disable_lock_profiling"
03-15 00:21:44.865 13445 13445 I AndroidRuntime: Leaving lock profiling enabled
03-15 00:21:44.857 13445 13445 W app_process: type=1400 audit(0.0:2068): avc: denied { read } for name="u:object_r:device_config_runtime_native_boot_prop:s0" dev="tmpfs" ino=6815 scontext=u:r:shell:s0 tcontext=u:object_r:device_config_runtime_native_boot_prop:s0 tclass=file permissive=0
03-15 00:21:44.869 13445 13445 E libc    : Access denied finding property "persist.device_config.runtime_native_boot.enable_generational_cc"
03-15 00:21:44.878  8124 13442 I PostListingFragment: Successfully precached https://oauth.reddit.com/comments/fir0la/.json?sort=confidence
03-15 00:21:44.960 13445 13445 D ICU     : Time zone APEX file found: /apex/com.android.tzdata/etc/icu/icu_tzdata.dat
03-15 00:21:44.969 13445 13445 W app_process: Unexpected CPU variant for X86 using defaults: x86
03-15 00:21:44.973 13445 13445 I app_process: The ClassLoaderContext is a special shared library.
03-15 00:21:44.997 13445 13445 W app_process: JNI RegisterNativeMethods: attempt to register 0 native methods for android.media.AudioAttributes
03-15 00:21:45.001 13445 13445 D AndroidRuntime: Calling main entry com.android.commands.input.Input
03-15 00:21:45.088  8124 13500 D OK      : calling: https://oauth.reddit.com/comments/fitson/.json?sort=confidence
03-15 00:21:45.232  1757  3626 W audio_hw_generic: Not supplying enough data to HAL, expected position 64573193 , only wrote 64573090
03-15 00:21:45.365 13445 13445 D AndroidRuntime: Shutting down VM
03-15 00:21:45.414  1767 23050 D gralloc_ranchu: gralloc_alloc: Creating ashmem region of size 3764224
03-15 00:21:45.478  1767 23050 D gralloc_ranchu: gralloc_alloc: Creating ashmem region of size 3764224
03-15 00:21:45.486  8124  8177 D EGL_emulation: eglMakeCurrent: 0xd921a120: ver 3 0 (tinfo 0xd920f390)
03-15 00:21:45.490  1767  1857 D gralloc_ranchu: gralloc_alloc: Creating ashmem region of size 3764224
03-15 00:21:45.537  8124  8177 D EGL_emulation: eglMakeCurrent: 0xd921a120: ver 3 0 (tinfo 0xd920f390)
03-15 00:21:45.570  8124  8177 I chatty  : uid=10147(org.quantumbadger.redreader) RenderThread identical 1 line
03-15 00:21:45.595  8124  8177 D EGL_emulation: eglMakeCurrent: 0xd921a120: ver 3 0 (tinfo 0xd920f390)
03-15 00:21:45.634  8124  8124 I AssistStructure: Flattened final assist data: 7712 bytes, containing 2 windows, 56 views
03-15 00:21:45.685  2454  2454 I KeyboardViewUtil: systemKeyboardHeightRatio:1.000000; userKeyboardHeightRatio:1.000000.
03-15 00:21:45.689  2024  2053 E memtrack: Couldn't load memtrack module
03-15 00:21:45.690  2454  2454 I AndroidIME: DummyIme.onActivate() : EditorInfo = Package = org.quantumbadger.redreader : Type = Number : Learning = Disable : Suggestion = Hide : AutoCorrection = Disable : Microphone = Hide : NoPersonalizedLearning = Disable
03-15 00:21:45.704  2454  2454 I Conv2QueryExtension: Current locale: en_US, config allows these locales: de,en,es,fr,it,ms,pt,ta
03-15 00:21:45.704  2454  2454 I Conv2QueryExtension: Conv2Query not enabled due to current app [org.quantumbadger.redreader] not in whitelist
03-15 00:21:45.704  2454  2454 I Conv2QueryExtension: onActivate() : Disabled by unsupported host app
03-15 00:21:45.707  2454  2454 I CurrentMicStatusHolder: Current Mic status = {MicIconHidden-PasswordOrNumberOrDateInputType,}
03-15 00:21:45.721  1766  2316 E GnssHAL_GnssInterface: gnssSvStatusCb: a: input svInfo.flags is 8
03-15 00:21:45.721  1766  2316 E GnssHAL_GnssInterface: gnssSvStatusCb: b: input svInfo.flags is 8
03-15 00:21:45.721  3727  3846 D EGL_emulation: eglMakeCurrent: 0xd921a420: ver 3 0 (tinfo 0xd920fb60)
03-15 00:21:45.735  1767  1857 D gralloc_ranchu: gralloc_alloc: Creating ashmem region of size 8024064
03-15 00:21:45.747  1767  1857 D gralloc_ranchu: gralloc_alloc: Creating ashmem region of size 8024064
03-15 00:21:45.761  1767 23050 D gralloc_ranchu: gralloc_alloc: Creating ashmem region of size 8024064
03-15 00:21:45.775  2024  2053 W android.os.Debug: failed to get memory consumption info: -1
03-15 00:21:45.797  2454  6204 D EGL_emulation: eglMakeCurrent: 0xd921b1a0: ver 3 0 (tinfo 0xd920f870)
03-15 00:21:45.945  2024  2053 E memtrack: Couldn't load memtrack module
03-15 00:21:45.945  2024  2053 W android.os.Debug: failed to get memory consumption info: -1
03-15 00:21:46.037  2024  2053 E memtrack: Couldn't load memtrack module
03-15 00:21:46.037  2024  2053 W android.os.Debug: failed to get memory consumption info: -1
03-15 00:21:46.085  8124  8177 D EGL_emulation: eglMakeCurrent: 0xd921a120: ver 3 0 (tinfo 0xd920f390)
03-15 00:21:46.192  2024  2053 E memtrack: Couldn't load memtrack module
03-15 00:21:46.192  2024  2053 W android.os.Debug: failed to get memory consumption info: -1
03-15 00:21:46.194  2024  2053 E memtrack: Couldn't load memtrack module
03-15 00:21:46.194  2024  2053 W android.os.Debug: failed to get memory consumption info: -1
03-15 00:21:46.229  8124 13500 D OK      : request got status: 200
03-15 00:21:46.285  8124 13521 D OK      : calling: https://oauth.reddit.com/comments/finmo4/.json?sort=confidence
03-15 00:21:46.308  2454  2454 I KeyboardViewHelper: Get view with height ratio:1.000000; experiment height ratio:1.000000.
03-15 00:21:46.327  2024  2053 E memtrack: Couldn't load memtrack module
03-15 00:21:46.327  2024  2053 W android.os.Debug: failed to get memory consumption info: -1
03-15 00:21:46.481  8124 13500 I PostListingFragment: Successfully precached https://oauth.reddit.com/comments/fitson/.json?sort=confidence
03-15 00:21:46.725  1766  2316 E GnssHAL_GnssInterface: gnssSvStatusCb: a: input svInfo.flags is 8
03-15 00:21:46.725  1766  2316 E GnssHAL_GnssInterface: gnssSvStatusCb: b: input svInfo.flags is 8
03-15 00:21:47.109  2454  2454 I Choreographer: Skipped 54 frames!  The application may be doing too much work on its main thread.
03-15 00:21:47.117  2024  2048 I Choreographer: Skipped 59 frames!  The application may be doing too much work on its main thread.
03-15 00:21:47.158  2454  6204 I OpenGLRenderer: Davey! duration=946ms; Flags=0, IntendedVsync=3011766482606, Vsync=3012666482570, OldestInputEvent=9223372036854775807, NewestInputEvent=0, HandleInputStart=3012666941240, AnimationStart=3012666955084, PerformTraversalsStart=3012666955839, DrawStart=3012691871587, SyncQueued=3012694883144, SyncStart=3012698138025, IssueDrawCommandsStart=3012698297989, SwapBuffers=3012703280376, FrameCompleted=3012715773724, DequeueBufferDuration=143000, QueueBufferDuration=6676000, 
03-15 00:21:47.215  2024  2053 E memtrack: Couldn't load memtrack module
03-15 00:21:47.215  2024  2053 W android.os.Debug: failed to get memory consumption info: -1
03-15 00:21:47.276  2024  2053 E memtrack: Couldn't load memtrack module
03-15 00:21:47.276  2024  2053 W android.os.Debug: failed to get memory consumption info: -1
03-15 00:21:47.352  2024  2053 E memtrack: Couldn't load memtrack module
03-15 00:21:47.352  2024  2053 W android.os.Debug: failed to get memory consumption info: -1
03-15 00:21:47.391  8124  8177 D EGL_emulation: eglMakeCurrent: 0xd921a120: ver 3 0 (tinfo 0xd920f390)
03-15 00:21:47.399  8124  8177 I chatty  : uid=10147(org.quantumbadger.redreader) RenderThread identical 1 line
03-15 00:21:47.412  8124  8177 D EGL_emulation: eglMakeCurrent: 0xd921a120: ver 3 0 (tinfo 0xd920f390)
03-15 00:21:47.498  8124 13546 D OK      : calling: https://oauth.reddit.com/comments/fitson/.json?sort=confidence
03-15 00:21:47.631  8124  8177 D EGL_emulation: eglMakeCurrent: 0xd921a120: ver 3 0 (tinfo 0xd920f390)
03-15 00:21:47.729  1766  2316 E GnssHAL_GnssInterface: gnssSvStatusCb: a: input svInfo.flags is 8
03-15 00:21:47.730  1766  2316 E GnssHAL_GnssInterface: gnssSvStatusCb: b: input svInfo.flags is 8
03-15 00:21:47.912  8124 13521 D OK      : request got status: 200
03-15 00:21:48.036  8124 13521 I PostListingFragment: Successfully precached https://oauth.reddit.com/comments/finmo4/.json?sort=confidence
03-15 00:21:48.365  1757 14465 W audio_hw_generic: Not supplying enough data to HAL, expected position 64847806 , only wrote 64711239
03-15 00:21:48.550  8124 13546 D OK      : request got status: 200
03-15 00:21:48.697  8124 13656 D OK      : calling: https://oauth.reddit.com/comments/firfo6/.json?sort=confidence
03-15 00:21:48.718  8124 13546 I PostListingFragment: Successfully precached https://oauth.reddit.com/comments/fitson/.json?sort=confidence
03-15 00:21:48.733  1766  2316 E GnssHAL_GnssInterface: gnssSvStatusCb: a: input svInfo.flags is 8
03-15 00:21:48.733  1766  2316 E GnssHAL_GnssInterface: gnssSvStatusCb: b: input svInfo.flags is 8
03-15 00:21:48.757 13654 13654 W app_process: type=1400 audit(0.0:2069): avc: denied { read } for name="u:object_r:device_config_runtime_native_boot_prop:s0" dev="tmpfs" ino=6815 scontext=u:r:shell:s0 tcontext=u:object_r:device_config_runtime_native_boot_prop:s0 tclass=file permissive=0
03-15 00:21:48.766 13654 13654 D AndroidRuntime: >>>>>> START com.android.internal.os.RuntimeInit uid 2000 <<<<<<
03-15 00:21:48.768 13654 13654 E libc    : Access denied finding property "persist.device_config.runtime_native_boot.enable_apex_image"
03-15 00:21:48.768 13654 13654 I AndroidRuntime: Using default boot image
03-15 00:21:48.768 13654 13654 E libc    : Access denied finding property "persist.device_config.runtime_native_boot.disable_lock_profiling"
03-15 00:21:48.768 13654 13654 I AndroidRuntime: Leaving lock profiling enabled
03-15 00:21:48.769 13654 13654 E libc    : Access denied finding property "persist.device_config.runtime_native_boot.enable_generational_cc"
03-15 00:21:48.757 13654 13654 W app_process: type=1400 audit(0.0:2070): avc: denied { read } for name="u:object_r:device_config_runtime_native_boot_prop:s0" dev="tmpfs" ino=6815 scontext=u:r:shell:s0 tcontext=u:object_r:device_config_runtime_native_boot_prop:s0 tclass=file permissive=0
03-15 00:21:48.833 13654 13654 D ICU     : Time zone APEX file found: /apex/com.android.tzdata/etc/icu/icu_tzdata.dat
03-15 00:21:48.839 13654 13654 W app_process: Unexpected CPU variant for X86 using defaults: x86
03-15 00:21:48.840 13654 13654 I app_process: The ClassLoaderContext is a special shared library.
03-15 00:21:48.854 13654 13654 W app_process: JNI RegisterNativeMethods: attempt to register 0 native methods for android.media.AudioAttributes
03-15 00:21:48.858 13654 13654 D AndroidRuntime: Calling main entry com.android.commands.input.Input
03-15 00:21:48.863  8124  8177 D EGL_emulation: eglMakeCurrent: 0xd921a120: ver 3 0 (tinfo 0xd920f390)
03-15 00:21:49.085  8124  8177 I chatty  : uid=10147(org.quantumbadger.redreader) RenderThread identical 1 line
03-15 00:21:49.105  8124  8177 D EGL_emulation: eglMakeCurrent: 0xd921a120: ver 3 0 (tinfo 0xd920f390)
03-15 00:21:49.108 13654 13654 D AndroidRuntime: Shutting down VM
03-15 00:21:49.170  1757  3626 W audio_hw_generic: Not supplying enough data to HAL, expected position 64711258 , only wrote 64711239
03-15 00:21:49.199  8124  8177 D EGL_emulation: eglMakeCurrent: 0xd921a120: ver 3 0 (tinfo 0xd920f390)
03-15 00:21:49.235  8124  8177 I chatty  : uid=10147(org.quantumbadger.redreader) RenderThread identical 2 lines
03-15 00:21:49.286  8124  8177 D EGL_emulation: eglMakeCurrent: 0xd921a120: ver 3 0 (tinfo 0xd920f390)
03-15 00:21:49.295  8124  8177 D OpenGLRenderer: endAllActiveAnimators on 0xbca50400 (RippleDrawable) with handle 0xc0873cb0
03-15 00:21:49.324  2454  2454 I PhenotypeExpConfig: refreshConfiguration() : Force = false : UpdateAvailable = false : Age = 34 minutes : MaxAge = 720 minutes
03-15 00:21:49.326  8124  8177 D EGL_emulation: eglMakeCurrent: 0xd921a120: ver 3 0 (tinfo 0xd920f390)
03-15 00:21:49.344  2454  2454 I AndroidIME: DummyIme.onDeactivate()
03-15 00:21:49.363  2454  6204 D EGL_emulation: eglMakeCurrent: 0xd921b1a0: ver 3 0 (tinfo 0xd920f870)
03-15 00:21:49.631  7822  7836 I mit.droidbotap: Background concurrent copying GC freed 31582(1307KB) AllocSpace objects, 34(1612KB) LOS objects, 49% free, 1933KB/3867KB, paused 11.705ms total 43.555ms
03-15 00:21:49.724  8124 13656 D OK      : request got status: 200
03-15 00:21:49.737  1766  2316 E GnssHAL_GnssInterface: gnssSvStatusCb: a: input svInfo.flags is 8
03-15 00:21:49.737  1766  2316 E GnssHAL_GnssInterface: gnssSvStatusCb: b: input svInfo.flags is 8
03-15 00:21:49.821  8124 13656 I PostListingFragment: Successfully precached https://oauth.reddit.com/comments/firfo6/.json?sort=confidence
03-15 00:21:49.886  8124 13704 D OK      : calling: https://oauth.reddit.com/comments/firfo6/.json?sort=confidence
03-15 00:21:50.746  1766  2316 E GnssHAL_GnssInterface: gnssSvStatusCb: a: input svInfo.flags is 8
03-15 00:21:50.746  1766  2316 E GnssHAL_GnssInterface: gnssSvStatusCb: b: input svInfo.flags is 8
