03-15 00:20:01.716  1767 23050 D gralloc_ranchu: gralloc_alloc: Creating ashmem region of size 8298496
03-15 00:20:01.741  8124  9262 D OK      : calling: https://oauth.reddit.com/comments/finaxt/.json?sort=confidence
03-15 00:20:01.754  8124  8177 D EGL_emulation: eglMakeCurrent: 0xd921a120: ver 3 0 (tinfo 0xd920f390)
03-15 00:20:01.771  2024  2048 W InputReader: Device has associated, but no associated display id.
03-15 00:20:01.773  2024  2048 I chatty  : uid=1000(system) android.anim identical 18 lines
03-15 00:20:01.773  2024  2048 W InputReader: Device has associated, but no associated display id.
03-15 00:20:02.104  8124  9220 D OK      : request got status: 200
03-15 00:20:02.154  8124  9220 I adger.redreade: IncrementDisableThreadFlip blocked for 42.472ms
03-15 00:20:02.298  1766  2316 E GnssHAL_GnssInterface: gnssSvStatusCb: a: input svInfo.flags is 8
03-15 00:20:02.298  1766  2316 E GnssHAL_GnssInterface: gnssSvStatusCb: b: input svInfo.flags is 8
03-15 00:20:02.393  8124  9182 D OK      : request got status: 200
03-15 00:20:02.408  1757  3626 W audio_hw_generic: Hardware backing HAL too slow, could only write 0 of 661 frames
03-15 00:20:02.458  8124  9143 D OK      : calling: https://i.imgur.com/va5YH8a.png
03-15 00:20:02.476  1748  9279 E ResolverController: No valid NAT64 prefix (100, <unspecified>/0)
03-15 00:20:02.528  8124  9140 I PostListingFragment: Successfully precached https://oauth.reddit.com/comments/fiigm0/.json?sort=confidence
03-15 00:20:02.687  8124  9143 D OK      : request got status: 200
03-15 00:20:02.695  8124  8140 I adger.redreade: Background concurrent copying GC freed 57427(6319KB) AllocSpace objects, 38(2536KB) LOS objects, 44% free, 7532KB/13MB, paused 18.997ms total 1.397s
03-15 00:20:02.756  8124  9262 D OK      : request got status: 200
03-15 00:20:02.838  8124  8142 W System  : A resource failed to call end. 
03-15 00:20:02.839  8124  8142 W System  : A resource failed to call close. 
03-15 00:20:02.844  8124  8142 W System  : A resource failed to call end. 
03-15 00:20:02.894  8124  9294 D OK      : calling: https://oauth.reddit.com/hot/.json
03-15 00:20:02.921  1748  9295 E ResolverController: No valid NAT64 prefix (100, <unspecified>/0)
03-15 00:20:03.321  1766  2316 E GnssHAL_GnssInterface: gnssSvStatusCb: a: input svInfo.flags is 8
03-15 00:20:03.321  1766  2316 E GnssHAL_GnssInterface: gnssSvStatusCb: b: input svInfo.flags is 8
03-15 00:20:03.358  8124  9145 I PostListingFragment: Successfully precached https://v.redd.it/ivzdpt4thom41/DASH_480
03-15 00:20:03.640  8124  8647 W System  : A resource failed to call response.body().close(). 
03-15 00:20:03.641  8124  8647 I chatty  : uid=10147(org.quantumbadger.redreader) OkHttp Connecti identical 41 lines
03-15 00:20:03.641  8124  8647 W System  : A resource failed to call response.body().close(). 
03-15 00:20:03.712  8124  9220 I PostListingFragment: Successfully precached https://oauth.reddit.com/comments/fimdrn/.json?sort=confidence
03-15 00:20:03.828  8124  9294 D OK      : request got status: 200
03-15 00:20:03.947  8124  9262 I PostListingFragment: Successfully precached https://oauth.reddit.com/comments/finaxt/.json?sort=confidence
03-15 00:20:03.975  8124  8788 I PostListingFragment: Precaching images: ON
03-15 00:20:03.975  8124  8788 I PostListingFragment: Precaching comments: ON
03-15 00:20:04.105  8124  9338 D OK      : calling: https://oauth.reddit.com/comments/firwhv/.json?sort=confidence
03-15 00:20:04.305  8124  9143 I PostListingFragment: Successfully precached https://i.imgur.com/va5YH8a.png
03-15 00:20:04.342  1766  2316 E GnssHAL_GnssInterface: gnssSvStatusCb: a: input svInfo.flags is 8
03-15 00:20:04.342  1766  2316 E GnssHAL_GnssInterface: gnssSvStatusCb: b: input svInfo.flags is 8
03-15 00:20:04.415  8124  9346 D OK      : calling: https://a.thumbs.redditmedia.com/MXf4_f1UEwygd6Dh1odCQECHJUG3nJONl6vpmqtblp4.jpg
03-15 00:20:04.438  8124  9350 D OK      : calling: https://b.thumbs.redditmedia.com/tM44Ip2K_PHZa5ATJJHN160lPE2VgM5ZKhIQYx3ThUI.jpg
03-15 00:20:04.506  1757  3626 W audio_hw_generic: Not supplying enough data to HAL, expected position 61503638 , only wrote 61503406
03-15 00:20:04.508  1757  1757 W audio_hw_generic: Not supplying enough data to HAL, expected position 61503464 , only wrote 61503406
03-15 00:20:04.633  1748  9360 E ResolverController: No valid NAT64 prefix (100, <unspecified>/0)
03-15 00:20:04.828  1748  9372 E ResolverController: No valid NAT64 prefix (100, <unspecified>/0)
03-15 00:20:04.905  8124  9145 D OK      : calling: https://i.redd.it/lc9tsocjtom41.jpg
03-15 00:20:04.961  1748  9378 E ResolverController: No valid NAT64 prefix (100, <unspecified>/0)
03-15 00:20:04.996  8124  9145 D OK      : request got status: 200
03-15 00:20:04.996  8124  9350 D OK      : request got status: 200
03-15 00:20:05.286  8124  9145 I PostListingFragment: Successfully precached https://i.redd.it/lc9tsocjtom41.jpg
03-15 00:20:05.303  8124  9384 D OK      : calling: https://b.thumbs.redditmedia.com/fISLc1hmRd06DyFJqGKmI2N3nonSzjWQcS3WfARBY8U.jpg
03-15 00:20:05.323  1766  2316 E GnssHAL_GnssInterface: gnssSvStatusCb: a: input svInfo.flags is 8
03-15 00:20:05.323  1766  2316 E GnssHAL_GnssInterface: gnssSvStatusCb: b: input svInfo.flags is 8
03-15 00:20:05.342  8124  9387 D OK      : calling: https://oauth.reddit.com/comments/fiqscd/.json?sort=confidence
03-15 00:20:05.353  1748  9389 E ResolverController: No valid NAT64 prefix (100, <unspecified>/0)
03-15 00:20:05.668  8124  9346 D OK      : request got status: 200
03-15 00:20:05.697  8124  9384 D OK      : request got status: 200
03-15 00:20:06.095  2024  2034 I system_server: Background young concurrent copying GC freed 48806(4376KB) AllocSpace objects, 60(1684KB) LOS objects, 30% free, 13MB/19MB, paused 114us total 670.208ms
03-15 00:20:06.112  8124  9405 D OK      : calling: https://b.thumbs.redditmedia.com/gn5KaQsR7OpwUP4Hi4QiNBsaqmNPSP5viV3B-1Pzh0A.jpg
03-15 00:20:06.157  8124  9405 D OK      : request got status: 200
03-15 00:20:06.275  8124  9408 D OK      : calling: https://b.thumbs.redditmedia.com/h_uaFQM4q_J6a2Z_-wMVeAd9xNgALgrH6OO1q2KjOWk.jpg
03-15 00:20:06.324  1766  2316 E GnssHAL_GnssInterface: gnssSvStatusCb: a: input svInfo.flags is 8
03-15 00:20:06.324  1766  2316 E GnssHAL_GnssInterface: gnssSvStatusCb: b: input svInfo.flags is 8
03-15 00:20:06.346  8124  9408 D OK      : request got status: 200
03-15 00:20:06.535  8124  9427 D OK      : calling: https://oauth.reddit.com/comments/finq8v/.json?sort=confidence
03-15 00:20:06.537  8124  9426 D OK      : calling: https://b.thumbs.redditmedia.com/sDYslBWH6Hd1wBibVGD4cOO7BQyIV9yWS4zix3FlQ7c.jpg
03-15 00:20:06.597  8124  9426 D OK      : request got status: 200
03-15 00:20:06.728  8124  9387 D OK      : request got status: 200
03-15 00:20:06.776  8124  9434 D OK      : calling: https://b.thumbs.redditmedia.com/uDIf4Ot8u02IgqviEx4HrO3Gz2FF_GM2crIpHACWuKY.jpg
03-15 00:20:06.951  8124  9434 D OK      : request got status: 200
03-15 00:20:07.327  1766  2316 E GnssHAL_GnssInterface: gnssSvStatusCb: a: input svInfo.flags is 8
03-15 00:20:07.327  1766  2316 E GnssHAL_GnssInterface: gnssSvStatusCb: b: input svInfo.flags is 8
03-15 00:20:07.388  8124  9457 D OK      : calling: https://b.thumbs.redditmedia.com/2htMfeunUbK0_oOy4ZoAjI09lvuL8J8FSQ95FZHiyTY.jpg
03-15 00:20:07.464  8124  8788 I getImgurImageInfo: Image tOOcVij: trying API v3 with auth
03-15 00:20:07.498  8124  9462 D OK      : calling: https://b.thumbs.redditmedia.com/IEOSYVh5b6LGIMGNXDae5Go2TzYBzAW_k5RQ_grUC8A.jpg
03-15 00:20:07.536  8124  9466 D OK      : calling: https://b.thumbs.redditmedia.com/02Yi2X5-WJdpSYPY3CdXU668ICIAbJfwvLgo2gOp06U.jpg
03-15 00:20:07.587  8124  9338 D OK      : request got status: 200
03-15 00:20:07.656  8124  9457 D OK      : request got status: 200
03-15 00:20:07.760  8124  9462 D OK      : request got status: 200
03-15 00:20:07.861  8124  9466 D OK      : request got status: 200
03-15 00:20:07.901  8124  9481 D OK      : calling: https://oauth.reddit.com/comments/fiun99/.json?sort=confidence
03-15 00:20:07.901  8124  9476 D OK      : calling: https://b.thumbs.redditmedia.com/flVbbXPYiasEGU7YyjWnw2x694q4mchEjUYkv-3cZ_U.jpg
03-15 00:20:08.099  8124  9483 D OK      : calling: https://b.thumbs.redditmedia.com/Mr2CIQtkwDctEN2yi2dE-lLap26VPPlcAJexIHojpfg.jpg
03-15 00:20:08.126  8124  9476 D OK      : request got status: 200
03-15 00:20:08.224  8124  9427 D OK      : request got status: 200
03-15 00:20:08.224  3717 14391 W GmsLocationProvider: Error removing location updates: 16
03-15 00:20:08.244  8124  9483 D OK      : request got status: 200
03-15 00:20:08.331  1766  2316 E GnssHAL_GnssInterface: gnssSvStatusCb: a: input svInfo.flags is 8
03-15 00:20:08.332  1766  2316 E GnssHAL_GnssInterface: gnssSvStatusCb: b: input svInfo.flags is 8
03-15 00:20:08.404  8124  9500 D OK      : calling: https://a.thumbs.redditmedia.com/h2Hf2VhH6M_R51KUynRQ0sF6nBllAgb7lZ0XL4itb68.jpg
03-15 00:20:08.405  8124  8788 I getImgurImageInfo: Image tLMLUBm: trying API v3 with auth
03-15 00:20:08.465  8124  9338 I PostListingFragment: Successfully precached https://oauth.reddit.com/comments/firwhv/.json?sort=confidence
03-15 00:20:08.626  8124  9481 D OK      : request got status: 200
03-15 00:20:08.644  8124  9500 D OK      : request got status: 200
03-15 00:20:08.708  8124  8124 W RecyclerView: Cannot call this method in a scroll callback. Scroll callbacks mightbe run during a measure & layout pass where you cannot change theRecyclerView data. Any method call that might change the structureof the RecyclerView or the adapter contents should be postponed tothe next frame.
03-15 00:20:08.708  8124  8124 W RecyclerView: java.lang.IllegalStateException:  android.support.v7.widget.RecyclerView{ed45112 VFED..... .F....ID 0,0-1080,1605 #7f0900c7 app:id/scrollbar_recyclerview_recyclerview}, adapter:org.quantumbadger.redreader.adapters.GroupedRecyclerViewAdapter@63715a9, layout:android.support.v7.widget.LinearLayoutManager@7c3e72e, context:org.quantumbadger.redreader.activities.PostListingActivity@416f868
03-15 00:20:08.708  8124  8124 W RecyclerView: 	at android.support.v7.widget.RecyclerView.assertNotInLayoutOrScroll(RecyclerView.java:2890)
03-15 00:20:08.708  8124  8124 W RecyclerView: 	at android.support.v7.widget.RecyclerView$RecyclerViewDataObserver.onItemRangeInserted(RecyclerView.java:5300)
03-15 00:20:08.708  8124  8124 W RecyclerView: 	at android.support.v7.widget.RecyclerView$AdapterDataObservable.notifyItemRangeInserted(RecyclerView.java:12022)
03-15 00:20:08.708  8124  8124 W RecyclerView: 	at android.support.v7.widget.RecyclerView$Adapter.notifyItemInserted(RecyclerView.java:7180)
03-15 00:20:08.708  8124  8124 W RecyclerView: 	at org.quantumbadger.redreader.adapters.GroupedRecyclerViewAdapter.updateHiddenStatus(GroupedRecyclerViewAdapter.java:279)
03-15 00:20:08.708  8124  8124 W RecyclerView: 	at org.quantumbadger.redreader.adapters.RedditListingManager.setLoadingVisible(RedditListingManager.java:125)
03-15 00:20:08.708  8124  8124 W RecyclerView: 	at org.quantumbadger.redreader.fragments.PostListingFragment.onLoadMoreItemsCheck(PostListingFragment.java:465)
03-15 00:20:08.708  8124  8124 W RecyclerView: 	at org.quantumbadger.redreader.fragments.PostListingFragment.access$000(PostListingFragment.java:98)
03-15 00:20:08.708  8124  8124 W RecyclerView: 	at org.quantumbadger.redreader.fragments.PostListingFragment$2.onScrolled(PostListingFragment.java:215)
03-15 00:20:08.708  8124  8124 W RecyclerView: 	at android.support.v7.widget.RecyclerView.dispatchOnScrolled(RecyclerView.java:4961)
03-15 00:20:08.708  8124  8124 W RecyclerView: 	at android.support.v7.widget.RecyclerView.dispatchLayoutStep3(RecyclerView.java:4021)
03-15 00:20:08.708  8124  8124 W RecyclerView: 	at android.support.v7.widget.RecyclerView.dispatchLayout(RecyclerView.java:3652)
03-15 00:20:08.708  8124  8124 W RecyclerView: 	at android.support.v7.widget.RecyclerView.consumePendingUpdateOperations(RecyclerView.java:1888)
03-15 00:20:08.708  8124  8124 W RecyclerView: 	at android.support.v7.widget.RecyclerView$1.run(RecyclerView.java:407)
03-15 00:20:08.708  8124  8124 W RecyclerView: 	at android.view.Choreographer$CallbackRecord.run(Choreographer.java:966)
03-15 00:20:08.708  8124  8124 W RecyclerView: 	at android.view.Choreographer.doCallbacks(Choreographer.java:790)
03-15 00:20:08.708  8124  8124 W RecyclerView: 	at android.view.Choreographer.doFrame(Choreographer.java:721)
03-15 00:20:08.708  8124  8124 W RecyclerView: 	at android.view.Choreographer$FrameDisplayEventReceiver.run(Choreographer.java:951)
03-15 00:20:08.708  8124  8124 W RecyclerView: 	at android.os.Handler.handleCallback(Handler.java:883)
03-15 00:20:08.708  8124  8124 W RecyclerView: 	at android.os.Handler.dispatchMessage(Handler.java:100)
03-15 00:20:08.708  8124  8124 W RecyclerView: 	at android.os.Looper.loop(Looper.java:214)
03-15 00:20:08.708  8124  8124 W RecyclerView: 	at android.app.ActivityThread.main(ActivityThread.java:7356)
03-15 00:20:08.708  8124  8124 W RecyclerView: 	at java.lang.reflect.Method.invoke(Native Method)
03-15 00:20:08.708  8124  8124 W RecyclerView: 	at com.android.internal.os.RuntimeInit$MethodAndArgsCaller.run(RuntimeInit.java:492)
03-15 00:20:08.708  8124  8124 W RecyclerView: 	at com.android.internal.os.ZygoteInit.main(ZygoteInit.java:930)
03-15 00:20:09.074  8124  9387 I PostListingFragment: Successfully precached https://oauth.reddit.com/comments/fiqscd/.json?sort=confidence
03-15 00:20:09.090  2024  2053 E memtrack: Couldn't load memtrack module
03-15 00:20:09.090  2024  2053 W android.os.Debug: failed to get memory consumption info: -1
03-15 00:20:09.307  9507  9507 D AndroidRuntime: >>>>>> START com.android.internal.os.RuntimeInit uid 2000 <<<<<<
03-15 00:20:09.297  9507  9507 W app_process: type=1400 audit(0.0:2006): avc: denied { read } for name="u:object_r:device_config_runtime_native_boot_prop:s0" dev="tmpfs" ino=6815 scontext=u:r:shell:s0 tcontext=u:object_r:device_config_runtime_native_boot_prop:s0 tclass=file permissive=0
03-15 00:20:09.311  9507  9507 E libc    : Access denied finding property "persist.device_config.runtime_native_boot.disable_lock_profiling"
03-15 00:20:09.311  9507  9507 I AndroidRuntime: Leaving lock profiling enabled
03-15 00:20:09.313  9507  9507 E libc    : Access denied finding property "persist.device_config.runtime_native_boot.enable_generational_cc"
03-15 00:20:09.348  1766  2316 E GnssHAL_GnssInterface: gnssSvStatusCb: a: input svInfo.flags is 8
03-15 00:20:09.348  1766  2316 E GnssHAL_GnssInterface: gnssSvStatusCb: b: input svInfo.flags is 8
03-15 00:20:09.367  8124  8140 I adger.redreade: Background young concurrent copying GC freed 48751(4190KB) AllocSpace objects, 25(1268KB) LOS objects, 28% free, 9789KB/13MB, paused 141us total 1.133s
03-15 00:20:09.388  7822  7836 I mit.droidbotap: Background concurrent copying GC freed 59623(2250KB) AllocSpace objects, 61(4612KB) LOS objects, 49% free, 3682KB/7364KB, paused 754us total 148.049ms
03-15 00:20:09.392  8124  9527 D OK      : calling: https://oauth.reddit.com/comments/fi77p9/.json?sort=confidence
03-15 00:20:09.408  8124  9526 D OK      : calling: https://b.thumbs.redditmedia.com/Y_n0wdOrGwJxNbuGqe6Z3bN4nqpA1JnaLGgE_0xY59E.jpg
03-15 00:20:09.410  8124  8142 W System  : A resource failed to call close. 
03-15 00:20:09.410  8124  8142 I chatty  : uid=10147(org.quantumbadger.redreader) FinalizerDaemon identical 7 lines
03-15 00:20:09.410  8124  8142 W System  : A resource failed to call close. 
03-15 00:20:09.410  8124  8142 W System  : A resource failed to call end. 
03-15 00:20:09.410  8124  8142 W System  : A resource failed to call end. 
03-15 00:20:09.479  8124  9526 D OK      : request got status: 200
03-15 00:20:09.539  8124  9427 I PostListingFragment: Successfully precached https://oauth.reddit.com/comments/finq8v/.json?sort=confidence
03-15 00:20:09.584  9507  9507 D ICU     : Time zone APEX file found: /apex/com.android.tzdata/etc/icu/icu_tzdata.dat
03-15 00:20:09.608  9507  9507 W app_process: Unexpected CPU variant for X86 using defaults: x86
03-15 00:20:09.609  9507  9507 I app_process: The ClassLoaderContext is a special shared library.
03-15 00:20:09.620  8124  9481 I PostListingFragment: Successfully precached https://oauth.reddit.com/comments/fiun99/.json?sort=confidence
03-15 00:20:09.640  7822  7836 I mit.droidbotap: Background young concurrent copying GC freed 27148(1057KB) AllocSpace objects, 25(3604KB) LOS objects, 6% free, 6852KB/7364KB, paused 17us total 105.672ms
03-15 00:20:09.661  9507  9507 W app_process: JNI RegisterNativeMethods: attempt to register 0 native methods for android.media.AudioAttributes
03-15 00:20:09.675  9507  9507 D AndroidRuntime: Calling main entry com.android.commands.input.Input
03-15 00:20:09.714  8124  9544 D OK      : calling: https://a.thumbs.redditmedia.com/a89WNjVYbBkA4vto0BkN16D9-rzJAKWiRMYQQXg9tz0.jpg
03-15 00:20:09.727  8124  9544 D OK      : request got status: 200
03-15 00:20:09.742  8124  9545 D OK      : calling: https://b.thumbs.redditmedia.com/d8NZ7tRMsXkq6t3Vxywt6nxIyY8HVTog872YXtYEZsc.jpg
03-15 00:20:09.779  8124  9545 D OK      : request got status: 200
03-15 00:20:09.802  8124  9546 D OK      : calling: https://b.thumbs.redditmedia.com/YDrNlL_xhwL72Xaz-zVP2LzeudSX_OP4Az2xxjtizFM.jpg
03-15 00:20:09.806  8124  9547 D OK      : calling: https://b.thumbs.redditmedia.com/aUvdI1NE5JKXYrT7dLZAArYzDruyO2EZ_e8_uRsy9kE.jpg
03-15 00:20:09.840  8124  9546 D OK      : request got status: 200
03-15 00:20:09.853  8124  9547 D OK      : request got status: 200
03-15 00:20:09.886  9507  9507 D AndroidRuntime: Shutting down VM
03-15 00:20:09.926  1757  3626 W audio_hw_generic: Not supplying enough data to HAL, expected position 61503417 , only wrote 61503406
03-15 00:20:10.068  8124  9548 D OK      : calling: https://b.thumbs.redditmedia.com/x5arDQbep33oF4g4VANk1iHk8eIPpdjV6SJ6h2gCHXs.jpg
03-15 00:20:10.098  8124  9548 D OK      : request got status: 200
03-15 00:20:10.235  1767 23050 D gralloc_ranchu: gralloc_alloc: Creating ashmem region of size 2527232
03-15 00:20:10.245  1767 23050 I chatty  : uid=1000(system) HwBinder:1767_3 identical 1 line
03-15 00:20:10.247  1767 23050 D gralloc_ranchu: gralloc_alloc: Creating ashmem region of size 2527232
03-15 00:20:10.311  8124  8177 D EGL_emulation: eglMakeCurrent: 0xd921a120: ver 3 0 (tinfo 0xd920f390)
03-15 00:20:10.338  1766  2316 E GnssHAL_GnssInterface: gnssSvStatusCb: a: input svInfo.flags is 8
03-15 00:20:10.338  1766  2316 E GnssHAL_GnssInterface: gnssSvStatusCb: b: input svInfo.flags is 8
03-15 00:20:10.448  8124  8177 D EGL_emulation: eglMakeCurrent: 0xd921a120: ver 3 0 (tinfo 0xd920f390)
03-15 00:20:10.467  8124  8177 D EGL_emulation: eglMakeCurrent: 0xd921a120: ver 3 0 (tinfo 0xd920f390)
03-15 00:20:10.608  8124  9565 D OK      : calling: https://oauth.reddit.com/hot/.json?after=t3_fiouxh
03-15 00:20:10.743  8124  9145 D OK      : calling: https://i.redd.it/jw8boot7kom41.jpg
03-15 00:20:10.781  1748  9575 E ResolverController: No valid NAT64 prefix (100, <unspecified>/0)
03-15 00:20:10.809  7822  7836 I mit.droidbotap: Background concurrent copying GC freed 20617(1038KB) AllocSpace objects, 28(932KB) LOS objects, 49% free, 3382KB/6764KB, paused 15us total 103.710ms
03-15 00:20:10.816  8124  9145 D OK      : request got status: 200
03-15 00:20:10.865  8124  9582 D OK      : calling: https://i.redd.it/6t1bj7jrwqm41.jpg
03-15 00:20:10.877  8124  9145 I PostListingFragment: Successfully precached https://i.redd.it/jw8boot7kom41.jpg
03-15 00:20:10.885  8124  9582 D OK      : request got status: 200
03-15 00:20:10.898  8124  9145 D OK      : calling: https://i.redd.it/gof34xogpqm41.jpg
03-15 00:20:10.913  8124  9583 D OK      : calling: https://v.redd.it/f1hxmw8jgpm41/DASHPlaylist.mpd
03-15 00:20:10.936  8124  9585 D OK      : calling: https://i.redd.it/kmt13rkm7qm41.jpg
03-15 00:20:10.953  1748  9584 E ResolverController: No valid NAT64 prefix (100, <unspecified>/0)
03-15 00:20:10.961  8124  9145 D OK      : request got status: 200
03-15 00:20:10.984  8124  9586 D OK      : calling: https://i.redd.it/wacfu7ryyom41.jpg
03-15 00:20:10.996  8124  9585 D OK      : request got status: 200
03-15 00:20:11.008  8124  9145 I PostListingFragment: Successfully precached https://i.redd.it/gof34xogpqm41.jpg
03-15 00:20:11.012  8124  9587 D OK      : calling: https://v.redd.it/h0r4rj6xanm41/DASHPlaylist.mpd
03-15 00:20:11.015  8124  9145 D OK      : calling: https://i.redd.it/dvuueaxvzom41.jpg
03-15 00:20:11.035  8124  9588 D OK      : calling: https://v.redd.it/o3x7em14hnm41/DASHPlaylist.mpd
03-15 00:20:11.053  8124  9589 D OK      : calling: https://api.imgur.com/3/image/tOOcVij
03-15 00:20:11.059  8124  9583 D OK      : request got status: 200
03-15 00:20:11.097  8124  9145 D OK      : request got status: 200
03-15 00:20:11.097  8124  9586 D OK      : request got status: 200
03-15 00:20:11.112  8124  9587 D OK      : request got status: 200
03-15 00:20:11.134  8124  9590 D OK      : calling: https://i.redd.it/lgju3h5j6rm41.jpg
03-15 00:20:11.141  8124  9583 I RedditVideosAPI: For 'https://v.redd.it/f1hxmw8jgpm41/DASHPlaylist.mpd', got video stream 'https://v.redd.it/f1hxmw8jgpm41/DASH_480' and audio stream 'https://v.redd.it/f1hxmw8jgpm41/audio'
03-15 00:20:11.158  8124  9527 D OK      : request got status: 200
03-15 00:20:11.168  8124  9588 D OK      : request got status: 200
03-15 00:20:11.218  8124  9587 I RedditVideosAPI: For 'https://v.redd.it/h0r4rj6xanm41/DASHPlaylist.mpd', got video stream 'https://v.redd.it/h0r4rj6xanm41/DASH_480' and audio stream 'https://v.redd.it/h0r4rj6xanm41/audio'
03-15 00:20:11.255  8124  9588 I RedditVideosAPI: For 'https://v.redd.it/o3x7em14hnm41/DASHPlaylist.mpd', got video stream 'https://v.redd.it/o3x7em14hnm41/DASH_480' and audio stream 'null'
03-15 00:20:11.268  8124  9582 I PostListingFragment: Successfully precached https://i.redd.it/6t1bj7jrwqm41.jpg
03-15 00:20:11.269  8124  9582 D OK      : calling: https://v.redd.it/f1hxmw8jgpm41/DASH_480
03-15 00:20:11.303  8124  9589 D OK      : request got status: 200
03-15 00:20:11.338  8124  9590 D OK      : request got status: 200
03-15 00:20:11.341  1766  2316 E GnssHAL_GnssInterface: gnssSvStatusCb: a: input svInfo.flags is 8
03-15 00:20:11.341  1766  2316 E GnssHAL_GnssInterface: gnssSvStatusCb: b: input svInfo.flags is 8
03-15 00:20:11.382  8124  9145 I PostListingFragment: Successfully precached https://i.redd.it/dvuueaxvzom41.jpg
03-15 00:20:11.382  8124  9145 D OK      : calling: https://v.redd.it/f1hxmw8jgpm41/audio
03-15 00:20:11.440  8124  9565 D OK      : request got status: 200
03-15 00:20:11.474  8124  9582 D OK      : request got status: 200
03-15 00:20:11.482  8124  8140 I adger.redreade: Background concurrent copying GC freed 68757(4575KB) AllocSpace objects, 80(4048KB) LOS objects, 47% free, 6838KB/12MB, paused 1.209ms total 399.737ms
03-15 00:20:11.486  8124  8788 I PostListingFragment: Precaching images: ON
03-15 00:20:11.486  8124  8788 I PostListingFragment: Precaching comments: ON
03-15 00:20:11.505  8124  9590 I PostListingFragment: Successfully precached https://i.redd.it/lgju3h5j6rm41.jpg
03-15 00:20:11.505  8124  9590 D OK      : calling: https://v.redd.it/h0r4rj6xanm41/DASH_480
03-15 00:20:11.529  8124  8788 I getImgurImageInfo: Image DEimSTf: trying API v3 with auth
03-15 00:20:11.548  8124  8142 W System  : A resource failed to call close. 
03-15 00:20:11.551  8124  8142 I chatty  : uid=10147(org.quantumbadger.redreader) FinalizerDaemon identical 20 lines
03-15 00:20:11.551  8124  8142 W System  : A resource failed to call close. 
03-15 00:20:11.551  8124  8142 W System  : A resource failed to call end. 
03-15 00:20:11.551  8124  8142 W System  : A resource failed to call close. 
03-15 00:20:11.551  8124  8142 I chatty  : uid=10147(org.quantumbadger.redreader) FinalizerDaemon identical 5 lines
03-15 00:20:11.551  8124  8142 W System  : A resource failed to call close. 
03-15 00:20:11.551  8124  8142 W System  : A resource failed to call end. 
03-15 00:20:11.551  8124  8142 I chatty  : uid=10147(org.quantumbadger.redreader) FinalizerDaemon identical 4 lines
03-15 00:20:11.551  8124  8142 W System  : A resource failed to call end. 
03-15 00:20:11.565  8124  9527 I PostListingFragment: Successfully precached https://oauth.reddit.com/comments/fi77p9/.json?sort=confidence
03-15 00:20:11.605  8124  9608 D OK      : calling: https://v.redd.it/h91i0mhqfom41/DASHPlaylist.mpd
03-15 00:20:11.625  8124  9145 D OK      : request got status: 200
03-15 00:20:11.636  8124  9610 D OK      : calling: https://b.thumbs.redditmedia.com/U5ir5rCbv99A9fniuatz8nff8xudAgSHAsya8s2KvTs.jpg
03-15 00:20:11.645  8124  9611 D OK      : calling: https://b.thumbs.redditmedia.com/X4S9CMJ3yMz2zMFoOAn5qtVlgtwe7dYQIs4Xh-kJmFU.jpg
03-15 00:20:11.682  8124  9614 D OK      : calling: https://b.thumbs.redditmedia.com/G81pvMc3AfZP2LH2Z2BwXebNMXK7VYKDXvGOY-JR6FI.jpg
03-15 00:20:11.692  8124  9590 D OK      : request got status: 200
03-15 00:20:11.725  8124  9615 D OK      : calling: https://b.thumbs.redditmedia.com/0WyyMYP-7CbHk9LqF5x-bmIvpWTTO8Rqfcw4tnvnjoM.jpg
03-15 00:20:11.731  8124  9617 D OK      : calling: https://b.thumbs.redditmedia.com/yEx1Pb97p79nVlw00-RLvvU65_EKBwdcuFLB9QpB9Hw.jpg
03-15 00:20:11.754  8124  9619 D OK      : calling: https://b.thumbs.redditmedia.com/lnfmgJYTWZv0zUeGO8p0ZfQtzhMXy1NXeL6DGsqp6sE.jpg
03-15 00:20:11.823  8124  9621 D OK      : calling: https://b.thumbs.redditmedia.com/55QznUKcBhKEqwDUSDPGC-Dk7srvzITm3guiTHwDlSU.jpg
03-15 00:20:11.832  8124  9624 D OK      : calling: https://oauth.reddit.com/comments/fioxd1/.json?sort=confidence
03-15 00:20:11.850  8124  8788 I getImgurImageInfo: Image KcIVfEP: trying API v3 with auth
03-15 00:20:11.856  8124  8788 I getImgurImageInfo: Image kLVYLvE: trying API v3 with auth
03-15 00:20:11.878  8124  9610 D OK      : request got status: 200
03-15 00:20:11.884  8124  9623 D OK      : calling: https://a.thumbs.redditmedia.com/s2151R_krYci3IgP_W6IUkdCjOWwdzPAxafoK50L3q4.jpg
03-15 00:20:11.896  8124  9608 D OK      : request got status: 200
03-15 00:20:11.907  8124  9623 D OK      : request got status: 200
03-15 00:20:11.917  8124  9611 D OK      : request got status: 200
03-15 00:20:11.967  8124  9630 D OK      : calling: https://b.thumbs.redditmedia.com/qTW0Vj-jv026koPwP7u8naRU66tajSemVxoqO1YNH0k.jpg
03-15 00:20:12.004  8124  9614 D OK      : request got status: 200
03-15 00:20:12.055  8124  9617 D OK      : request got status: 200
03-15 00:20:12.112  8124  9619 D OK      : request got status: 200
03-15 00:20:12.148  8124  9615 D OK      : request got status: 200
03-15 00:20:12.148  8124  9621 D OK      : request got status: 200
03-15 00:20:12.284  8124  9633 D OK      : calling: https://b.thumbs.redditmedia.com/MM279OPr-bBzUh_IE_xCzRnmTmW7YrQqcpRJn1mMI1U.jpg
03-15 00:20:12.346  1766  2316 E GnssHAL_GnssInterface: gnssSvStatusCb: a: input svInfo.flags is 8
03-15 00:20:12.346  1766  2316 E GnssHAL_GnssInterface: gnssSvStatusCb: b: input svInfo.flags is 8
03-15 00:20:12.455  8124  9630 D OK      : request got status: 200
03-15 00:20:12.607  8124  9646 D OK      : calling: https://a.thumbs.redditmedia.com/-ka98qsU-OL1mgsZg9n0ZIKACEXSMpTHS4NsgpcijW4.jpg
03-15 00:20:12.658  8124  9646 D OK      : request got status: 200
03-15 00:20:12.667  8124  9608 I RedditVideosAPI: For 'https://v.redd.it/h91i0mhqfom41/DASHPlaylist.mpd', got video stream 'https://v.redd.it/h91i0mhqfom41/DASH_480' and audio stream 'https://v.redd.it/h91i0mhqfom41/audio'
03-15 00:20:12.673  8124  9633 D OK      : request got status: 200
03-15 00:20:12.677  8124  9586 I PostListingFragment: Successfully precached https://i.redd.it/wacfu7ryyom41.jpg
03-15 00:20:12.677  8124  9586 D OK      : calling: https://v.redd.it/h0r4rj6xanm41/audio
03-15 00:20:12.705  8124  8788 I getImgurImageInfo: Image cpVGMFY: trying API v3 with auth
03-15 00:20:12.834  8124  9145 I PostListingFragment: Successfully precached https://v.redd.it/f1hxmw8jgpm41/audio
03-15 00:20:12.834  8124  9145 D OK      : calling: https://v.redd.it/o3x7em14hnm41/DASH_480
03-15 00:20:12.877  8124  9586 D OK      : request got status: 200
03-15 00:20:12.896  8124  9663 D OK      : calling: https://a.thumbs.redditmedia.com/oS8Kh3U0yfOX3ZuGuKvu1kwsSG1ZAiD_bX8U08EryA0.jpg
03-15 00:20:13.005  8124  9663 D OK      : request got status: 200
03-15 00:20:13.060  1757  1757 W audio_hw_generic: Not supplying enough data to HAL, expected position 61778304 , only wrote 61641555
03-15 00:20:13.063  8124  9671 D OK      : calling: https://oauth.reddit.com/comments/firmst/.json?sort=confidence
03-15 00:20:13.108  8124  9672 D OK      : calling: https://b.thumbs.redditmedia.com/mgxxzfr7iwp783yxlDihY0lWFo62sBhfcOyJpUlss7o.jpg
03-15 00:20:13.113  8124  9145 D OK      : request got status: 200
03-15 00:20:13.182  8124  8140 I adger.redreade: Background young concurrent copying GC freed 41843(2843KB) AllocSpace objects, 43(2060KB) LOS objects, 36% free, 8215KB/12MB, paused 61us total 165.504ms
03-15 00:20:13.187  8124  8142 W System  : A resource failed to call close. 
03-15 00:20:13.188  8124  8142 I chatty  : uid=10147(org.quantumbadger.redreader) FinalizerDaemon identical 13 lines
03-15 00:20:13.188  8124  8142 W System  : A resource failed to call close. 
03-15 00:20:13.188  8124  8142 W System  : A resource failed to call end. 
03-15 00:20:13.314  8124  9672 D OK      : request got status: 200
03-15 00:20:13.336  8124  9683 D OK      : calling: https://a.thumbs.redditmedia.com/9BIceo_yZE6w98Z1zvhh82nHbkJJbMsjQgwyT7b91w4.jpg
03-15 00:20:13.351  1766  2316 E GnssHAL_GnssInterface: gnssSvStatusCb: a: input svInfo.flags is 8
03-15 00:20:13.351  1766  2316 E GnssHAL_GnssInterface: gnssSvStatusCb: b: input svInfo.flags is 8
03-15 00:20:13.367  8124  9624 D OK      : request got status: 200
03-15 00:20:13.367  8124  9687 D OK      : calling: https://b.thumbs.redditmedia.com/chS-pq_DxLNA0AEwls6i5CTH6IxEUVEVqjoiNzuI5cM.jpg
03-15 00:20:13.380  8124  9685 D OK      : calling: https://b.thumbs.redditmedia.com/Nf5HCBVe2lhVbo_lOHuddkEirVQ890EBRQjAinuacdw.jpg
03-15 00:20:13.418  8124  9684 D OK      : calling: https://b.thumbs.redditmedia.com/hkfrgLzTzCOt5faVlNTN2-yI7tl6IRI5y2_Cv_QtkEA.jpg
03-15 00:20:13.445  8124  9683 D OK      : request got status: 200
03-15 00:20:13.484  8124  9692 D OK      : calling: https://b.thumbs.redditmedia.com/_Gb-tTYfKnMo4gScu9-ab9cTB-lDCDHAq6s77n1lkzE.jpg
03-15 00:20:13.539  8124  9695 D OK      : calling: https://b.thumbs.redditmedia.com/ltmWnVYhtfRxekYTnupsItiQBtmB-kowCdBzpticwBc.jpg
03-15 00:20:13.556  8124  9687 D OK      : request got status: 200
03-15 00:20:13.563  8124  9696 D OK      : calling: https://b.thumbs.redditmedia.com/G__wYQt7t3x-V2JzMgYDW9oEC-JWO0YEIqXU0qgnSTo.jpg
03-15 00:20:13.572  8124  9697 D OK      : calling: https://b.thumbs.redditmedia.com/cHPm1SU3e8dlCxEYQop-eEbV2EoP-sbs2cH3yuix_8U.jpg
03-15 00:20:13.589  8124  9700 D OK      : calling: https://b.thumbs.redditmedia.com/tA2QOKqJSkSTroUZragcLgYP2zO51Bo06PhXrfUNlNI.jpg
03-15 00:20:13.645  8124  8647 W System  : A resource failed to call response.body().close(). 
03-15 00:20:13.647  8124  8647 I chatty  : uid=10147(org.quantumbadger.redreader) OkHttp Connecti identical 38 lines
03-15 00:20:13.647  8124  8647 W System  : A resource failed to call response.body().close(). 
03-15 00:20:13.652  8124  9684 D OK      : request got status: 200
03-15 00:20:13.658  8124  9692 D OK      : request got status: 200
03-15 00:20:13.649  8124  9685 D OK      : request got status: 200
03-15 00:20:13.715  8124  9624 I PostListingFragment: Successfully precached https://oauth.reddit.com/comments/fioxd1/.json?sort=confidence
03-15 00:20:13.761  8124  9700 D OK      : request got status: 200
03-15 00:20:13.762  8124  9696 D OK      : request got status: 200
03-15 00:20:13.764  8124  9697 D OK      : request got status: 200
03-15 00:20:13.764  8124  9695 D OK      : request got status: 200
03-15 00:20:13.915  8124  9712 D OK      : calling: https://api.imgur.com/3/image/tLMLUBm
03-15 00:20:13.922  8124  9145 I PostListingFragment: Successfully precached https://v.redd.it/o3x7em14hnm41/DASH_480
03-15 00:20:13.922  8124  9145 D OK      : calling: https://i.imgur.com/tOOcVij.jpg
03-15 00:20:13.985  1748  9713 E ResolverController: No valid NAT64 prefix (100, <unspecified>/0)
03-15 00:20:14.026  1748  9715 E ResolverController: No valid NAT64 prefix (100, <unspecified>/0)
03-15 00:20:14.081  8124  9671 D OK      : request got status: 200
03-15 00:20:14.250  8124  9724 D OK      : calling: https://oauth.reddit.com/comments/fimtpj/.json?sort=confidence
03-15 00:20:14.260  1748  9725 E ResolverController: No valid NAT64 prefix (100, <unspecified>/0)
03-15 00:20:14.283  8124  9671 I PostListingFragment: Successfully precached https://oauth.reddit.com/comments/firmst/.json?sort=confidence
03-15 00:20:14.354  1766  2316 E GnssHAL_GnssInterface: gnssSvStatusCb: a: input svInfo.flags is 8
03-15 00:20:14.354  1766  2316 E GnssHAL_GnssInterface: gnssSvStatusCb: b: input svInfo.flags is 8
03-15 00:20:14.442  8124  9582 I PostListingFragment: Successfully precached https://v.redd.it/f1hxmw8jgpm41/DASH_480
03-15 00:20:14.442  8124  9582 D OK      : calling: https://i.redd.it/cn89z5wkwmm41.jpg
03-15 00:20:14.452  1748  9729 E ResolverController: No valid NAT64 prefix (100, <unspecified>/0)
03-15 00:20:14.460  9722  9722 D AndroidRuntime: >>>>>> START com.android.internal.os.RuntimeInit uid 2000 <<<<<<
03-15 00:20:14.457  9722  9722 W app_process: type=1400 audit(0.0:2009): avc: denied { read } for name="u:object_r:device_config_runtime_native_boot_prop:s0" dev="tmpfs" ino=6815 scontext=u:r:shell:s0 tcontext=u:object_r:device_config_runtime_native_boot_prop:s0 tclass=file permissive=0
03-15 00:20:14.472  9722  9722 E libc    : Access denied finding property "persist.device_config.runtime_native_boot.enable_apex_image"
03-15 00:20:14.472  9722  9722 I AndroidRuntime: Using default boot image
03-15 00:20:14.457  9722  9722 W app_process: type=1400 audit(0.0:2010): avc: denied { read } for name="u:object_r:device_config_runtime_native_boot_prop:s0" dev="tmpfs" ino=6815 scontext=u:r:shell:s0 tcontext=u:object_r:device_config_runtime_native_boot_prop:s0 tclass=file permissive=0
03-15 00:20:14.467  9722  9722 W app_process: type=1400 audit(0.0:2011): avc: denied { read } for name="u:object_r:device_config_runtime_native_boot_prop:s0" dev="tmpfs" ino=6815 scontext=u:r:shell:s0 tcontext=u:object_r:device_config_runtime_native_boot_prop:s0 tclass=file permissive=0
03-15 00:20:14.474  9722  9722 E libc    : Access denied finding property "persist.device_config.runtime_native_boot.disable_lock_profiling"
03-15 00:20:14.474  9722  9722 I AndroidRuntime: Leaving lock profiling enabled
03-15 00:20:14.475  8124  9586 I PostListingFragment: Successfully precached https://v.redd.it/h0r4rj6xanm41/audio
03-15 00:20:14.475  8124  9586 D OK      : calling: https://i.redd.it/so65ebckdqm41.png
03-15 00:20:14.475  9722  9722 E libc    : Access denied finding property "persist.device_config.runtime_native_boot.enable_generational_cc"
03-15 00:20:14.533  8124  9730 D OK      : calling: https://api.imgur.com/3/image/DEimSTf
03-15 00:20:14.576  8124  8140 I adger.redreade: Background young concurrent copying GC freed 23778(2318KB) AllocSpace objects, 53(2212KB) LOS objects, 36% free, 8179KB/12MB, paused 5.375ms total 37.278ms
03-15 00:20:14.577  8124  8142 W System  : A resource failed to call close. 
03-15 00:20:14.584  8124  8142 I chatty  : uid=10147(org.quantumbadger.redreader) FinalizerDaemon identical 10 lines
03-15 00:20:14.584  8124  8142 W System  : A resource failed to call close. 
03-15 00:20:14.584  8124  8142 W System  : A resource failed to call end. 
03-15 00:20:14.584  8124  8142 W System  : A resource failed to call close. 
03-15 00:20:14.587  8124  8142 I chatty  : uid=10147(org.quantumbadger.redreader) FinalizerDaemon identical 10 lines
03-15 00:20:14.587  8124  8142 W System  : A resource failed to call close. 
03-15 00:20:14.588  8124  8142 W System  : A resource failed to call end. 
03-15 00:20:14.588  8124  8142 W System  : A resource failed to call close. 
03-15 00:20:14.588  8124  8142 I chatty  : uid=10147(org.quantumbadger.redreader) FinalizerDaemon identical 3 lines
03-15 00:20:14.588  8124  8142 W System  : A resource failed to call close. 
03-15 00:20:14.607  9722  9722 D ICU     : Time zone APEX file found: /apex/com.android.tzdata/etc/icu/icu_tzdata.dat
03-15 00:20:14.617  9722  9722 W app_process: Unexpected CPU variant for X86 using defaults: x86
03-15 00:20:14.617  9722  9722 I app_process: The ClassLoaderContext is a special shared library.
03-15 00:20:14.627  8124  9735 D OK      : calling: https://v.redd.it/sopcxawosom41/DASHPlaylist.mpd
03-15 00:20:14.635  9722  9722 W app_process: JNI RegisterNativeMethods: attempt to register 0 native methods for android.media.AudioAttributes
03-15 00:20:14.645  9722  9722 D AndroidRuntime: Calling main entry com.android.commands.input.Input
03-15 00:20:14.648  1748  9744 E ResolverController: No valid NAT64 prefix (100, <unspecified>/0)
03-15 00:20:14.685  8124  9712 D OK      : request got status: 200
03-15 00:20:14.706  8124  9586 D OK      : request got status: 200
03-15 00:20:14.728  8124  9145 D OK      : request got status: 200
03-15 00:20:14.744  8124  9735 D OK      : request got status: 200
03-15 00:20:14.747  8124  9730 D OK      : request got status: 200
03-15 00:20:14.881  1757  3626 W audio_hw_generic: Not supplying enough data to HAL, expected position 61641575 , only wrote 61641555
03-15 00:20:14.992  8124  9582 D OK      : request got status: 200
03-15 00:20:15.145  9722  9722 D AndroidRuntime: Shutting down VM
03-15 00:20:15.171  1767 23050 D gralloc_ranchu: gralloc_alloc: Creating ashmem region of size 3072000
03-15 00:20:15.185  1767 23050 I chatty  : uid=1000(system) HwBinder:1767_3 identical 1 line
03-15 00:20:15.192  1767 23050 D gralloc_ranchu: gralloc_alloc: Creating ashmem region of size 3072000
03-15 00:20:15.207  8124  8177 D EGL_emulation: eglMakeCurrent: 0xd921a120: ver 3 0 (tinfo 0xd920f390)
03-15 00:20:15.229  8124  9586 I PostListingFragment: Successfully precached https://i.redd.it/so65ebckdqm41.png
03-15 00:20:15.229  8124  9586 D OK      : calling: https://v.redd.it/h91i0mhqfom41/DASH_480
03-15 00:20:15.239  8124  8177 D EGL_emulation: eglMakeCurrent: 0xd921a120: ver 3 0 (tinfo 0xd920f390)
03-15 00:20:15.257  8124  9586 D OK      : request got status: 200
03-15 00:20:15.359  1766  2316 E GnssHAL_GnssInterface: gnssSvStatusCb: a: input svInfo.flags is 8
03-15 00:20:15.359  1766  2316 E GnssHAL_GnssInterface: gnssSvStatusCb: b: input svInfo.flags is 8
03-15 00:20:15.454  8124  8177 D EGL_emulation: eglMakeCurrent: 0xd921a120: ver 3 0 (tinfo 0xd920f390)
03-15 00:20:15.479  8124  8177 D EGL_emulation: eglMakeCurrent: 0xd921a120: ver 3 0 (tinfo 0xd920f390)
03-15 00:20:15.486  8124  8124 E adger.redreade: Invalid ID 0x00000000.
03-15 00:20:15.486  8124  8124 E adger.redreade: Invalid ID 0x00000000.
03-15 00:20:15.540  8124  9761 D OK      : calling: https://oauth.reddit.com/comments/fiu3wg/.json?sort=confidence
03-15 00:20:15.556  8124  8124 I AssistStructure: Flattened final assist data: 4988 bytes, containing 3 windows, 38 views
03-15 00:20:15.586  8124  9582 I PostListingFragment: Successfully precached https://i.redd.it/cn89z5wkwmm41.jpg
03-15 00:20:15.586  8124  9582 D OK      : calling: https://v.redd.it/h91i0mhqfom41/audio
03-15 00:20:15.605  8124  8177 D EGL_emulation: eglMakeCurrent: 0xd921a120: ver 3 0 (tinfo 0xd920f390)
03-15 00:20:15.645  8124  8177 D EGL_emulation: eglMakeCurrent: 0xd921a120: ver 3 0 (tinfo 0xd920f390)
03-15 00:20:15.686  2454  2454 W GInputConnectionWrapper: IPC IC_GET_TEXT_BEFORE_CURSOR_AND_FIX_SELECTION_INDICES took 389 ms
03-15 00:20:15.864  2454  2454 W GInputConnectionWrapper: IPC IC_GET_TEXT_AFTER_CURSOR took 170 ms
03-15 00:20:15.868  2454  2454 I KeyboardViewUtil: systemKeyboardHeightRatio:1.000000; userKeyboardHeightRatio:1.000000.
03-15 00:20:15.870  2454  2454 I AndroidIME: LatinIme.onActivate() : EditorInfo = Package = org.quantumbadger.redreader : Type = Text : Learning = Disable : Suggestion = Hide : AutoCorrection = Disable : Microphone = Show : NoPersonalizedLearning = Disable
03-15 00:20:15.953  2454  2454 I Conv2QueryExtension: Current locale: en_US, config allows these locales: de,en,es,fr,it,ms,pt,ta
03-15 00:20:15.953  2454  2454 I Conv2QueryExtension: Conv2Query not enabled due to current app [org.quantumbadger.redreader] not in whitelist
03-15 00:20:15.953  2454  2454 I Conv2QueryExtension: onActivate() : Disabled by unsupported host app
03-15 00:20:15.972  3727  3846 D EGL_emulation: eglMakeCurrent: 0xd921a420: ver 3 0 (tinfo 0xd920fb60)
03-15 00:20:15.979  2454  2454 I Choreographer: Skipped 40 frames!  The application may be doing too much work on its main thread.
03-15 00:20:16.014  1767 23050 D gralloc_ranchu: gralloc_alloc: Creating ashmem region of size 8024064
03-15 00:20:16.033  1767  1857 D gralloc_ranchu: gralloc_alloc: Creating ashmem region of size 8024064
03-15 00:20:16.049  2454  6204 D EGL_emulation: eglMakeCurrent: 0xd921b1a0: ver 3 0 (tinfo 0xd920f870)
03-15 00:20:16.055  1767  1857 D gralloc_ranchu: gralloc_alloc: Creating ashmem region of size 8024064
03-15 00:20:16.105  2454  6204 I OpenGLRenderer: Davey! duration=781ms; Flags=1, IntendedVsync=2920867720614, Vsync=2921534387254, OldestInputEvent=9223372036854775807, NewestInputEvent=0, HandleInputStart=2921537278540, AnimationStart=2921537372578, PerformTraversalsStart=2921537373876, DrawStart=2921599417866, SyncQueued=2921603283676, SyncStart=2921608819423, IssueDrawCommandsStart=2921609181144, SwapBuffers=2921625076110, FrameCompleted=2921654730544, DequeueBufferDuration=182000, QueueBufferDuration=3360000, 
03-15 00:20:16.147  8124  9735 I RedditVideosAPI: For 'https://v.redd.it/sopcxawosom41/DASHPlaylist.mpd', got video stream 'https://v.redd.it/sopcxawosom41/DASH_480' and audio stream 'https://v.redd.it/sopcxawosom41/audio'
03-15 00:20:16.338  8124  9582 D OK      : request got status: 200
03-15 00:20:16.363  1766  2316 E GnssHAL_GnssInterface: gnssSvStatusCb: a: input svInfo.flags is 8
03-15 00:20:16.363  1766  2316 E GnssHAL_GnssInterface: gnssSvStatusCb: b: input svInfo.flags is 8
03-15 00:20:16.414  8124  9724 D OK      : request got status: 200
03-15 00:20:16.437  8124  8177 D EGL_emulation: eglMakeCurrent: 0xd921a120: ver 3 0 (tinfo 0xd920f390)
03-15 00:20:16.485  8124  8177 D EGL_emulation: eglMakeCurrent: 0xd921a120: ver 3 0 (tinfo 0xd920f390)
03-15 00:20:16.518  8124  9780 D OK      : calling: https://v.redd.it/5bvcs92evpm41/DASHPlaylist.mpd
03-15 00:20:16.755  8124  9790 D OK      : calling: https://oauth.reddit.com/comments/fin0bj/.json?sort=confidence
03-15 00:20:16.983  2490  3062 E ActivityThread: Failed to find provider info for com.google.android.apps.wellbeing.api
03-15 00:20:17.367  1766  2316 E GnssHAL_GnssInterface: gnssSvStatusCb: a: input svInfo.flags is 8
03-15 00:20:17.367  1766  2316 E GnssHAL_GnssInterface: gnssSvStatusCb: b: input svInfo.flags is 8
03-15 00:20:17.416  2024  2034 I system_server: Background concurrent copying GC freed 57475(4579KB) AllocSpace objects, 67(1808KB) LOS objects, 30% free, 13MB/19MB, paused 44us total 2.112s
03-15 00:20:17.492  8124  9582 I PostListingFragment: Successfully precached https://v.redd.it/h91i0mhqfom41/audio
03-15 00:20:17.493  8124  9582 D OK      : calling: https://i.imgur.com/tLMLUBm.mp4
03-15 00:20:17.495  8124  9780 D OK      : request got status: 200
03-15 00:20:17.557  8124  9761 D OK      : request got status: 200
03-15 00:20:17.825  8124  9582 D OK      : request got status: 200
03-15 00:20:17.892  8124  8177 D EGL_emulation: eglMakeCurrent: 0xd921a120: ver 3 0 (tinfo 0xd920f390)
03-15 00:20:17.906  8124  8177 D OpenGLRenderer: endAllActiveAnimators on 0xc1a09d00 (RippleDrawable) with handle 0xd5dbcef0
03-15 00:20:17.948  2454  2454 I PhenotypeExpConfig: refreshConfiguration() : Force = false : UpdateAvailable = false : Age = 33 minutes : MaxAge = 720 minutes
03-15 00:20:17.954  2454  2454 I AndroidIME: LatinIme.onDeactivate()
03-15 00:20:17.962  8124  8177 D EGL_emulation: eglMakeCurrent: 0xd921a120: ver 3 0 (tinfo 0xd920f390)
03-15 00:20:18.002  2454  6204 D EGL_emulation: eglMakeCurrent: 0xd921b1a0: ver 3 0 (tinfo 0xd920f870)
03-15 00:20:18.100  8124  9827 D OK      : calling: https://oauth.reddit.com/comments/fitjll/.json?sort=confidence
03-15 00:20:18.148  8124  8140 I adger.redreade: Background young concurrent copying GC freed 26671(3548KB) AllocSpace objects, 14(808KB) LOS objects, 21% free, 10231KB/12MB, paused 60.784ms total 1.184s
03-15 00:20:18.243  8124  8142 W System  : A resource failed to call end. 
03-15 00:20:18.244  8124  8142 W System  : A resource failed to call end. 
03-15 00:20:18.317  8124  9842 D OK      : calling: https://api.imgur.com/3/image/KcIVfEP
03-15 00:20:18.371  1766  2316 E GnssHAL_GnssInterface: gnssSvStatusCb: a: input svInfo.flags is 8
03-15 00:20:18.372  1766  2316 E GnssHAL_GnssInterface: gnssSvStatusCb: b: input svInfo.flags is 8
03-15 00:20:18.491  8124  9145 I PostListingFragment: Successfully precached https://i.imgur.com/tOOcVij.jpg
03-15 00:20:18.491  8124  9145 D OK      : calling: https://i.imgur.com/DEimSTf.mp4
03-15 00:20:18.698  8124  9842 D OK      : request got status: 200
03-15 00:20:18.884  7822  7836 I mit.droidbotap: Background concurrent copying GC freed 48367(2158KB) AllocSpace objects, 58(3116KB) LOS objects, 49% free, 4597KB/9194KB, paused 15us total 329.899ms
03-15 00:20:18.908  8124  9780 I RedditVideosAPI: For 'https://v.redd.it/5bvcs92evpm41/DASHPlaylist.mpd', got video stream 'https://v.redd.it/5bvcs92evpm41/DASH_480' and audio stream 'https://v.redd.it/5bvcs92evpm41/audio'
03-15 00:20:18.923  8124  9859 D OK      : calling: https://api.imgur.com/3/image/kLVYLvE
03-15 00:20:19.068  8124  9145 D OK      : request got status: 200
03-15 00:20:19.179  2024  3252 W InputReader: Device has associated, but no associated display id.
03-15 00:20:19.179  2024  3252 I chatty  : uid=1000(system) Binder:2024_13 identical 8 lines
03-15 00:20:19.179  2024  3252 W InputReader: Device has associated, but no associated display id.
03-15 00:20:19.192  2024  2816 W InputReader: Device has associated, but no associated display id.
03-15 00:20:19.209  2024  2816 I chatty  : uid=1000(system) Binder:2024_E identical 28 lines
03-15 00:20:19.209  2024  2816 W InputReader: Device has associated, but no associated display id.
03-15 00:20:19.237  7822  7836 I mit.droidbotap: Background young concurrent copying GC freed 52799(1956KB) AllocSpace objects, 57(4912KB) LOS objects, 59% free, 3700KB/9194KB, paused 3.181ms total 172.816ms
03-15 00:20:19.256  8124  9859 D OK      : request got status: 200
03-15 00:20:19.322  8124  9872 D OK      : calling: https://oauth.reddit.com/comments/fipsc4/.json?sort=confidence
03-15 00:20:19.356  1767  1857 D gralloc_ranchu: gralloc_alloc: Creating ashmem region of size 8298496
03-15 00:20:19.369  1767  1857 D gralloc_ranchu: gralloc_alloc: Creating ashmem region of size 8298496
03-15 00:20:19.376  8124  8177 D EGL_emulation: eglMakeCurrent: 0xd921a120: ver 3 0 (tinfo 0xd920f390)
03-15 00:20:19.387  1766  2316 E GnssHAL_GnssInterface: gnssSvStatusCb: a: input svInfo.flags is 8
03-15 00:20:19.387  1766  2316 E GnssHAL_GnssInterface: gnssSvStatusCb: b: input svInfo.flags is 8
03-15 00:20:19.387  1767  1857 D gralloc_ranchu: gralloc_alloc: Creating ashmem region of size 8298496
03-15 00:20:19.406  2024  2048 W InputReader: Device has associated, but no associated display id.
03-15 00:20:19.408  2024  2048 I chatty  : uid=1000(system) android.anim identical 18 lines
03-15 00:20:19.408  2024  2048 W InputReader: Device has associated, but no associated display id.
03-15 00:20:19.593  8124  9827 D OK      : request got status: 200
03-15 00:20:19.739  8124  9724 I PostListingFragment: Successfully precached https://oauth.reddit.com/comments/fimtpj/.json?sort=confidence
03-15 00:20:19.938  8124  9790 D OK      : request got status: 200
03-15 00:20:19.962  8124  9761 I PostListingFragment: Successfully precached https://oauth.reddit.com/comments/fiu3wg/.json?sort=confidence
03-15 00:20:20.378  1766  2316 E GnssHAL_GnssInterface: gnssSvStatusCb: a: input svInfo.flags is 8
03-15 00:20:20.378  1766  2316 E GnssHAL_GnssInterface: gnssSvStatusCb: b: input svInfo.flags is 8
03-15 00:20:20.390  8124  9909 D OK      : calling: https://oauth.reddit.com/comments/fiss69/.json?sort=confidence
03-15 00:20:20.645  8124  9585 I PostListingFragment: Successfully precached https://i.redd.it/kmt13rkm7qm41.jpg
03-15 00:20:20.645  8124  9585 D OK      : calling: https://i.redd.it/d87r8phygqm41.jpg
03-15 00:20:20.757  2024  3260 I ActivityTaskManager: START u0 {dat=https://oauth.reddit.com/... cmp=org.quantumbadger.redreader/.activities.PostListingActivity} from uid 10147
03-15 00:20:20.765  2024  3260 W InputReader: Device has associated, but no associated display id.
03-15 00:20:20.767  2024  3260 I chatty  : uid=1000(system) Binder:2024_16 identical 48 lines
03-15 00:20:20.767  2024  3260 W InputReader: Device has associated, but no associated display id.
03-15 00:20:20.776  8124  8124 W ActivityThread: handleWindowVisibility: no activity for token android.os.BinderProxy@f6e7aa9
03-15 00:20:20.843  8124  9585 D OK      : request got status: 200
03-15 00:20:20.867  8124  8124 I AppCompatViewInflater: app:theme is now deprecated. Please move to using android:theme instead.
03-15 00:20:20.892  8124  9827 I PostListingFragment: Successfully precached https://oauth.reddit.com/comments/fitjll/.json?sort=confidence
03-15 00:20:21.054  1767  1857 D gralloc_ranchu: gralloc_alloc: Creating ashmem region of size 8298496
03-15 00:20:21.062  1767 23050 D gralloc_ranchu: gralloc_alloc: Creating ashmem region of size 8298496
